Archive member included to satisfy reference by file (symbol)

.\CortexM3\ARM_GCC_541\Debug\Team12_PsoC_final.a(USBUART_cdc.o)
                              .\CortexM3\ARM_GCC_541\Debug\main.o (USBUART_PutData)
.\CortexM3\ARM_GCC_541\Debug\Team12_PsoC_final.a(USBUART_drv.o)
                              .\CortexM3\ARM_GCC_541\Debug\Team12_PsoC_final.a(USBUART_cdc.o) (USBUART_EP)
.\CortexM3\ARM_GCC_541\Debug\Team12_PsoC_final.a(USBUART_std.o)
                              .\CortexM3\ARM_GCC_541\Debug\Team12_PsoC_final.a(USBUART_drv.o) (USBUART_HandleStandardRqst)
.\CortexM3\ARM_GCC_541\Debug\Team12_PsoC_final.a(USBUART_vnd.o)
                              .\CortexM3\ARM_GCC_541\Debug\Team12_PsoC_final.a(USBUART_drv.o) (USBUART_HandleVendorRqst)
.\CortexM3\ARM_GCC_541\Debug\Team12_PsoC_final.a(CyDmac.o)
                              .\CortexM3\ARM_GCC_541\Debug\Cm3Start.o (CyDmacConfigure)
.\CortexM3\ARM_GCC_541\Debug\Team12_PsoC_final.a(CyLib.o)
                              .\CortexM3\ARM_GCC_541\Debug\Cm3Start.o (CyResetStatus)
.\CortexM3\ARM_GCC_541\Debug\Team12_PsoC_final.a(cyPm.o)
                              .\CortexM3\ARM_GCC_541\Debug\Team12_PsoC_final.a(CyLib.o) (CyPmReadStatus)
.\CortexM3\ARM_GCC_541\Debug\Team12_PsoC_final.a(PWM_1.o)
                              .\CortexM3\ARM_GCC_541\Debug\main.o (PWM_1_Start)
.\CortexM3\ARM_GCC_541\Debug\Team12_PsoC_final.a(PWM_2.o)
                              .\CortexM3\ARM_GCC_541\Debug\main.o (PWM_2_Start)
.\CortexM3\ARM_GCC_541\Debug\Team12_PsoC_final.a(LED.o)
                              .\CortexM3\ARM_GCC_541\Debug\movement.o (LED_Write)
.\CortexM3\ARM_GCC_541\Debug\Team12_PsoC_final.a(QuadDec_M1.o)
                              .\CortexM3\ARM_GCC_541\Debug\tacho.o (QuadDec_M1_GetCounter)
.\CortexM3\ARM_GCC_541\Debug\Team12_PsoC_final.a(QuadDec_M2.o)
                              .\CortexM3\ARM_GCC_541\Debug\main.o (QuadDec_M2_GetCounter)
.\CortexM3\ARM_GCC_541\Debug\Team12_PsoC_final.a(QuadDec_M1_Cnt16.o)
                              .\CortexM3\ARM_GCC_541\Debug\Team12_PsoC_final.a(QuadDec_M1.o) (QuadDec_M1_Cnt16_WriteCounter)
.\CortexM3\ARM_GCC_541\Debug\Team12_PsoC_final.a(QuadDec_M2_Cnt16.o)
                              .\CortexM3\ARM_GCC_541\Debug\Team12_PsoC_final.a(QuadDec_M2.o) (QuadDec_M2_Cnt16_WriteCounter)
.\CortexM3\ARM_GCC_541\Debug\Team12_PsoC_final.a(Quad_TImer.o)
                              .\CortexM3\ARM_GCC_541\Debug\main.o (Quad_TImer_Start)
.\CortexM3\ARM_GCC_541\Debug\Team12_PsoC_final.a(isr_quad_timer.o)
                              .\CortexM3\ARM_GCC_541\Debug\main.o (isr_quad_timer_StartEx)
.\CortexM3\ARM_GCC_541\Debug\Team12_PsoC_final.a(M1_INV.o)
                              .\CortexM3\ARM_GCC_541\Debug\main.o (M1_INV_Write)
.\CortexM3\ARM_GCC_541\Debug\Team12_PsoC_final.a(Q1.o)
                              .\CortexM3\ARM_GCC_541\Debug\main.o (Q1_Read)
.\CortexM3\ARM_GCC_541\Debug\Team12_PsoC_final.a(Q2.o)
                              .\CortexM3\ARM_GCC_541\Debug\main.o (Q2_Read)
.\CortexM3\ARM_GCC_541\Debug\Team12_PsoC_final.a(Q5.o)
                              .\CortexM3\ARM_GCC_541\Debug\main.o (Q5_Read)
.\CortexM3\ARM_GCC_541\Debug\Team12_PsoC_final.a(Q6.o)
                              .\CortexM3\ARM_GCC_541\Debug\main.o (Q6_Read)
.\CortexM3\ARM_GCC_541\Debug\Team12_PsoC_final.a(Q4.o)
                              .\CortexM3\ARM_GCC_541\Debug\main.o (Q4_Read)
.\CortexM3\ARM_GCC_541\Debug\Team12_PsoC_final.a(Q3.o)
                              .\CortexM3\ARM_GCC_541\Debug\main.o (Q3_Read)
.\CortexM3\ARM_GCC_541\Debug\Team12_PsoC_final.a(CyBootAsmGnu.o)
                              .\CortexM3\ARM_GCC_541\Debug\cyfitter_cfg.o (CyDelayCycles)
.\CortexM3\ARM_GCC_541\Debug\Team12_PsoC_final.a(USBUART.o)
                              .\CortexM3\ARM_GCC_541\Debug\Team12_PsoC_final.a(USBUART_cdc.o) (USBUART_GetEPState)
.\CortexM3\ARM_GCC_541\Debug\Team12_PsoC_final.a(USBUART_cls.o)
                              .\CortexM3\ARM_GCC_541\Debug\Team12_PsoC_final.a(USBUART_drv.o) (USBUART_DispatchClassRqst)
.\CortexM3\ARM_GCC_541\Debug\Team12_PsoC_final.a(USBUART_descr.o)
                              .\CortexM3\ARM_GCC_541\Debug\Team12_PsoC_final.a(USBUART_std.o) (USBUART_DEVICE0_DESCR)
.\CortexM3\ARM_GCC_541\Debug\Team12_PsoC_final.a(USBUART_episr.o)
                              .\CortexM3\ARM_GCC_541\Debug\Team12_PsoC_final.a(USBUART.o) (USBUART_EP_1_ISR)
.\CortexM3\ARM_GCC_541\Debug\Team12_PsoC_final.a(USBUART_pm.o)
                              .\CortexM3\ARM_GCC_541\Debug\Team12_PsoC_final.a(USBUART.o) (USBUART_DP_ISR)
.\CortexM3\ARM_GCC_541\Debug\Team12_PsoC_final.a(USBUART_Dp.o)
                              .\CortexM3\ARM_GCC_541\Debug\Team12_PsoC_final.a(USBUART.o) (USBUART_Dp_ClearInterrupt)
.\CortexM3\ARM_GCC_541\Debug\Team12_PsoC_final.a(CyFlash.o)
                              .\CortexM3\ARM_GCC_541\Debug\Team12_PsoC_final.a(cyPm.o) (CyFlash_SetWaitCycles)
[...]
Memory Configuration

Name             Origin             Length             Attributes
rom              0x00000000         0x00040000         xr
ram              0x1fff8000         0x00010000         xrw
*default*        0x00000000         0xffffffff

Linker script and memory map

LOAD c:/program files (x86)/cypress/psoc creator/4.2/psoc creator/import/gnu/arm/5.4.1/bin/../lib/gcc/arm-none-eabi/5.4.1/armv7-m/crti.o
LOAD c:/program files (x86)/cypress/psoc creator/4.2/psoc creator/import/gnu/arm/5.4.1/bin/../lib/gcc/arm-none-eabi/5.4.1/armv7-m/crtbegin.o
LOAD c:/program files (x86)/cypress/psoc creator/4.2/psoc creator/import/gnu/arm/5.4.1/bin/../lib/gcc/arm-none-eabi/5.4.1/../../../../arm-none-eabi/lib/armv7-m/crt0.o
START GROUP
LOAD .\CortexM3\ARM_GCC_541\Debug\main.o
LOAD .\CortexM3\ARM_GCC_541\Debug\tacho.o
LOAD .\CortexM3\ARM_GCC_541\Debug\movement.o
LOAD .\CortexM3\ARM_GCC_541\Debug\QuadEncoder.o
LOAD .\CortexM3\ARM_GCC_541\Debug\cyfitter_cfg.o
LOAD .\CortexM3\ARM_GCC_541\Debug\cymetadata.o
LOAD .\CortexM3\ARM_GCC_541\Debug\Cm3Start.o
LOAD .\CortexM3\ARM_GCC_541\Debug\Team12_PsoC_final.a
LOAD C:\Program Files (x86)\Cypress\PSoC Creator\4.2\PSoC Creator\psoc\content\cycomponentlibrary\CyComponentLibrary.cylib\CortexM3\ARM_GCC_541\Debug\CyComponentLibrary.a
END GROUP
START GROUP
LOAD c:/program files (x86)/cypress/psoc creator/4.2/psoc creator/import/gnu/arm/5.4.1/bin/../lib/gcc/arm-none-eabi/5.4.1/armv7-m\libgcc.a
LOAD c:/program files (x86)/cypress/psoc creator/4.2/psoc creator/import/gnu/arm/5.4.1/bin/../lib/gcc/arm-none-eabi/5.4.1/../../../../arm-none-eabi/lib/armv7-m\libg_nano.a
LOAD c:/program files (x86)/cypress/psoc creator/4.2/psoc creator/import/gnu/arm/5.4.1/bin/../lib/gcc/arm-none-eabi/5.4.1/../../../../arm-none-eabi/lib/armv7-m\libc_nano.a
END GROUP
START GROUP
LOAD c:/program files (x86)/cypress/psoc creator/4.2/psoc creator/import/gnu/arm/5.4.1/bin/../lib/gcc/arm-none-eabi/5.4.1/armv7-m\libgcc.a
LOAD c:/program files (x86)/cypress/psoc creator/4.2/psoc creator/import/gnu/arm/5.4.1/bin/../lib/gcc/arm-none-eabi/5.4.1/../../../../arm-none-eabi/lib/armv7-m\libc_nano.a
END GROUP
LOAD c:/program files (x86)/cypress/psoc creator/4.2/psoc creator/import/gnu/arm/5.4.1/bin/../lib/gcc/arm-none-eabi/5.4.1/armv7-m/crtend.o
LOAD c:/program files (x86)/cypress/psoc creator/4.2/psoc creator/import/gnu/arm/5.4.1/bin/../lib/gcc/arm-none-eabi/5.4.1/armv7-m/crtn.o
START GROUP
LOAD c:/program files (x86)/cypress/psoc creator/4.2/psoc creator/import/gnu/arm/5.4.1/bin/../lib/gcc/arm-none-eabi/5.4.1/armv7-m\libgcc.a
LOAD c:/program files (x86)/cypress/psoc creator/4.2/psoc creator/import/gnu/arm/5.4.1/bin/../lib/gcc/arm-none-eabi/5.4.1/../../../../arm-none-eabi/lib/armv7-m\libc.a
LOAD c:/program files (x86)/cypress/psoc creator/4.2/psoc creator/import/gnu/arm/5.4.1/bin/../lib/gcc/arm-none-eabi/5.4.1/../../../../arm-none-eabi/lib/armv7-m\libnosys.a
END GROUP
                0x00000000                CY_APPL_ORIGIN = 0x0
                0x00000100                CY_FLASH_ROW_SIZE = 0x100
                0x00000020                CY_ECC_ROW_SIZE = 0x20
                0x00000000                CY_EE_IN_BTLDR = 0x0
                0x00000000                CY_APPL_LOADABLE = 0x0
                0x00000800                CY_EE_SIZE = 0x800
                0x00000001                CY_APPL_NUM = 0x1
                0x00000001                CY_APPL_MAX = 0x1
                0x00000040                CY_METADATA_SIZE = 0x40
                0x00000000                CY_APPL_LOADABLE = 0x0
                0x00000000                CY_CHECKSUM_EXCLUDE_SIZE = ALIGN (0x0, CY_FLASH_ROW_SIZE)
                [!provide]                PROVIDE (__cy_heap_start, _end)
                0x00000001                PROVIDE (__cy_region_num, ((__cy_regions_end - __cy_regions) / 0x10))
                0x20008000                PROVIDE (__cy_stack, (ORIGIN (ram) + LENGTH (ram)))
                [!provide]                PROVIDE (__cy_heap_end, (__cy_stack - 0x800))

.cybootloader   0x00000000        0x0
 *(.cybootloader)
                0x00000000                appl1_start = CY_APPL_ORIGIN?CY_APPL_ORIGIN:ALIGN (CY_FLASH_ROW_SIZE)
                0x0001ff00                appl2_start = (appl1_start + ALIGN ((((LENGTH (rom) - appl1_start) - (0x2 * CY_FLASH_ROW_SIZE)) / 0x2), CY_FLASH_ROW_SIZE))
                0x00000000                appl_start = (CY_APPL_NUM == 0x1)?appl1_start:appl2_start
                0x00000000                ecc_offset = ((appl_start / CY_FLASH_ROW_SIZE) * CY_ECC_ROW_SIZE)
                0x00000000                ee_offset = (CY_APPL_LOADABLE && ! (CY_EE_IN_BTLDR))?((CY_EE_SIZE / CY_APPL_MAX) * (CY_APPL_NUM - 0x1)):0x0
                0x00000800                ee_size = (CY_APPL_LOADABLE && ! (CY_EE_IN_BTLDR))?(CY_EE_SIZE / CY_APPL_MAX):CY_EE_SIZE
                [!provide]                PROVIDE (CY_ECC_OFFSET, ecc_offset)

.text           0x00000000     0x1bfe
 CREATE_OBJECT_SYMBOLS
                0x00000000                PROVIDE (__cy_interrupt_vector, RomVectors)
 *(.romvectors)
 .romvectors    0x00000000       0x10 .\CortexM3\ARM_GCC_541\Debug\Cm3Start.o
                0x00000000                RomVectors
                0x00000001                ASSERT ((. != __cy_interrupt_vector), No interrupt vector)
                0x00000001                ASSERT (CY_APPL_ORIGIN?(SIZEOF (.cybootloader) <= CY_APPL_ORIGIN):0x1, Wrong image location)
                0x00000010                PROVIDE (__cy_reset, Reset)
 *(.text.Reset)
 .text.Reset    0x00000010       0x18 .\CortexM3\ARM_GCC_541\Debug\Cm3Start.o
                0x00000010                Reset
                0x00000001                ASSERT ((. != __cy_reset), No reset code)
 *(.dma_init)
                0x00000001                ASSERT ((((appl_start + .) <= 0x10000) || 0x1), DMA Init must be within the first 64k of flash)
 *(.text .text.* .gnu.linkonce.t.*)
 .text          0x00000028       0x5c c:/program files (x86)/cypress/psoc creator/4.2/psoc creator/import/gnu/arm/5.4.1/bin/../lib/gcc/arm-none-eabi/5.4.1/armv7-m/crtbegin.o
 .text.QuadDecoderIsr
                0x00000084       0x48 .\CortexM3\ARM_GCC_541\Debug\main.o
                0x00000084                QuadDecoderIsr
 *fill*         0x000000cc        0x4 
 .text.main     0x000000d0      0x27c .\CortexM3\ARM_GCC_541\Debug\main.o
                0x000000d0                main
 .text.controlWheels
                0x0000034c       0xc0 .\CortexM3\ARM_GCC_541\Debug\movement.o
                0x0000034c                controlWheels
 .text.turn     0x0000040c       0x34 .\CortexM3\ARM_GCC_541\Debug\movement.o
                0x0000040c                turn
 .text.CYMEMZERO
                0x00000440       0x1c .\CortexM3\ARM_GCC_541\Debug\cyfitter_cfg.o
 .text.CYCONFIGCPY
                0x0000045c       0x20 .\CortexM3\ARM_GCC_541\Debug\cyfitter_cfg.o
 .text.CyClockStartupError
                0x0000047c        0xc .\CortexM3\ARM_GCC_541\Debug\cyfitter_cfg.o
 .text.cfg_write_bytes32
                0x00000488       0x74 .\CortexM3\ARM_GCC_541\Debug\cyfitter_cfg.o
 .text.ClockSetup
                0x000004fc      0x16c .\CortexM3\ARM_GCC_541\Debug\cyfitter_cfg.o
 .text.AnalogSetDefault
                0x00000668       0xbc .\CortexM3\ARM_GCC_541\Debug\cyfitter_cfg.o
 .text.cyfitter_cfg
                0x00000724      0x1d0 .\CortexM3\ARM_GCC_541\Debug\cyfitter_cfg.o
                0x00000724                cyfitter_cfg
 .text.IntDefaultHandler
                0x000008f4       0x14 .\CortexM3\ARM_GCC_541\Debug\Cm3Start.o
                0x000008f4                IntDefaultHandler
 .text.Start_c  0x00000908       0x98 .\CortexM3\ARM_GCC_541\Debug\Cm3Start.o
                0x00000908                Start_c
 .text.initialize_psoc
                0x000009a0       0x94 .\CortexM3\ARM_GCC_541\Debug\Cm3Start.o
                0x000009a0                initialize_psoc
 .text.CyDmacConfigure
                0x00000a34       0x5c .\CortexM3\ARM_GCC_541\Debug\Team12_PsoC_final.a(CyDmac.o)
                0x00000a34                CyDmacConfigure
 .text.CyDelayUs
                0x00000a90       0x28 .\CortexM3\ARM_GCC_541\Debug\Team12_PsoC_final.a(CyLib.o)
                0x00000a90                CyDelayUs
 .text.PWM_1_Start
                0x00000ab8       0x24 .\CortexM3\ARM_GCC_541\Debug\Team12_PsoC_final.a(PWM_1.o)
                0x00000ab8                PWM_1_Start
 .text.PWM_1_Init
                0x00000adc       0xbc .\CortexM3\ARM_GCC_541\Debug\Team12_PsoC_final.a(PWM_1.o)
                0x00000adc                PWM_1_Init
 .text.PWM_1_Enable
                0x00000b98       0x48 .\CortexM3\ARM_GCC_541\Debug\Team12_PsoC_final.a(PWM_1.o)
                0x00000b98                PWM_1_Enable
 .text.PWM_1_WritePeriod
                0x00000be0       0x20 .\CortexM3\ARM_GCC_541\Debug\Team12_PsoC_final.a(PWM_1.o)
                0x00000be0                PWM_1_WritePeriod
 .text.PWM_1_WriteCompare
                0x00000c00       0x20 .\CortexM3\ARM_GCC_541\Debug\Team12_PsoC_final.a(PWM_1.o)
                0x00000c00                PWM_1_WriteCompare
 .text.PWM_1_SetInterruptMode
                0x00000c20       0x20 .\CortexM3\ARM_GCC_541\Debug\Team12_PsoC_final.a(PWM_1.o)
                0x00000c20                PWM_1_SetInterruptMode
 .text.PWM_1_ReadPeriod
                0x00000c40       0x18 .\CortexM3\ARM_GCC_541\Debug\Team12_PsoC_final.a(PWM_1.o)
                0x00000c40                PWM_1_ReadPeriod
 .text.PWM_2_Start
                0x00000c58       0x24 .\CortexM3\ARM_GCC_541\Debug\Team12_PsoC_final.a(PWM_2.o)
                0x00000c58                PWM_2_Start
 .text.PWM_2_Init
                0x00000c7c       0xbc .\CortexM3\ARM_GCC_541\Debug\Team12_PsoC_final.a(PWM_2.o)
                0x00000c7c                PWM_2_Init
 .text.PWM_2_Enable
                0x00000d38       0x48 .\CortexM3\ARM_GCC_541\Debug\Team12_PsoC_final.a(PWM_2.o)
                0x00000d38                PWM_2_Enable
 .text.PWM_2_WritePeriod
                0x00000d80       0x20 .\CortexM3\ARM_GCC_541\Debug\Team12_PsoC_final.a(PWM_2.o)
                0x00000d80                PWM_2_WritePeriod
 .text.PWM_2_WriteCompare
                0x00000da0       0x20 .\CortexM3\ARM_GCC_541\Debug\Team12_PsoC_final.a(PWM_2.o)
                0x00000da0                PWM_2_WriteCompare
 .text.PWM_2_SetInterruptMode
                0x00000dc0       0x20 .\CortexM3\ARM_GCC_541\Debug\Team12_PsoC_final.a(PWM_2.o)
                0x00000dc0                PWM_2_SetInterruptMode
 .text.PWM_2_ReadPeriod
                0x00000de0       0x18 .\CortexM3\ARM_GCC_541\Debug\Team12_PsoC_final.a(PWM_2.o)
                0x00000de0                PWM_2_ReadPeriod
 .text.LED_Write
                0x00000df8       0x3c .\CortexM3\ARM_GCC_541\Debug\Team12_PsoC_final.a(LED.o)
                0x00000df8                LED_Write
 .text.QuadDec_M2_GetCounter
                0x00000e34       0x24 .\CortexM3\ARM_GCC_541\Debug\Team12_PsoC_final.a(QuadDec_M2.o)
                0x00000e34                QuadDec_M2_GetCounter
 .text.QuadDec_M2_Cnt16_ReadCounter
                0x00000e58       0x20 .\CortexM3\ARM_GCC_541\Debug\Team12_PsoC_final.a(QuadDec_M2_Cnt16.o)
                0x00000e58                QuadDec_M2_Cnt16_ReadCounter
 .text.Quad_TImer_Init
                0x00000e78       0x9c .\CortexM3\ARM_GCC_541\Debug\Team12_PsoC_final.a(Quad_TImer.o)
                0x00000e78                Quad_TImer_Init
 .text.Quad_TImer_Enable
                0x00000f14       0x48 .\CortexM3\ARM_GCC_541\Debug\Team12_PsoC_final.a(Quad_TImer.o)
                0x00000f14                Quad_TImer_Enable
 .text.Quad_TImer_Start
                0x00000f5c       0x24 .\CortexM3\ARM_GCC_541\Debug\Team12_PsoC_final.a(Quad_TImer.o)
                0x00000f5c                Quad_TImer_Start
 .text.Quad_TImer_SetInterruptMode
                0x00000f80       0x20 .\CortexM3\ARM_GCC_541\Debug\Team12_PsoC_final.a(Quad_TImer.o)
                0x00000f80                Quad_TImer_SetInterruptMode
 .text.Quad_TImer_WritePeriod
                0x00000fa0       0x24 .\CortexM3\ARM_GCC_541\Debug\Team12_PsoC_final.a(Quad_TImer.o)
                0x00000fa0                Quad_TImer_WritePeriod
 .text.Quad_TImer_WriteCounter
                0x00000fc4       0x20 .\CortexM3\ARM_GCC_541\Debug\Team12_PsoC_final.a(Quad_TImer.o)
                0x00000fc4                Quad_TImer_WriteCounter
 .text.isr_quad_timer_StartEx
                0x00000fe4       0x24 .\CortexM3\ARM_GCC_541\Debug\Team12_PsoC_final.a(isr_quad_timer.o)
                0x00000fe4                isr_quad_timer_StartEx
 .text.isr_quad_timer_SetVector
                0x00001008       0x24 .\CortexM3\ARM_GCC_541\Debug\Team12_PsoC_final.a(isr_quad_timer.o)
                0x00001008                isr_quad_timer_SetVector
 .text.isr_quad_timer_SetPriority
                0x0000102c       0x24 .\CortexM3\ARM_GCC_541\Debug\Team12_PsoC_final.a(isr_quad_timer.o)
                0x0000102c                isr_quad_timer_SetPriority
 .text.isr_quad_timer_Enable
                0x00001050       0x18 .\CortexM3\ARM_GCC_541\Debug\Team12_PsoC_final.a(isr_quad_timer.o)
                0x00001050                isr_quad_timer_Enable
 .text.isr_quad_timer_Disable
                0x00001068       0x18 .\CortexM3\ARM_GCC_541\Debug\Team12_PsoC_final.a(isr_quad_timer.o)
                0x00001068                isr_quad_timer_Disable
 .text.M1_INV_Write
                0x00001080       0x34 .\CortexM3\ARM_GCC_541\Debug\Team12_PsoC_final.a(M1_INV.o)
                0x00001080                M1_INV_Write
 .text.Q1_Read  0x000010b4       0x1c .\CortexM3\ARM_GCC_541\Debug\Team12_PsoC_final.a(Q1.o)
                0x000010b4                Q1_Read
 .text.Q2_Read  0x000010d0       0x20 .\CortexM3\ARM_GCC_541\Debug\Team12_PsoC_final.a(Q2.o)
                0x000010d0                Q2_Read
 .text.Q5_Read  0x000010f0       0x20 .\CortexM3\ARM_GCC_541\Debug\Team12_PsoC_final.a(Q5.o)
                0x000010f0                Q5_Read
 .text.Q6_Read  0x00001110       0x20 .\CortexM3\ARM_GCC_541\Debug\Team12_PsoC_final.a(Q6.o)
                0x00001110                Q6_Read
 .text.Q4_Read  0x00001130       0x20 .\CortexM3\ARM_GCC_541\Debug\Team12_PsoC_final.a(Q4.o)
                0x00001130                Q4_Read
 .text.Q3_Read  0x00001150       0x20 .\CortexM3\ARM_GCC_541\Debug\Team12_PsoC_final.a(Q3.o)
                0x00001150                Q3_Read
 .text          0x00001170       0x20 .\CortexM3\ARM_GCC_541\Debug\Team12_PsoC_final.a(CyBootAsmGnu.o)
                0x00001170                CyDelayCycles
                0x00001180                CyEnterCriticalSection
                0x00001188                CyExitCriticalSection
 .text          0x00001190      0x370 c:/program files (x86)/cypress/psoc creator/4.2/psoc creator/import/gnu/arm/5.4.1/bin/../lib/gcc/arm-none-eabi/5.4.1/armv7-m\libgcc.a(_arm_addsubdf3.o)
                0x00001190                __aeabi_drsub
                0x00001198                __aeabi_dsub
                0x00001198                __subdf3
                0x0000119c                __aeabi_dadd
                0x0000119c                __adddf3
                0x00001414                __floatunsidf
                0x00001414                __aeabi_ui2d
                0x00001434                __floatsidf
                0x00001434                __aeabi_i2d
                0x00001458                __aeabi_f2d
                0x00001458                __extendsfdf2
                0x00001494                __floatundidf
                0x00001494                __aeabi_ul2d
                0x000014a4                __floatdidf
                0x000014a4                __aeabi_l2d
 .text          0x00001500      0x424 c:/program files (x86)/cypress/psoc creator/4.2/psoc creator/import/gnu/arm/5.4.1/bin/../lib/gcc/arm-none-eabi/5.4.1/armv7-m\libgcc.a(_arm_muldivdf3.o)
                0x00001500                __aeabi_dmul
                0x00001500                __muldf3
                0x00001754                __divdf3
                0x00001754                __aeabi_ddiv
 .text          0x00001924       0x40 c:/program files (x86)/cypress/psoc creator/4.2/psoc creator/import/gnu/arm/5.4.1/bin/../lib/gcc/arm-none-eabi/5.4.1/armv7-m\libgcc.a(_arm_fixunsdfsi.o)
                0x00001924                __aeabi_d2uiz
                0x00001924                __fixunsdfsi
 .text          0x00001964      0x21c c:/program files (x86)/cypress/psoc creator/4.2/psoc creator/import/gnu/arm/5.4.1/bin/../lib/gcc/arm-none-eabi/5.4.1/armv7-m\libgcc.a(_arm_addsubsf3.o)
                0x00001964                __aeabi_frsub
                0x0000196c                __subsf3
                0x0000196c                __aeabi_fsub
                0x00001970                __aeabi_fadd
                0x00001970                __addsf3
                0x00001ad0                __aeabi_ui2f
                0x00001ad0                __floatunsisf
                0x00001ad8                __aeabi_i2f
                0x00001ad8                __floatsisf
                0x00001af4                __aeabi_ul2f
                0x00001af4                __floatundisf
                0x00001b04                __aeabi_l2f
                0x00001b04                __floatdisf
 .text.__errno  0x00001b80        0xc c:/program files (x86)/cypress/psoc creator/4.2/psoc creator/import/gnu/arm/5.4.1/bin/../lib/gcc/arm-none-eabi/5.4.1/../../../../arm-none-eabi/lib/armv7-m\libg_nano.a(lib_a-errno.o)
                0x00001b80                __errno
 .text.__libc_init_array
                0x00001b8c       0x4c c:/program files (x86)/cypress/psoc creator/4.2/psoc creator/import/gnu/arm/5.4.1/bin/../lib/gcc/arm-none-eabi/5.4.1/../../../../arm-none-eabi/lib/armv7-m\libg_nano.a(lib_a-init.o)
                0x00001b8c                __libc_init_array
 .text.memcpy   0x00001bd8       0x16 c:/program files (x86)/cypress/psoc creator/4.2/psoc creator/import/gnu/arm/5.4.1/bin/../lib/gcc/arm-none-eabi/5.4.1/../../../../arm-none-eabi/lib/armv7-m\libg_nano.a(lib_a-memcpy-stub.o)
                0x00001bd8                memcpy
 .text.memset   0x00001bee       0x10 c:/program files (x86)/cypress/psoc creator/4.2/psoc creator/import/gnu/arm/5.4.1/bin/../lib/gcc/arm-none-eabi/5.4.1/../../../../arm-none-eabi/lib/armv7-m\libg_nano.a(lib_a-memset.o)
                0x00001bee                memset
 *(.plt)
 *(.gnu.warning)
 *(.glue_7t)
 .glue_7t       0x00001bfe        0x0 linker stubs
 *(.glue_7)
 .glue_7        0x00001bfe        0x0 linker stubs
 *(.vfp11_veneer)
 .vfp11_veneer  0x00001bfe        0x0 linker stubs
 *(.bootloader)
 *(.ARM.extab* .gnu.linkonce.armextab.*)
 *(.gcc_except_table)

.v4_bx          0x00001c00        0x0
 .v4_bx         0x00001c00        0x0 linker stubs

.iplt           0x00001c00        0x0
 .iplt          0x00001c00        0x0 c:/program files (x86)/cypress/psoc creator/4.2/psoc creator/import/gnu/arm/5.4.1/bin/../lib/gcc/arm-none-eabi/5.4.1/armv7-m/crtbegin.o

.eh_frame_hdr
 *(.eh_frame_hdr)

.eh_frame       0x00001c00        0x4
 *(.eh_frame)
 .eh_frame      0x00001c00        0x0 c:/program files (x86)/cypress/psoc creator/4.2/psoc creator/import/gnu/arm/5.4.1/bin/../lib/gcc/arm-none-eabi/5.4.1/armv7-m/crtbegin.o
 .eh_frame      0x00001c00        0x4 c:/program files (x86)/cypress/psoc creator/4.2/psoc creator/import/gnu/arm/5.4.1/bin/../lib/gcc/arm-none-eabi/5.4.1/armv7-m/crtend.o
                [!provide]                PROVIDE (__exidx_start, .)

.ARM.exidx
 *(.ARM.exidx* .gnu.linkonce.armexidx.*)
                0x00001c04                __exidx_end = .

.rodata         0x00001c04       0x6c
 *(.rodata .rodata.* .gnu.linkonce.r.*)
 .rodata        0x00001c04       0x36 .\CortexM3\ARM_GCC_541\Debug\cyfitter_cfg.o
 .rodata.str1.1
                0x00001c3a        0x2 c:/program files (x86)/cypress/psoc creator/4.2/psoc creator/import/gnu/arm/5.4.1/bin/../lib/gcc/arm-none-eabi/5.4.1/../../../../arm-none-eabi/lib/armv7-m\libg_nano.a(lib_a-impure.o)
                0x00001c3c                . = ALIGN (0x4)
 *(.init)
 .init          0x00001c3c        0x4 c:/program files (x86)/cypress/psoc creator/4.2/psoc creator/import/gnu/arm/5.4.1/bin/../lib/gcc/arm-none-eabi/5.4.1/armv7-m/crti.o
                0x00001c3c                _init
 .init          0x00001c40        0x8 c:/program files (x86)/cypress/psoc creator/4.2/psoc creator/import/gnu/arm/5.4.1/bin/../lib/gcc/arm-none-eabi/5.4.1/armv7-m/crtn.o
                0x00001c48                . = ALIGN (0x4)
                0x00001c48                __preinit_array_start = .
 *(.preinit_array)
                0x00001c48                __preinit_array_end = .
                0x00001c48                . = ALIGN (0x4)
                0x00001c48                __init_array_start = .
 *(SORT(.init_array.*))
 *(.init_array)
 .init_array    0x00001c48        0x4 c:/program files (x86)/cypress/psoc creator/4.2/psoc creator/import/gnu/arm/5.4.1/bin/../lib/gcc/arm-none-eabi/5.4.1/armv7-m/crtbegin.o
 .init_array    0x00001c4c        0x4 .\CortexM3\ARM_GCC_541\Debug\Cm3Start.o
                0x00001c50                __init_array_end = .
                0x00001c50                . = ALIGN (0x4)
 *(.fini)
 .fini          0x00001c50        0x4 c:/program files (x86)/cypress/psoc creator/4.2/psoc creator/import/gnu/arm/5.4.1/bin/../lib/gcc/arm-none-eabi/5.4.1/armv7-m/crti.o
                0x00001c50                _fini
 .fini          0x00001c54        0x8 c:/program files (x86)/cypress/psoc creator/4.2/psoc creator/import/gnu/arm/5.4.1/bin/../lib/gcc/arm-none-eabi/5.4.1/armv7-m/crtn.o
                0x00001c5c                . = ALIGN (0x4)
                0x00001c5c                __fini_array_start = .
 *(.fini_array)
 .fini_array    0x00001c5c        0x4 c:/program files (x86)/cypress/psoc creator/4.2/psoc creator/import/gnu/arm/5.4.1/bin/../lib/gcc/arm-none-eabi/5.4.1/armv7-m/crtbegin.o
 *(SORT(.fini_array.*))
                0x00001c60                __fini_array_end = .
                0x00001c60                . = ALIGN (0x4)
 *crtbegin.o(.ctors)
 *(EXCLUDE_FILE(*crtend.o) .ctors)
 *(SORT(.ctors.*))
 *crtend.o(.ctors)
                0x00001c60                . = ALIGN (0x4)
 *crtbegin.o(.dtors)
 *(EXCLUDE_FILE(*crtend.o) .dtors)
 *(SORT(.dtors.*))
 *crtend.o(.dtors)
                0x00001c60                . = ALIGN (0x4)
                0x00001c60                __cy_regions = .
                0x00001c60        0x4 LONG 0x1c70 __cy_region_init_ram
                0x00001c64        0x4 LONG 0x1fff80c8 __cy_region_start_data
                0x00001c68        0x4 LONG 0x80 __cy_region_init_size_ram
                0x00001c6c        0x4 LONG 0x118 __cy_region_zero_size_ram
                0x00001c70                __cy_regions_end = .
                0x00001c70                . = ALIGN (0x8)
                0x00001c70                _etext = .

.cy_checksum_exclude
                0x00001c70        0x0
 *(.cy_checksum_exclude)

.ramvectors     0x1fff8000       0xc0
                0x1fff8000                __cy_region_start_ram = .
 *(.ramvectors)
 .ramvectors    0x1fff8000       0xc0 .\CortexM3\ARM_GCC_541\Debug\Cm3Start.o
                0x1fff8000                CyRamVectors

.noinit         0x1fff80c0        0x5
 *(.noinit)
 .noinit        0x1fff80c0        0x4 .\CortexM3\ARM_GCC_541\Debug\Cm3Start.o
 .noinit        0x1fff80c4        0x1 .\CortexM3\ARM_GCC_541\Debug\Team12_PsoC_final.a(CyLib.o)
                0x1fff80c4                CyResetStatus

.data           0x1fff80c8       0x80 load address 0x00001c70
                0x1fff80c8                __cy_region_start_data = .
 *(.jcr)
 .jcr           0x1fff80c8        0x0 c:/program files (x86)/cypress/psoc creator/4.2/psoc creator/import/gnu/arm/5.4.1/bin/../lib/gcc/arm-none-eabi/5.4.1/armv7-m/crtbegin.o
 .jcr           0x1fff80c8        0x4 c:/program files (x86)/cypress/psoc creator/4.2/psoc creator/import/gnu/arm/5.4.1/bin/../lib/gcc/arm-none-eabi/5.4.1/armv7-m/crtend.o
 *(.got.plt)
 *(.got)
 *(.shdata)
 *(.data .data.* .gnu.linkonce.d.*)
 .data          0x1fff80cc        0x8 .\CortexM3\ARM_GCC_541\Debug\Team12_PsoC_final.a(CyDmac.o)
 .data          0x1fff80d4       0x10 .\CortexM3\ARM_GCC_541\Debug\Team12_PsoC_final.a(CyLib.o)
                0x1fff80d4                cydelay_freq_hz
                0x1fff80d8                cydelay_freq_khz
                0x1fff80dc                cydelay_freq_mhz
                0x1fff80e0                cydelay_32k_ms
 .data.impure_data
                0x1fff80e4       0x60 c:/program files (x86)/cypress/psoc creator/4.2/psoc creator/import/gnu/arm/5.4.1/bin/../lib/gcc/arm-none-eabi/5.4.1/../../../../arm-none-eabi/lib/armv7-m\libg_nano.a(lib_a-impure.o)
 .data._impure_ptr
                0x1fff8144        0x4 c:/program files (x86)/cypress/psoc creator/4.2/psoc creator/import/gnu/arm/5.4.1/bin/../lib/gcc/arm-none-eabi/5.4.1/../../../../arm-none-eabi/lib/armv7-m\libg_nano.a(lib_a-impure.o)
                0x1fff8144                _impure_ptr
                0x1fff8148                . = ALIGN (0x8)
 *(.ram)
                0x1fff8148                _edata = .

.igot.plt       0x1fff8148        0x0 load address 0x00001cf0
 .igot.plt      0x1fff8148        0x0 c:/program files (x86)/cypress/psoc creator/4.2/psoc creator/import/gnu/arm/5.4.1/bin/../lib/gcc/arm-none-eabi/5.4.1/armv7-m/crtbegin.o

.bss            0x1fff8148      0x118 load address 0x00001cf0
                0x1fff8148                PROVIDE (__bss_start__, .)
 *(.shbss)
 *(.bss .bss.* .gnu.linkonce.b.*)
 .bss           0x1fff8148       0x1c c:/program files (x86)/cypress/psoc creator/4.2/psoc creator/import/gnu/arm/5.4.1/bin/../lib/gcc/arm-none-eabi/5.4.1/armv7-m/crtbegin.o
 .bss           0x1fff8164       0x14 .\CortexM3\ARM_GCC_541\Debug\main.o
                0x1fff8164                ts
                0x1fff8166                ts_enc
                0x1fff8168                ts_update
                0x1fff816a                ts_speed
                0x1fff816c                ts_display
                0x1fff816e                flag_ts_enc
                0x1fff816f                flag_ts_update
                0x1fff8170                flag_ts_speed
                0x1fff8171                flag_ts_display
                0x1fff8172                flag_rx
                0x1fff8173                flag_packet
                0x1fff8174                flag_KB_string
                0x1fff8175                dataready_flag
                0x1fff8176                timeIndex
                0x1fff8177                printSpeed
 .bss           0x1fff8178        0x1 .\CortexM3\ARM_GCC_541\Debug\Team12_PsoC_final.a(PWM_1.o)
                0x1fff8178                PWM_1_initVar
 .bss           0x1fff8179        0x1 .\CortexM3\ARM_GCC_541\Debug\Team12_PsoC_final.a(PWM_2.o)
                0x1fff8179                PWM_2_initVar
 .bss           0x1fff817a        0x1 .\CortexM3\ARM_GCC_541\Debug\Team12_PsoC_final.a(Quad_TImer.o)
                0x1fff817a                Quad_TImer_initVar
 *(COMMON)
 *fill*         0x1fff817b        0x1 
 COMMON         0x1fff817c       0xe2 .\CortexM3\ARM_GCC_541\Debug\main.o
                0x1fff817c                entry
                0x1fff81bc                system_state
                0x1fff81dc                line
                0x1fff821c                usbBuffer
                0x1fff825c                timeArray
                0x1fff8260                . = ALIGN (0x8)
 *fill*         0x1fff825e        0x2 
 *(.ram.b)
                0x1fff8260                _end = .
                0x1fff8260                __end = .
                0x1fff8260                PROVIDE (end, .)
                0x1fff8260                PROVIDE (__bss_end__, .)
                0x00001c70                __cy_region_init_ram = LOADADDR (.data)
                0x00000080                __cy_region_init_size_ram = (_edata - ADDR (.data))
                0x00000118                __cy_region_zero_size_ram = (_end - _edata)

.heap           0x1fff8260       0x80 load address 0x00001cf0
                0x1fff8260                . = _end
                0x1fff82e0                . = (. + 0x80)
 *fill*         0x1fff8260       0x80 
                0x1fff82e0                __cy_heap_limit = .

.stack          0x20007800      0x800
                0x20007800                __cy_stack_limit = .
                0x20008000                . = (. + 0x800)
 *fill*         0x20007800      0x800 
                0x00000001                ASSERT ((__cy_stack_limit >= __cy_heap_limit), region RAM overflowed with stack)
                0x00000000                cy_checksum_exclude_size = (CY_APPL_LOADABLE == 0x1)?SIZEOF (.cy_checksum_exclude):0x0
                0x00000001                ASSERT ((cy_checksum_exclude_size <= CY_CHECKSUM_EXCLUDE_SIZE), CY_BOOT: Section .cy_checksum_exclude size exceedes specified limit.)

.cyloadermeta
 *(.cyloadermeta)

.cyloadablemeta
 *(.cyloadablemeta)

.cyconfigecc    0x80000000      0xfec
 *(.cyconfigecc)
 .cyconfigecc   0x80000000      0xfec .\CortexM3\ARM_GCC_541\Debug\cymetadata.o
                0x80000000                cy_meta_configecc

.cycustnvl      0x90000000        0x4
 *(.cycustnvl)
 .cycustnvl     0x90000000        0x4 .\CortexM3\ARM_GCC_541\Debug\cymetadata.o
                0x90000000                cy_meta_custnvl

.cywolatch      0x90100000        0x4
 *(.cywolatch)
 .cywolatch     0x90100000        0x4 .\CortexM3\ARM_GCC_541\Debug\cymetadata.o
                0x90100000                cy_meta_wonvl

.cyeeprom       0x90200000        0x0
 *(.cyeeprom)
                0x00000001                ASSERT ((. <= ((0x90200000 + ee_offset) + ee_size)), .cyeeprom data will not fit in EEPROM)

.cyflashprotect
                0x90400000      0x100
 *(.cyflashprotect)
 .cyflashprotect
                0x90400000      0x100 .\CortexM3\ARM_GCC_541\Debug\cymetadata.o
                0x90400000                cy_meta_flashprotect

.cymeta         0x90500000        0xc
 *(.cymeta)
 .cymeta        0x90500000        0xc .\CortexM3\ARM_GCC_541\Debug\cymetadata.o
                0x90500000                cy_metadata

.rel.dyn        0x00001cf0        0x0 load address 0x9050000c
 .rel.iplt      0x00001cf0        0x0 c:/program files (x86)/cypress/psoc creator/4.2/psoc creator/import/gnu/arm/5.4.1/bin/../lib/gcc/arm-none-eabi/5.4.1/armv7-m/crtbegin.o

.stab
 *(.stab)

.stabstr
 *(.stabstr)

.debug
 *(.debug)

.line
 *(.line)

.debug_srcinfo
 *(.debug_srcinfo)

.debug_sfnames
 *(.debug_sfnames)

.debug_aranges  0x00000000     0x1010
 *(.debug_aranges)
 .debug_aranges
                0x00000000       0x38 .\CortexM3\ARM_GCC_541\Debug\main.o
 .debug_aranges
                0x00000038       0x28 .\CortexM3\ARM_GCC_541\Debug\tacho.o
 .debug_aranges
                0x00000060       0x28 .\CortexM3\ARM_GCC_541\Debug\movement.o
 .debug_aranges
                0x00000088       0x60 .\CortexM3\ARM_GCC_541\Debug\cyfitter_cfg.o
 .debug_aranges
                0x000000e8       0x18 .\CortexM3\ARM_GCC_541\Debug\cymetadata.o
 .debug_aranges
                0x00000100       0x48 .\CortexM3\ARM_GCC_541\Debug\Cm3Start.o
 .debug_aranges
                0x00000148       0xe8 .\CortexM3\ARM_GCC_541\Debug\Team12_PsoC_final.a(USBUART_cdc.o)
 .debug_aranges
                0x00000230       0x98 .\CortexM3\ARM_GCC_541\Debug\Team12_PsoC_final.a(USBUART_drv.o)
 .debug_aranges
                0x000002c8       0x80 .\CortexM3\ARM_GCC_541\Debug\Team12_PsoC_final.a(USBUART_std.o)
 .debug_aranges
                0x00000348       0x20 .\CortexM3\ARM_GCC_541\Debug\Team12_PsoC_final.a(USBUART_vnd.o)
 .debug_aranges
                0x00000368       0xd8 .\CortexM3\ARM_GCC_541\Debug\Team12_PsoC_final.a(CyDmac.o)
 .debug_aranges
                0x00000440      0x2a0 .\CortexM3\ARM_GCC_541\Debug\Team12_PsoC_final.a(CyLib.o)
 .debug_aranges
                0x000006e0       0x98 .\CortexM3\ARM_GCC_541\Debug\Team12_PsoC_final.a(cyPm.o)
 .debug_aranges
                0x00000778       0x78 .\CortexM3\ARM_GCC_541\Debug\Team12_PsoC_final.a(PWM_1.o)
 .debug_aranges
                0x000007f0       0x78 .\CortexM3\ARM_GCC_541\Debug\Team12_PsoC_final.a(PWM_2.o)
 .debug_aranges
                0x00000868       0x38 .\CortexM3\ARM_GCC_541\Debug\Team12_PsoC_final.a(LED.o)
 .debug_aranges
                0x000008a0       0x60 .\CortexM3\ARM_GCC_541\Debug\Team12_PsoC_final.a(QuadDec_M1.o)
 .debug_aranges
                0x00000900       0x60 .\CortexM3\ARM_GCC_541\Debug\Team12_PsoC_final.a(QuadDec_M2.o)
 .debug_aranges
                0x00000960       0x98 .\CortexM3\ARM_GCC_541\Debug\Team12_PsoC_final.a(QuadDec_M1_Cnt16.o)
 .debug_aranges
                0x000009f8       0x98 .\CortexM3\ARM_GCC_541\Debug\Team12_PsoC_final.a(QuadDec_M2_Cnt16.o)
 .debug_aranges
                0x00000a90       0x88 .\CortexM3\ARM_GCC_541\Debug\Team12_PsoC_final.a(Quad_TImer.o)
 .debug_aranges
                0x00000b18       0x80 .\CortexM3\ARM_GCC_541\Debug\Team12_PsoC_final.a(isr_quad_timer.o)
 .debug_aranges
                0x00000b98       0x38 .\CortexM3\ARM_GCC_541\Debug\Team12_PsoC_final.a(M1_INV.o)
 .debug_aranges
                0x00000bd0       0x38 .\CortexM3\ARM_GCC_541\Debug\Team12_PsoC_final.a(Q1.o)
 .debug_aranges
                0x00000c08       0x38 .\CortexM3\ARM_GCC_541\Debug\Team12_PsoC_final.a(Q2.o)
 .debug_aranges
                0x00000c40       0x38 .\CortexM3\ARM_GCC_541\Debug\Team12_PsoC_final.a(Q5.o)
 .debug_aranges
                0x00000c78       0x38 .\CortexM3\ARM_GCC_541\Debug\Team12_PsoC_final.a(Q6.o)
 .debug_aranges
                0x00000cb0       0x38 .\CortexM3\ARM_GCC_541\Debug\Team12_PsoC_final.a(Q4.o)
 .debug_aranges
                0x00000ce8       0x38 .\CortexM3\ARM_GCC_541\Debug\Team12_PsoC_final.a(Q3.o)
 .debug_aranges
                0x00000d20       0x20 .\CortexM3\ARM_GCC_541\Debug\Team12_PsoC_final.a(CyBootAsmGnu.o)
 .debug_aranges
                0x00000d40       0xc8 .\CortexM3\ARM_GCC_541\Debug\Team12_PsoC_final.a(USBUART.o)
 .debug_aranges
                0x00000e08       0x20 .\CortexM3\ARM_GCC_541\Debug\Team12_PsoC_final.a(USBUART_cls.o)
 .debug_aranges
                0x00000e28       0x18 .\CortexM3\ARM_GCC_541\Debug\Team12_PsoC_final.a(USBUART_descr.o)
 .debug_aranges
                0x00000e40       0x40 .\CortexM3\ARM_GCC_541\Debug\Team12_PsoC_final.a(USBUART_episr.o)
 .debug_aranges
                0x00000e80       0x40 .\CortexM3\ARM_GCC_541\Debug\Team12_PsoC_final.a(USBUART_pm.o)
 .debug_aranges
                0x00000ec0       0x48 .\CortexM3\ARM_GCC_541\Debug\Team12_PsoC_final.a(USBUART_Dp.o)
 .debug_aranges
                0x00000f08       0x88 .\CortexM3\ARM_GCC_541\Debug\Team12_PsoC_final.a(CyFlash.o)
 .debug_aranges
                0x00000f90       0x80 .\CortexM3\ARM_GCC_541\Debug\Team12_PsoC_final.a(CySpc.o)

.debug_pubnames
 *(.debug_pubnames)

.debug_info     0x00000000     0x7aea
 *(.debug_info .gnu.linkonce.wi.*)
 .debug_info    0x00000000      0x44c .\CortexM3\ARM_GCC_541\Debug\main.o
 .debug_info    0x0000044c      0x14e .\CortexM3\ARM_GCC_541\Debug\tacho.o
 .debug_info    0x0000059a      0x13e .\CortexM3\ARM_GCC_541\Debug\movement.o
 .debug_info    0x000006d8      0x481 .\CortexM3\ARM_GCC_541\Debug\cyfitter_cfg.o
 .debug_info    0x00000b59      0x139 .\CortexM3\ARM_GCC_541\Debug\cymetadata.o
 .debug_info    0x00000c92      0x32b .\CortexM3\ARM_GCC_541\Debug\Cm3Start.o
 .debug_info    0x00000fbd      0x924 .\CortexM3\ARM_GCC_541\Debug\Team12_PsoC_final.a(USBUART_cdc.o)
 .debug_info    0x000018e1      0x52d .\CortexM3\ARM_GCC_541\Debug\Team12_PsoC_final.a(USBUART_drv.o)
 .debug_info    0x00001e0e      0x961 .\CortexM3\ARM_GCC_541\Debug\Team12_PsoC_final.a(USBUART_std.o)
 .debug_info    0x0000276f      0x1a9 .\CortexM3\ARM_GCC_541\Debug\Team12_PsoC_final.a(USBUART_vnd.o)
 .debug_info    0x00002918      0x8c0 .\CortexM3\ARM_GCC_541\Debug\Team12_PsoC_final.a(CyDmac.o)
 .debug_info    0x000031d8      0xe51 .\CortexM3\ARM_GCC_541\Debug\Team12_PsoC_final.a(CyLib.o)
 .debug_info    0x00004029      0x57a .\CortexM3\ARM_GCC_541\Debug\Team12_PsoC_final.a(cyPm.o)
 .debug_info    0x000045a3      0x235 .\CortexM3\ARM_GCC_541\Debug\Team12_PsoC_final.a(PWM_1.o)
 .debug_info    0x000047d8      0x235 .\CortexM3\ARM_GCC_541\Debug\Team12_PsoC_final.a(PWM_2.o)
 .debug_info    0x00004a0d      0x11e .\CortexM3\ARM_GCC_541\Debug\Team12_PsoC_final.a(LED.o)
 .debug_info    0x00004b2b      0x208 .\CortexM3\ARM_GCC_541\Debug\Team12_PsoC_final.a(QuadDec_M1.o)
 .debug_info    0x00004d33      0x208 .\CortexM3\ARM_GCC_541\Debug\Team12_PsoC_final.a(QuadDec_M2.o)
 .debug_info    0x00004f3b      0x291 .\CortexM3\ARM_GCC_541\Debug\Team12_PsoC_final.a(QuadDec_M1_Cnt16.o)
 .debug_info    0x000051cc      0x291 .\CortexM3\ARM_GCC_541\Debug\Team12_PsoC_final.a(QuadDec_M2_Cnt16.o)
 .debug_info    0x0000545d      0x245 .\CortexM3\ARM_GCC_541\Debug\Team12_PsoC_final.a(Quad_TImer.o)
 .debug_info    0x000056a2      0x241 .\CortexM3\ARM_GCC_541\Debug\Team12_PsoC_final.a(isr_quad_timer.o)
 .debug_info    0x000058e3      0x11e .\CortexM3\ARM_GCC_541\Debug\Team12_PsoC_final.a(M1_INV.o)
 .debug_info    0x00005a01      0x11e .\CortexM3\ARM_GCC_541\Debug\Team12_PsoC_final.a(Q1.o)
 .debug_info    0x00005b1f      0x11e .\CortexM3\ARM_GCC_541\Debug\Team12_PsoC_final.a(Q2.o)
 .debug_info    0x00005c3d      0x11e .\CortexM3\ARM_GCC_541\Debug\Team12_PsoC_final.a(Q5.o)
 .debug_info    0x00005d5b      0x11e .\CortexM3\ARM_GCC_541\Debug\Team12_PsoC_final.a(Q6.o)
 .debug_info    0x00005e79      0x11e .\CortexM3\ARM_GCC_541\Debug\Team12_PsoC_final.a(Q4.o)
 .debug_info    0x00005f97      0x11e .\CortexM3\ARM_GCC_541\Debug\Team12_PsoC_final.a(Q3.o)
 .debug_info    0x000060b5       0xc3 .\CortexM3\ARM_GCC_541\Debug\Team12_PsoC_final.a(CyBootAsmGnu.o)
 .debug_info    0x00006178      0x717 .\CortexM3\ARM_GCC_541\Debug\Team12_PsoC_final.a(USBUART.o)
 .debug_info    0x0000688f      0x1c8 .\CortexM3\ARM_GCC_541\Debug\Team12_PsoC_final.a(USBUART_cls.o)
 .debug_info    0x00006a57      0x2e1 .\CortexM3\ARM_GCC_541\Debug\Team12_PsoC_final.a(USBUART_descr.o)
 .debug_info    0x00006d38      0x23b .\CortexM3\ARM_GCC_541\Debug\Team12_PsoC_final.a(USBUART_episr.o)
 .debug_info    0x00006f73      0x18d .\CortexM3\ARM_GCC_541\Debug\Team12_PsoC_final.a(USBUART_pm.o)
 .debug_info    0x00007100      0x171 .\CortexM3\ARM_GCC_541\Debug\Team12_PsoC_final.a(USBUART_Dp.o)
 .debug_info    0x00007271      0x3b9 .\CortexM3\ARM_GCC_541\Debug\Team12_PsoC_final.a(CyFlash.o)
 .debug_info    0x0000762a      0x4c0 .\CortexM3\ARM_GCC_541\Debug\Team12_PsoC_final.a(CySpc.o)

.debug_abbrev   0x00000000     0x27d5
 *(.debug_abbrev)
 .debug_abbrev  0x00000000      0x139 .\CortexM3\ARM_GCC_541\Debug\main.o
 .debug_abbrev  0x00000139       0x96 .\CortexM3\ARM_GCC_541\Debug\tacho.o
 .debug_abbrev  0x000001cf       0x87 .\CortexM3\ARM_GCC_541\Debug\movement.o
 .debug_abbrev  0x00000256      0x1b7 .\CortexM3\ARM_GCC_541\Debug\cyfitter_cfg.o
 .debug_abbrev  0x0000040d       0x77 .\CortexM3\ARM_GCC_541\Debug\cymetadata.o
 .debug_abbrev  0x00000484      0x1d6 .\CortexM3\ARM_GCC_541\Debug\Cm3Start.o
 .debug_abbrev  0x0000065a      0x233 .\CortexM3\ARM_GCC_541\Debug\Team12_PsoC_final.a(USBUART_cdc.o)
 .debug_abbrev  0x0000088d      0x161 .\CortexM3\ARM_GCC_541\Debug\Team12_PsoC_final.a(USBUART_drv.o)
 .debug_abbrev  0x000009ee      0x1c2 .\CortexM3\ARM_GCC_541\Debug\Team12_PsoC_final.a(USBUART_std.o)
 .debug_abbrev  0x00000bb0       0xc5 .\CortexM3\ARM_GCC_541\Debug\Team12_PsoC_final.a(USBUART_vnd.o)
 .debug_abbrev  0x00000c75      0x194 .\CortexM3\ARM_GCC_541\Debug\Team12_PsoC_final.a(CyDmac.o)
 .debug_abbrev  0x00000e09      0x217 .\CortexM3\ARM_GCC_541\Debug\Team12_PsoC_final.a(CyLib.o)
 .debug_abbrev  0x00001020      0x161 .\CortexM3\ARM_GCC_541\Debug\Team12_PsoC_final.a(cyPm.o)
 .debug_abbrev  0x00001181      0x116 .\CortexM3\ARM_GCC_541\Debug\Team12_PsoC_final.a(PWM_1.o)
 .debug_abbrev  0x00001297      0x116 .\CortexM3\ARM_GCC_541\Debug\Team12_PsoC_final.a(PWM_2.o)
 .debug_abbrev  0x000013ad       0x90 .\CortexM3\ARM_GCC_541\Debug\Team12_PsoC_final.a(LED.o)
 .debug_abbrev  0x0000143d      0x130 .\CortexM3\ARM_GCC_541\Debug\Team12_PsoC_final.a(QuadDec_M1.o)
 .debug_abbrev  0x0000156d      0x130 .\CortexM3\ARM_GCC_541\Debug\Team12_PsoC_final.a(QuadDec_M2.o)
 .debug_abbrev  0x0000169d      0x12c .\CortexM3\ARM_GCC_541\Debug\Team12_PsoC_final.a(QuadDec_M1_Cnt16.o)
 .debug_abbrev  0x000017c9      0x12c .\CortexM3\ARM_GCC_541\Debug\Team12_PsoC_final.a(QuadDec_M2_Cnt16.o)
 .debug_abbrev  0x000018f5       0xe9 .\CortexM3\ARM_GCC_541\Debug\Team12_PsoC_final.a(Quad_TImer.o)
 .debug_abbrev  0x000019de      0x172 .\CortexM3\ARM_GCC_541\Debug\Team12_PsoC_final.a(isr_quad_timer.o)
 .debug_abbrev  0x00001b50       0x90 .\CortexM3\ARM_GCC_541\Debug\Team12_PsoC_final.a(M1_INV.o)
 .debug_abbrev  0x00001be0       0x90 .\CortexM3\ARM_GCC_541\Debug\Team12_PsoC_final.a(Q1.o)
 .debug_abbrev  0x00001c70       0x90 .\CortexM3\ARM_GCC_541\Debug\Team12_PsoC_final.a(Q2.o)
 .debug_abbrev  0x00001d00       0x90 .\CortexM3\ARM_GCC_541\Debug\Team12_PsoC_final.a(Q5.o)
 .debug_abbrev  0x00001d90       0x90 .\CortexM3\ARM_GCC_541\Debug\Team12_PsoC_final.a(Q6.o)
 .debug_abbrev  0x00001e20       0x90 .\CortexM3\ARM_GCC_541\Debug\Team12_PsoC_final.a(Q4.o)
 .debug_abbrev  0x00001eb0       0x90 .\CortexM3\ARM_GCC_541\Debug\Team12_PsoC_final.a(Q3.o)
 .debug_abbrev  0x00001f40       0x14 .\CortexM3\ARM_GCC_541\Debug\Team12_PsoC_final.a(CyBootAsmGnu.o)
 .debug_abbrev  0x00001f54      0x1f3 .\CortexM3\ARM_GCC_541\Debug\Team12_PsoC_final.a(USBUART.o)
 .debug_abbrev  0x00002147       0xc5 .\CortexM3\ARM_GCC_541\Debug\Team12_PsoC_final.a(USBUART_cls.o)
 .debug_abbrev  0x0000220c       0xb4 .\CortexM3\ARM_GCC_541\Debug\Team12_PsoC_final.a(USBUART_descr.o)
 .debug_abbrev  0x000022c0       0xfd .\CortexM3\ARM_GCC_541\Debug\Team12_PsoC_final.a(USBUART_episr.o)
 .debug_abbrev  0x000023bd       0xd1 .\CortexM3\ARM_GCC_541\Debug\Team12_PsoC_final.a(USBUART_pm.o)
 .debug_abbrev  0x0000248e       0x90 .\CortexM3\ARM_GCC_541\Debug\Team12_PsoC_final.a(USBUART_Dp.o)
 .debug_abbrev  0x0000251e      0x14b .\CortexM3\ARM_GCC_541\Debug\Team12_PsoC_final.a(CyFlash.o)
 .debug_abbrev  0x00002669      0x16c .\CortexM3\ARM_GCC_541\Debug\Team12_PsoC_final.a(CySpc.o)

.debug_line     0x00000000     0x3dce
 *(.debug_line)
 .debug_line    0x00000000      0x22e .\CortexM3\ARM_GCC_541\Debug\main.o
 .debug_line    0x0000022e      0x183 .\CortexM3\ARM_GCC_541\Debug\tacho.o
 .debug_line    0x000003b1      0x180 .\CortexM3\ARM_GCC_541\Debug\movement.o
 .debug_line    0x00000531        0x0 .\CortexM3\ARM_GCC_541\Debug\QuadEncoder.o
 .debug_line    0x00000531      0x236 .\CortexM3\ARM_GCC_541\Debug\cyfitter_cfg.o
 .debug_line    0x00000767      0x141 .\CortexM3\ARM_GCC_541\Debug\cymetadata.o
 .debug_line    0x000008a8      0x1db .\CortexM3\ARM_GCC_541\Debug\Cm3Start.o
 .debug_line    0x00000a83      0x30c .\CortexM3\ARM_GCC_541\Debug\Team12_PsoC_final.a(USBUART_cdc.o)
 .debug_line    0x00000d8f      0x21f .\CortexM3\ARM_GCC_541\Debug\Team12_PsoC_final.a(USBUART_drv.o)
 .debug_line    0x00000fae      0x470 .\CortexM3\ARM_GCC_541\Debug\Team12_PsoC_final.a(USBUART_std.o)
 .debug_line    0x0000141e       0x8f .\CortexM3\ARM_GCC_541\Debug\Team12_PsoC_final.a(USBUART_vnd.o)
 .debug_line    0x000014ad      0x2b6 .\CortexM3\ARM_GCC_541\Debug\Team12_PsoC_final.a(CyDmac.o)
 .debug_line    0x00001763      0x883 .\CortexM3\ARM_GCC_541\Debug\Team12_PsoC_final.a(CyLib.o)
 .debug_line    0x00001fe6      0x38e .\CortexM3\ARM_GCC_541\Debug\Team12_PsoC_final.a(cyPm.o)
 .debug_line    0x00002374      0x140 .\CortexM3\ARM_GCC_541\Debug\Team12_PsoC_final.a(PWM_1.o)
 .debug_line    0x000024b4      0x140 .\CortexM3\ARM_GCC_541\Debug\Team12_PsoC_final.a(PWM_2.o)
 .debug_line    0x000025f4       0x93 .\CortexM3\ARM_GCC_541\Debug\Team12_PsoC_final.a(LED.o)
 .debug_line    0x00002687      0x10a .\CortexM3\ARM_GCC_541\Debug\Team12_PsoC_final.a(QuadDec_M1.o)
 .debug_line    0x00002791      0x10a .\CortexM3\ARM_GCC_541\Debug\Team12_PsoC_final.a(QuadDec_M2.o)
 .debug_line    0x0000289b      0x18e .\CortexM3\ARM_GCC_541\Debug\Team12_PsoC_final.a(QuadDec_M1_Cnt16.o)
 .debug_line    0x00002a29      0x18e .\CortexM3\ARM_GCC_541\Debug\Team12_PsoC_final.a(QuadDec_M2_Cnt16.o)
 .debug_line    0x00002bb7      0x162 .\CortexM3\ARM_GCC_541\Debug\Team12_PsoC_final.a(Quad_TImer.o)
 .debug_line    0x00002d19      0x159 .\CortexM3\ARM_GCC_541\Debug\Team12_PsoC_final.a(isr_quad_timer.o)
 .debug_line    0x00002e72       0x96 .\CortexM3\ARM_GCC_541\Debug\Team12_PsoC_final.a(M1_INV.o)
 .debug_line    0x00002f08       0x92 .\CortexM3\ARM_GCC_541\Debug\Team12_PsoC_final.a(Q1.o)
 .debug_line    0x00002f9a       0x92 .\CortexM3\ARM_GCC_541\Debug\Team12_PsoC_final.a(Q2.o)
 .debug_line    0x0000302c       0x92 .\CortexM3\ARM_GCC_541\Debug\Team12_PsoC_final.a(Q5.o)
 .debug_line    0x000030be       0x92 .\CortexM3\ARM_GCC_541\Debug\Team12_PsoC_final.a(Q6.o)
 .debug_line    0x00003150       0x92 .\CortexM3\ARM_GCC_541\Debug\Team12_PsoC_final.a(Q4.o)
 .debug_line    0x000031e2       0x92 .\CortexM3\ARM_GCC_541\Debug\Team12_PsoC_final.a(Q3.o)
 .debug_line    0x00003274       0x66 .\CortexM3\ARM_GCC_541\Debug\Team12_PsoC_final.a(CyBootAsmGnu.o)
 .debug_line    0x000032da      0x307 .\CortexM3\ARM_GCC_541\Debug\Team12_PsoC_final.a(USBUART.o)
 .debug_line    0x000035e1       0x95 .\CortexM3\ARM_GCC_541\Debug\Team12_PsoC_final.a(USBUART_cls.o)
 .debug_line    0x00003676       0x61 .\CortexM3\ARM_GCC_541\Debug\Team12_PsoC_final.a(USBUART_descr.o)
 .debug_line    0x000036d7       0xf2 .\CortexM3\ARM_GCC_541\Debug\Team12_PsoC_final.a(USBUART_episr.o)
 .debug_line    0x000037c9       0xe6 .\CortexM3\ARM_GCC_541\Debug\Team12_PsoC_final.a(USBUART_pm.o)
 .debug_line    0x000038af       0xbf .\CortexM3\ARM_GCC_541\Debug\Team12_PsoC_final.a(USBUART_Dp.o)
 .debug_line    0x0000396e      0x22f .\CortexM3\ARM_GCC_541\Debug\Team12_PsoC_final.a(CyFlash.o)
 .debug_line    0x00003b9d      0x231 .\CortexM3\ARM_GCC_541\Debug\Team12_PsoC_final.a(CySpc.o)

.debug_frame    0x00000000     0x3db8
 *(.debug_frame)
 .debug_frame   0x00000000       0xa0 .\CortexM3\ARM_GCC_541\Debug\main.o
 .debug_frame   0x000000a0       0x60 .\CortexM3\ARM_GCC_541\Debug\tacho.o
 .debug_frame   0x00000100       0x64 .\CortexM3\ARM_GCC_541\Debug\movement.o
 .debug_frame   0x00000164      0x16c .\CortexM3\ARM_GCC_541\Debug\cyfitter_cfg.o
 .debug_frame   0x000002d0       0xd8 .\CortexM3\ARM_GCC_541\Debug\Cm3Start.o
 .debug_frame   0x000003a8      0x3ec .\CortexM3\ARM_GCC_541\Debug\Team12_PsoC_final.a(USBUART_cdc.o)
 .debug_frame   0x00000794      0x23c .\CortexM3\ARM_GCC_541\Debug\Team12_PsoC_final.a(USBUART_drv.o)
 .debug_frame   0x000009d0      0x224 .\CortexM3\ARM_GCC_541\Debug\Team12_PsoC_final.a(USBUART_std.o)
 .debug_frame   0x00000bf4       0x38 .\CortexM3\ARM_GCC_541\Debug\Team12_PsoC_final.a(USBUART_vnd.o)
 .debug_frame   0x00000c2c      0x3d0 .\CortexM3\ARM_GCC_541\Debug\Team12_PsoC_final.a(CyDmac.o)
 .debug_frame   0x00000ffc      0xc0c .\CortexM3\ARM_GCC_541\Debug\Team12_PsoC_final.a(CyLib.o)
 .debug_frame   0x00001c08      0x234 .\CortexM3\ARM_GCC_541\Debug\Team12_PsoC_final.a(cyPm.o)
 .debug_frame   0x00001e3c      0x1d0 .\CortexM3\ARM_GCC_541\Debug\Team12_PsoC_final.a(PWM_1.o)
 .debug_frame   0x0000200c      0x1d0 .\CortexM3\ARM_GCC_541\Debug\Team12_PsoC_final.a(PWM_2.o)
 .debug_frame   0x000021dc       0xa8 .\CortexM3\ARM_GCC_541\Debug\Team12_PsoC_final.a(LED.o)
 .debug_frame   0x00002284      0x160 .\CortexM3\ARM_GCC_541\Debug\Team12_PsoC_final.a(QuadDec_M1.o)
 .debug_frame   0x000023e4      0x160 .\CortexM3\ARM_GCC_541\Debug\Team12_PsoC_final.a(QuadDec_M2.o)
 .debug_frame   0x00002544      0x258 .\CortexM3\ARM_GCC_541\Debug\Team12_PsoC_final.a(QuadDec_M1_Cnt16.o)
 .debug_frame   0x0000279c      0x258 .\CortexM3\ARM_GCC_541\Debug\Team12_PsoC_final.a(QuadDec_M2_Cnt16.o)
 .debug_frame   0x000029f4      0x208 .\CortexM3\ARM_GCC_541\Debug\Team12_PsoC_final.a(Quad_TImer.o)
 .debug_frame   0x00002bfc      0x1e8 .\CortexM3\ARM_GCC_541\Debug\Team12_PsoC_final.a(isr_quad_timer.o)
 .debug_frame   0x00002de4       0xa8 .\CortexM3\ARM_GCC_541\Debug\Team12_PsoC_final.a(M1_INV.o)
 .debug_frame   0x00002e8c       0xa8 .\CortexM3\ARM_GCC_541\Debug\Team12_PsoC_final.a(Q1.o)
 .debug_frame   0x00002f34       0xa8 .\CortexM3\ARM_GCC_541\Debug\Team12_PsoC_final.a(Q2.o)
 .debug_frame   0x00002fdc       0xa8 .\CortexM3\ARM_GCC_541\Debug\Team12_PsoC_final.a(Q5.o)
 .debug_frame   0x00003084       0xa8 .\CortexM3\ARM_GCC_541\Debug\Team12_PsoC_final.a(Q6.o)
 .debug_frame   0x0000312c       0xa8 .\CortexM3\ARM_GCC_541\Debug\Team12_PsoC_final.a(Q4.o)
 .debug_frame   0x000031d4       0xa8 .\CortexM3\ARM_GCC_541\Debug\Team12_PsoC_final.a(Q3.o)
 .debug_frame   0x0000327c      0x37c .\CortexM3\ARM_GCC_541\Debug\Team12_PsoC_final.a(USBUART.o)
 .debug_frame   0x000035f8       0x38 .\CortexM3\ARM_GCC_541\Debug\Team12_PsoC_final.a(USBUART_cls.o)
 .debug_frame   0x00003630       0xbc .\CortexM3\ARM_GCC_541\Debug\Team12_PsoC_final.a(USBUART_episr.o)
 .debug_frame   0x000036ec       0xbc .\CortexM3\ARM_GCC_541\Debug\Team12_PsoC_final.a(USBUART_pm.o)
 .debug_frame   0x000037a8       0xf4 .\CortexM3\ARM_GCC_541\Debug\Team12_PsoC_final.a(USBUART_Dp.o)
 .debug_frame   0x0000389c      0x238 .\CortexM3\ARM_GCC_541\Debug\Team12_PsoC_final.a(CyFlash.o)
 .debug_frame   0x00003ad4      0x228 .\CortexM3\ARM_GCC_541\Debug\Team12_PsoC_final.a(CySpc.o)
 .debug_frame   0x00003cfc       0x20 c:/program files (x86)/cypress/psoc creator/4.2/psoc creator/import/gnu/arm/5.4.1/bin/../lib/gcc/arm-none-eabi/5.4.1/../../../../arm-none-eabi/lib/armv7-m\libg_nano.a(lib_a-errno.o)
 .debug_frame   0x00003d1c       0x28 c:/program files (x86)/cypress/psoc creator/4.2/psoc creator/import/gnu/arm/5.4.1/bin/../lib/gcc/arm-none-eabi/5.4.1/../../../../arm-none-eabi/lib/armv7-m\libg_nano.a(lib_a-exit.o)
 .debug_frame   0x00003d44       0x2c c:/program files (x86)/cypress/psoc creator/4.2/psoc creator/import/gnu/arm/5.4.1/bin/../lib/gcc/arm-none-eabi/5.4.1/../../../../arm-none-eabi/lib/armv7-m\libg_nano.a(lib_a-init.o)
 .debug_frame   0x00003d70       0x28 c:/program files (x86)/cypress/psoc creator/4.2/psoc creator/import/gnu/arm/5.4.1/bin/../lib/gcc/arm-none-eabi/5.4.1/../../../../arm-none-eabi/lib/armv7-m\libg_nano.a(lib_a-memcpy-stub.o)
 .debug_frame   0x00003d98       0x20 c:/program files (x86)/cypress/psoc creator/4.2/psoc creator/import/gnu/arm/5.4.1/bin/../lib/gcc/arm-none-eabi/5.4.1/../../../../arm-none-eabi/lib/armv7-m\libg_nano.a(lib_a-memset.o)

.debug_str      0x00000000     0x383f
 *(.debug_str)
 .debug_str     0x00000000      0x36c .\CortexM3\ARM_GCC_541\Debug\main.o
                                0x400 (size before relaxing)
 .debug_str     0x0000036c       0x37 .\CortexM3\ARM_GCC_541\Debug\tacho.o
                                0x20a (size before relaxing)
 .debug_str     0x000003a3       0x5b .\CortexM3\ARM_GCC_541\Debug\movement.o
                                0x23a (size before relaxing)
 .debug_str     0x000003fe        0xe .\CortexM3\ARM_GCC_541\Debug\QuadEncoder.o
                                0x111 (size before relaxing)
 .debug_str     0x0000040c      0x1a9 .\CortexM3\ARM_GCC_541\Debug\cyfitter_cfg.o
                                0x371 (size before relaxing)
 .debug_str     0x000005b5       0x75 .\CortexM3\ARM_GCC_541\Debug\cymetadata.o
                                0x217 (size before relaxing)
 .debug_str     0x0000062a      0x11d .\CortexM3\ARM_GCC_541\Debug\Cm3Start.o
                                0x30a (size before relaxing)
 .debug_str     0x00000747      0x56b .\CortexM3\ARM_GCC_541\Debug\Team12_PsoC_final.a(USBUART_cdc.o)
                                0x74d (size before relaxing)
 .debug_str     0x00000cb2      0x34b .\CortexM3\ARM_GCC_541\Debug\Team12_PsoC_final.a(USBUART_drv.o)
                                0x62d (size before relaxing)
 .debug_str     0x00000ffd      0x370 .\CortexM3\ARM_GCC_541\Debug\Team12_PsoC_final.a(USBUART_std.o)
                                0x78d (size before relaxing)
 .debug_str     0x0000136d       0x5f .\CortexM3\ARM_GCC_541\Debug\Team12_PsoC_final.a(USBUART_vnd.o)
                                0x2aa (size before relaxing)
 .debug_str     0x000013cc      0x349 .\CortexM3\ARM_GCC_541\Debug\Team12_PsoC_final.a(CyDmac.o)
                                0x550 (size before relaxing)
 .debug_str     0x00001715      0x7d0 .\CortexM3\ARM_GCC_541\Debug\Team12_PsoC_final.a(CyLib.o)
                                0xa1d (size before relaxing)
 .debug_str     0x00001ee5      0x371 .\CortexM3\ARM_GCC_541\Debug\Team12_PsoC_final.a(cyPm.o)
                                0x576 (size before relaxing)
 .debug_str     0x00002256      0x13a .\CortexM3\ARM_GCC_541\Debug\Team12_PsoC_final.a(PWM_1.o)
                                0x300 (size before relaxing)
 .debug_str     0x00002390      0x109 .\CortexM3\ARM_GCC_541\Debug\Team12_PsoC_final.a(PWM_2.o)
                                0x300 (size before relaxing)
 .debug_str     0x00002499       0x5c .\CortexM3\ARM_GCC_541\Debug\Team12_PsoC_final.a(LED.o)
                                0x20b (size before relaxing)
 .debug_str     0x000024f5      0x10b .\CortexM3\ARM_GCC_541\Debug\Team12_PsoC_final.a(QuadDec_M1.o)
                                0x2e8 (size before relaxing)
 .debug_str     0x00002600       0xf3 .\CortexM3\ARM_GCC_541\Debug\Team12_PsoC_final.a(QuadDec_M2.o)
                                0x2e8 (size before relaxing)
 .debug_str     0x000026f3      0x24d .\CortexM3\ARM_GCC_541\Debug\Team12_PsoC_final.a(QuadDec_M1_Cnt16.o)
                                0x42f (size before relaxing)
 .debug_str     0x00002940      0x236 .\CortexM3\ARM_GCC_541\Debug\Team12_PsoC_final.a(QuadDec_M2_Cnt16.o)
                                0x42f (size before relaxing)
 .debug_str     0x00002b76      0x18d .\CortexM3\ARM_GCC_541\Debug\Team12_PsoC_final.a(Quad_TImer.o)
                                0x378 (size before relaxing)
 .debug_str     0x00002d03      0x164 .\CortexM3\ARM_GCC_541\Debug\Team12_PsoC_final.a(isr_quad_timer.o)
                                0x357 (size before relaxing)
 .debug_str     0x00002e67       0x60 .\CortexM3\ARM_GCC_541\Debug\Team12_PsoC_final.a(M1_INV.o)
                                0x21a (size before relaxing)
 .debug_str     0x00002ec7       0x4c .\CortexM3\ARM_GCC_541\Debug\Team12_PsoC_final.a(Q1.o)
                                0x206 (size before relaxing)
 .debug_str     0x00002f13       0x4c .\CortexM3\ARM_GCC_541\Debug\Team12_PsoC_final.a(Q2.o)
                                0x206 (size before relaxing)
 .debug_str     0x00002f5f       0x4c .\CortexM3\ARM_GCC_541\Debug\Team12_PsoC_final.a(Q5.o)
                                0x206 (size before relaxing)
 .debug_str     0x00002fab       0x4c .\CortexM3\ARM_GCC_541\Debug\Team12_PsoC_final.a(Q6.o)
                                0x206 (size before relaxing)
 .debug_str     0x00002ff7       0x4c .\CortexM3\ARM_GCC_541\Debug\Team12_PsoC_final.a(Q4.o)
                                0x206 (size before relaxing)
 .debug_str     0x00003043       0x4c .\CortexM3\ARM_GCC_541\Debug\Team12_PsoC_final.a(Q3.o)
                                0x206 (size before relaxing)
 .debug_str     0x0000308f      0x214 .\CortexM3\ARM_GCC_541\Debug\Team12_PsoC_final.a(USBUART.o)
                                0x61e (size before relaxing)
 .debug_str     0x000032a3       0x3f .\CortexM3\ARM_GCC_541\Debug\Team12_PsoC_final.a(USBUART_cls.o)
                                0x2c2 (size before relaxing)
 .debug_str     0x000032e2      0x104 .\CortexM3\ARM_GCC_541\Debug\Team12_PsoC_final.a(USBUART_descr.o)
                                0x3c5 (size before relaxing)
 .debug_str     0x000033e6       0x80 .\CortexM3\ARM_GCC_541\Debug\Team12_PsoC_final.a(USBUART_episr.o)
                                0x2fa (size before relaxing)
 .debug_str     0x00003466       0xac .\CortexM3\ARM_GCC_541\Debug\Team12_PsoC_final.a(USBUART_pm.o)
                                0x29e (size before relaxing)
 .debug_str     0x00003512       0xaa .\CortexM3\ARM_GCC_541\Debug\Team12_PsoC_final.a(USBUART_Dp.o)
                                0x274 (size before relaxing)
 .debug_str     0x000035bc      0x156 .\CortexM3\ARM_GCC_541\Debug\Team12_PsoC_final.a(CyFlash.o)
                                0x33a (size before relaxing)
 .debug_str     0x00003712      0x12d .\CortexM3\ARM_GCC_541\Debug\Team12_PsoC_final.a(CySpc.o)
                                0x334 (size before relaxing)

.debug_loc
 *(.debug_loc)

.debug_macinfo
 *(.debug_macinfo)

.debug_ranges   0x00000000      0xd90
 *(.debug_ranges)
 .debug_ranges  0x00000000       0x28 .\CortexM3\ARM_GCC_541\Debug\main.o
 .debug_ranges  0x00000028       0x18 .\CortexM3\ARM_GCC_541\Debug\tacho.o
 .debug_ranges  0x00000040       0x18 .\CortexM3\ARM_GCC_541\Debug\movement.o
 .debug_ranges  0x00000058       0x50 .\CortexM3\ARM_GCC_541\Debug\cyfitter_cfg.o
 .debug_ranges  0x000000a8       0x38 .\CortexM3\ARM_GCC_541\Debug\Cm3Start.o
 .debug_ranges  0x000000e0       0xd8 .\CortexM3\ARM_GCC_541\Debug\Team12_PsoC_final.a(USBUART_cdc.o)
 .debug_ranges  0x000001b8       0x88 .\CortexM3\ARM_GCC_541\Debug\Team12_PsoC_final.a(USBUART_drv.o)
 .debug_ranges  0x00000240       0x70 .\CortexM3\ARM_GCC_541\Debug\Team12_PsoC_final.a(USBUART_std.o)
 .debug_ranges  0x000002b0       0x10 .\CortexM3\ARM_GCC_541\Debug\Team12_PsoC_final.a(USBUART_vnd.o)
 .debug_ranges  0x000002c0       0xc8 .\CortexM3\ARM_GCC_541\Debug\Team12_PsoC_final.a(CyDmac.o)
 .debug_ranges  0x00000388      0x290 .\CortexM3\ARM_GCC_541\Debug\Team12_PsoC_final.a(CyLib.o)
 .debug_ranges  0x00000618       0x88 .\CortexM3\ARM_GCC_541\Debug\Team12_PsoC_final.a(cyPm.o)
 .debug_ranges  0x000006a0       0x68 .\CortexM3\ARM_GCC_541\Debug\Team12_PsoC_final.a(PWM_1.o)
 .debug_ranges  0x00000708       0x68 .\CortexM3\ARM_GCC_541\Debug\Team12_PsoC_final.a(PWM_2.o)
 .debug_ranges  0x00000770       0x28 .\CortexM3\ARM_GCC_541\Debug\Team12_PsoC_final.a(LED.o)
 .debug_ranges  0x00000798       0x50 .\CortexM3\ARM_GCC_541\Debug\Team12_PsoC_final.a(QuadDec_M1.o)
 .debug_ranges  0x000007e8       0x50 .\CortexM3\ARM_GCC_541\Debug\Team12_PsoC_final.a(QuadDec_M2.o)
 .debug_ranges  0x00000838       0x88 .\CortexM3\ARM_GCC_541\Debug\Team12_PsoC_final.a(QuadDec_M1_Cnt16.o)
 .debug_ranges  0x000008c0       0x88 .\CortexM3\ARM_GCC_541\Debug\Team12_PsoC_final.a(QuadDec_M2_Cnt16.o)
 .debug_ranges  0x00000948       0x78 .\CortexM3\ARM_GCC_541\Debug\Team12_PsoC_final.a(Quad_TImer.o)
 .debug_ranges  0x000009c0       0x70 .\CortexM3\ARM_GCC_541\Debug\Team12_PsoC_final.a(isr_quad_timer.o)
 .debug_ranges  0x00000a30       0x28 .\CortexM3\ARM_GCC_541\Debug\Team12_PsoC_final.a(M1_INV.o)
 .debug_ranges  0x00000a58       0x28 .\CortexM3\ARM_GCC_541\Debug\Team12_PsoC_final.a(Q1.o)
 .debug_ranges  0x00000a80       0x28 .\CortexM3\ARM_GCC_541\Debug\Team12_PsoC_final.a(Q2.o)
 .debug_ranges  0x00000aa8       0x28 .\CortexM3\ARM_GCC_541\Debug\Team12_PsoC_final.a(Q5.o)
 .debug_ranges  0x00000ad0       0x28 .\CortexM3\ARM_GCC_541\Debug\Team12_PsoC_final.a(Q6.o)
 .debug_ranges  0x00000af8       0x28 .\CortexM3\ARM_GCC_541\Debug\Team12_PsoC_final.a(Q4.o)
 .debug_ranges  0x00000b20       0x28 .\CortexM3\ARM_GCC_541\Debug\Team12_PsoC_final.a(Q3.o)
 .debug_ranges  0x00000b48       0xb8 .\CortexM3\ARM_GCC_541\Debug\Team12_PsoC_final.a(USBUART.o)
 .debug_ranges  0x00000c00       0x10 .\CortexM3\ARM_GCC_541\Debug\Team12_PsoC_final.a(USBUART_cls.o)
 .debug_ranges  0x00000c10       0x30 .\CortexM3\ARM_GCC_541\Debug\Team12_PsoC_final.a(USBUART_episr.o)
 .debug_ranges  0x00000c40       0x30 .\CortexM3\ARM_GCC_541\Debug\Team12_PsoC_final.a(USBUART_pm.o)
 .debug_ranges  0x00000c70       0x38 .\CortexM3\ARM_GCC_541\Debug\Team12_PsoC_final.a(USBUART_Dp.o)
 .debug_ranges  0x00000ca8       0x78 .\CortexM3\ARM_GCC_541\Debug\Team12_PsoC_final.a(CyFlash.o)
 .debug_ranges  0x00000d20       0x70 .\CortexM3\ARM_GCC_541\Debug\Team12_PsoC_final.a(CySpc.o)

.comment        0x00000000       0x6e
 .comment       0x00000000       0x6e .\CortexM3\ARM_GCC_541\Debug\main.o
                                 0x6f (size before relaxing)
 .comment       0x0000006e       0x6f .\CortexM3\ARM_GCC_541\Debug\tacho.o
 .comment       0x0000006e       0x6f .\CortexM3\ARM_GCC_541\Debug\movement.o
 .comment       0x0000006e       0x6f .\CortexM3\ARM_GCC_541\Debug\QuadEncoder.o
 .comment       0x0000006e       0x6f .\CortexM3\ARM_GCC_541\Debug\cyfitter_cfg.o
 .comment       0x0000006e       0x6f .\CortexM3\ARM_GCC_541\Debug\cymetadata.o
 .comment       0x0000006e       0x6f .\CortexM3\ARM_GCC_541\Debug\Cm3Start.o
 .comment       0x0000006e       0x6f .\CortexM3\ARM_GCC_541\Debug\Team12_PsoC_final.a(USBUART_cdc.o)
 .comment       0x0000006e       0x6f .\CortexM3\ARM_GCC_541\Debug\Team12_PsoC_final.a(USBUART_drv.o)
 .comment       0x0000006e       0x6f .\CortexM3\ARM_GCC_541\Debug\Team12_PsoC_final.a(USBUART_std.o)
 .comment       0x0000006e       0x6f .\CortexM3\ARM_GCC_541\Debug\Team12_PsoC_final.a(USBUART_vnd.o)
 .comment       0x0000006e       0x6f .\CortexM3\ARM_GCC_541\Debug\Team12_PsoC_final.a(CyDmac.o)
 .comment       0x0000006e       0x6f .\CortexM3\ARM_GCC_541\Debug\Team12_PsoC_final.a(CyLib.o)
 .comment       0x0000006e       0x6f .\CortexM3\ARM_GCC_541\Debug\Team12_PsoC_final.a(cyPm.o)
 .comment       0x0000006e       0x6f .\CortexM3\ARM_GCC_541\Debug\Team12_PsoC_final.a(PWM_1.o)
 .comment       0x0000006e       0x6f .\CortexM3\ARM_GCC_541\Debug\Team12_PsoC_final.a(PWM_2.o)
 .comment       0x0000006e       0x6f .\CortexM3\ARM_GCC_541\Debug\Team12_PsoC_final.a(LED.o)
 .comment       0x0000006e       0x6f .\CortexM3\ARM_GCC_541\Debug\Team12_PsoC_final.a(QuadDec_M1.o)
 .comment       0x0000006e       0x6f .\CortexM3\ARM_GCC_541\Debug\Team12_PsoC_final.a(QuadDec_M2.o)
 .comment       0x0000006e       0x6f .\CortexM3\ARM_GCC_541\Debug\Team12_PsoC_final.a(QuadDec_M1_Cnt16.o)
 .comment       0x0000006e       0x6f .\CortexM3\ARM_GCC_541\Debug\Team12_PsoC_final.a(QuadDec_M2_Cnt16.o)
 .comment       0x0000006e       0x6f .\CortexM3\ARM_GCC_541\Debug\Team12_PsoC_final.a(Quad_TImer.o)
 .comment       0x0000006e       0x6f .\CortexM3\ARM_GCC_541\Debug\Team12_PsoC_final.a(isr_quad_timer.o)
 .comment       0x0000006e       0x6f .\CortexM3\ARM_GCC_541\Debug\Team12_PsoC_final.a(M1_INV.o)
 .comment       0x0000006e       0x6f .\CortexM3\ARM_GCC_541\Debug\Team12_PsoC_final.a(Q1.o)
 .comment       0x0000006e       0x6f .\CortexM3\ARM_GCC_541\Debug\Team12_PsoC_final.a(Q2.o)
 .comment       0x0000006e       0x6f .\CortexM3\ARM_GCC_541\Debug\Team12_PsoC_final.a(Q5.o)
 .comment       0x0000006e       0x6f .\CortexM3\ARM_GCC_541\Debug\Team12_PsoC_final.a(Q6.o)
 .comment       0x0000006e       0x6f .\CortexM3\ARM_GCC_541\Debug\Team12_PsoC_final.a(Q4.o)
 .comment       0x0000006e       0x6f .\CortexM3\ARM_GCC_541\Debug\Team12_PsoC_final.a(Q3.o)
 .comment       0x0000006e       0x6f .\CortexM3\ARM_GCC_541\Debug\Team12_PsoC_final.a(USBUART.o)
 .comment       0x0000006e       0x6f .\CortexM3\ARM_GCC_541\Debug\Team12_PsoC_final.a(USBUART_cls.o)
 .comment       0x0000006e       0x6f .\CortexM3\ARM_GCC_541\Debug\Team12_PsoC_final.a(USBUART_descr.o)
 .comment       0x0000006e       0x6f .\CortexM3\ARM_GCC_541\Debug\Team12_PsoC_final.a(USBUART_episr.o)
 .comment       0x0000006e       0x6f .\CortexM3\ARM_GCC_541\Debug\Team12_PsoC_final.a(USBUART_pm.o)
 .comment       0x0000006e       0x6f .\CortexM3\ARM_GCC_541\Debug\Team12_PsoC_final.a(USBUART_Dp.o)
 .comment       0x0000006e       0x6f .\CortexM3\ARM_GCC_541\Debug\Team12_PsoC_final.a(CyFlash.o)
 .comment       0x0000006e       0x6f .\CortexM3\ARM_GCC_541\Debug\Team12_PsoC_final.a(CySpc.o)

.debug_weaknames
 *(.debug_weaknames)

.debug_funcnames
 *(.debug_funcnames)

.debug_typenames
 *(.debug_typenames)

.debug_varnames
 *(.debug_varnames)

.note.gnu.arm.ident
 *(.note.gnu.arm.ident)

.ARM.attributes
                0x00000000       0x29
 *(.ARM.attributes)
 .ARM.attributes
                0x00000000       0x1d c:/program files (x86)/cypress/psoc creator/4.2/psoc creator/import/gnu/arm/5.4.1/bin/../lib/gcc/arm-none-eabi/5.4.1/armv7-m/crti.o
 .ARM.attributes
                0x0000001d       0x2d c:/program files (x86)/cypress/psoc creator/4.2/psoc creator/import/gnu/arm/5.4.1/bin/../lib/gcc/arm-none-eabi/5.4.1/armv7-m/crtbegin.o
 .ARM.attributes
                0x0000004a       0x1b c:/program files (x86)/cypress/psoc creator/4.2/psoc creator/import/gnu/arm/5.4.1/bin/../lib/gcc/arm-none-eabi/5.4.1/../../../../arm-none-eabi/lib/armv7-m/crt0.o
 .ARM.attributes
                0x00000065       0x33 .\CortexM3\ARM_GCC_541\Debug\main.o
 .ARM.attributes
                0x00000098       0x33 .\CortexM3\ARM_GCC_541\Debug\tacho.o
 .ARM.attributes
                0x000000cb       0x33 .\CortexM3\ARM_GCC_541\Debug\movement.o
 .ARM.attributes
                0x000000fe       0x33 .\CortexM3\ARM_GCC_541\Debug\QuadEncoder.o
 .ARM.attributes
                0x00000131       0x33 .\CortexM3\ARM_GCC_541\Debug\cyfitter_cfg.o
 .ARM.attributes
                0x00000164       0x33 .\CortexM3\ARM_GCC_541\Debug\cymetadata.o
 .ARM.attributes
                0x00000197       0x33 .\CortexM3\ARM_GCC_541\Debug\Cm3Start.o
 .ARM.attributes
                0x000001ca       0x33 .\CortexM3\ARM_GCC_541\Debug\Team12_PsoC_final.a(USBUART_cdc.o)
 .ARM.attributes
                0x000001fd       0x33 .\CortexM3\ARM_GCC_541\Debug\Team12_PsoC_final.a(USBUART_drv.o)
 .ARM.attributes
                0x00000230       0x33 .\CortexM3\ARM_GCC_541\Debug\Team12_PsoC_final.a(USBUART_std.o)
 .ARM.attributes
                0x00000263       0x33 .\CortexM3\ARM_GCC_541\Debug\Team12_PsoC_final.a(USBUART_vnd.o)
 .ARM.attributes
                0x00000296       0x33 .\CortexM3\ARM_GCC_541\Debug\Team12_PsoC_final.a(CyDmac.o)
 .ARM.attributes
                0x000002c9       0x33 .\CortexM3\ARM_GCC_541\Debug\Team12_PsoC_final.a(CyLib.o)
 .ARM.attributes
                0x000002fc       0x33 .\CortexM3\ARM_GCC_541\Debug\Team12_PsoC_final.a(cyPm.o)
 .ARM.attributes
                0x0000032f       0x33 .\CortexM3\ARM_GCC_541\Debug\Team12_PsoC_final.a(PWM_1.o)
 .ARM.attributes
                0x00000362       0x33 .\CortexM3\ARM_GCC_541\Debug\Team12_PsoC_final.a(PWM_2.o)
 .ARM.attributes
                0x00000395       0x33 .\CortexM3\ARM_GCC_541\Debug\Team12_PsoC_final.a(LED.o)
 .ARM.attributes
                0x000003c8       0x33 .\CortexM3\ARM_GCC_541\Debug\Team12_PsoC_final.a(QuadDec_M1.o)
 .ARM.attributes
                0x000003fb       0x33 .\CortexM3\ARM_GCC_541\Debug\Team12_PsoC_final.a(QuadDec_M2.o)
 .ARM.attributes
                0x0000042e       0x33 .\CortexM3\ARM_GCC_541\Debug\Team12_PsoC_final.a(QuadDec_M1_Cnt16.o)
 .ARM.attributes
                0x00000461       0x33 .\CortexM3\ARM_GCC_541\Debug\Team12_PsoC_final.a(QuadDec_M2_Cnt16.o)
 .ARM.attributes
                0x00000494       0x33 .\CortexM3\ARM_GCC_541\Debug\Team12_PsoC_final.a(Quad_TImer.o)
 .ARM.attributes
                0x000004c7       0x33 .\CortexM3\ARM_GCC_541\Debug\Team12_PsoC_final.a(isr_quad_timer.o)
 .ARM.attributes
                0x000004fa       0x33 .\CortexM3\ARM_GCC_541\Debug\Team12_PsoC_final.a(M1_INV.o)
 .ARM.attributes
                0x0000052d       0x33 .\CortexM3\ARM_GCC_541\Debug\Team12_PsoC_final.a(Q1.o)
 .ARM.attributes
                0x00000560       0x33 .\CortexM3\ARM_GCC_541\Debug\Team12_PsoC_final.a(Q2.o)
 .ARM.attributes
                0x00000593       0x33 .\CortexM3\ARM_GCC_541\Debug\Team12_PsoC_final.a(Q5.o)
 .ARM.attributes
                0x000005c6       0x33 .\CortexM3\ARM_GCC_541\Debug\Team12_PsoC_final.a(Q6.o)
 .ARM.attributes
                0x000005f9       0x33 .\CortexM3\ARM_GCC_541\Debug\Team12_PsoC_final.a(Q4.o)
 .ARM.attributes
                0x0000062c       0x33 .\CortexM3\ARM_GCC_541\Debug\Team12_PsoC_final.a(Q3.o)
 .ARM.attributes
                0x0000065f       0x21 .\CortexM3\ARM_GCC_541\Debug\Team12_PsoC_final.a(CyBootAsmGnu.o)
 .ARM.attributes
                0x00000680       0x33 .\CortexM3\ARM_GCC_541\Debug\Team12_PsoC_final.a(USBUART.o)
 .ARM.attributes
                0x000006b3       0x33 .\CortexM3\ARM_GCC_541\Debug\Team12_PsoC_final.a(USBUART_cls.o)
 .ARM.attributes
                0x000006e6       0x33 .\CortexM3\ARM_GCC_541\Debug\Team12_PsoC_final.a(USBUART_descr.o)
 .ARM.attributes
                0x00000719       0x33 .\CortexM3\ARM_GCC_541\Debug\Team12_PsoC_final.a(USBUART_episr.o)
 .ARM.attributes
                0x0000074c       0x33 .\CortexM3\ARM_GCC_541\Debug\Team12_PsoC_final.a(USBUART_pm.o)
 .ARM.attributes
                0x0000077f       0x33 .\CortexM3\ARM_GCC_541\Debug\Team12_PsoC_final.a(USBUART_Dp.o)
 .ARM.attributes
                0x000007b2       0x33 .\CortexM3\ARM_GCC_541\Debug\Team12_PsoC_final.a(CyFlash.o)
 .ARM.attributes
                0x000007e5       0x33 .\CortexM3\ARM_GCC_541\Debug\Team12_PsoC_final.a(CySpc.o)
 .ARM.attributes
                0x00000818       0x1d c:/program files (x86)/cypress/psoc creator/4.2/psoc creator/import/gnu/arm/5.4.1/bin/../lib/gcc/arm-none-eabi/5.4.1/armv7-m\libgcc.a(_arm_addsubdf3.o)
 .ARM.attributes
                0x00000835       0x1d c:/program files (x86)/cypress/psoc creator/4.2/psoc creator/import/gnu/arm/5.4.1/bin/../lib/gcc/arm-none-eabi/5.4.1/armv7-m\libgcc.a(_arm_muldivdf3.o)
 .ARM.attributes
                0x00000852       0x1d c:/program files (x86)/cypress/psoc creator/4.2/psoc creator/import/gnu/arm/5.4.1/bin/../lib/gcc/arm-none-eabi/5.4.1/armv7-m\libgcc.a(_arm_fixunsdfsi.o)
 .ARM.attributes
                0x0000086f       0x1d c:/program files (x86)/cypress/psoc creator/4.2/psoc creator/import/gnu/arm/5.4.1/bin/../lib/gcc/arm-none-eabi/5.4.1/armv7-m\libgcc.a(_arm_addsubsf3.o)
 .ARM.attributes
                0x0000088c       0x2d c:/program files (x86)/cypress/psoc creator/4.2/psoc creator/import/gnu/arm/5.4.1/bin/../lib/gcc/arm-none-eabi/5.4.1/../../../../arm-none-eabi/lib/armv7-m\libg_nano.a(lib_a-errno.o)
 .ARM.attributes
                0x000008b9       0x2d c:/program files (x86)/cypress/psoc creator/4.2/psoc creator/import/gnu/arm/5.4.1/bin/../lib/gcc/arm-none-eabi/5.4.1/../../../../arm-none-eabi/lib/armv7-m\libg_nano.a(lib_a-exit.o)
 .ARM.attributes
                0x000008e6       0x2d c:/program files (x86)/cypress/psoc creator/4.2/psoc creator/import/gnu/arm/5.4.1/bin/../lib/gcc/arm-none-eabi/5.4.1/../../../../arm-none-eabi/lib/armv7-m\libg_nano.a(lib_a-impure.o)
 .ARM.attributes
                0x00000913       0x2d c:/program files (x86)/cypress/psoc creator/4.2/psoc creator/import/gnu/arm/5.4.1/bin/../lib/gcc/arm-none-eabi/5.4.1/../../../../arm-none-eabi/lib/armv7-m\libg_nano.a(lib_a-init.o)
 .ARM.attributes
                0x00000940       0x2d c:/program files (x86)/cypress/psoc creator/4.2/psoc creator/import/gnu/arm/5.4.1/bin/../lib/gcc/arm-none-eabi/5.4.1/../../../../arm-none-eabi/lib/armv7-m\libg_nano.a(lib_a-memcpy-stub.o)
 .ARM.attributes
                0x0000096d       0x2d c:/program files (x86)/cypress/psoc creator/4.2/psoc creator/import/gnu/arm/5.4.1/bin/../lib/gcc/arm-none-eabi/5.4.1/../../../../arm-none-eabi/lib/armv7-m\libg_nano.a(lib_a-memset.o)
 .ARM.attributes
                0x0000099a       0x17 c:/program files (x86)/cypress/psoc creator/4.2/psoc creator/import/gnu/arm/5.4.1/bin/../lib/gcc/arm-none-eabi/5.4.1/../../../../arm-none-eabi/lib/armv7-m\libg_nano.a(lib_a-strlen.o)
 .ARM.attributes
                0x000009b1       0x2d c:/program files (x86)/cypress/psoc creator/4.2/psoc creator/import/gnu/arm/5.4.1/bin/../lib/gcc/arm-none-eabi/5.4.1/armv7-m/crtend.o
 .ARM.attributes
                0x000009de       0x1d c:/program files (x86)/cypress/psoc creator/4.2/psoc creator/import/gnu/arm/5.4.1/bin/../lib/gcc/arm-none-eabi/5.4.1/armv7-m/crtn.o

/DISCARD/
 *(.note.GNU-stack)
OUTPUT(C:\Users\schoo\302OffOnedrive\301 Project\12_Cypress_LineFollowingRobot\Final_implementation\Team12_PsoC_final.cydsn\CortexM3\ARM_GCC_541\Debug\Team12_PsoC_final.elf elf32-littlearm)
