Archive member included to satisfy reference by file (symbol)

.\CortexM3\ARM_GCC_541\Debug\Hardware_Task2.a(USBUART_cdc.o)
                              .\CortexM3\ARM_GCC_541\Debug\main.o (USBUART_PutData)
.\CortexM3\ARM_GCC_541\Debug\Hardware_Task2.a(USBUART_drv.o)
                              .\CortexM3\ARM_GCC_541\Debug\Hardware_Task2.a(USBUART_cdc.o) (USBUART_EP)
.\CortexM3\ARM_GCC_541\Debug\Hardware_Task2.a(USBUART_std.o)
                              .\CortexM3\ARM_GCC_541\Debug\Hardware_Task2.a(USBUART_drv.o) (USBUART_HandleStandardRqst)
.\CortexM3\ARM_GCC_541\Debug\Hardware_Task2.a(USBUART_vnd.o)
                              .\CortexM3\ARM_GCC_541\Debug\Hardware_Task2.a(USBUART_drv.o) (USBUART_HandleVendorRqst)
.\CortexM3\ARM_GCC_541\Debug\Hardware_Task2.a(CyDmac.o)
                              .\CortexM3\ARM_GCC_541\Debug\Cm3Start.o (CyDmacConfigure)
.\CortexM3\ARM_GCC_541\Debug\Hardware_Task2.a(CyLib.o)
                              .\CortexM3\ARM_GCC_541\Debug\Cm3Start.o (CyResetStatus)
.\CortexM3\ARM_GCC_541\Debug\Hardware_Task2.a(cyPm.o)
                              .\CortexM3\ARM_GCC_541\Debug\Hardware_Task2.a(CyLib.o) (CyPmReadStatus)
.\CortexM3\ARM_GCC_541\Debug\Hardware_Task2.a(PWM_1.o)
                              .\CortexM3\ARM_GCC_541\Debug\main.o (PWM_1_Start)
.\CortexM3\ARM_GCC_541\Debug\Hardware_Task2.a(PWM_2.o)
                              .\CortexM3\ARM_GCC_541\Debug\main.o (PWM_2_Start)
.\CortexM3\ARM_GCC_541\Debug\Hardware_Task2.a(QuadDec_M1.o)
                              .\CortexM3\ARM_GCC_541\Debug\tacho.o (QuadDec_M1_GetCounter)
.\CortexM3\ARM_GCC_541\Debug\Hardware_Task2.a(QuadDec_M2.o)
                              .\CortexM3\ARM_GCC_541\Debug\main.o (QuadDec_M2_GetCounter)
.\CortexM3\ARM_GCC_541\Debug\Hardware_Task2.a(QuadDec_M1_Cnt16.o)
                              .\CortexM3\ARM_GCC_541\Debug\Hardware_Task2.a(QuadDec_M1.o) (QuadDec_M1_Cnt16_WriteCounter)
.\CortexM3\ARM_GCC_541\Debug\Hardware_Task2.a(QuadDec_M2_Cnt16.o)
                              .\CortexM3\ARM_GCC_541\Debug\Hardware_Task2.a(QuadDec_M2.o) (QuadDec_M2_Cnt16_WriteCounter)
.\CortexM3\ARM_GCC_541\Debug\Hardware_Task2.a(Quad_TImer.o)
                              .\CortexM3\ARM_GCC_541\Debug\main.o (Quad_TImer_Start)
.\CortexM3\ARM_GCC_541\Debug\Hardware_Task2.a(isr_quad_timer.o)
                              .\CortexM3\ARM_GCC_541\Debug\main.o (isr_quad_timer_StartEx)
.\CortexM3\ARM_GCC_541\Debug\Hardware_Task2.a(CyBootAsmGnu.o)
                              .\CortexM3\ARM_GCC_541\Debug\cyfitter_cfg.o (CyDelayCycles)
.\CortexM3\ARM_GCC_541\Debug\Hardware_Task2.a(USBUART.o)
                              .\CortexM3\ARM_GCC_541\Debug\Hardware_Task2.a(USBUART_cdc.o) (USBUART_GetEPState)
.\CortexM3\ARM_GCC_541\Debug\Hardware_Task2.a(USBUART_cls.o)
                              .\CortexM3\ARM_GCC_541\Debug\Hardware_Task2.a(USBUART_drv.o) (USBUART_DispatchClassRqst)
.\CortexM3\ARM_GCC_541\Debug\Hardware_Task2.a(USBUART_descr.o)
                              .\CortexM3\ARM_GCC_541\Debug\Hardware_Task2.a(USBUART_std.o) (USBUART_DEVICE0_DESCR)
.\CortexM3\ARM_GCC_541\Debug\Hardware_Task2.a(USBUART_episr.o)
                              .\CortexM3\ARM_GCC_541\Debug\Hardware_Task2.a(USBUART.o) (USBUART_EP_1_ISR)
.\CortexM3\ARM_GCC_541\Debug\Hardware_Task2.a(USBUART_pm.o)
                              .\CortexM3\ARM_GCC_541\Debug\Hardware_Task2.a(USBUART.o) (USBUART_DP_ISR)
.\CortexM3\ARM_GCC_541\Debug\Hardware_Task2.a(USBUART_Dp.o)
                              .\CortexM3\ARM_GCC_541\Debug\Hardware_Task2.a(USBUART.o) (USBUART_Dp_ClearInterrupt)
.\CortexM3\ARM_GCC_541\Debug\Hardware_Task2.a(CyFlash.o)
                              .\CortexM3\ARM_GCC_541\Debug\Hardware_Task2.a(cyPm.o) (CyFlash_SetWaitCycles)
.\CortexM3\ARM_GCC_541\Debug\Hardware_Task2.a(CySpc.o)
                              .\CortexM3\ARM_GCC_541\Debug\Hardware_Task2.a(CyFlash.o) (CySpcStart)
c:/program files (x86)/cypress/psoc creator/4.2/psoc creator/import/gnu/arm/5.4.1/bin/../lib/gcc/arm-none-eabi/5.4.1/armv7-m\libgcc.a(_arm_addsubdf3.o)
                              .\CortexM3\ARM_GCC_541\Debug\main.o (__aeabi_i2d)
c:/program files (x86)/cypress/psoc creator/4.2/psoc creator/import/gnu/arm/5.4.1/bin/../lib/gcc/arm-none-eabi/5.4.1/armv7-m\libgcc.a(_arm_muldivdf3.o)
                              .\CortexM3\ARM_GCC_541\Debug\main.o (__aeabi_dmul)
c:/program files (x86)/cypress/psoc creator/4.2/psoc creator/import/gnu/arm/5.4.1/bin/../lib/gcc/arm-none-eabi/5.4.1/armv7-m\libgcc.a(_arm_fixunsdfsi.o)
                              .\CortexM3\ARM_GCC_541\Debug\main.o (__aeabi_d2uiz)
c:/program files (x86)/cypress/psoc creator/4.2/psoc creator/import/gnu/arm/5.4.1/bin/../lib/gcc/arm-none-eabi/5.4.1/armv7-m\libgcc.a(_arm_addsubsf3.o)
                              .\CortexM3\ARM_GCC_541\Debug\main.o (__aeabi_ui2f)
[...]
Memory Configuration

Name             Origin             Length             Attributes
rom              0x00000000         0x00040000         xr
ram              0x1fff8000         0x00010000         xrw
*default*        0x00000000         0xffffffff

Linker script and memory map

LOAD c:/program files (x86)/cypress/psoc creator/4.2/psoc creator/import/gnu/arm/5.4.1/bin/../lib/gcc/arm-none-eabi/5.4.1/armv7-m/crti.o
LOAD c:/program files (x86)/cypress/psoc creator/4.2/psoc creator/import/gnu/arm/5.4.1/bin/../lib/gcc/arm-none-eabi/5.4.1/armv7-m/crtbegin.o
LOAD c:/program files (x86)/cypress/psoc creator/4.2/psoc creator/import/gnu/arm/5.4.1/bin/../lib/gcc/arm-none-eabi/5.4.1/../../../../arm-none-eabi/lib/armv7-m/crt0.o
START GROUP
LOAD .\CortexM3\ARM_GCC_541\Debug\main.o
LOAD .\CortexM3\ARM_GCC_541\Debug\tacho.o
LOAD .\CortexM3\ARM_GCC_541\Debug\cyfitter_cfg.o
LOAD .\CortexM3\ARM_GCC_541\Debug\cymetadata.o
LOAD .\CortexM3\ARM_GCC_541\Debug\Cm3Start.o
LOAD .\CortexM3\ARM_GCC_541\Debug\Hardware_Task2.a
LOAD C:\Program Files (x86)\Cypress\PSoC Creator\4.2\PSoC Creator\psoc\content\cycomponentlibrary\CyComponentLibrary.cylib\CortexM3\ARM_GCC_541\Debug\CyComponentLibrary.a
END GROUP
START GROUP
LOAD c:/program files (x86)/cypress/psoc creator/4.2/psoc creator/import/gnu/arm/5.4.1/bin/../lib/gcc/arm-none-eabi/5.4.1/armv7-m\libgcc.a
LOAD c:/program files (x86)/cypress/psoc creator/4.2/psoc creator/import/gnu/arm/5.4.1/bin/../lib/gcc/arm-none-eabi/5.4.1/../../../../arm-none-eabi/lib/armv7-m\libg_nano.a
LOAD c:/program files (x86)/cypress/psoc creator/4.2/psoc creator/import/gnu/arm/5.4.1/bin/../lib/gcc/arm-none-eabi/5.4.1/../../../../arm-none-eabi/lib/armv7-m\libc_nano.a
END GROUP
START GROUP
LOAD c:/program files (x86)/cypress/psoc creator/4.2/psoc creator/import/gnu/arm/5.4.1/bin/../lib/gcc/arm-none-eabi/5.4.1/armv7-m\libgcc.a
LOAD c:/program files (x86)/cypress/psoc creator/4.2/psoc creator/import/gnu/arm/5.4.1/bin/../lib/gcc/arm-none-eabi/5.4.1/../../../../arm-none-eabi/lib/armv7-m\libc_nano.a
END GROUP
LOAD c:/program files (x86)/cypress/psoc creator/4.2/psoc creator/import/gnu/arm/5.4.1/bin/../lib/gcc/arm-none-eabi/5.4.1/armv7-m/crtend.o
LOAD c:/program files (x86)/cypress/psoc creator/4.2/psoc creator/import/gnu/arm/5.4.1/bin/../lib/gcc/arm-none-eabi/5.4.1/armv7-m/crtn.o
START GROUP
LOAD c:/program files (x86)/cypress/psoc creator/4.2/psoc creator/import/gnu/arm/5.4.1/bin/../lib/gcc/arm-none-eabi/5.4.1/armv7-m\libgcc.a
LOAD c:/program files (x86)/cypress/psoc creator/4.2/psoc creator/import/gnu/arm/5.4.1/bin/../lib/gcc/arm-none-eabi/5.4.1/../../../../arm-none-eabi/lib/armv7-m\libc.a
LOAD c:/program files (x86)/cypress/psoc creator/4.2/psoc creator/import/gnu/arm/5.4.1/bin/../lib/gcc/arm-none-eabi/5.4.1/../../../../arm-none-eabi/lib/armv7-m\libnosys.a
END GROUP
                0x00000000                CY_APPL_ORIGIN = 0x0
                0x00000100                CY_FLASH_ROW_SIZE = 0x100
                0x00000020                CY_ECC_ROW_SIZE = 0x20
                0x00000000                CY_EE_IN_BTLDR = 0x0
                0x00000000                CY_APPL_LOADABLE = 0x0
                0x00000800                CY_EE_SIZE = 0x800
                0x00000001                CY_APPL_NUM = 0x1
                0x00000001                CY_APPL_MAX = 0x1
                0x00000040                CY_METADATA_SIZE = 0x40
                0x00000000                CY_APPL_LOADABLE = 0x0
                0x00000000                CY_CHECKSUM_EXCLUDE_SIZE = ALIGN (0x0, CY_FLASH_ROW_SIZE)
                [!provide]                PROVIDE (__cy_heap_start, _end)
                0x00000001                PROVIDE (__cy_region_num, ((__cy_regions_end - __cy_regions) / 0x10))
                0x20008000                PROVIDE (__cy_stack, (ORIGIN (ram) + LENGTH (ram)))
                [!provide]                PROVIDE (__cy_heap_end, (__cy_stack - 0x800))

.cybootloader   0x00000000        0x0
 *(.cybootloader)
                0x00000000                appl1_start = CY_APPL_ORIGIN?CY_APPL_ORIGIN:ALIGN (CY_FLASH_ROW_SIZE)
                0x0001ff00                appl2_start = (appl1_start + ALIGN ((((LENGTH (rom) - appl1_start) - (0x2 * CY_FLASH_ROW_SIZE)) / 0x2), CY_FLASH_ROW_SIZE))
                0x00000000                appl_start = (CY_APPL_NUM == 0x1)?appl1_start:appl2_start
                0x00000000                ecc_offset = ((appl_start / CY_FLASH_ROW_SIZE) * CY_ECC_ROW_SIZE)
                0x00000000                ee_offset = (CY_APPL_LOADABLE && ! (CY_EE_IN_BTLDR))?((CY_EE_SIZE / CY_APPL_MAX) * (CY_APPL_NUM - 0x1)):0x0
                0x00000800                ee_size = (CY_APPL_LOADABLE && ! (CY_EE_IN_BTLDR))?(CY_EE_SIZE / CY_APPL_MAX):CY_EE_SIZE
                [!provide]                PROVIDE (CY_ECC_OFFSET, ecc_offset)

.text           0x00000000     0x17c6
 CREATE_OBJECT_SYMBOLS
                0x00000000                PROVIDE (__cy_interrupt_vector, RomVectors)
 *(.romvectors)
 .romvectors    0x00000000       0x10 .\CortexM3\ARM_GCC_541\Debug\Cm3Start.o
                0x00000000                RomVectors
                0x00000001                ASSERT ((. != __cy_interrupt_vector), No interrupt vector)
                0x00000001                ASSERT (CY_APPL_ORIGIN?(SIZEOF (.cybootloader) <= CY_APPL_ORIGIN):0x1, Wrong image location)
                0x00000010                PROVIDE (__cy_reset, Reset)
 *(.text.Reset)
 .text.Reset    0x00000010       0x18 .\CortexM3\ARM_GCC_541\Debug\Cm3Start.o
                0x00000010                Reset
                0x00000001                ASSERT ((. != __cy_reset), No reset code)
 *(.dma_init)
                0x00000001                ASSERT ((((appl_start + .) <= 0x10000) || 0x1), DMA Init must be within the first 64k of flash)
 *(.text .text.* .gnu.linkonce.t.*)
 .text          0x00000028       0x5c c:/program files (x86)/cypress/psoc creator/4.2/psoc creator/import/gnu/arm/5.4.1/bin/../lib/gcc/arm-none-eabi/5.4.1/armv7-m/crtbegin.o
 .text.QuadDecoderIsr
                0x00000084       0x48 .\CortexM3\ARM_GCC_541\Debug\main.o
                0x00000084                QuadDecoderIsr
 .text.changeDutyCycle
                0x000000cc       0x70 .\CortexM3\ARM_GCC_541\Debug\main.o
                0x000000cc                changeDutyCycle
 .text.main     0x0000013c       0x2c .\CortexM3\ARM_GCC_541\Debug\main.o
                0x0000013c                main
 .text.CYMEMZERO
                0x00000168       0x1c .\CortexM3\ARM_GCC_541\Debug\cyfitter_cfg.o
 .text.CYCONFIGCPY
                0x00000184       0x20 .\CortexM3\ARM_GCC_541\Debug\cyfitter_cfg.o
 .text.CyClockStartupError
                0x000001a4        0xc .\CortexM3\ARM_GCC_541\Debug\cyfitter_cfg.o
 .text.cfg_write_bytes32
                0x000001b0       0x74 .\CortexM3\ARM_GCC_541\Debug\cyfitter_cfg.o
 .text.ClockSetup
                0x00000224      0x16c .\CortexM3\ARM_GCC_541\Debug\cyfitter_cfg.o
 .text.AnalogSetDefault
                0x00000390       0xbc .\CortexM3\ARM_GCC_541\Debug\cyfitter_cfg.o
 .text.cyfitter_cfg
                0x0000044c      0x1b0 .\CortexM3\ARM_GCC_541\Debug\cyfitter_cfg.o
                0x0000044c                cyfitter_cfg
 .text.IntDefaultHandler
                0x000005fc       0x14 .\CortexM3\ARM_GCC_541\Debug\Cm3Start.o
                0x000005fc                IntDefaultHandler
 .text.Start_c  0x00000610       0x98 .\CortexM3\ARM_GCC_541\Debug\Cm3Start.o
                0x00000610                Start_c
 .text.initialize_psoc
                0x000006a8       0x94 .\CortexM3\ARM_GCC_541\Debug\Cm3Start.o
                0x000006a8                initialize_psoc
 .text.CyDmacConfigure
                0x0000073c       0x5c .\CortexM3\ARM_GCC_541\Debug\Hardware_Task2.a(CyDmac.o)
                0x0000073c                CyDmacConfigure
 .text.CyDelayUs
                0x00000798       0x28 .\CortexM3\ARM_GCC_541\Debug\Hardware_Task2.a(CyLib.o)
                0x00000798                CyDelayUs
 .text.PWM_1_Start
                0x000007c0       0x24 .\CortexM3\ARM_GCC_541\Debug\Hardware_Task2.a(PWM_1.o)
                0x000007c0                PWM_1_Start
 .text.PWM_1_Init
                0x000007e4       0xbc .\CortexM3\ARM_GCC_541\Debug\Hardware_Task2.a(PWM_1.o)
                0x000007e4                PWM_1_Init
 .text.PWM_1_Enable
                0x000008a0       0x48 .\CortexM3\ARM_GCC_541\Debug\Hardware_Task2.a(PWM_1.o)
                0x000008a0                PWM_1_Enable
 .text.PWM_1_WritePeriod
                0x000008e8       0x20 .\CortexM3\ARM_GCC_541\Debug\Hardware_Task2.a(PWM_1.o)
                0x000008e8                PWM_1_WritePeriod
 .text.PWM_1_WriteCompare
                0x00000908       0x20 .\CortexM3\ARM_GCC_541\Debug\Hardware_Task2.a(PWM_1.o)
                0x00000908                PWM_1_WriteCompare
 .text.PWM_1_SetInterruptMode
                0x00000928       0x20 .\CortexM3\ARM_GCC_541\Debug\Hardware_Task2.a(PWM_1.o)
                0x00000928                PWM_1_SetInterruptMode
 .text.PWM_1_ReadPeriod
                0x00000948       0x18 .\CortexM3\ARM_GCC_541\Debug\Hardware_Task2.a(PWM_1.o)
                0x00000948                PWM_1_ReadPeriod
 .text.PWM_2_Start
                0x00000960       0x24 .\CortexM3\ARM_GCC_541\Debug\Hardware_Task2.a(PWM_2.o)
                0x00000960                PWM_2_Start
 .text.PWM_2_Init
                0x00000984       0xbc .\CortexM3\ARM_GCC_541\Debug\Hardware_Task2.a(PWM_2.o)
                0x00000984                PWM_2_Init
 .text.PWM_2_Enable
                0x00000a40       0x48 .\CortexM3\ARM_GCC_541\Debug\Hardware_Task2.a(PWM_2.o)
                0x00000a40                PWM_2_Enable
 .text.PWM_2_WritePeriod
                0x00000a88       0x20 .\CortexM3\ARM_GCC_541\Debug\Hardware_Task2.a(PWM_2.o)
                0x00000a88                PWM_2_WritePeriod
 .text.PWM_2_WriteCompare
                0x00000aa8       0x20 .\CortexM3\ARM_GCC_541\Debug\Hardware_Task2.a(PWM_2.o)
                0x00000aa8                PWM_2_WriteCompare
 .text.PWM_2_SetInterruptMode
                0x00000ac8       0x20 .\CortexM3\ARM_GCC_541\Debug\Hardware_Task2.a(PWM_2.o)
                0x00000ac8                PWM_2_SetInterruptMode
 .text.QuadDec_M2_GetCounter
                0x00000ae8       0x24 .\CortexM3\ARM_GCC_541\Debug\Hardware_Task2.a(QuadDec_M2.o)
                0x00000ae8                QuadDec_M2_GetCounter
 .text.QuadDec_M2_Cnt16_ReadCounter
                0x00000b0c       0x20 .\CortexM3\ARM_GCC_541\Debug\Hardware_Task2.a(QuadDec_M2_Cnt16.o)
                0x00000b0c                QuadDec_M2_Cnt16_ReadCounter
 .text.Quad_TImer_Init
                0x00000b2c       0x9c .\CortexM3\ARM_GCC_541\Debug\Hardware_Task2.a(Quad_TImer.o)
                0x00000b2c                Quad_TImer_Init
 .text.Quad_TImer_Enable
                0x00000bc8       0x48 .\CortexM3\ARM_GCC_541\Debug\Hardware_Task2.a(Quad_TImer.o)
                0x00000bc8                Quad_TImer_Enable
 .text.Quad_TImer_Start
                0x00000c10       0x24 .\CortexM3\ARM_GCC_541\Debug\Hardware_Task2.a(Quad_TImer.o)
                0x00000c10                Quad_TImer_Start
 .text.Quad_TImer_SetInterruptMode
                0x00000c34       0x20 .\CortexM3\ARM_GCC_541\Debug\Hardware_Task2.a(Quad_TImer.o)
                0x00000c34                Quad_TImer_SetInterruptMode
 .text.Quad_TImer_WritePeriod
                0x00000c54       0x24 .\CortexM3\ARM_GCC_541\Debug\Hardware_Task2.a(Quad_TImer.o)
                0x00000c54                Quad_TImer_WritePeriod
 .text.Quad_TImer_WriteCounter
                0x00000c78       0x20 .\CortexM3\ARM_GCC_541\Debug\Hardware_Task2.a(Quad_TImer.o)
                0x00000c78                Quad_TImer_WriteCounter
 .text.isr_quad_timer_StartEx
                0x00000c98       0x24 .\CortexM3\ARM_GCC_541\Debug\Hardware_Task2.a(isr_quad_timer.o)
                0x00000c98                isr_quad_timer_StartEx
 .text.isr_quad_timer_SetVector
                0x00000cbc       0x24 .\CortexM3\ARM_GCC_541\Debug\Hardware_Task2.a(isr_quad_timer.o)
                0x00000cbc                isr_quad_timer_SetVector
 .text.isr_quad_timer_SetPriority
                0x00000ce0       0x24 .\CortexM3\ARM_GCC_541\Debug\Hardware_Task2.a(isr_quad_timer.o)
                0x00000ce0                isr_quad_timer_SetPriority
 .text.isr_quad_timer_Enable
                0x00000d04       0x18 .\CortexM3\ARM_GCC_541\Debug\Hardware_Task2.a(isr_quad_timer.o)
                0x00000d04                isr_quad_timer_Enable
 .text.isr_quad_timer_Disable
                0x00000d1c       0x18 .\CortexM3\ARM_GCC_541\Debug\Hardware_Task2.a(isr_quad_timer.o)
                0x00000d1c                isr_quad_timer_Disable
 *fill*         0x00000d34        0x4 
 .text          0x00000d38       0x20 .\CortexM3\ARM_GCC_541\Debug\Hardware_Task2.a(CyBootAsmGnu.o)
                0x00000d38                CyDelayCycles
                0x00000d48                CyEnterCriticalSection
                0x00000d50                CyExitCriticalSection
 .text          0x00000d58      0x370 c:/program files (x86)/cypress/psoc creator/4.2/psoc creator/import/gnu/arm/5.4.1/bin/../lib/gcc/arm-none-eabi/5.4.1/armv7-m\libgcc.a(_arm_addsubdf3.o)
                0x00000d58                __aeabi_drsub
                0x00000d60                __aeabi_dsub
                0x00000d60                __subdf3
                0x00000d64                __aeabi_dadd
                0x00000d64                __adddf3
                0x00000fdc                __floatunsidf
                0x00000fdc                __aeabi_ui2d
                0x00000ffc                __floatsidf
                0x00000ffc                __aeabi_i2d
                0x00001020                __aeabi_f2d
                0x00001020                __extendsfdf2
                0x0000105c                __floatundidf
                0x0000105c                __aeabi_ul2d
                0x0000106c                __floatdidf
                0x0000106c                __aeabi_l2d
 .text          0x000010c8      0x424 c:/program files (x86)/cypress/psoc creator/4.2/psoc creator/import/gnu/arm/5.4.1/bin/../lib/gcc/arm-none-eabi/5.4.1/armv7-m\libgcc.a(_arm_muldivdf3.o)
                0x000010c8                __aeabi_dmul
                0x000010c8                __muldf3
                0x0000131c                __divdf3
                0x0000131c                __aeabi_ddiv
 .text          0x000014ec       0x40 c:/program files (x86)/cypress/psoc creator/4.2/psoc creator/import/gnu/arm/5.4.1/bin/../lib/gcc/arm-none-eabi/5.4.1/armv7-m\libgcc.a(_arm_fixunsdfsi.o)
                0x000014ec                __aeabi_d2uiz
                0x000014ec                __fixunsdfsi
 .text          0x0000152c      0x21c c:/program files (x86)/cypress/psoc creator/4.2/psoc creator/import/gnu/arm/5.4.1/bin/../lib/gcc/arm-none-eabi/5.4.1/armv7-m\libgcc.a(_arm_addsubsf3.o)
                0x0000152c                __aeabi_frsub
                0x00001534                __subsf3
                0x00001534                __aeabi_fsub
                0x00001538                __aeabi_fadd
                0x00001538                __addsf3
                0x00001698                __aeabi_ui2f
                0x00001698                __floatunsisf
                0x000016a0                __aeabi_i2f
                0x000016a0                __floatsisf
                0x000016bc                __aeabi_ul2f
                0x000016bc                __floatundisf
                0x000016cc                __aeabi_l2f
                0x000016cc                __floatdisf
 .text.__errno  0x00001748        0xc c:/program files (x86)/cypress/psoc creator/4.2/psoc creator/import/gnu/arm/5.4.1/bin/../lib/gcc/arm-none-eabi/5.4.1/../../../../arm-none-eabi/lib/armv7-m\libg_nano.a(lib_a-errno.o)
                0x00001748                __errno
 .text.__libc_init_array
                0x00001754       0x4c c:/program files (x86)/cypress/psoc creator/4.2/psoc creator/import/gnu/arm/5.4.1/bin/../lib/gcc/arm-none-eabi/5.4.1/../../../../arm-none-eabi/lib/armv7-m\libg_nano.a(lib_a-init.o)
                0x00001754                __libc_init_array
 .text.memcpy   0x000017a0       0x16 c:/program files (x86)/cypress/psoc creator/4.2/psoc creator/import/gnu/arm/5.4.1/bin/../lib/gcc/arm-none-eabi/5.4.1/../../../../arm-none-eabi/lib/armv7-m\libg_nano.a(lib_a-memcpy-stub.o)
                0x000017a0                memcpy
 .text.memset   0x000017b6       0x10 c:/program files (x86)/cypress/psoc creator/4.2/psoc creator/import/gnu/arm/5.4.1/bin/../lib/gcc/arm-none-eabi/5.4.1/../../../../arm-none-eabi/lib/armv7-m\libg_nano.a(lib_a-memset.o)
                0x000017b6                memset
 *(.plt)
 *(.gnu.warning)
 *(.glue_7t)
 .glue_7t       0x000017c6        0x0 linker stubs
 *(.glue_7)
 .glue_7        0x000017c6        0x0 linker stubs
 *(.vfp11_veneer)
 .vfp11_veneer  0x000017c6        0x0 linker stubs
 *(.bootloader)
 *(.ARM.extab* .gnu.linkonce.armextab.*)
 *(.gcc_except_table)

.v4_bx          0x000017c8        0x0
 .v4_bx         0x000017c8        0x0 linker stubs

.iplt           0x000017c8        0x0
 .iplt          0x000017c8        0x0 c:/program files (x86)/cypress/psoc creator/4.2/psoc creator/import/gnu/arm/5.4.1/bin/../lib/gcc/arm-none-eabi/5.4.1/armv7-m/crtbegin.o

.eh_frame_hdr
 *(.eh_frame_hdr)

.eh_frame       0x000017c8        0x4
 *(.eh_frame)
 .eh_frame      0x000017c8        0x0 c:/program files (x86)/cypress/psoc creator/4.2/psoc creator/import/gnu/arm/5.4.1/bin/../lib/gcc/arm-none-eabi/5.4.1/armv7-m/crtbegin.o
 .eh_frame      0x000017c8        0x4 c:/program files (x86)/cypress/psoc creator/4.2/psoc creator/import/gnu/arm/5.4.1/bin/../lib/gcc/arm-none-eabi/5.4.1/armv7-m/crtend.o
                [!provide]                PROVIDE (__exidx_start, .)

.ARM.exidx
 *(.ARM.exidx* .gnu.linkonce.armexidx.*)
                0x000017cc                __exidx_end = .

.rodata         0x000017cc       0x74
 *(.rodata .rodata.* .gnu.linkonce.r.*)
 .rodata        0x000017cc       0x3a .\CortexM3\ARM_GCC_541\Debug\cyfitter_cfg.o
 .rodata.str1.1
                0x00001806        0x2 c:/program files (x86)/cypress/psoc creator/4.2/psoc creator/import/gnu/arm/5.4.1/bin/../lib/gcc/arm-none-eabi/5.4.1/../../../../arm-none-eabi/lib/armv7-m\libg_nano.a(lib_a-impure.o)
                0x00001808                . = ALIGN (0x4)
 *(.init)
 .init          0x00001808        0x4 c:/program files (x86)/cypress/psoc creator/4.2/psoc creator/import/gnu/arm/5.4.1/bin/../lib/gcc/arm-none-eabi/5.4.1/armv7-m/crti.o
                0x00001808                _init
 .init          0x0000180c        0x8 c:/program files (x86)/cypress/psoc creator/4.2/psoc creator/import/gnu/arm/5.4.1/bin/../lib/gcc/arm-none-eabi/5.4.1/armv7-m/crtn.o
                0x00001814                . = ALIGN (0x4)
                0x00001814                __preinit_array_start = .
 *(.preinit_array)
                0x00001814                __preinit_array_end = .
                0x00001814                . = ALIGN (0x4)
                0x00001814                __init_array_start = .
 *(SORT(.init_array.*))
 *(.init_array)
 .init_array    0x00001814        0x4 c:/program files (x86)/cypress/psoc creator/4.2/psoc creator/import/gnu/arm/5.4.1/bin/../lib/gcc/arm-none-eabi/5.4.1/armv7-m/crtbegin.o
 .init_array    0x00001818        0x4 .\CortexM3\ARM_GCC_541\Debug\Cm3Start.o
                0x0000181c                __init_array_end = .
                0x0000181c                . = ALIGN (0x4)
 *(.fini)
 .fini          0x0000181c        0x4 c:/program files (x86)/cypress/psoc creator/4.2/psoc creator/import/gnu/arm/5.4.1/bin/../lib/gcc/arm-none-eabi/5.4.1/armv7-m/crti.o
                0x0000181c                _fini
 .fini          0x00001820        0x8 c:/program files (x86)/cypress/psoc creator/4.2/psoc creator/import/gnu/arm/5.4.1/bin/../lib/gcc/arm-none-eabi/5.4.1/armv7-m/crtn.o
                0x00001828                . = ALIGN (0x4)
                0x00001828                __fini_array_start = .
 *(.fini_array)
 .fini_array    0x00001828        0x4 c:/program files (x86)/cypress/psoc creator/4.2/psoc creator/import/gnu/arm/5.4.1/bin/../lib/gcc/arm-none-eabi/5.4.1/armv7-m/crtbegin.o
 *(SORT(.fini_array.*))
                0x0000182c                __fini_array_end = .
                0x0000182c                . = ALIGN (0x4)
 *crtbegin.o(.ctors)
 *(EXCLUDE_FILE(*crtend.o) .ctors)
 *(SORT(.ctors.*))
 *crtend.o(.ctors)
                0x0000182c                . = ALIGN (0x4)
 *crtbegin.o(.dtors)
 *(EXCLUDE_FILE(*crtend.o) .dtors)
 *(SORT(.dtors.*))
 *crtend.o(.dtors)
                0x0000182c                . = ALIGN (0x4)
                0x0000182c                __cy_regions = .
                0x0000182c        0x4 LONG 0x1840 __cy_region_init_ram
                0x00001830        0x4 LONG 0x1fff80c8 __cy_region_start_data
                0x00001834        0x4 LONG 0x80 __cy_region_init_size_ram
                0x00001838        0x4 LONG 0x118 __cy_region_zero_size_ram
                0x0000183c                __cy_regions_end = .
                0x00001840                . = ALIGN (0x8)
 *fill*         0x0000183c        0x4 
                0x00001840                _etext = .

.cy_checksum_exclude
                0x00001840        0x0
 *(.cy_checksum_exclude)

.ramvectors     0x1fff8000       0xc0
                0x1fff8000                __cy_region_start_ram = .
 *(.ramvectors)
 .ramvectors    0x1fff8000       0xc0 .\CortexM3\ARM_GCC_541\Debug\Cm3Start.o
                0x1fff8000                CyRamVectors

.noinit         0x1fff80c0        0x5
 *(.noinit)
 .noinit        0x1fff80c0        0x4 .\CortexM3\ARM_GCC_541\Debug\Cm3Start.o
 .noinit        0x1fff80c4        0x1 .\CortexM3\ARM_GCC_541\Debug\Hardware_Task2.a(CyLib.o)
                0x1fff80c4                CyResetStatus

.data           0x1fff80c8       0x80 load address 0x00001840
                0x1fff80c8                __cy_region_start_data = .
 *(.jcr)
 .jcr           0x1fff80c8        0x0 c:/program files (x86)/cypress/psoc creator/4.2/psoc creator/import/gnu/arm/5.4.1/bin/../lib/gcc/arm-none-eabi/5.4.1/armv7-m/crtbegin.o
 .jcr           0x1fff80c8        0x4 c:/program files (x86)/cypress/psoc creator/4.2/psoc creator/import/gnu/arm/5.4.1/bin/../lib/gcc/arm-none-eabi/5.4.1/armv7-m/crtend.o
 *(.got.plt)
 *(.got)
 *(.shdata)
 *(.data .data.* .gnu.linkonce.d.*)
 .data          0x1fff80cc        0x8 .\CortexM3\ARM_GCC_541\Debug\Hardware_Task2.a(CyDmac.o)
 .data          0x1fff80d4       0x10 .\CortexM3\ARM_GCC_541\Debug\Hardware_Task2.a(CyLib.o)
                0x1fff80d4                cydelay_freq_hz
                0x1fff80d8                cydelay_freq_khz
                0x1fff80dc                cydelay_freq_mhz
                0x1fff80e0                cydelay_32k_ms
 .data.impure_data
                0x1fff80e4       0x60 c:/program files (x86)/cypress/psoc creator/4.2/psoc creator/import/gnu/arm/5.4.1/bin/../lib/gcc/arm-none-eabi/5.4.1/../../../../arm-none-eabi/lib/armv7-m\libg_nano.a(lib_a-impure.o)
 .data._impure_ptr
                0x1fff8144        0x4 c:/program files (x86)/cypress/psoc creator/4.2/psoc creator/import/gnu/arm/5.4.1/bin/../lib/gcc/arm-none-eabi/5.4.1/../../../../arm-none-eabi/lib/armv7-m\libg_nano.a(lib_a-impure.o)
                0x1fff8144                _impure_ptr
                0x1fff8148                . = ALIGN (0x8)
 *(.ram)
                0x1fff8148                _edata = .

.igot.plt       0x1fff8148        0x0 load address 0x000018c0
 .igot.plt      0x1fff8148        0x0 c:/program files (x86)/cypress/psoc creator/4.2/psoc creator/import/gnu/arm/5.4.1/bin/../lib/gcc/arm-none-eabi/5.4.1/armv7-m/crtbegin.o

.bss            0x1fff8148      0x118 load address 0x000018c0
                0x1fff8148                PROVIDE (__bss_start__, .)
 *(.shbss)
 *(.bss .bss.* .gnu.linkonce.b.*)
 .bss           0x1fff8148       0x1c c:/program files (x86)/cypress/psoc creator/4.2/psoc creator/import/gnu/arm/5.4.1/bin/../lib/gcc/arm-none-eabi/5.4.1/armv7-m/crtbegin.o
 .bss           0x1fff8164       0x14 .\CortexM3\ARM_GCC_541\Debug\main.o
                0x1fff8164                ts
                0x1fff8166                ts_enc
                0x1fff8168                ts_update
                0x1fff816a                ts_speed
                0x1fff816c                ts_display
                0x1fff816e                flag_ts_enc
                0x1fff816f                flag_ts_update
                0x1fff8170                flag_ts_speed
                0x1fff8171                flag_ts_display
                0x1fff8172                flag_rx
                0x1fff8173                flag_packet
                0x1fff8174                flag_KB_string
                0x1fff8175                dataready_flag
                0x1fff8176                timeIndex
                0x1fff8177                printSpeed
 .bss           0x1fff8178        0x1 .\CortexM3\ARM_GCC_541\Debug\Hardware_Task2.a(PWM_1.o)
                0x1fff8178                PWM_1_initVar
 .bss           0x1fff8179        0x1 .\CortexM3\ARM_GCC_541\Debug\Hardware_Task2.a(PWM_2.o)
                0x1fff8179                PWM_2_initVar
 .bss           0x1fff817a        0x1 .\CortexM3\ARM_GCC_541\Debug\Hardware_Task2.a(Quad_TImer.o)
                0x1fff817a                Quad_TImer_initVar
 *(COMMON)
 *fill*         0x1fff817b        0x1 
 COMMON         0x1fff817c       0xe2 .\CortexM3\ARM_GCC_541\Debug\main.o
                0x1fff817c                entry
                0x1fff81bc                system_state
                0x1fff81dc                line
                0x1fff821c                usbBuffer
                0x1fff825c                timeArray
                0x1fff8260                . = ALIGN (0x8)
 *fill*         0x1fff825e        0x2 
 *(.ram.b)
                0x1fff8260                _end = .
                0x1fff8260                __end = .
                0x1fff8260                PROVIDE (end, .)
                0x1fff8260                PROVIDE (__bss_end__, .)
                0x00001840                __cy_region_init_ram = LOADADDR (.data)
                0x00000080                __cy_region_init_size_ram = (_edata - ADDR (.data))
                0x00000118                __cy_region_zero_size_ram = (_end - _edata)

.heap           0x1fff8260       0x80 load address 0x000018c0
                0x1fff8260                . = _end
                0x1fff82e0                . = (. + 0x80)
 *fill*         0x1fff8260       0x80 
                0x1fff82e0                __cy_heap_limit = .

.stack          0x20007800      0x800
                0x20007800                __cy_stack_limit = .
                0x20008000                . = (. + 0x800)
 *fill*         0x20007800      0x800 
                0x00000001                ASSERT ((__cy_stack_limit >= __cy_heap_limit), region RAM overflowed with stack)
                0x00000000                cy_checksum_exclude_size = (CY_APPL_LOADABLE == 0x1)?SIZEOF (.cy_checksum_exclude):0x0
                0x00000001                ASSERT ((cy_checksum_exclude_size <= CY_CHECKSUM_EXCLUDE_SIZE), CY_BOOT: Section .cy_checksum_exclude size exceedes specified limit.)

.cyloadermeta
 *(.cyloadermeta)

.cyloadablemeta
 *(.cyloadablemeta)

.cyconfigecc    0x80000000     0x1000
 *(.cyconfigecc)
 .cyconfigecc   0x80000000     0x1000 .\CortexM3\ARM_GCC_541\Debug\cymetadata.o
                0x80000000                cy_meta_configecc

.cycustnvl      0x90000000        0x4
 *(.cycustnvl)
 .cycustnvl     0x90000000        0x4 .\CortexM3\ARM_GCC_541\Debug\cymetadata.o
                0x90000000                cy_meta_custnvl

.cywolatch      0x90100000        0x4
 *(.cywolatch)
 .cywolatch     0x90100000        0x4 .\CortexM3\ARM_GCC_541\Debug\cymetadata.o
                0x90100000                cy_meta_wonvl

.cyeeprom       0x90200000        0x0
 *(.cyeeprom)
                0x00000001                ASSERT ((. <= ((0x90200000 + ee_offset) + ee_size)), .cyeeprom data will not fit in EEPROM)

.cyflashprotect
                0x90400000      0x100
 *(.cyflashprotect)
 .cyflashprotect
                0x90400000      0x100 .\CortexM3\ARM_GCC_541\Debug\cymetadata.o
                0x90400000                cy_meta_flashprotect

.cymeta         0x90500000        0xc
 *(.cymeta)
 .cymeta        0x90500000        0xc .\CortexM3\ARM_GCC_541\Debug\cymetadata.o
                0x90500000                cy_metadata

.rel.dyn        0x000018c0        0x0 load address 0x9050000c
 .rel.iplt      0x000018c0        0x0 c:/program files (x86)/cypress/psoc creator/4.2/psoc creator/import/gnu/arm/5.4.1/bin/../lib/gcc/arm-none-eabi/5.4.1/armv7-m/crtbegin.o

.stab
 *(.stab)

.stabstr
 *(.stabstr)

.debug
 *(.debug)

.line
 *(.line)

.debug_srcinfo
 *(.debug_srcinfo)

.debug_sfnames
 *(.debug_sfnames)

.debug_aranges  0x00000000      0xe38
 *(.debug_aranges)
 .debug_aranges
                0x00000000       0x48 .\CortexM3\ARM_GCC_541\Debug\main.o
 .debug_aranges
                0x00000048       0x28 .\CortexM3\ARM_GCC_541\Debug\tacho.o
 .debug_aranges
                0x00000070       0x60 .\CortexM3\ARM_GCC_541\Debug\cyfitter_cfg.o
 .debug_aranges
                0x000000d0       0x18 .\CortexM3\ARM_GCC_541\Debug\cymetadata.o
 .debug_aranges
                0x000000e8       0x48 .\CortexM3\ARM_GCC_541\Debug\Cm3Start.o
 .debug_aranges
                0x00000130       0xe8 .\CortexM3\ARM_GCC_541\Debug\Hardware_Task2.a(USBUART_cdc.o)
 .debug_aranges
                0x00000218       0x98 .\CortexM3\ARM_GCC_541\Debug\Hardware_Task2.a(USBUART_drv.o)
 .debug_aranges
                0x000002b0       0x80 .\CortexM3\ARM_GCC_541\Debug\Hardware_Task2.a(USBUART_std.o)
 .debug_aranges
                0x00000330       0x20 .\CortexM3\ARM_GCC_541\Debug\Hardware_Task2.a(USBUART_vnd.o)
 .debug_aranges
                0x00000350       0xd8 .\CortexM3\ARM_GCC_541\Debug\Hardware_Task2.a(CyDmac.o)
 .debug_aranges
                0x00000428      0x2a0 .\CortexM3\ARM_GCC_541\Debug\Hardware_Task2.a(CyLib.o)
 .debug_aranges
                0x000006c8       0x98 .\CortexM3\ARM_GCC_541\Debug\Hardware_Task2.a(cyPm.o)
 .debug_aranges
                0x00000760       0x78 .\CortexM3\ARM_GCC_541\Debug\Hardware_Task2.a(PWM_1.o)
 .debug_aranges
                0x000007d8       0x78 .\CortexM3\ARM_GCC_541\Debug\Hardware_Task2.a(PWM_2.o)
 .debug_aranges
                0x00000850       0x60 .\CortexM3\ARM_GCC_541\Debug\Hardware_Task2.a(QuadDec_M1.o)
 .debug_aranges
                0x000008b0       0x60 .\CortexM3\ARM_GCC_541\Debug\Hardware_Task2.a(QuadDec_M2.o)
 .debug_aranges
                0x00000910       0x98 .\CortexM3\ARM_GCC_541\Debug\Hardware_Task2.a(QuadDec_M1_Cnt16.o)
 .debug_aranges
                0x000009a8       0x98 .\CortexM3\ARM_GCC_541\Debug\Hardware_Task2.a(QuadDec_M2_Cnt16.o)
 .debug_aranges
                0x00000a40       0x88 .\CortexM3\ARM_GCC_541\Debug\Hardware_Task2.a(Quad_TImer.o)
 .debug_aranges
                0x00000ac8       0x80 .\CortexM3\ARM_GCC_541\Debug\Hardware_Task2.a(isr_quad_timer.o)
 .debug_aranges
                0x00000b48       0x20 .\CortexM3\ARM_GCC_541\Debug\Hardware_Task2.a(CyBootAsmGnu.o)
 .debug_aranges
                0x00000b68       0xc8 .\CortexM3\ARM_GCC_541\Debug\Hardware_Task2.a(USBUART.o)
 .debug_aranges
                0x00000c30       0x20 .\CortexM3\ARM_GCC_541\Debug\Hardware_Task2.a(USBUART_cls.o)
 .debug_aranges
                0x00000c50       0x18 .\CortexM3\ARM_GCC_541\Debug\Hardware_Task2.a(USBUART_descr.o)
 .debug_aranges
                0x00000c68       0x40 .\CortexM3\ARM_GCC_541\Debug\Hardware_Task2.a(USBUART_episr.o)
 .debug_aranges
                0x00000ca8       0x40 .\CortexM3\ARM_GCC_541\Debug\Hardware_Task2.a(USBUART_pm.o)
 .debug_aranges
                0x00000ce8       0x48 .\CortexM3\ARM_GCC_541\Debug\Hardware_Task2.a(USBUART_Dp.o)
 .debug_aranges
                0x00000d30       0x88 .\CortexM3\ARM_GCC_541\Debug\Hardware_Task2.a(CyFlash.o)
 .debug_aranges
                0x00000db8       0x80 .\CortexM3\ARM_GCC_541\Debug\Hardware_Task2.a(CySpc.o)

.debug_pubnames
 *(.debug_pubnames)

.debug_info     0x00000000     0x70ef
 *(.debug_info .gnu.linkonce.wi.*)
 .debug_info    0x00000000      0x481 .\CortexM3\ARM_GCC_541\Debug\main.o
 .debug_info    0x00000481      0x14e .\CortexM3\ARM_GCC_541\Debug\tacho.o
 .debug_info    0x000005cf      0x481 .\CortexM3\ARM_GCC_541\Debug\cyfitter_cfg.o
 .debug_info    0x00000a50      0x139 .\CortexM3\ARM_GCC_541\Debug\cymetadata.o
 .debug_info    0x00000b89      0x32b .\CortexM3\ARM_GCC_541\Debug\Cm3Start.o
 .debug_info    0x00000eb4      0x924 .\CortexM3\ARM_GCC_541\Debug\Hardware_Task2.a(USBUART_cdc.o)
 .debug_info    0x000017d8      0x52d .\CortexM3\ARM_GCC_541\Debug\Hardware_Task2.a(USBUART_drv.o)
 .debug_info    0x00001d05      0x961 .\CortexM3\ARM_GCC_541\Debug\Hardware_Task2.a(USBUART_std.o)
 .debug_info    0x00002666      0x1a9 .\CortexM3\ARM_GCC_541\Debug\Hardware_Task2.a(USBUART_vnd.o)
 .debug_info    0x0000280f      0x8c0 .\CortexM3\ARM_GCC_541\Debug\Hardware_Task2.a(CyDmac.o)
 .debug_info    0x000030cf      0xe51 .\CortexM3\ARM_GCC_541\Debug\Hardware_Task2.a(CyLib.o)
 .debug_info    0x00003f20      0x57a .\CortexM3\ARM_GCC_541\Debug\Hardware_Task2.a(cyPm.o)
 .debug_info    0x0000449a      0x235 .\CortexM3\ARM_GCC_541\Debug\Hardware_Task2.a(PWM_1.o)
 .debug_info    0x000046cf      0x235 .\CortexM3\ARM_GCC_541\Debug\Hardware_Task2.a(PWM_2.o)
 .debug_info    0x00004904      0x208 .\CortexM3\ARM_GCC_541\Debug\Hardware_Task2.a(QuadDec_M1.o)
 .debug_info    0x00004b0c      0x208 .\CortexM3\ARM_GCC_541\Debug\Hardware_Task2.a(QuadDec_M2.o)
 .debug_info    0x00004d14      0x291 .\CortexM3\ARM_GCC_541\Debug\Hardware_Task2.a(QuadDec_M1_Cnt16.o)
 .debug_info    0x00004fa5      0x291 .\CortexM3\ARM_GCC_541\Debug\Hardware_Task2.a(QuadDec_M2_Cnt16.o)
 .debug_info    0x00005236      0x245 .\CortexM3\ARM_GCC_541\Debug\Hardware_Task2.a(Quad_TImer.o)
 .debug_info    0x0000547b      0x241 .\CortexM3\ARM_GCC_541\Debug\Hardware_Task2.a(isr_quad_timer.o)
 .debug_info    0x000056bc       0xc1 .\CortexM3\ARM_GCC_541\Debug\Hardware_Task2.a(CyBootAsmGnu.o)
 .debug_info    0x0000577d      0x717 .\CortexM3\ARM_GCC_541\Debug\Hardware_Task2.a(USBUART.o)
 .debug_info    0x00005e94      0x1c8 .\CortexM3\ARM_GCC_541\Debug\Hardware_Task2.a(USBUART_cls.o)
 .debug_info    0x0000605c      0x2e1 .\CortexM3\ARM_GCC_541\Debug\Hardware_Task2.a(USBUART_descr.o)
 .debug_info    0x0000633d      0x23b .\CortexM3\ARM_GCC_541\Debug\Hardware_Task2.a(USBUART_episr.o)
 .debug_info    0x00006578      0x18d .\CortexM3\ARM_GCC_541\Debug\Hardware_Task2.a(USBUART_pm.o)
 .debug_info    0x00006705      0x171 .\CortexM3\ARM_GCC_541\Debug\Hardware_Task2.a(USBUART_Dp.o)
 .debug_info    0x00006876      0x3b9 .\CortexM3\ARM_GCC_541\Debug\Hardware_Task2.a(CyFlash.o)
 .debug_info    0x00006c2f      0x4c0 .\CortexM3\ARM_GCC_541\Debug\Hardware_Task2.a(CySpc.o)

.debug_abbrev   0x00000000     0x22f0
 *(.debug_abbrev)
 .debug_abbrev  0x00000000      0x15b .\CortexM3\ARM_GCC_541\Debug\main.o
 .debug_abbrev  0x0000015b       0x96 .\CortexM3\ARM_GCC_541\Debug\tacho.o
 .debug_abbrev  0x000001f1      0x1b7 .\CortexM3\ARM_GCC_541\Debug\cyfitter_cfg.o
 .debug_abbrev  0x000003a8       0x77 .\CortexM3\ARM_GCC_541\Debug\cymetadata.o
 .debug_abbrev  0x0000041f      0x1d6 .\CortexM3\ARM_GCC_541\Debug\Cm3Start.o
 .debug_abbrev  0x000005f5      0x233 .\CortexM3\ARM_GCC_541\Debug\Hardware_Task2.a(USBUART_cdc.o)
 .debug_abbrev  0x00000828      0x161 .\CortexM3\ARM_GCC_541\Debug\Hardware_Task2.a(USBUART_drv.o)
 .debug_abbrev  0x00000989      0x1c2 .\CortexM3\ARM_GCC_541\Debug\Hardware_Task2.a(USBUART_std.o)
 .debug_abbrev  0x00000b4b       0xc5 .\CortexM3\ARM_GCC_541\Debug\Hardware_Task2.a(USBUART_vnd.o)
 .debug_abbrev  0x00000c10      0x194 .\CortexM3\ARM_GCC_541\Debug\Hardware_Task2.a(CyDmac.o)
 .debug_abbrev  0x00000da4      0x217 .\CortexM3\ARM_GCC_541\Debug\Hardware_Task2.a(CyLib.o)
 .debug_abbrev  0x00000fbb      0x161 .\CortexM3\ARM_GCC_541\Debug\Hardware_Task2.a(cyPm.o)
 .debug_abbrev  0x0000111c      0x116 .\CortexM3\ARM_GCC_541\Debug\Hardware_Task2.a(PWM_1.o)
 .debug_abbrev  0x00001232      0x116 .\CortexM3\ARM_GCC_541\Debug\Hardware_Task2.a(PWM_2.o)
 .debug_abbrev  0x00001348      0x130 .\CortexM3\ARM_GCC_541\Debug\Hardware_Task2.a(QuadDec_M1.o)
 .debug_abbrev  0x00001478      0x130 .\CortexM3\ARM_GCC_541\Debug\Hardware_Task2.a(QuadDec_M2.o)
 .debug_abbrev  0x000015a8      0x12c .\CortexM3\ARM_GCC_541\Debug\Hardware_Task2.a(QuadDec_M1_Cnt16.o)
 .debug_abbrev  0x000016d4      0x12c .\CortexM3\ARM_GCC_541\Debug\Hardware_Task2.a(QuadDec_M2_Cnt16.o)
 .debug_abbrev  0x00001800       0xe9 .\CortexM3\ARM_GCC_541\Debug\Hardware_Task2.a(Quad_TImer.o)
 .debug_abbrev  0x000018e9      0x172 .\CortexM3\ARM_GCC_541\Debug\Hardware_Task2.a(isr_quad_timer.o)
 .debug_abbrev  0x00001a5b       0x14 .\CortexM3\ARM_GCC_541\Debug\Hardware_Task2.a(CyBootAsmGnu.o)
 .debug_abbrev  0x00001a6f      0x1f3 .\CortexM3\ARM_GCC_541\Debug\Hardware_Task2.a(USBUART.o)
 .debug_abbrev  0x00001c62       0xc5 .\CortexM3\ARM_GCC_541\Debug\Hardware_Task2.a(USBUART_cls.o)
 .debug_abbrev  0x00001d27       0xb4 .\CortexM3\ARM_GCC_541\Debug\Hardware_Task2.a(USBUART_descr.o)
 .debug_abbrev  0x00001ddb       0xfd .\CortexM3\ARM_GCC_541\Debug\Hardware_Task2.a(USBUART_episr.o)
 .debug_abbrev  0x00001ed8       0xd1 .\CortexM3\ARM_GCC_541\Debug\Hardware_Task2.a(USBUART_pm.o)
 .debug_abbrev  0x00001fa9       0x90 .\CortexM3\ARM_GCC_541\Debug\Hardware_Task2.a(USBUART_Dp.o)
 .debug_abbrev  0x00002039      0x14b .\CortexM3\ARM_GCC_541\Debug\Hardware_Task2.a(CyFlash.o)
 .debug_abbrev  0x00002184      0x16c .\CortexM3\ARM_GCC_541\Debug\Hardware_Task2.a(CySpc.o)

.debug_line     0x00000000     0x3782
 *(.debug_line)
 .debug_line    0x00000000      0x1f9 .\CortexM3\ARM_GCC_541\Debug\main.o
 .debug_line    0x000001f9      0x183 .\CortexM3\ARM_GCC_541\Debug\tacho.o
 .debug_line    0x0000037c      0x234 .\CortexM3\ARM_GCC_541\Debug\cyfitter_cfg.o
 .debug_line    0x000005b0      0x141 .\CortexM3\ARM_GCC_541\Debug\cymetadata.o
 .debug_line    0x000006f1      0x1db .\CortexM3\ARM_GCC_541\Debug\Cm3Start.o
 .debug_line    0x000008cc      0x30c .\CortexM3\ARM_GCC_541\Debug\Hardware_Task2.a(USBUART_cdc.o)
 .debug_line    0x00000bd8      0x21f .\CortexM3\ARM_GCC_541\Debug\Hardware_Task2.a(USBUART_drv.o)
 .debug_line    0x00000df7      0x470 .\CortexM3\ARM_GCC_541\Debug\Hardware_Task2.a(USBUART_std.o)
 .debug_line    0x00001267       0x8f .\CortexM3\ARM_GCC_541\Debug\Hardware_Task2.a(USBUART_vnd.o)
 .debug_line    0x000012f6      0x2b6 .\CortexM3\ARM_GCC_541\Debug\Hardware_Task2.a(CyDmac.o)
 .debug_line    0x000015ac      0x883 .\CortexM3\ARM_GCC_541\Debug\Hardware_Task2.a(CyLib.o)
 .debug_line    0x00001e2f      0x38e .\CortexM3\ARM_GCC_541\Debug\Hardware_Task2.a(cyPm.o)
 .debug_line    0x000021bd      0x140 .\CortexM3\ARM_GCC_541\Debug\Hardware_Task2.a(PWM_1.o)
 .debug_line    0x000022fd      0x140 .\CortexM3\ARM_GCC_541\Debug\Hardware_Task2.a(PWM_2.o)
 .debug_line    0x0000243d      0x10a .\CortexM3\ARM_GCC_541\Debug\Hardware_Task2.a(QuadDec_M1.o)
 .debug_line    0x00002547      0x10a .\CortexM3\ARM_GCC_541\Debug\Hardware_Task2.a(QuadDec_M2.o)
 .debug_line    0x00002651      0x18e .\CortexM3\ARM_GCC_541\Debug\Hardware_Task2.a(QuadDec_M1_Cnt16.o)
 .debug_line    0x000027df      0x18e .\CortexM3\ARM_GCC_541\Debug\Hardware_Task2.a(QuadDec_M2_Cnt16.o)
 .debug_line    0x0000296d      0x162 .\CortexM3\ARM_GCC_541\Debug\Hardware_Task2.a(Quad_TImer.o)
 .debug_line    0x00002acf      0x159 .\CortexM3\ARM_GCC_541\Debug\Hardware_Task2.a(isr_quad_timer.o)
 .debug_line    0x00002c28       0x66 .\CortexM3\ARM_GCC_541\Debug\Hardware_Task2.a(CyBootAsmGnu.o)
 .debug_line    0x00002c8e      0x307 .\CortexM3\ARM_GCC_541\Debug\Hardware_Task2.a(USBUART.o)
 .debug_line    0x00002f95       0x95 .\CortexM3\ARM_GCC_541\Debug\Hardware_Task2.a(USBUART_cls.o)
 .debug_line    0x0000302a       0x61 .\CortexM3\ARM_GCC_541\Debug\Hardware_Task2.a(USBUART_descr.o)
 .debug_line    0x0000308b       0xf2 .\CortexM3\ARM_GCC_541\Debug\Hardware_Task2.a(USBUART_episr.o)
 .debug_line    0x0000317d       0xe6 .\CortexM3\ARM_GCC_541\Debug\Hardware_Task2.a(USBUART_pm.o)
 .debug_line    0x00003263       0xbf .\CortexM3\ARM_GCC_541\Debug\Hardware_Task2.a(USBUART_Dp.o)
 .debug_line    0x00003322      0x22f .\CortexM3\ARM_GCC_541\Debug\Hardware_Task2.a(CyFlash.o)
 .debug_line    0x00003551      0x231 .\CortexM3\ARM_GCC_541\Debug\Hardware_Task2.a(CySpc.o)

.debug_frame    0x00000000     0x3868
 *(.debug_frame)
 .debug_frame   0x00000000       0xf4 .\CortexM3\ARM_GCC_541\Debug\main.o
 .debug_frame   0x000000f4       0x60 .\CortexM3\ARM_GCC_541\Debug\tacho.o
 .debug_frame   0x00000154      0x16c .\CortexM3\ARM_GCC_541\Debug\cyfitter_cfg.o
 .debug_frame   0x000002c0       0xd8 .\CortexM3\ARM_GCC_541\Debug\Cm3Start.o
 .debug_frame   0x00000398      0x3ec .\CortexM3\ARM_GCC_541\Debug\Hardware_Task2.a(USBUART_cdc.o)
 .debug_frame   0x00000784      0x23c .\CortexM3\ARM_GCC_541\Debug\Hardware_Task2.a(USBUART_drv.o)
 .debug_frame   0x000009c0      0x224 .\CortexM3\ARM_GCC_541\Debug\Hardware_Task2.a(USBUART_std.o)
 .debug_frame   0x00000be4       0x38 .\CortexM3\ARM_GCC_541\Debug\Hardware_Task2.a(USBUART_vnd.o)
 .debug_frame   0x00000c1c      0x3d0 .\CortexM3\ARM_GCC_541\Debug\Hardware_Task2.a(CyDmac.o)
 .debug_frame   0x00000fec      0xc0c .\CortexM3\ARM_GCC_541\Debug\Hardware_Task2.a(CyLib.o)
 .debug_frame   0x00001bf8      0x234 .\CortexM3\ARM_GCC_541\Debug\Hardware_Task2.a(cyPm.o)
 .debug_frame   0x00001e2c      0x1d0 .\CortexM3\ARM_GCC_541\Debug\Hardware_Task2.a(PWM_1.o)
 .debug_frame   0x00001ffc      0x1d0 .\CortexM3\ARM_GCC_541\Debug\Hardware_Task2.a(PWM_2.o)
 .debug_frame   0x000021cc      0x160 .\CortexM3\ARM_GCC_541\Debug\Hardware_Task2.a(QuadDec_M1.o)
 .debug_frame   0x0000232c      0x160 .\CortexM3\ARM_GCC_541\Debug\Hardware_Task2.a(QuadDec_M2.o)
 .debug_frame   0x0000248c      0x258 .\CortexM3\ARM_GCC_541\Debug\Hardware_Task2.a(QuadDec_M1_Cnt16.o)
 .debug_frame   0x000026e4      0x258 .\CortexM3\ARM_GCC_541\Debug\Hardware_Task2.a(QuadDec_M2_Cnt16.o)
 .debug_frame   0x0000293c      0x208 .\CortexM3\ARM_GCC_541\Debug\Hardware_Task2.a(Quad_TImer.o)
 .debug_frame   0x00002b44      0x1e8 .\CortexM3\ARM_GCC_541\Debug\Hardware_Task2.a(isr_quad_timer.o)
 .debug_frame   0x00002d2c      0x37c .\CortexM3\ARM_GCC_541\Debug\Hardware_Task2.a(USBUART.o)
 .debug_frame   0x000030a8       0x38 .\CortexM3\ARM_GCC_541\Debug\Hardware_Task2.a(USBUART_cls.o)
 .debug_frame   0x000030e0       0xbc .\CortexM3\ARM_GCC_541\Debug\Hardware_Task2.a(USBUART_episr.o)
 .debug_frame   0x0000319c       0xbc .\CortexM3\ARM_GCC_541\Debug\Hardware_Task2.a(USBUART_pm.o)
 .debug_frame   0x00003258       0xf4 .\CortexM3\ARM_GCC_541\Debug\Hardware_Task2.a(USBUART_Dp.o)
 .debug_frame   0x0000334c      0x238 .\CortexM3\ARM_GCC_541\Debug\Hardware_Task2.a(CyFlash.o)
 .debug_frame   0x00003584      0x228 .\CortexM3\ARM_GCC_541\Debug\Hardware_Task2.a(CySpc.o)
 .debug_frame   0x000037ac       0x20 c:/program files (x86)/cypress/psoc creator/4.2/psoc creator/import/gnu/arm/5.4.1/bin/../lib/gcc/arm-none-eabi/5.4.1/../../../../arm-none-eabi/lib/armv7-m\libg_nano.a(lib_a-errno.o)
 .debug_frame   0x000037cc       0x28 c:/program files (x86)/cypress/psoc creator/4.2/psoc creator/import/gnu/arm/5.4.1/bin/../lib/gcc/arm-none-eabi/5.4.1/../../../../arm-none-eabi/lib/armv7-m\libg_nano.a(lib_a-exit.o)
 .debug_frame   0x000037f4       0x2c c:/program files (x86)/cypress/psoc creator/4.2/psoc creator/import/gnu/arm/5.4.1/bin/../lib/gcc/arm-none-eabi/5.4.1/../../../../arm-none-eabi/lib/armv7-m\libg_nano.a(lib_a-init.o)
 .debug_frame   0x00003820       0x28 c:/program files (x86)/cypress/psoc creator/4.2/psoc creator/import/gnu/arm/5.4.1/bin/../lib/gcc/arm-none-eabi/5.4.1/../../../../arm-none-eabi/lib/armv7-m\libg_nano.a(lib_a-memcpy-stub.o)
 .debug_frame   0x00003848       0x20 c:/program files (x86)/cypress/psoc creator/4.2/psoc creator/import/gnu/arm/5.4.1/bin/../lib/gcc/arm-none-eabi/5.4.1/../../../../arm-none-eabi/lib/armv7-m\libg_nano.a(lib_a-memset.o)

.debug_str      0x00000000     0x35a2
 *(.debug_str)
 .debug_str     0x00000000      0x3ac .\CortexM3\ARM_GCC_541\Debug\main.o
                                0x431 (size before relaxing)
 .debug_str     0x000003ac       0x37 .\CortexM3\ARM_GCC_541\Debug\tacho.o
                                0x208 (size before relaxing)
 .debug_str     0x000003e3      0x1a9 .\CortexM3\ARM_GCC_541\Debug\cyfitter_cfg.o
                                0x36f (size before relaxing)
 .debug_str     0x0000058c       0x75 .\CortexM3\ARM_GCC_541\Debug\cymetadata.o
                                0x215 (size before relaxing)
 .debug_str     0x00000601      0x11d .\CortexM3\ARM_GCC_541\Debug\Cm3Start.o
                                0x308 (size before relaxing)
 .debug_str     0x0000071e      0x56b .\CortexM3\ARM_GCC_541\Debug\Hardware_Task2.a(USBUART_cdc.o)
                                0x74b (size before relaxing)
 .debug_str     0x00000c89      0x34b .\CortexM3\ARM_GCC_541\Debug\Hardware_Task2.a(USBUART_drv.o)
                                0x62b (size before relaxing)
 .debug_str     0x00000fd4      0x370 .\CortexM3\ARM_GCC_541\Debug\Hardware_Task2.a(USBUART_std.o)
                                0x78b (size before relaxing)
 .debug_str     0x00001344       0x5f .\CortexM3\ARM_GCC_541\Debug\Hardware_Task2.a(USBUART_vnd.o)
                                0x2a8 (size before relaxing)
 .debug_str     0x000013a3      0x349 .\CortexM3\ARM_GCC_541\Debug\Hardware_Task2.a(CyDmac.o)
                                0x54e (size before relaxing)
 .debug_str     0x000016ec      0x7d5 .\CortexM3\ARM_GCC_541\Debug\Hardware_Task2.a(CyLib.o)
                                0xa1b (size before relaxing)
 .debug_str     0x00001ec1      0x371 .\CortexM3\ARM_GCC_541\Debug\Hardware_Task2.a(cyPm.o)
                                0x574 (size before relaxing)
 .debug_str     0x00002232      0x13a .\CortexM3\ARM_GCC_541\Debug\Hardware_Task2.a(PWM_1.o)
                                0x2fe (size before relaxing)
 .debug_str     0x0000236c      0x109 .\CortexM3\ARM_GCC_541\Debug\Hardware_Task2.a(PWM_2.o)
                                0x2fe (size before relaxing)
 .debug_str     0x00002475      0x10b .\CortexM3\ARM_GCC_541\Debug\Hardware_Task2.a(QuadDec_M1.o)
                                0x2e6 (size before relaxing)
 .debug_str     0x00002580       0xf3 .\CortexM3\ARM_GCC_541\Debug\Hardware_Task2.a(QuadDec_M2.o)
                                0x2e6 (size before relaxing)
 .debug_str     0x00002673      0x24d .\CortexM3\ARM_GCC_541\Debug\Hardware_Task2.a(QuadDec_M1_Cnt16.o)
                                0x42d (size before relaxing)
 .debug_str     0x000028c0      0x236 .\CortexM3\ARM_GCC_541\Debug\Hardware_Task2.a(QuadDec_M2_Cnt16.o)
                                0x42d (size before relaxing)
 .debug_str     0x00002af6      0x18d .\CortexM3\ARM_GCC_541\Debug\Hardware_Task2.a(Quad_TImer.o)
                                0x376 (size before relaxing)
 .debug_str     0x00002c83      0x164 .\CortexM3\ARM_GCC_541\Debug\Hardware_Task2.a(isr_quad_timer.o)
                                0x355 (size before relaxing)
 .debug_str     0x00002de7      0x214 .\CortexM3\ARM_GCC_541\Debug\Hardware_Task2.a(USBUART.o)
                                0x61c (size before relaxing)
 .debug_str     0x00002ffb       0x3f .\CortexM3\ARM_GCC_541\Debug\Hardware_Task2.a(USBUART_cls.o)
                                0x2c0 (size before relaxing)
 .debug_str     0x0000303a      0x104 .\CortexM3\ARM_GCC_541\Debug\Hardware_Task2.a(USBUART_descr.o)
                                0x3c3 (size before relaxing)
 .debug_str     0x0000313e       0x80 .\CortexM3\ARM_GCC_541\Debug\Hardware_Task2.a(USBUART_episr.o)
                                0x2f8 (size before relaxing)
 .debug_str     0x000031be       0xac .\CortexM3\ARM_GCC_541\Debug\Hardware_Task2.a(USBUART_pm.o)
                                0x29c (size before relaxing)
 .debug_str     0x0000326a       0xb5 .\CortexM3\ARM_GCC_541\Debug\Hardware_Task2.a(USBUART_Dp.o)
                                0x272 (size before relaxing)
 .debug_str     0x0000331f      0x156 .\CortexM3\ARM_GCC_541\Debug\Hardware_Task2.a(CyFlash.o)
                                0x338 (size before relaxing)
 .debug_str     0x00003475      0x12d .\CortexM3\ARM_GCC_541\Debug\Hardware_Task2.a(CySpc.o)
                                0x332 (size before relaxing)

.debug_loc
 *(.debug_loc)

.debug_macinfo
 *(.debug_macinfo)

.debug_ranges   0x00000000      0xc48
 *(.debug_ranges)
 .debug_ranges  0x00000000       0x38 .\CortexM3\ARM_GCC_541\Debug\main.o
 .debug_ranges  0x00000038       0x18 .\CortexM3\ARM_GCC_541\Debug\tacho.o
 .debug_ranges  0x00000050       0x50 .\CortexM3\ARM_GCC_541\Debug\cyfitter_cfg.o
 .debug_ranges  0x000000a0       0x38 .\CortexM3\ARM_GCC_541\Debug\Cm3Start.o
 .debug_ranges  0x000000d8       0xd8 .\CortexM3\ARM_GCC_541\Debug\Hardware_Task2.a(USBUART_cdc.o)
 .debug_ranges  0x000001b0       0x88 .\CortexM3\ARM_GCC_541\Debug\Hardware_Task2.a(USBUART_drv.o)
 .debug_ranges  0x00000238       0x70 .\CortexM3\ARM_GCC_541\Debug\Hardware_Task2.a(USBUART_std.o)
 .debug_ranges  0x000002a8       0x10 .\CortexM3\ARM_GCC_541\Debug\Hardware_Task2.a(USBUART_vnd.o)
 .debug_ranges  0x000002b8       0xc8 .\CortexM3\ARM_GCC_541\Debug\Hardware_Task2.a(CyDmac.o)
 .debug_ranges  0x00000380      0x290 .\CortexM3\ARM_GCC_541\Debug\Hardware_Task2.a(CyLib.o)
 .debug_ranges  0x00000610       0x88 .\CortexM3\ARM_GCC_541\Debug\Hardware_Task2.a(cyPm.o)
 .debug_ranges  0x00000698       0x68 .\CortexM3\ARM_GCC_541\Debug\Hardware_Task2.a(PWM_1.o)
 .debug_ranges  0x00000700       0x68 .\CortexM3\ARM_GCC_541\Debug\Hardware_Task2.a(PWM_2.o)
 .debug_ranges  0x00000768       0x50 .\CortexM3\ARM_GCC_541\Debug\Hardware_Task2.a(QuadDec_M1.o)
 .debug_ranges  0x000007b8       0x50 .\CortexM3\ARM_GCC_541\Debug\Hardware_Task2.a(QuadDec_M2.o)
 .debug_ranges  0x00000808       0x88 .\CortexM3\ARM_GCC_541\Debug\Hardware_Task2.a(QuadDec_M1_Cnt16.o)
 .debug_ranges  0x00000890       0x88 .\CortexM3\ARM_GCC_541\Debug\Hardware_Task2.a(QuadDec_M2_Cnt16.o)
 .debug_ranges  0x00000918       0x78 .\CortexM3\ARM_GCC_541\Debug\Hardware_Task2.a(Quad_TImer.o)
 .debug_ranges  0x00000990       0x70 .\CortexM3\ARM_GCC_541\Debug\Hardware_Task2.a(isr_quad_timer.o)
 .debug_ranges  0x00000a00       0xb8 .\CortexM3\ARM_GCC_541\Debug\Hardware_Task2.a(USBUART.o)
 .debug_ranges  0x00000ab8       0x10 .\CortexM3\ARM_GCC_541\Debug\Hardware_Task2.a(USBUART_cls.o)
 .debug_ranges  0x00000ac8       0x30 .\CortexM3\ARM_GCC_541\Debug\Hardware_Task2.a(USBUART_episr.o)
 .debug_ranges  0x00000af8       0x30 .\CortexM3\ARM_GCC_541\Debug\Hardware_Task2.a(USBUART_pm.o)
 .debug_ranges  0x00000b28       0x38 .\CortexM3\ARM_GCC_541\Debug\Hardware_Task2.a(USBUART_Dp.o)
 .debug_ranges  0x00000b60       0x78 .\CortexM3\ARM_GCC_541\Debug\Hardware_Task2.a(CyFlash.o)
 .debug_ranges  0x00000bd8       0x70 .\CortexM3\ARM_GCC_541\Debug\Hardware_Task2.a(CySpc.o)

.comment        0x00000000       0x6e
 .comment       0x00000000       0x6e .\CortexM3\ARM_GCC_541\Debug\main.o
                                 0x6f (size before relaxing)
 .comment       0x0000006e       0x6f .\CortexM3\ARM_GCC_541\Debug\tacho.o
 .comment       0x0000006e       0x6f .\CortexM3\ARM_GCC_541\Debug\cyfitter_cfg.o
 .comment       0x0000006e       0x6f .\CortexM3\ARM_GCC_541\Debug\cymetadata.o
 .comment       0x0000006e       0x6f .\CortexM3\ARM_GCC_541\Debug\Cm3Start.o
 .comment       0x0000006e       0x6f .\CortexM3\ARM_GCC_541\Debug\Hardware_Task2.a(USBUART_cdc.o)
 .comment       0x0000006e       0x6f .\CortexM3\ARM_GCC_541\Debug\Hardware_Task2.a(USBUART_drv.o)
 .comment       0x0000006e       0x6f .\CortexM3\ARM_GCC_541\Debug\Hardware_Task2.a(USBUART_std.o)
 .comment       0x0000006e       0x6f .\CortexM3\ARM_GCC_541\Debug\Hardware_Task2.a(USBUART_vnd.o)
 .comment       0x0000006e       0x6f .\CortexM3\ARM_GCC_541\Debug\Hardware_Task2.a(CyDmac.o)
 .comment       0x0000006e       0x6f .\CortexM3\ARM_GCC_541\Debug\Hardware_Task2.a(CyLib.o)
 .comment       0x0000006e       0x6f .\CortexM3\ARM_GCC_541\Debug\Hardware_Task2.a(cyPm.o)
 .comment       0x0000006e       0x6f .\CortexM3\ARM_GCC_541\Debug\Hardware_Task2.a(PWM_1.o)
 .comment       0x0000006e       0x6f .\CortexM3\ARM_GCC_541\Debug\Hardware_Task2.a(PWM_2.o)
 .comment       0x0000006e       0x6f .\CortexM3\ARM_GCC_541\Debug\Hardware_Task2.a(QuadDec_M1.o)
 .comment       0x0000006e       0x6f .\CortexM3\ARM_GCC_541\Debug\Hardware_Task2.a(QuadDec_M2.o)
 .comment       0x0000006e       0x6f .\CortexM3\ARM_GCC_541\Debug\Hardware_Task2.a(QuadDec_M1_Cnt16.o)
 .comment       0x0000006e       0x6f .\CortexM3\ARM_GCC_541\Debug\Hardware_Task2.a(QuadDec_M2_Cnt16.o)
 .comment       0x0000006e       0x6f .\CortexM3\ARM_GCC_541\Debug\Hardware_Task2.a(Quad_TImer.o)
 .comment       0x0000006e       0x6f .\CortexM3\ARM_GCC_541\Debug\Hardware_Task2.a(isr_quad_timer.o)
 .comment       0x0000006e       0x6f .\CortexM3\ARM_GCC_541\Debug\Hardware_Task2.a(USBUART.o)
 .comment       0x0000006e       0x6f .\CortexM3\ARM_GCC_541\Debug\Hardware_Task2.a(USBUART_cls.o)
 .comment       0x0000006e       0x6f .\CortexM3\ARM_GCC_541\Debug\Hardware_Task2.a(USBUART_descr.o)
 .comment       0x0000006e       0x6f .\CortexM3\ARM_GCC_541\Debug\Hardware_Task2.a(USBUART_episr.o)
 .comment       0x0000006e       0x6f .\CortexM3\ARM_GCC_541\Debug\Hardware_Task2.a(USBUART_pm.o)
 .comment       0x0000006e       0x6f .\CortexM3\ARM_GCC_541\Debug\Hardware_Task2.a(USBUART_Dp.o)
 .comment       0x0000006e       0x6f .\CortexM3\ARM_GCC_541\Debug\Hardware_Task2.a(CyFlash.o)
 .comment       0x0000006e       0x6f .\CortexM3\ARM_GCC_541\Debug\Hardware_Task2.a(CySpc.o)

.debug_weaknames
 *(.debug_weaknames)

.debug_funcnames
 *(.debug_funcnames)

.debug_typenames
 *(.debug_typenames)

.debug_varnames
 *(.debug_varnames)

.note.gnu.arm.ident
 *(.note.gnu.arm.ident)

.ARM.attributes
                0x00000000       0x29
 *(.ARM.attributes)
 .ARM.attributes
                0x00000000       0x1d c:/program files (x86)/cypress/psoc creator/4.2/psoc creator/import/gnu/arm/5.4.1/bin/../lib/gcc/arm-none-eabi/5.4.1/armv7-m/crti.o
 .ARM.attributes
                0x0000001d       0x2d c:/program files (x86)/cypress/psoc creator/4.2/psoc creator/import/gnu/arm/5.4.1/bin/../lib/gcc/arm-none-eabi/5.4.1/armv7-m/crtbegin.o
 .ARM.attributes
                0x0000004a       0x1b c:/program files (x86)/cypress/psoc creator/4.2/psoc creator/import/gnu/arm/5.4.1/bin/../lib/gcc/arm-none-eabi/5.4.1/../../../../arm-none-eabi/lib/armv7-m/crt0.o
 .ARM.attributes
                0x00000065       0x33 .\CortexM3\ARM_GCC_541\Debug\main.o
 .ARM.attributes
                0x00000098       0x33 .\CortexM3\ARM_GCC_541\Debug\tacho.o
 .ARM.attributes
                0x000000cb       0x33 .\CortexM3\ARM_GCC_541\Debug\cyfitter_cfg.o
 .ARM.attributes
                0x000000fe       0x33 .\CortexM3\ARM_GCC_541\Debug\cymetadata.o
 .ARM.attributes
                0x00000131       0x33 .\CortexM3\ARM_GCC_541\Debug\Cm3Start.o
 .ARM.attributes
                0x00000164       0x33 .\CortexM3\ARM_GCC_541\Debug\Hardware_Task2.a(USBUART_cdc.o)
 .ARM.attributes
                0x00000197       0x33 .\CortexM3\ARM_GCC_541\Debug\Hardware_Task2.a(USBUART_drv.o)
 .ARM.attributes
                0x000001ca       0x33 .\CortexM3\ARM_GCC_541\Debug\Hardware_Task2.a(USBUART_std.o)
 .ARM.attributes
                0x000001fd       0x33 .\CortexM3\ARM_GCC_541\Debug\Hardware_Task2.a(USBUART_vnd.o)
 .ARM.attributes
                0x00000230       0x33 .\CortexM3\ARM_GCC_541\Debug\Hardware_Task2.a(CyDmac.o)
 .ARM.attributes
                0x00000263       0x33 .\CortexM3\ARM_GCC_541\Debug\Hardware_Task2.a(CyLib.o)
 .ARM.attributes
                0x00000296       0x33 .\CortexM3\ARM_GCC_541\Debug\Hardware_Task2.a(cyPm.o)
 .ARM.attributes
                0x000002c9       0x33 .\CortexM3\ARM_GCC_541\Debug\Hardware_Task2.a(PWM_1.o)
 .ARM.attributes
                0x000002fc       0x33 .\CortexM3\ARM_GCC_541\Debug\Hardware_Task2.a(PWM_2.o)
 .ARM.attributes
                0x0000032f       0x33 .\CortexM3\ARM_GCC_541\Debug\Hardware_Task2.a(QuadDec_M1.o)
 .ARM.attributes
                0x00000362       0x33 .\CortexM3\ARM_GCC_541\Debug\Hardware_Task2.a(QuadDec_M2.o)
 .ARM.attributes
                0x00000395       0x33 .\CortexM3\ARM_GCC_541\Debug\Hardware_Task2.a(QuadDec_M1_Cnt16.o)
 .ARM.attributes
                0x000003c8       0x33 .\CortexM3\ARM_GCC_541\Debug\Hardware_Task2.a(QuadDec_M2_Cnt16.o)
 .ARM.attributes
                0x000003fb       0x33 .\CortexM3\ARM_GCC_541\Debug\Hardware_Task2.a(Quad_TImer.o)
 .ARM.attributes
                0x0000042e       0x33 .\CortexM3\ARM_GCC_541\Debug\Hardware_Task2.a(isr_quad_timer.o)
 .ARM.attributes
                0x00000461       0x21 .\CortexM3\ARM_GCC_541\Debug\Hardware_Task2.a(CyBootAsmGnu.o)
 .ARM.attributes
                0x00000482       0x33 .\CortexM3\ARM_GCC_541\Debug\Hardware_Task2.a(USBUART.o)
 .ARM.attributes
                0x000004b5       0x33 .\CortexM3\ARM_GCC_541\Debug\Hardware_Task2.a(USBUART_cls.o)
 .ARM.attributes
                0x000004e8       0x33 .\CortexM3\ARM_GCC_541\Debug\Hardware_Task2.a(USBUART_descr.o)
 .ARM.attributes
                0x0000051b       0x33 .\CortexM3\ARM_GCC_541\Debug\Hardware_Task2.a(USBUART_episr.o)
 .ARM.attributes
                0x0000054e       0x33 .\CortexM3\ARM_GCC_541\Debug\Hardware_Task2.a(USBUART_pm.o)
 .ARM.attributes
                0x00000581       0x33 .\CortexM3\ARM_GCC_541\Debug\Hardware_Task2.a(USBUART_Dp.o)
 .ARM.attributes
                0x000005b4       0x33 .\CortexM3\ARM_GCC_541\Debug\Hardware_Task2.a(CyFlash.o)
 .ARM.attributes
                0x000005e7       0x33 .\CortexM3\ARM_GCC_541\Debug\Hardware_Task2.a(CySpc.o)
 .ARM.attributes
                0x0000061a       0x1d c:/program files (x86)/cypress/psoc creator/4.2/psoc creator/import/gnu/arm/5.4.1/bin/../lib/gcc/arm-none-eabi/5.4.1/armv7-m\libgcc.a(_arm_addsubdf3.o)
 .ARM.attributes
                0x00000637       0x1d c:/program files (x86)/cypress/psoc creator/4.2/psoc creator/import/gnu/arm/5.4.1/bin/../lib/gcc/arm-none-eabi/5.4.1/armv7-m\libgcc.a(_arm_muldivdf3.o)
 .ARM.attributes
                0x00000654       0x1d c:/program files (x86)/cypress/psoc creator/4.2/psoc creator/import/gnu/arm/5.4.1/bin/../lib/gcc/arm-none-eabi/5.4.1/armv7-m\libgcc.a(_arm_fixunsdfsi.o)
 .ARM.attributes
                0x00000671       0x1d c:/program files (x86)/cypress/psoc creator/4.2/psoc creator/import/gnu/arm/5.4.1/bin/../lib/gcc/arm-none-eabi/5.4.1/armv7-m\libgcc.a(_arm_addsubsf3.o)
 .ARM.attributes
                0x0000068e       0x2d c:/program files (x86)/cypress/psoc creator/4.2/psoc creator/import/gnu/arm/5.4.1/bin/../lib/gcc/arm-none-eabi/5.4.1/../../../../arm-none-eabi/lib/armv7-m\libg_nano.a(lib_a-errno.o)
 .ARM.attributes
                0x000006bb       0x2d c:/program files (x86)/cypress/psoc creator/4.2/psoc creator/import/gnu/arm/5.4.1/bin/../lib/gcc/arm-none-eabi/5.4.1/../../../../arm-none-eabi/lib/armv7-m\libg_nano.a(lib_a-exit.o)
 .ARM.attributes
                0x000006e8       0x2d c:/program files (x86)/cypress/psoc creator/4.2/psoc creator/import/gnu/arm/5.4.1/bin/../lib/gcc/arm-none-eabi/5.4.1/../../../../arm-none-eabi/lib/armv7-m\libg_nano.a(lib_a-impure.o)
 .ARM.attributes
                0x00000715       0x2d c:/program files (x86)/cypress/psoc creator/4.2/psoc creator/import/gnu/arm/5.4.1/bin/../lib/gcc/arm-none-eabi/5.4.1/../../../../arm-none-eabi/lib/armv7-m\libg_nano.a(lib_a-init.o)
 .ARM.attributes
                0x00000742       0x2d c:/program files (x86)/cypress/psoc creator/4.2/psoc creator/import/gnu/arm/5.4.1/bin/../lib/gcc/arm-none-eabi/5.4.1/../../../../arm-none-eabi/lib/armv7-m\libg_nano.a(lib_a-memcpy-stub.o)
 .ARM.attributes
                0x0000076f       0x2d c:/program files (x86)/cypress/psoc creator/4.2/psoc creator/import/gnu/arm/5.4.1/bin/../lib/gcc/arm-none-eabi/5.4.1/../../../../arm-none-eabi/lib/armv7-m\libg_nano.a(lib_a-memset.o)
 .ARM.attributes
                0x0000079c       0x17 c:/program files (x86)/cypress/psoc creator/4.2/psoc creator/import/gnu/arm/5.4.1/bin/../lib/gcc/arm-none-eabi/5.4.1/../../../../arm-none-eabi/lib/armv7-m\libg_nano.a(lib_a-strlen.o)
 .ARM.attributes
                0x000007b3       0x2d c:/program files (x86)/cypress/psoc creator/4.2/psoc creator/import/gnu/arm/5.4.1/bin/../lib/gcc/arm-none-eabi/5.4.1/armv7-m/crtend.o
 .ARM.attributes
                0x000007e0       0x1d c:/program files (x86)/cypress/psoc creator/4.2/psoc creator/import/gnu/arm/5.4.1/bin/../lib/gcc/arm-none-eabi/5.4.1/armv7-m/crtn.o

/DISCARD/
 *(.note.GNU-stack)
OUTPUT(C:\Users\schoo\302OffOnedrive\301 Project\12_Cypress_LineFollowingRobot\Robert\HArdware_Task2\Hardware_Task2.cydsn\CortexM3\ARM_GCC_541\Debug\Hardware_Task2.elf elf32-littlearm)
