Archive member included to satisfy reference by file (symbol)

.\CortexM3\ARM_GCC_541\Debug\Hardware_Task2.a(USBUART_cdc.o)
                              .\CortexM3\ARM_GCC_541\Debug\main.o (USBUART_PutData)
.\CortexM3\ARM_GCC_541\Debug\Hardware_Task2.a(USBUART_drv.o)
                              .\CortexM3\ARM_GCC_541\Debug\Hardware_Task2.a(USBUART_cdc.o) (USBUART_EP)
.\CortexM3\ARM_GCC_541\Debug\Hardware_Task2.a(USBUART_std.o)
                              .\CortexM3\ARM_GCC_541\Debug\Hardware_Task2.a(USBUART_drv.o) (USBUART_HandleStandardRqst)
.\CortexM3\ARM_GCC_541\Debug\Hardware_Task2.a(USBUART_vnd.o)
                              .\CortexM3\ARM_GCC_541\Debug\Hardware_Task2.a(USBUART_drv.o) (USBUART_HandleVendorRqst)
.\CortexM3\ARM_GCC_541\Debug\Hardware_Task2.a(CyDmac.o)
                              .\CortexM3\ARM_GCC_541\Debug\Cm3Start.o (CyDmacConfigure)
.\CortexM3\ARM_GCC_541\Debug\Hardware_Task2.a(CyLib.o)
                              .\CortexM3\ARM_GCC_541\Debug\Cm3Start.o (CyResetStatus)
.\CortexM3\ARM_GCC_541\Debug\Hardware_Task2.a(cyPm.o)
                              .\CortexM3\ARM_GCC_541\Debug\Hardware_Task2.a(CyLib.o) (CyPmReadStatus)
.\CortexM3\ARM_GCC_541\Debug\Hardware_Task2.a(PWM_1.o)
                              .\CortexM3\ARM_GCC_541\Debug\main.o (PWM_1_Start)
.\CortexM3\ARM_GCC_541\Debug\Hardware_Task2.a(PWM_2.o)
                              .\CortexM3\ARM_GCC_541\Debug\main.o (PWM_2_Start)
.\CortexM3\ARM_GCC_541\Debug\Hardware_Task2.a(QuadDec_M1.o)
                              .\CortexM3\ARM_GCC_541\Debug\tacho.o (QuadDec_M1_GetCounter)
.\CortexM3\ARM_GCC_541\Debug\Hardware_Task2.a(QuadDec_M2.o)
                              .\CortexM3\ARM_GCC_541\Debug\main.o (QuadDec_M2_GetCounter)
.\CortexM3\ARM_GCC_541\Debug\Hardware_Task2.a(QuadDec_M1_Cnt16.o)
                              .\CortexM3\ARM_GCC_541\Debug\Hardware_Task2.a(QuadDec_M1.o) (QuadDec_M1_Cnt16_WriteCounter)
.\CortexM3\ARM_GCC_541\Debug\Hardware_Task2.a(QuadDec_M2_Cnt16.o)
                              .\CortexM3\ARM_GCC_541\Debug\Hardware_Task2.a(QuadDec_M2.o) (QuadDec_M2_Cnt16_WriteCounter)
.\CortexM3\ARM_GCC_541\Debug\Hardware_Task2.a(Quad_TImer.o)
                              .\CortexM3\ARM_GCC_541\Debug\main.o (Quad_TImer_Start)
.\CortexM3\ARM_GCC_541\Debug\Hardware_Task2.a(isr_quad_timer.o)
                              .\CortexM3\ARM_GCC_541\Debug\main.o (isr_quad_timer_StartEx)
.\CortexM3\ARM_GCC_541\Debug\Hardware_Task2.a(CyBootAsmGnu.o)
                              .\CortexM3\ARM_GCC_541\Debug\cyfitter_cfg.o (CyDelayCycles)
.\CortexM3\ARM_GCC_541\Debug\Hardware_Task2.a(USBUART.o)
                              .\CortexM3\ARM_GCC_541\Debug\Hardware_Task2.a(USBUART_cdc.o) (USBUART_GetEPState)
.\CortexM3\ARM_GCC_541\Debug\Hardware_Task2.a(USBUART_cls.o)
                              .\CortexM3\ARM_GCC_541\Debug\Hardware_Task2.a(USBUART_drv.o) (USBUART_DispatchClassRqst)
.\CortexM3\ARM_GCC_541\Debug\Hardware_Task2.a(USBUART_descr.o)
                              .\CortexM3\ARM_GCC_541\Debug\Hardware_Task2.a(USBUART_std.o) (USBUART_DEVICE0_DESCR)
.\CortexM3\ARM_GCC_541\Debug\Hardware_Task2.a(USBUART_episr.o)
                              .\CortexM3\ARM_GCC_541\Debug\Hardware_Task2.a(USBUART.o) (USBUART_EP_1_ISR)
.\CortexM3\ARM_GCC_541\Debug\Hardware_Task2.a(USBUART_pm.o)
                              .\CortexM3\ARM_GCC_541\Debug\Hardware_Task2.a(USBUART.o) (USBUART_DP_ISR)
.\CortexM3\ARM_GCC_541\Debug\Hardware_Task2.a(USBUART_Dp.o)
                              .\CortexM3\ARM_GCC_541\Debug\Hardware_Task2.a(USBUART.o) (USBUART_Dp_ClearInterrupt)
.\CortexM3\ARM_GCC_541\Debug\Hardware_Task2.a(CyFlash.o)
                              .\CortexM3\ARM_GCC_541\Debug\Hardware_Task2.a(cyPm.o) (CyFlash_SetWaitCycles)
.\CortexM3\ARM_GCC_541\Debug\Hardware_Task2.a(CySpc.o)
                              .\CortexM3\ARM_GCC_541\Debug\Hardware_Task2.a(CyFlash.o) (CySpcStart)
c:/program files (x86)/cypress/psoc creator/4.2/psoc creator/import/gnu/arm/5.4.1/bin/../lib/gcc/arm-none-eabi/5.4.1/armv7-m\libgcc.a(_arm_addsubdf3.o)
                              .\CortexM3\ARM_GCC_541\Debug\main.o (__aeabi_i2d)
c:/program files (x86)/cypress/psoc creator/4.2/psoc creator/import/gnu/arm/5.4.1/bin/../lib/gcc/arm-none-eabi/5.4.1/armv7-m\libgcc.a(_arm_muldivdf3.o)
                              .\CortexM3\ARM_GCC_541\Debug\main.o (__aeabi_dmul)
c:/program files (x86)/cypress/psoc creator/4.2/psoc creator/import/gnu/arm/5.4.1/bin/../lib/gcc/arm-none-eabi/5.4.1/armv7-m\libgcc.a(_arm_fixunsdfsi.o)
                              .\CortexM3\ARM_GCC_541\Debug\main.o (__aeabi_d2uiz)
c:/program files (x86)/cypress/psoc creator/4.2/psoc creator/import/gnu/arm/5.4.1/bin/../lib/gcc/arm-none-eabi/5.4.1/armv7-m\libgcc.a(_arm_addsubsf3.o)
                              .\CortexM3\ARM_GCC_541\Debug\main.o (__aeabi_ui2f)
[...]
Memory Configuration

Name             Origin             Length             Attributes
rom              0x00000000         0x00040000         xr
ram              0x1fff8000         0x00010000         xrw
*default*        0x00000000         0xffffffff

Linker script and memory map

LOAD c:/program files (x86)/cypress/psoc creator/4.2/psoc creator/import/gnu/arm/5.4.1/bin/../lib/gcc/arm-none-eabi/5.4.1/armv7-m/crti.o
LOAD c:/program files (x86)/cypress/psoc creator/4.2/psoc creator/import/gnu/arm/5.4.1/bin/../lib/gcc/arm-none-eabi/5.4.1/armv7-m/crtbegin.o
LOAD c:/program files (x86)/cypress/psoc creator/4.2/psoc creator/import/gnu/arm/5.4.1/bin/../lib/gcc/arm-none-eabi/5.4.1/../../../../arm-none-eabi/lib/armv7-m/crt0.o
START GROUP
LOAD .\CortexM3\ARM_GCC_541\Debug\main.o
LOAD .\CortexM3\ARM_GCC_541\Debug\tacho.o
LOAD .\CortexM3\ARM_GCC_541\Debug\cyfitter_cfg.o
LOAD .\CortexM3\ARM_GCC_541\Debug\cymetadata.o
LOAD .\CortexM3\ARM_GCC_541\Debug\Cm3Start.o
LOAD .\CortexM3\ARM_GCC_541\Debug\Hardware_Task2.a
LOAD C:\Program Files (x86)\Cypress\PSoC Creator\4.2\PSoC Creator\psoc\content\cycomponentlibrary\CyComponentLibrary.cylib\CortexM3\ARM_GCC_541\Debug\CyComponentLibrary.a
END GROUP
START GROUP
LOAD c:/program files (x86)/cypress/psoc creator/4.2/psoc creator/import/gnu/arm/5.4.1/bin/../lib/gcc/arm-none-eabi/5.4.1/armv7-m\libgcc.a
LOAD c:/program files (x86)/cypress/psoc creator/4.2/psoc creator/import/gnu/arm/5.4.1/bin/../lib/gcc/arm-none-eabi/5.4.1/../../../../arm-none-eabi/lib/armv7-m\libg_nano.a
LOAD c:/program files (x86)/cypress/psoc creator/4.2/psoc creator/import/gnu/arm/5.4.1/bin/../lib/gcc/arm-none-eabi/5.4.1/../../../../arm-none-eabi/lib/armv7-m\libc_nano.a
END GROUP
START GROUP
LOAD c:/program files (x86)/cypress/psoc creator/4.2/psoc creator/import/gnu/arm/5.4.1/bin/../lib/gcc/arm-none-eabi/5.4.1/armv7-m\libgcc.a
LOAD c:/program files (x86)/cypress/psoc creator/4.2/psoc creator/import/gnu/arm/5.4.1/bin/../lib/gcc/arm-none-eabi/5.4.1/../../../../arm-none-eabi/lib/armv7-m\libc_nano.a
END GROUP
LOAD c:/program files (x86)/cypress/psoc creator/4.2/psoc creator/import/gnu/arm/5.4.1/bin/../lib/gcc/arm-none-eabi/5.4.1/armv7-m/crtend.o
LOAD c:/program files (x86)/cypress/psoc creator/4.2/psoc creator/import/gnu/arm/5.4.1/bin/../lib/gcc/arm-none-eabi/5.4.1/armv7-m/crtn.o
START GROUP
LOAD c:/program files (x86)/cypress/psoc creator/4.2/psoc creator/import/gnu/arm/5.4.1/bin/../lib/gcc/arm-none-eabi/5.4.1/armv7-m\libgcc.a
LOAD c:/program files (x86)/cypress/psoc creator/4.2/psoc creator/import/gnu/arm/5.4.1/bin/../lib/gcc/arm-none-eabi/5.4.1/../../../../arm-none-eabi/lib/armv7-m\libc.a
LOAD c:/program files (x86)/cypress/psoc creator/4.2/psoc creator/import/gnu/arm/5.4.1/bin/../lib/gcc/arm-none-eabi/5.4.1/../../../../arm-none-eabi/lib/armv7-m\libnosys.a
END GROUP
                0x00000000                CY_APPL_ORIGIN = 0x0
                0x00000100                CY_FLASH_ROW_SIZE = 0x100
                0x00000020                CY_ECC_ROW_SIZE = 0x20
                0x00000000                CY_EE_IN_BTLDR = 0x0
                0x00000000                CY_APPL_LOADABLE = 0x0
                0x00000800                CY_EE_SIZE = 0x800
                0x00000001                CY_APPL_NUM = 0x1
                0x00000001                CY_APPL_MAX = 0x1
                0x00000040                CY_METADATA_SIZE = 0x40
                0x00000000                CY_APPL_LOADABLE = 0x0
                0x00000000                CY_CHECKSUM_EXCLUDE_SIZE = ALIGN (0x0, CY_FLASH_ROW_SIZE)
                [!provide]                PROVIDE (__cy_heap_start, _end)
                0x00000001                PROVIDE (__cy_region_num, ((__cy_regions_end - __cy_regions) / 0x10))
                0x20008000                PROVIDE (__cy_stack, (ORIGIN (ram) + LENGTH (ram)))
                [!provide]                PROVIDE (__cy_heap_end, (__cy_stack - 0x800))

.cybootloader   0x00000000        0x0
 *(.cybootloader)
                0x00000000                appl1_start = CY_APPL_ORIGIN?CY_APPL_ORIGIN:ALIGN (CY_FLASH_ROW_SIZE)
                0x0001ff00                appl2_start = (appl1_start + ALIGN ((((LENGTH (rom) - appl1_start) - (0x2 * CY_FLASH_ROW_SIZE)) / 0x2), CY_FLASH_ROW_SIZE))
                0x00000000                appl_start = (CY_APPL_NUM == 0x1)?appl1_start:appl2_start
                0x00000000                ecc_offset = ((appl_start / CY_FLASH_ROW_SIZE) * CY_ECC_ROW_SIZE)
                0x00000000                ee_offset = (CY_APPL_LOADABLE && ! (CY_EE_IN_BTLDR))?((CY_EE_SIZE / CY_APPL_MAX) * (CY_APPL_NUM - 0x1)):0x0
                0x00000800                ee_size = (CY_APPL_LOADABLE && ! (CY_EE_IN_BTLDR))?(CY_EE_SIZE / CY_APPL_MAX):CY_EE_SIZE
                [!provide]                PROVIDE (CY_ECC_OFFSET, ecc_offset)

.text           0x00000000     0x1b10
 CREATE_OBJECT_SYMBOLS
                0x00000000                PROVIDE (__cy_interrupt_vector, RomVectors)
 *(.romvectors)
 .romvectors    0x00000000       0x10 .\CortexM3\ARM_GCC_541\Debug\Cm3Start.o
                0x00000000                RomVectors
                0x00000001                ASSERT ((. != __cy_interrupt_vector), No interrupt vector)
                0x00000001                ASSERT (CY_APPL_ORIGIN?(SIZEOF (.cybootloader) <= CY_APPL_ORIGIN):0x1, Wrong image location)
                0x00000010                PROVIDE (__cy_reset, Reset)
 *(.text.Reset)
 .text.Reset    0x00000010       0x18 .\CortexM3\ARM_GCC_541\Debug\Cm3Start.o
                0x00000010                Reset
                0x00000001                ASSERT ((. != __cy_reset), No reset code)
 *(.dma_init)
                0x00000001                ASSERT ((((appl_start + .) <= 0x10000) || 0x1), DMA Init must be within the first 64k of flash)
 *(.text .text.* .gnu.linkonce.t.*)
 .text          0x00000028       0x5c c:/program files (x86)/cypress/psoc creator/4.2/psoc creator/import/gnu/arm/5.4.1/bin/../lib/gcc/arm-none-eabi/5.4.1/armv7-m/crtbegin.o
 .text.QuadDecoderIsr
                0x00000084       0x48 .\CortexM3\ARM_GCC_541\Debug\main.o
                0x00000084                QuadDecoderIsr
 .text.changeDutyCycle
                0x000000cc       0x70 .\CortexM3\ARM_GCC_541\Debug\main.o
                0x000000cc                changeDutyCycle
 *fill*         0x0000013c        0x4 
 .text.main     0x00000140       0xa4 .\CortexM3\ARM_GCC_541\Debug\main.o
                0x00000140                main
 .text.CYMEMZERO
                0x000001e4       0x1c .\CortexM3\ARM_GCC_541\Debug\cyfitter_cfg.o
 .text.CYCONFIGCPY
                0x00000200       0x20 .\CortexM3\ARM_GCC_541\Debug\cyfitter_cfg.o
 .text.CyClockStartupError
                0x00000220        0xc .\CortexM3\ARM_GCC_541\Debug\cyfitter_cfg.o
 .text.cfg_write_bytes32
                0x0000022c       0x74 .\CortexM3\ARM_GCC_541\Debug\cyfitter_cfg.o
 .text.ClockSetup
                0x000002a0      0x16c .\CortexM3\ARM_GCC_541\Debug\cyfitter_cfg.o
 .text.AnalogSetDefault
                0x0000040c       0xbc .\CortexM3\ARM_GCC_541\Debug\cyfitter_cfg.o
 .text.cyfitter_cfg
                0x000004c8      0x1c4 .\CortexM3\ARM_GCC_541\Debug\cyfitter_cfg.o
                0x000004c8                cyfitter_cfg
 .text.IntDefaultHandler
                0x0000068c       0x14 .\CortexM3\ARM_GCC_541\Debug\Cm3Start.o
                0x0000068c                IntDefaultHandler
 .text.Start_c  0x000006a0       0x98 .\CortexM3\ARM_GCC_541\Debug\Cm3Start.o
                0x000006a0                Start_c
 .text.initialize_psoc
                0x00000738       0x94 .\CortexM3\ARM_GCC_541\Debug\Cm3Start.o
                0x00000738                initialize_psoc
 .text.USBUART_StrLen
                0x000007cc       0x2c .\CortexM3\ARM_GCC_541\Debug\Hardware_Task2.a(USBUART_cdc.o)
 .text.USBUART_PutString
                0x000007f8       0xdc .\CortexM3\ARM_GCC_541\Debug\Hardware_Task2.a(USBUART_cdc.o)
                0x000007f8                USBUART_PutString
 .text.CyDmacConfigure
                0x000008d4       0x5c .\CortexM3\ARM_GCC_541\Debug\Hardware_Task2.a(CyDmac.o)
                0x000008d4                CyDmacConfigure
 .text.CyDelayUs
                0x00000930       0x28 .\CortexM3\ARM_GCC_541\Debug\Hardware_Task2.a(CyLib.o)
                0x00000930                CyDelayUs
 .text.PWM_1_Start
                0x00000958       0x24 .\CortexM3\ARM_GCC_541\Debug\Hardware_Task2.a(PWM_1.o)
                0x00000958                PWM_1_Start
 .text.PWM_1_Init
                0x0000097c       0xbc .\CortexM3\ARM_GCC_541\Debug\Hardware_Task2.a(PWM_1.o)
                0x0000097c                PWM_1_Init
 .text.PWM_1_Enable
                0x00000a38       0x48 .\CortexM3\ARM_GCC_541\Debug\Hardware_Task2.a(PWM_1.o)
                0x00000a38                PWM_1_Enable
 .text.PWM_1_WritePeriod
                0x00000a80       0x20 .\CortexM3\ARM_GCC_541\Debug\Hardware_Task2.a(PWM_1.o)
                0x00000a80                PWM_1_WritePeriod
 .text.PWM_1_WriteCompare
                0x00000aa0       0x20 .\CortexM3\ARM_GCC_541\Debug\Hardware_Task2.a(PWM_1.o)
                0x00000aa0                PWM_1_WriteCompare
 .text.PWM_1_SetInterruptMode
                0x00000ac0       0x20 .\CortexM3\ARM_GCC_541\Debug\Hardware_Task2.a(PWM_1.o)
                0x00000ac0                PWM_1_SetInterruptMode
 .text.PWM_1_ReadPeriod
                0x00000ae0       0x18 .\CortexM3\ARM_GCC_541\Debug\Hardware_Task2.a(PWM_1.o)
                0x00000ae0                PWM_1_ReadPeriod
 .text.PWM_2_Start
                0x00000af8       0x24 .\CortexM3\ARM_GCC_541\Debug\Hardware_Task2.a(PWM_2.o)
                0x00000af8                PWM_2_Start
 .text.PWM_2_Init
                0x00000b1c       0xbc .\CortexM3\ARM_GCC_541\Debug\Hardware_Task2.a(PWM_2.o)
                0x00000b1c                PWM_2_Init
 .text.PWM_2_Enable
                0x00000bd8       0x48 .\CortexM3\ARM_GCC_541\Debug\Hardware_Task2.a(PWM_2.o)
                0x00000bd8                PWM_2_Enable
 .text.PWM_2_WritePeriod
                0x00000c20       0x20 .\CortexM3\ARM_GCC_541\Debug\Hardware_Task2.a(PWM_2.o)
                0x00000c20                PWM_2_WritePeriod
 .text.PWM_2_WriteCompare
                0x00000c40       0x20 .\CortexM3\ARM_GCC_541\Debug\Hardware_Task2.a(PWM_2.o)
                0x00000c40                PWM_2_WriteCompare
 .text.PWM_2_SetInterruptMode
                0x00000c60       0x20 .\CortexM3\ARM_GCC_541\Debug\Hardware_Task2.a(PWM_2.o)
                0x00000c60                PWM_2_SetInterruptMode
 .text.QuadDec_M2_GetCounter
                0x00000c80       0x24 .\CortexM3\ARM_GCC_541\Debug\Hardware_Task2.a(QuadDec_M2.o)
                0x00000c80                QuadDec_M2_GetCounter
 .text.QuadDec_M2_Cnt16_ReadCounter
                0x00000ca4       0x20 .\CortexM3\ARM_GCC_541\Debug\Hardware_Task2.a(QuadDec_M2_Cnt16.o)
                0x00000ca4                QuadDec_M2_Cnt16_ReadCounter
 .text.Quad_TImer_Init
                0x00000cc4       0x9c .\CortexM3\ARM_GCC_541\Debug\Hardware_Task2.a(Quad_TImer.o)
                0x00000cc4                Quad_TImer_Init
 .text.Quad_TImer_Enable
                0x00000d60       0x48 .\CortexM3\ARM_GCC_541\Debug\Hardware_Task2.a(Quad_TImer.o)
                0x00000d60                Quad_TImer_Enable
 .text.Quad_TImer_Start
                0x00000da8       0x24 .\CortexM3\ARM_GCC_541\Debug\Hardware_Task2.a(Quad_TImer.o)
                0x00000da8                Quad_TImer_Start
 .text.Quad_TImer_SetInterruptMode
                0x00000dcc       0x20 .\CortexM3\ARM_GCC_541\Debug\Hardware_Task2.a(Quad_TImer.o)
                0x00000dcc                Quad_TImer_SetInterruptMode
 .text.Quad_TImer_WritePeriod
                0x00000dec       0x24 .\CortexM3\ARM_GCC_541\Debug\Hardware_Task2.a(Quad_TImer.o)
                0x00000dec                Quad_TImer_WritePeriod
 .text.Quad_TImer_WriteCounter
                0x00000e10       0x20 .\CortexM3\ARM_GCC_541\Debug\Hardware_Task2.a(Quad_TImer.o)
                0x00000e10                Quad_TImer_WriteCounter
 .text.isr_quad_timer_StartEx
                0x00000e30       0x24 .\CortexM3\ARM_GCC_541\Debug\Hardware_Task2.a(isr_quad_timer.o)
                0x00000e30                isr_quad_timer_StartEx
 .text.isr_quad_timer_SetVector
                0x00000e54       0x24 .\CortexM3\ARM_GCC_541\Debug\Hardware_Task2.a(isr_quad_timer.o)
                0x00000e54                isr_quad_timer_SetVector
 .text.isr_quad_timer_SetPriority
                0x00000e78       0x24 .\CortexM3\ARM_GCC_541\Debug\Hardware_Task2.a(isr_quad_timer.o)
                0x00000e78                isr_quad_timer_SetPriority
 .text.isr_quad_timer_Enable
                0x00000e9c       0x18 .\CortexM3\ARM_GCC_541\Debug\Hardware_Task2.a(isr_quad_timer.o)
                0x00000e9c                isr_quad_timer_Enable
 .text.isr_quad_timer_Disable
                0x00000eb4       0x18 .\CortexM3\ARM_GCC_541\Debug\Hardware_Task2.a(isr_quad_timer.o)
                0x00000eb4                isr_quad_timer_Disable
 *fill*         0x00000ecc        0x4 
 .text          0x00000ed0       0x20 .\CortexM3\ARM_GCC_541\Debug\Hardware_Task2.a(CyBootAsmGnu.o)
                0x00000ed0                CyDelayCycles
                0x00000ee0                CyEnterCriticalSection
                0x00000ee8                CyExitCriticalSection
 .text.USBUART_LoadInEP
                0x00000ef0      0x108 .\CortexM3\ARM_GCC_541\Debug\Hardware_Task2.a(USBUART.o)
                0x00000ef0                USBUART_LoadInEP
 .text          0x00000ff8      0x370 c:/program files (x86)/cypress/psoc creator/4.2/psoc creator/import/gnu/arm/5.4.1/bin/../lib/gcc/arm-none-eabi/5.4.1/armv7-m\libgcc.a(_arm_addsubdf3.o)
                0x00000ff8                __aeabi_drsub
                0x00001000                __aeabi_dsub
                0x00001000                __subdf3
                0x00001004                __aeabi_dadd
                0x00001004                __adddf3
                0x0000127c                __floatunsidf
                0x0000127c                __aeabi_ui2d
                0x0000129c                __floatsidf
                0x0000129c                __aeabi_i2d
                0x000012c0                __aeabi_f2d
                0x000012c0                __extendsfdf2
                0x000012fc                __floatundidf
                0x000012fc                __aeabi_ul2d
                0x0000130c                __floatdidf
                0x0000130c                __aeabi_l2d
 .text          0x00001368      0x424 c:/program files (x86)/cypress/psoc creator/4.2/psoc creator/import/gnu/arm/5.4.1/bin/../lib/gcc/arm-none-eabi/5.4.1/armv7-m\libgcc.a(_arm_muldivdf3.o)
                0x00001368                __aeabi_dmul
                0x00001368                __muldf3
                0x000015bc                __divdf3
                0x000015bc                __aeabi_ddiv
 .text          0x0000178c       0x40 c:/program files (x86)/cypress/psoc creator/4.2/psoc creator/import/gnu/arm/5.4.1/bin/../lib/gcc/arm-none-eabi/5.4.1/armv7-m\libgcc.a(_arm_fixunsdfsi.o)
                0x0000178c                __aeabi_d2uiz
                0x0000178c                __fixunsdfsi
 .text          0x000017cc      0x21c c:/program files (x86)/cypress/psoc creator/4.2/psoc creator/import/gnu/arm/5.4.1/bin/../lib/gcc/arm-none-eabi/5.4.1/armv7-m\libgcc.a(_arm_addsubsf3.o)
                0x000017cc                __aeabi_frsub
                0x000017d4                __subsf3
                0x000017d4                __aeabi_fsub
                0x000017d8                __aeabi_fadd
                0x000017d8                __addsf3
                0x00001938                __aeabi_ui2f
                0x00001938                __floatunsisf
                0x00001940                __aeabi_i2f
                0x00001940                __floatsisf
                0x0000195c                __aeabi_ul2f
                0x0000195c                __floatundisf
                0x0000196c                __aeabi_l2f
                0x0000196c                __floatdisf
 .text.__errno  0x000019e8        0xc c:/program files (x86)/cypress/psoc creator/4.2/psoc creator/import/gnu/arm/5.4.1/bin/../lib/gcc/arm-none-eabi/5.4.1/../../../../arm-none-eabi/lib/armv7-m\libg_nano.a(lib_a-errno.o)
                0x000019e8                __errno
 .text.__libc_init_array
                0x000019f4       0x4c c:/program files (x86)/cypress/psoc creator/4.2/psoc creator/import/gnu/arm/5.4.1/bin/../lib/gcc/arm-none-eabi/5.4.1/../../../../arm-none-eabi/lib/armv7-m\libg_nano.a(lib_a-init.o)
                0x000019f4                __libc_init_array
 .text.__itoa   0x00001a40       0x2e c:/program files (x86)/cypress/psoc creator/4.2/psoc creator/import/gnu/arm/5.4.1/bin/../lib/gcc/arm-none-eabi/5.4.1/../../../../arm-none-eabi/lib/armv7-m\libg_nano.a(lib_a-itoa.o)
                0x00001a40                __itoa
 .text.itoa     0x00001a6e        0x4 c:/program files (x86)/cypress/psoc creator/4.2/psoc creator/import/gnu/arm/5.4.1/bin/../lib/gcc/arm-none-eabi/5.4.1/../../../../arm-none-eabi/lib/armv7-m\libg_nano.a(lib_a-itoa.o)
                0x00001a6e                itoa
 .text.memcpy   0x00001a72       0x16 c:/program files (x86)/cypress/psoc creator/4.2/psoc creator/import/gnu/arm/5.4.1/bin/../lib/gcc/arm-none-eabi/5.4.1/../../../../arm-none-eabi/lib/armv7-m\libg_nano.a(lib_a-memcpy-stub.o)
                0x00001a72                memcpy
 .text.memset   0x00001a88       0x10 c:/program files (x86)/cypress/psoc creator/4.2/psoc creator/import/gnu/arm/5.4.1/bin/../lib/gcc/arm-none-eabi/5.4.1/../../../../arm-none-eabi/lib/armv7-m\libg_nano.a(lib_a-memset.o)
                0x00001a88                memset
 .text.__utoa   0x00001a98       0x78 c:/program files (x86)/cypress/psoc creator/4.2/psoc creator/import/gnu/arm/5.4.1/bin/../lib/gcc/arm-none-eabi/5.4.1/../../../../arm-none-eabi/lib/armv7-m\libg_nano.a(lib_a-utoa.o)
                0x00001a98                __utoa
 *(.plt)
 *(.gnu.warning)
 *(.glue_7t)
 .glue_7t       0x00001b10        0x0 linker stubs
 *(.glue_7)
 .glue_7        0x00001b10        0x0 linker stubs
 *(.vfp11_veneer)
 .vfp11_veneer  0x00001b10        0x0 linker stubs
 *(.bootloader)
 *(.ARM.extab* .gnu.linkonce.armextab.*)
 *(.gcc_except_table)

.v4_bx          0x00001b10        0x0
 .v4_bx         0x00001b10        0x0 linker stubs

.iplt           0x00001b10        0x0
 .iplt          0x00001b10        0x0 c:/program files (x86)/cypress/psoc creator/4.2/psoc creator/import/gnu/arm/5.4.1/bin/../lib/gcc/arm-none-eabi/5.4.1/armv7-m/crtbegin.o

.eh_frame_hdr
 *(.eh_frame_hdr)

.eh_frame       0x00001b10        0x4
 *(.eh_frame)
 .eh_frame      0x00001b10        0x0 c:/program files (x86)/cypress/psoc creator/4.2/psoc creator/import/gnu/arm/5.4.1/bin/../lib/gcc/arm-none-eabi/5.4.1/armv7-m/crtbegin.o
 .eh_frame      0x00001b10        0x4 c:/program files (x86)/cypress/psoc creator/4.2/psoc creator/import/gnu/arm/5.4.1/bin/../lib/gcc/arm-none-eabi/5.4.1/armv7-m/crtend.o
                [!provide]                PROVIDE (__exidx_start, .)

.ARM.exidx
 *(.ARM.exidx* .gnu.linkonce.armexidx.*)
                0x00001b14                __exidx_end = .

.rodata         0x00001b14       0x9c
 *(.rodata .rodata.* .gnu.linkonce.r.*)
 .rodata        0x00001b14       0x3a .\CortexM3\ARM_GCC_541\Debug\cyfitter_cfg.o
 .rodata.str1.1
                0x00001b4e        0x2 c:/program files (x86)/cypress/psoc creator/4.2/psoc creator/import/gnu/arm/5.4.1/bin/../lib/gcc/arm-none-eabi/5.4.1/../../../../arm-none-eabi/lib/armv7-m\libg_nano.a(lib_a-impure.o)
 .rodata.str1.1
                0x00001b50       0x25 c:/program files (x86)/cypress/psoc creator/4.2/psoc creator/import/gnu/arm/5.4.1/bin/../lib/gcc/arm-none-eabi/5.4.1/../../../../arm-none-eabi/lib/armv7-m\libg_nano.a(lib_a-utoa.o)
                0x00001b78                . = ALIGN (0x4)
 *fill*         0x00001b75        0x3 
 *(.init)
 .init          0x00001b78        0x4 c:/program files (x86)/cypress/psoc creator/4.2/psoc creator/import/gnu/arm/5.4.1/bin/../lib/gcc/arm-none-eabi/5.4.1/armv7-m/crti.o
                0x00001b78                _init
 .init          0x00001b7c        0x8 c:/program files (x86)/cypress/psoc creator/4.2/psoc creator/import/gnu/arm/5.4.1/bin/../lib/gcc/arm-none-eabi/5.4.1/armv7-m/crtn.o
                0x00001b84                . = ALIGN (0x4)
                0x00001b84                __preinit_array_start = .
 *(.preinit_array)
                0x00001b84                __preinit_array_end = .
                0x00001b84                . = ALIGN (0x4)
                0x00001b84                __init_array_start = .
 *(SORT(.init_array.*))
 *(.init_array)
 .init_array    0x00001b84        0x4 c:/program files (x86)/cypress/psoc creator/4.2/psoc creator/import/gnu/arm/5.4.1/bin/../lib/gcc/arm-none-eabi/5.4.1/armv7-m/crtbegin.o
 .init_array    0x00001b88        0x4 .\CortexM3\ARM_GCC_541\Debug\Cm3Start.o
                0x00001b8c                __init_array_end = .
                0x00001b8c                . = ALIGN (0x4)
 *(.fini)
 .fini          0x00001b8c        0x4 c:/program files (x86)/cypress/psoc creator/4.2/psoc creator/import/gnu/arm/5.4.1/bin/../lib/gcc/arm-none-eabi/5.4.1/armv7-m/crti.o
                0x00001b8c                _fini
 .fini          0x00001b90        0x8 c:/program files (x86)/cypress/psoc creator/4.2/psoc creator/import/gnu/arm/5.4.1/bin/../lib/gcc/arm-none-eabi/5.4.1/armv7-m/crtn.o
                0x00001b98                . = ALIGN (0x4)
                0x00001b98                __fini_array_start = .
 *(.fini_array)
 .fini_array    0x00001b98        0x4 c:/program files (x86)/cypress/psoc creator/4.2/psoc creator/import/gnu/arm/5.4.1/bin/../lib/gcc/arm-none-eabi/5.4.1/armv7-m/crtbegin.o
 *(SORT(.fini_array.*))
                0x00001b9c                __fini_array_end = .
                0x00001b9c                . = ALIGN (0x4)
 *crtbegin.o(.ctors)
 *(EXCLUDE_FILE(*crtend.o) .ctors)
 *(SORT(.ctors.*))
 *crtend.o(.ctors)
                0x00001b9c                . = ALIGN (0x4)
 *crtbegin.o(.dtors)
 *(EXCLUDE_FILE(*crtend.o) .dtors)
 *(SORT(.dtors.*))
 *crtend.o(.dtors)
                0x00001b9c                . = ALIGN (0x4)
                0x00001b9c                __cy_regions = .
                0x00001b9c        0x4 LONG 0x1bb0 __cy_region_init_ram
                0x00001ba0        0x4 LONG 0x1fff80c8 __cy_region_start_data
                0x00001ba4        0x4 LONG 0x80 __cy_region_init_size_ram
                0x00001ba8        0x4 LONG 0x1d0 __cy_region_zero_size_ram
                0x00001bac                __cy_regions_end = .
                0x00001bb0                . = ALIGN (0x8)
 *fill*         0x00001bac        0x4 
                0x00001bb0                _etext = .

.cy_checksum_exclude
                0x00001bb0        0x0
 *(.cy_checksum_exclude)

.ramvectors     0x1fff8000       0xc0
                0x1fff8000                __cy_region_start_ram = .
 *(.ramvectors)
 .ramvectors    0x1fff8000       0xc0 .\CortexM3\ARM_GCC_541\Debug\Cm3Start.o
                0x1fff8000                CyRamVectors

.noinit         0x1fff80c0        0x5
 *(.noinit)
 .noinit        0x1fff80c0        0x4 .\CortexM3\ARM_GCC_541\Debug\Cm3Start.o
 .noinit        0x1fff80c4        0x1 .\CortexM3\ARM_GCC_541\Debug\Hardware_Task2.a(CyLib.o)
                0x1fff80c4                CyResetStatus

.data           0x1fff80c8       0x80 load address 0x00001bb0
                0x1fff80c8                __cy_region_start_data = .
 *(.jcr)
 .jcr           0x1fff80c8        0x0 c:/program files (x86)/cypress/psoc creator/4.2/psoc creator/import/gnu/arm/5.4.1/bin/../lib/gcc/arm-none-eabi/5.4.1/armv7-m/crtbegin.o
 .jcr           0x1fff80c8        0x4 c:/program files (x86)/cypress/psoc creator/4.2/psoc creator/import/gnu/arm/5.4.1/bin/../lib/gcc/arm-none-eabi/5.4.1/armv7-m/crtend.o
 *(.got.plt)
 *(.got)
 *(.shdata)
 *(.data .data.* .gnu.linkonce.d.*)
 .data          0x1fff80cc        0x8 .\CortexM3\ARM_GCC_541\Debug\Hardware_Task2.a(CyDmac.o)
 .data          0x1fff80d4       0x10 .\CortexM3\ARM_GCC_541\Debug\Hardware_Task2.a(CyLib.o)
                0x1fff80d4                cydelay_freq_hz
                0x1fff80d8                cydelay_freq_khz
                0x1fff80dc                cydelay_freq_mhz
                0x1fff80e0                cydelay_32k_ms
 .data.impure_data
                0x1fff80e4       0x60 c:/program files (x86)/cypress/psoc creator/4.2/psoc creator/import/gnu/arm/5.4.1/bin/../lib/gcc/arm-none-eabi/5.4.1/../../../../arm-none-eabi/lib/armv7-m\libg_nano.a(lib_a-impure.o)
 .data._impure_ptr
                0x1fff8144        0x4 c:/program files (x86)/cypress/psoc creator/4.2/psoc creator/import/gnu/arm/5.4.1/bin/../lib/gcc/arm-none-eabi/5.4.1/../../../../arm-none-eabi/lib/armv7-m\libg_nano.a(lib_a-impure.o)
                0x1fff8144                _impure_ptr
                0x1fff8148                . = ALIGN (0x8)
 *(.ram)
                0x1fff8148                _edata = .

.igot.plt       0x1fff8148        0x0 load address 0x00001c30
 .igot.plt      0x1fff8148        0x0 c:/program files (x86)/cypress/psoc creator/4.2/psoc creator/import/gnu/arm/5.4.1/bin/../lib/gcc/arm-none-eabi/5.4.1/armv7-m/crtbegin.o

.bss            0x1fff8148      0x1d0 load address 0x00001c30
                0x1fff8148                PROVIDE (__bss_start__, .)
 *(.shbss)
 *(.bss .bss.* .gnu.linkonce.b.*)
 .bss           0x1fff8148       0x1c c:/program files (x86)/cypress/psoc creator/4.2/psoc creator/import/gnu/arm/5.4.1/bin/../lib/gcc/arm-none-eabi/5.4.1/armv7-m/crtbegin.o
 .bss           0x1fff8164       0x14 .\CortexM3\ARM_GCC_541\Debug\main.o
                0x1fff8164                ts
                0x1fff8166                ts_enc
                0x1fff8168                ts_update
                0x1fff816a                ts_speed
                0x1fff816c                ts_display
                0x1fff816e                flag_ts_enc
                0x1fff816f                flag_ts_update
                0x1fff8170                flag_ts_speed
                0x1fff8171                flag_ts_display
                0x1fff8172                flag_rx
                0x1fff8173                flag_packet
                0x1fff8174                flag_KB_string
                0x1fff8175                dataready_flag
                0x1fff8176                timeIndex
                0x1fff8177                printSpeed
 .bss           0x1fff8178        0x1 .\CortexM3\ARM_GCC_541\Debug\Hardware_Task2.a(USBUART_cdc.o)
 .bss           0x1fff8179        0x1 .\CortexM3\ARM_GCC_541\Debug\Hardware_Task2.a(PWM_1.o)
                0x1fff8179                PWM_1_initVar
 .bss           0x1fff817a        0x1 .\CortexM3\ARM_GCC_541\Debug\Hardware_Task2.a(PWM_2.o)
                0x1fff817a                PWM_2_initVar
 .bss           0x1fff817b        0x1 .\CortexM3\ARM_GCC_541\Debug\Hardware_Task2.a(Quad_TImer.o)
                0x1fff817b                Quad_TImer_initVar
 *(COMMON)
 COMMON         0x1fff817c       0xe2 .\CortexM3\ARM_GCC_541\Debug\main.o
                0x1fff817c                entry
                0x1fff81bc                system_state
                0x1fff81dc                line
                0x1fff821c                usbBuffer
                0x1fff825c                timeArray
 *fill*         0x1fff825e        0x2 
 COMMON         0x1fff8260       0x18 .\CortexM3\ARM_GCC_541\Debug\Hardware_Task2.a(USBUART_cdc.o)
                0x1fff8260                USBUART_linesChanged
                0x1fff8264                USBUART_cdcDataInEp
                0x1fff8268                USBUART_cdcCommInInterruptEp
                0x1fff826c                USBUART_cdcDataOutEp
                0x1fff8270                USBUART_serialStateBitmap
                0x1fff8274                USBUART_linesControlBitmap
 COMMON         0x1fff8278       0x9a .\CortexM3\ARM_GCC_541\Debug\Hardware_Task2.a(USBUART_drv.o)
                0x1fff8278                USBUART_lastPacketSize
                0x1fff8279                USBUART_device
                0x1fff827a                USBUART_transferByteCount
                0x1fff827c                USBUART_transferState
                0x1fff8280                USBUART_interfaceSettingLast
                0x1fff8284                USBUART_currentTD
                0x1fff8290                USBUART_interfaceNumber
                0x1fff8294                USBUART_interfaceClass
                0x1fff8298                USBUART_configurationChanged
                0x1fff8299                USBUART_ep0Mode
                0x1fff829a                USBUART_deviceAddress
                0x1fff829b                USBUART_configuration
                0x1fff829c                USBUART_ep0Count
                0x1fff829d                USBUART_deviceStatus
                0x1fff82a0                USBUART_EP
                0x1fff830c                USBUART_interfaceSetting
                0x1fff830e                USBUART_ep0Toggle
                0x1fff8310                USBUART_interfaceStatus
                0x1fff8318                . = ALIGN (0x8)
 *fill*         0x1fff8312        0x6 
 *(.ram.b)
                0x1fff8318                _end = .
                0x1fff8318                __end = .
                0x1fff8318                PROVIDE (end, .)
                0x1fff8318                PROVIDE (__bss_end__, .)
                0x00001bb0                __cy_region_init_ram = LOADADDR (.data)
                0x00000080                __cy_region_init_size_ram = (_edata - ADDR (.data))
                0x000001d0                __cy_region_zero_size_ram = (_end - _edata)

.heap           0x1fff8318       0x80 load address 0x00001c30
                0x1fff8318                . = _end
                0x1fff8398                . = (. + 0x80)
 *fill*         0x1fff8318       0x80 
                0x1fff8398                __cy_heap_limit = .

.stack          0x20007800      0x800
                0x20007800                __cy_stack_limit = .
                0x20008000                . = (. + 0x800)
 *fill*         0x20007800      0x800 
                0x00000001                ASSERT ((__cy_stack_limit >= __cy_heap_limit), region RAM overflowed with stack)
                0x00000000                cy_checksum_exclude_size = (CY_APPL_LOADABLE == 0x1)?SIZEOF (.cy_checksum_exclude):0x0
                0x00000001                ASSERT ((cy_checksum_exclude_size <= CY_CHECKSUM_EXCLUDE_SIZE), CY_BOOT: Section .cy_checksum_exclude size exceedes specified limit.)

.cyloadermeta
 *(.cyloadermeta)

.cyloadablemeta
 *(.cyloadablemeta)

.cyconfigecc    0x80000000     0x1000
 *(.cyconfigecc)
 .cyconfigecc   0x80000000     0x1000 .\CortexM3\ARM_GCC_541\Debug\cymetadata.o
                0x80000000                cy_meta_configecc

.cycustnvl      0x90000000        0x4
 *(.cycustnvl)
 .cycustnvl     0x90000000        0x4 .\CortexM3\ARM_GCC_541\Debug\cymetadata.o
                0x90000000                cy_meta_custnvl

.cywolatch      0x90100000        0x4
 *(.cywolatch)
 .cywolatch     0x90100000        0x4 .\CortexM3\ARM_GCC_541\Debug\cymetadata.o
                0x90100000                cy_meta_wonvl

.cyeeprom       0x90200000        0x0
 *(.cyeeprom)
                0x00000001                ASSERT ((. <= ((0x90200000 + ee_offset) + ee_size)), .cyeeprom data will not fit in EEPROM)

.cyflashprotect
                0x90400000      0x100
 *(.cyflashprotect)
 .cyflashprotect
                0x90400000      0x100 .\CortexM3\ARM_GCC_541\Debug\cymetadata.o
                0x90400000                cy_meta_flashprotect

.cymeta         0x90500000        0xc
 *(.cymeta)
 .cymeta        0x90500000        0xc .\CortexM3\ARM_GCC_541\Debug\cymetadata.o
                0x90500000                cy_metadata

.rel.dyn        0x00001c30        0x0 load address 0x9050000c
 .rel.iplt      0x00001c30        0x0 c:/program files (x86)/cypress/psoc creator/4.2/psoc creator/import/gnu/arm/5.4.1/bin/../lib/gcc/arm-none-eabi/5.4.1/armv7-m/crtbegin.o

.stab
 *(.stab)

.stabstr
 *(.stabstr)

.debug
 *(.debug)

.line
 *(.line)

.debug_srcinfo
 *(.debug_srcinfo)

.debug_sfnames
 *(.debug_sfnames)

.debug_aranges  0x00000000      0xe30
 *(.debug_aranges)
 .debug_aranges
                0x00000000       0x40 .\CortexM3\ARM_GCC_541\Debug\main.o
 .debug_aranges
                0x00000040       0x28 .\CortexM3\ARM_GCC_541\Debug\tacho.o
 .debug_aranges
                0x00000068       0x60 .\CortexM3\ARM_GCC_541\Debug\cyfitter_cfg.o
 .debug_aranges
                0x000000c8       0x18 .\CortexM3\ARM_GCC_541\Debug\cymetadata.o
 .debug_aranges
                0x000000e0       0x48 .\CortexM3\ARM_GCC_541\Debug\Cm3Start.o
 .debug_aranges
                0x00000128       0xe8 .\CortexM3\ARM_GCC_541\Debug\Hardware_Task2.a(USBUART_cdc.o)
 .debug_aranges
                0x00000210       0x98 .\CortexM3\ARM_GCC_541\Debug\Hardware_Task2.a(USBUART_drv.o)
 .debug_aranges
                0x000002a8       0x80 .\CortexM3\ARM_GCC_541\Debug\Hardware_Task2.a(USBUART_std.o)
 .debug_aranges
                0x00000328       0x20 .\CortexM3\ARM_GCC_541\Debug\Hardware_Task2.a(USBUART_vnd.o)
 .debug_aranges
                0x00000348       0xd8 .\CortexM3\ARM_GCC_541\Debug\Hardware_Task2.a(CyDmac.o)
 .debug_aranges
                0x00000420      0x2a0 .\CortexM3\ARM_GCC_541\Debug\Hardware_Task2.a(CyLib.o)
 .debug_aranges
                0x000006c0       0x98 .\CortexM3\ARM_GCC_541\Debug\Hardware_Task2.a(cyPm.o)
 .debug_aranges
                0x00000758       0x78 .\CortexM3\ARM_GCC_541\Debug\Hardware_Task2.a(PWM_1.o)
 .debug_aranges
                0x000007d0       0x78 .\CortexM3\ARM_GCC_541\Debug\Hardware_Task2.a(PWM_2.o)
 .debug_aranges
                0x00000848       0x60 .\CortexM3\ARM_GCC_541\Debug\Hardware_Task2.a(QuadDec_M1.o)
 .debug_aranges
                0x000008a8       0x60 .\CortexM3\ARM_GCC_541\Debug\Hardware_Task2.a(QuadDec_M2.o)
 .debug_aranges
                0x00000908       0x98 .\CortexM3\ARM_GCC_541\Debug\Hardware_Task2.a(QuadDec_M1_Cnt16.o)
 .debug_aranges
                0x000009a0       0x98 .\CortexM3\ARM_GCC_541\Debug\Hardware_Task2.a(QuadDec_M2_Cnt16.o)
 .debug_aranges
                0x00000a38       0x88 .\CortexM3\ARM_GCC_541\Debug\Hardware_Task2.a(Quad_TImer.o)
 .debug_aranges
                0x00000ac0       0x80 .\CortexM3\ARM_GCC_541\Debug\Hardware_Task2.a(isr_quad_timer.o)
 .debug_aranges
                0x00000b40       0x20 .\CortexM3\ARM_GCC_541\Debug\Hardware_Task2.a(CyBootAsmGnu.o)
 .debug_aranges
                0x00000b60       0xc8 .\CortexM3\ARM_GCC_541\Debug\Hardware_Task2.a(USBUART.o)
 .debug_aranges
                0x00000c28       0x20 .\CortexM3\ARM_GCC_541\Debug\Hardware_Task2.a(USBUART_cls.o)
 .debug_aranges
                0x00000c48       0x18 .\CortexM3\ARM_GCC_541\Debug\Hardware_Task2.a(USBUART_descr.o)
 .debug_aranges
                0x00000c60       0x40 .\CortexM3\ARM_GCC_541\Debug\Hardware_Task2.a(USBUART_episr.o)
 .debug_aranges
                0x00000ca0       0x40 .\CortexM3\ARM_GCC_541\Debug\Hardware_Task2.a(USBUART_pm.o)
 .debug_aranges
                0x00000ce0       0x48 .\CortexM3\ARM_GCC_541\Debug\Hardware_Task2.a(USBUART_Dp.o)
 .debug_aranges
                0x00000d28       0x88 .\CortexM3\ARM_GCC_541\Debug\Hardware_Task2.a(CyFlash.o)
 .debug_aranges
                0x00000db0       0x80 .\CortexM3\ARM_GCC_541\Debug\Hardware_Task2.a(CySpc.o)

.debug_pubnames
 *(.debug_pubnames)

.debug_info     0x00000000     0x70de
 *(.debug_info .gnu.linkonce.wi.*)
 .debug_info    0x00000000      0x470 .\CortexM3\ARM_GCC_541\Debug\main.o
 .debug_info    0x00000470      0x14e .\CortexM3\ARM_GCC_541\Debug\tacho.o
 .debug_info    0x000005be      0x481 .\CortexM3\ARM_GCC_541\Debug\cyfitter_cfg.o
 .debug_info    0x00000a3f      0x139 .\CortexM3\ARM_GCC_541\Debug\cymetadata.o
 .debug_info    0x00000b78      0x32b .\CortexM3\ARM_GCC_541\Debug\Cm3Start.o
 .debug_info    0x00000ea3      0x924 .\CortexM3\ARM_GCC_541\Debug\Hardware_Task2.a(USBUART_cdc.o)
 .debug_info    0x000017c7      0x52d .\CortexM3\ARM_GCC_541\Debug\Hardware_Task2.a(USBUART_drv.o)
 .debug_info    0x00001cf4      0x961 .\CortexM3\ARM_GCC_541\Debug\Hardware_Task2.a(USBUART_std.o)
 .debug_info    0x00002655      0x1a9 .\CortexM3\ARM_GCC_541\Debug\Hardware_Task2.a(USBUART_vnd.o)
 .debug_info    0x000027fe      0x8c0 .\CortexM3\ARM_GCC_541\Debug\Hardware_Task2.a(CyDmac.o)
 .debug_info    0x000030be      0xe51 .\CortexM3\ARM_GCC_541\Debug\Hardware_Task2.a(CyLib.o)
 .debug_info    0x00003f0f      0x57a .\CortexM3\ARM_GCC_541\Debug\Hardware_Task2.a(cyPm.o)
 .debug_info    0x00004489      0x235 .\CortexM3\ARM_GCC_541\Debug\Hardware_Task2.a(PWM_1.o)
 .debug_info    0x000046be      0x235 .\CortexM3\ARM_GCC_541\Debug\Hardware_Task2.a(PWM_2.o)
 .debug_info    0x000048f3      0x208 .\CortexM3\ARM_GCC_541\Debug\Hardware_Task2.a(QuadDec_M1.o)
 .debug_info    0x00004afb      0x208 .\CortexM3\ARM_GCC_541\Debug\Hardware_Task2.a(QuadDec_M2.o)
 .debug_info    0x00004d03      0x291 .\CortexM3\ARM_GCC_541\Debug\Hardware_Task2.a(QuadDec_M1_Cnt16.o)
 .debug_info    0x00004f94      0x291 .\CortexM3\ARM_GCC_541\Debug\Hardware_Task2.a(QuadDec_M2_Cnt16.o)
 .debug_info    0x00005225      0x245 .\CortexM3\ARM_GCC_541\Debug\Hardware_Task2.a(Quad_TImer.o)
 .debug_info    0x0000546a      0x241 .\CortexM3\ARM_GCC_541\Debug\Hardware_Task2.a(isr_quad_timer.o)
 .debug_info    0x000056ab       0xc1 .\CortexM3\ARM_GCC_541\Debug\Hardware_Task2.a(CyBootAsmGnu.o)
 .debug_info    0x0000576c      0x717 .\CortexM3\ARM_GCC_541\Debug\Hardware_Task2.a(USBUART.o)
 .debug_info    0x00005e83      0x1c8 .\CortexM3\ARM_GCC_541\Debug\Hardware_Task2.a(USBUART_cls.o)
 .debug_info    0x0000604b      0x2e1 .\CortexM3\ARM_GCC_541\Debug\Hardware_Task2.a(USBUART_descr.o)
 .debug_info    0x0000632c      0x23b .\CortexM3\ARM_GCC_541\Debug\Hardware_Task2.a(USBUART_episr.o)
 .debug_info    0x00006567      0x18d .\CortexM3\ARM_GCC_541\Debug\Hardware_Task2.a(USBUART_pm.o)
 .debug_info    0x000066f4      0x171 .\CortexM3\ARM_GCC_541\Debug\Hardware_Task2.a(USBUART_Dp.o)
 .debug_info    0x00006865      0x3b9 .\CortexM3\ARM_GCC_541\Debug\Hardware_Task2.a(CyFlash.o)
 .debug_info    0x00006c1e      0x4c0 .\CortexM3\ARM_GCC_541\Debug\Hardware_Task2.a(CySpc.o)

.debug_abbrev   0x00000000     0x22f9
 *(.debug_abbrev)
 .debug_abbrev  0x00000000      0x164 .\CortexM3\ARM_GCC_541\Debug\main.o
 .debug_abbrev  0x00000164       0x96 .\CortexM3\ARM_GCC_541\Debug\tacho.o
 .debug_abbrev  0x000001fa      0x1b7 .\CortexM3\ARM_GCC_541\Debug\cyfitter_cfg.o
 .debug_abbrev  0x000003b1       0x77 .\CortexM3\ARM_GCC_541\Debug\cymetadata.o
 .debug_abbrev  0x00000428      0x1d6 .\CortexM3\ARM_GCC_541\Debug\Cm3Start.o
 .debug_abbrev  0x000005fe      0x233 .\CortexM3\ARM_GCC_541\Debug\Hardware_Task2.a(USBUART_cdc.o)
 .debug_abbrev  0x00000831      0x161 .\CortexM3\ARM_GCC_541\Debug\Hardware_Task2.a(USBUART_drv.o)
 .debug_abbrev  0x00000992      0x1c2 .\CortexM3\ARM_GCC_541\Debug\Hardware_Task2.a(USBUART_std.o)
 .debug_abbrev  0x00000b54       0xc5 .\CortexM3\ARM_GCC_541\Debug\Hardware_Task2.a(USBUART_vnd.o)
 .debug_abbrev  0x00000c19      0x194 .\CortexM3\ARM_GCC_541\Debug\Hardware_Task2.a(CyDmac.o)
 .debug_abbrev  0x00000dad      0x217 .\CortexM3\ARM_GCC_541\Debug\Hardware_Task2.a(CyLib.o)
 .debug_abbrev  0x00000fc4      0x161 .\CortexM3\ARM_GCC_541\Debug\Hardware_Task2.a(cyPm.o)
 .debug_abbrev  0x00001125      0x116 .\CortexM3\ARM_GCC_541\Debug\Hardware_Task2.a(PWM_1.o)
 .debug_abbrev  0x0000123b      0x116 .\CortexM3\ARM_GCC_541\Debug\Hardware_Task2.a(PWM_2.o)
 .debug_abbrev  0x00001351      0x130 .\CortexM3\ARM_GCC_541\Debug\Hardware_Task2.a(QuadDec_M1.o)
 .debug_abbrev  0x00001481      0x130 .\CortexM3\ARM_GCC_541\Debug\Hardware_Task2.a(QuadDec_M2.o)
 .debug_abbrev  0x000015b1      0x12c .\CortexM3\ARM_GCC_541\Debug\Hardware_Task2.a(QuadDec_M1_Cnt16.o)
 .debug_abbrev  0x000016dd      0x12c .\CortexM3\ARM_GCC_541\Debug\Hardware_Task2.a(QuadDec_M2_Cnt16.o)
 .debug_abbrev  0x00001809       0xe9 .\CortexM3\ARM_GCC_541\Debug\Hardware_Task2.a(Quad_TImer.o)
 .debug_abbrev  0x000018f2      0x172 .\CortexM3\ARM_GCC_541\Debug\Hardware_Task2.a(isr_quad_timer.o)
 .debug_abbrev  0x00001a64       0x14 .\CortexM3\ARM_GCC_541\Debug\Hardware_Task2.a(CyBootAsmGnu.o)
 .debug_abbrev  0x00001a78      0x1f3 .\CortexM3\ARM_GCC_541\Debug\Hardware_Task2.a(USBUART.o)
 .debug_abbrev  0x00001c6b       0xc5 .\CortexM3\ARM_GCC_541\Debug\Hardware_Task2.a(USBUART_cls.o)
 .debug_abbrev  0x00001d30       0xb4 .\CortexM3\ARM_GCC_541\Debug\Hardware_Task2.a(USBUART_descr.o)
 .debug_abbrev  0x00001de4       0xfd .\CortexM3\ARM_GCC_541\Debug\Hardware_Task2.a(USBUART_episr.o)
 .debug_abbrev  0x00001ee1       0xd1 .\CortexM3\ARM_GCC_541\Debug\Hardware_Task2.a(USBUART_pm.o)
 .debug_abbrev  0x00001fb2       0x90 .\CortexM3\ARM_GCC_541\Debug\Hardware_Task2.a(USBUART_Dp.o)
 .debug_abbrev  0x00002042      0x14b .\CortexM3\ARM_GCC_541\Debug\Hardware_Task2.a(CyFlash.o)
 .debug_abbrev  0x0000218d      0x16c .\CortexM3\ARM_GCC_541\Debug\Hardware_Task2.a(CySpc.o)

.debug_line     0x00000000     0x376b
 *(.debug_line)
 .debug_line    0x00000000      0x1e1 .\CortexM3\ARM_GCC_541\Debug\main.o
 .debug_line    0x000001e1      0x183 .\CortexM3\ARM_GCC_541\Debug\tacho.o
 .debug_line    0x00000364      0x235 .\CortexM3\ARM_GCC_541\Debug\cyfitter_cfg.o
 .debug_line    0x00000599      0x141 .\CortexM3\ARM_GCC_541\Debug\cymetadata.o
 .debug_line    0x000006da      0x1db .\CortexM3\ARM_GCC_541\Debug\Cm3Start.o
 .debug_line    0x000008b5      0x30c .\CortexM3\ARM_GCC_541\Debug\Hardware_Task2.a(USBUART_cdc.o)
 .debug_line    0x00000bc1      0x21f .\CortexM3\ARM_GCC_541\Debug\Hardware_Task2.a(USBUART_drv.o)
 .debug_line    0x00000de0      0x470 .\CortexM3\ARM_GCC_541\Debug\Hardware_Task2.a(USBUART_std.o)
 .debug_line    0x00001250       0x8f .\CortexM3\ARM_GCC_541\Debug\Hardware_Task2.a(USBUART_vnd.o)
 .debug_line    0x000012df      0x2b6 .\CortexM3\ARM_GCC_541\Debug\Hardware_Task2.a(CyDmac.o)
 .debug_line    0x00001595      0x883 .\CortexM3\ARM_GCC_541\Debug\Hardware_Task2.a(CyLib.o)
 .debug_line    0x00001e18      0x38e .\CortexM3\ARM_GCC_541\Debug\Hardware_Task2.a(cyPm.o)
 .debug_line    0x000021a6      0x140 .\CortexM3\ARM_GCC_541\Debug\Hardware_Task2.a(PWM_1.o)
 .debug_line    0x000022e6      0x140 .\CortexM3\ARM_GCC_541\Debug\Hardware_Task2.a(PWM_2.o)
 .debug_line    0x00002426      0x10a .\CortexM3\ARM_GCC_541\Debug\Hardware_Task2.a(QuadDec_M1.o)
 .debug_line    0x00002530      0x10a .\CortexM3\ARM_GCC_541\Debug\Hardware_Task2.a(QuadDec_M2.o)
 .debug_line    0x0000263a      0x18e .\CortexM3\ARM_GCC_541\Debug\Hardware_Task2.a(QuadDec_M1_Cnt16.o)
 .debug_line    0x000027c8      0x18e .\CortexM3\ARM_GCC_541\Debug\Hardware_Task2.a(QuadDec_M2_Cnt16.o)
 .debug_line    0x00002956      0x162 .\CortexM3\ARM_GCC_541\Debug\Hardware_Task2.a(Quad_TImer.o)
 .debug_line    0x00002ab8      0x159 .\CortexM3\ARM_GCC_541\Debug\Hardware_Task2.a(isr_quad_timer.o)
 .debug_line    0x00002c11       0x66 .\CortexM3\ARM_GCC_541\Debug\Hardware_Task2.a(CyBootAsmGnu.o)
 .debug_line    0x00002c77      0x307 .\CortexM3\ARM_GCC_541\Debug\Hardware_Task2.a(USBUART.o)
 .debug_line    0x00002f7e       0x95 .\CortexM3\ARM_GCC_541\Debug\Hardware_Task2.a(USBUART_cls.o)
 .debug_line    0x00003013       0x61 .\CortexM3\ARM_GCC_541\Debug\Hardware_Task2.a(USBUART_descr.o)
 .debug_line    0x00003074       0xf2 .\CortexM3\ARM_GCC_541\Debug\Hardware_Task2.a(USBUART_episr.o)
 .debug_line    0x00003166       0xe6 .\CortexM3\ARM_GCC_541\Debug\Hardware_Task2.a(USBUART_pm.o)
 .debug_line    0x0000324c       0xbf .\CortexM3\ARM_GCC_541\Debug\Hardware_Task2.a(USBUART_Dp.o)
 .debug_line    0x0000330b      0x22f .\CortexM3\ARM_GCC_541\Debug\Hardware_Task2.a(CyFlash.o)
 .debug_line    0x0000353a      0x231 .\CortexM3\ARM_GCC_541\Debug\Hardware_Task2.a(CySpc.o)

.debug_frame    0x00000000     0x38bc
 *(.debug_frame)
 .debug_frame   0x00000000       0xcc .\CortexM3\ARM_GCC_541\Debug\main.o
 .debug_frame   0x000000cc       0x60 .\CortexM3\ARM_GCC_541\Debug\tacho.o
 .debug_frame   0x0000012c      0x16c .\CortexM3\ARM_GCC_541\Debug\cyfitter_cfg.o
 .debug_frame   0x00000298       0xd8 .\CortexM3\ARM_GCC_541\Debug\Cm3Start.o
 .debug_frame   0x00000370      0x3ec .\CortexM3\ARM_GCC_541\Debug\Hardware_Task2.a(USBUART_cdc.o)
 .debug_frame   0x0000075c      0x23c .\CortexM3\ARM_GCC_541\Debug\Hardware_Task2.a(USBUART_drv.o)
 .debug_frame   0x00000998      0x224 .\CortexM3\ARM_GCC_541\Debug\Hardware_Task2.a(USBUART_std.o)
 .debug_frame   0x00000bbc       0x38 .\CortexM3\ARM_GCC_541\Debug\Hardware_Task2.a(USBUART_vnd.o)
 .debug_frame   0x00000bf4      0x3d0 .\CortexM3\ARM_GCC_541\Debug\Hardware_Task2.a(CyDmac.o)
 .debug_frame   0x00000fc4      0xc0c .\CortexM3\ARM_GCC_541\Debug\Hardware_Task2.a(CyLib.o)
 .debug_frame   0x00001bd0      0x234 .\CortexM3\ARM_GCC_541\Debug\Hardware_Task2.a(cyPm.o)
 .debug_frame   0x00001e04      0x1d0 .\CortexM3\ARM_GCC_541\Debug\Hardware_Task2.a(PWM_1.o)
 .debug_frame   0x00001fd4      0x1d0 .\CortexM3\ARM_GCC_541\Debug\Hardware_Task2.a(PWM_2.o)
 .debug_frame   0x000021a4      0x160 .\CortexM3\ARM_GCC_541\Debug\Hardware_Task2.a(QuadDec_M1.o)
 .debug_frame   0x00002304      0x160 .\CortexM3\ARM_GCC_541\Debug\Hardware_Task2.a(QuadDec_M2.o)
 .debug_frame   0x00002464      0x258 .\CortexM3\ARM_GCC_541\Debug\Hardware_Task2.a(QuadDec_M1_Cnt16.o)
 .debug_frame   0x000026bc      0x258 .\CortexM3\ARM_GCC_541\Debug\Hardware_Task2.a(QuadDec_M2_Cnt16.o)
 .debug_frame   0x00002914      0x208 .\CortexM3\ARM_GCC_541\Debug\Hardware_Task2.a(Quad_TImer.o)
 .debug_frame   0x00002b1c      0x1e8 .\CortexM3\ARM_GCC_541\Debug\Hardware_Task2.a(isr_quad_timer.o)
 .debug_frame   0x00002d04      0x37c .\CortexM3\ARM_GCC_541\Debug\Hardware_Task2.a(USBUART.o)
 .debug_frame   0x00003080       0x38 .\CortexM3\ARM_GCC_541\Debug\Hardware_Task2.a(USBUART_cls.o)
 .debug_frame   0x000030b8       0xbc .\CortexM3\ARM_GCC_541\Debug\Hardware_Task2.a(USBUART_episr.o)
 .debug_frame   0x00003174       0xbc .\CortexM3\ARM_GCC_541\Debug\Hardware_Task2.a(USBUART_pm.o)
 .debug_frame   0x00003230       0xf4 .\CortexM3\ARM_GCC_541\Debug\Hardware_Task2.a(USBUART_Dp.o)
 .debug_frame   0x00003324      0x238 .\CortexM3\ARM_GCC_541\Debug\Hardware_Task2.a(CyFlash.o)
 .debug_frame   0x0000355c      0x228 .\CortexM3\ARM_GCC_541\Debug\Hardware_Task2.a(CySpc.o)
 .debug_frame   0x00003784       0x20 c:/program files (x86)/cypress/psoc creator/4.2/psoc creator/import/gnu/arm/5.4.1/bin/../lib/gcc/arm-none-eabi/5.4.1/../../../../arm-none-eabi/lib/armv7-m\libg_nano.a(lib_a-errno.o)
 .debug_frame   0x000037a4       0x28 c:/program files (x86)/cypress/psoc creator/4.2/psoc creator/import/gnu/arm/5.4.1/bin/../lib/gcc/arm-none-eabi/5.4.1/../../../../arm-none-eabi/lib/armv7-m\libg_nano.a(lib_a-exit.o)
 .debug_frame   0x000037cc       0x2c c:/program files (x86)/cypress/psoc creator/4.2/psoc creator/import/gnu/arm/5.4.1/bin/../lib/gcc/arm-none-eabi/5.4.1/../../../../arm-none-eabi/lib/armv7-m\libg_nano.a(lib_a-init.o)
 .debug_frame   0x000037f8       0x38 c:/program files (x86)/cypress/psoc creator/4.2/psoc creator/import/gnu/arm/5.4.1/bin/../lib/gcc/arm-none-eabi/5.4.1/../../../../arm-none-eabi/lib/armv7-m\libg_nano.a(lib_a-itoa.o)
 .debug_frame   0x00003830       0x28 c:/program files (x86)/cypress/psoc creator/4.2/psoc creator/import/gnu/arm/5.4.1/bin/../lib/gcc/arm-none-eabi/5.4.1/../../../../arm-none-eabi/lib/armv7-m\libg_nano.a(lib_a-memcpy-stub.o)
 .debug_frame   0x00003858       0x20 c:/program files (x86)/cypress/psoc creator/4.2/psoc creator/import/gnu/arm/5.4.1/bin/../lib/gcc/arm-none-eabi/5.4.1/../../../../arm-none-eabi/lib/armv7-m\libg_nano.a(lib_a-memset.o)
 .debug_frame   0x00003878       0x44 c:/program files (x86)/cypress/psoc creator/4.2/psoc creator/import/gnu/arm/5.4.1/bin/../lib/gcc/arm-none-eabi/5.4.1/../../../../arm-none-eabi/lib/armv7-m\libg_nano.a(lib_a-utoa.o)

.debug_str      0x00000000     0x356d
 *(.debug_str)
 .debug_str     0x00000000      0x37e .\CortexM3\ARM_GCC_541\Debug\main.o
                                0x412 (size before relaxing)
 .debug_str     0x0000037e       0x37 .\CortexM3\ARM_GCC_541\Debug\tacho.o
                                0x208 (size before relaxing)
 .debug_str     0x000003b5      0x1a9 .\CortexM3\ARM_GCC_541\Debug\cyfitter_cfg.o
                                0x36f (size before relaxing)
 .debug_str     0x0000055e       0x75 .\CortexM3\ARM_GCC_541\Debug\cymetadata.o
                                0x215 (size before relaxing)
 .debug_str     0x000005d3      0x11d .\CortexM3\ARM_GCC_541\Debug\Cm3Start.o
                                0x308 (size before relaxing)
 .debug_str     0x000006f0      0x56b .\CortexM3\ARM_GCC_541\Debug\Hardware_Task2.a(USBUART_cdc.o)
                                0x74b (size before relaxing)
 .debug_str     0x00000c5b      0x34b .\CortexM3\ARM_GCC_541\Debug\Hardware_Task2.a(USBUART_drv.o)
                                0x62b (size before relaxing)
 .debug_str     0x00000fa6      0x370 .\CortexM3\ARM_GCC_541\Debug\Hardware_Task2.a(USBUART_std.o)
                                0x78b (size before relaxing)
 .debug_str     0x00001316       0x5f .\CortexM3\ARM_GCC_541\Debug\Hardware_Task2.a(USBUART_vnd.o)
                                0x2a8 (size before relaxing)
 .debug_str     0x00001375      0x349 .\CortexM3\ARM_GCC_541\Debug\Hardware_Task2.a(CyDmac.o)
                                0x54e (size before relaxing)
 .debug_str     0x000016be      0x7d5 .\CortexM3\ARM_GCC_541\Debug\Hardware_Task2.a(CyLib.o)
                                0xa1b (size before relaxing)
 .debug_str     0x00001e93      0x371 .\CortexM3\ARM_GCC_541\Debug\Hardware_Task2.a(cyPm.o)
                                0x574 (size before relaxing)
 .debug_str     0x00002204      0x13a .\CortexM3\ARM_GCC_541\Debug\Hardware_Task2.a(PWM_1.o)
                                0x2fe (size before relaxing)
 .debug_str     0x0000233e      0x109 .\CortexM3\ARM_GCC_541\Debug\Hardware_Task2.a(PWM_2.o)
                                0x2fe (size before relaxing)
 .debug_str     0x00002447      0x10b .\CortexM3\ARM_GCC_541\Debug\Hardware_Task2.a(QuadDec_M1.o)
                                0x2e6 (size before relaxing)
 .debug_str     0x00002552       0xf3 .\CortexM3\ARM_GCC_541\Debug\Hardware_Task2.a(QuadDec_M2.o)
                                0x2e6 (size before relaxing)
 .debug_str     0x00002645      0x24d .\CortexM3\ARM_GCC_541\Debug\Hardware_Task2.a(QuadDec_M1_Cnt16.o)
                                0x42d (size before relaxing)
 .debug_str     0x00002892      0x236 .\CortexM3\ARM_GCC_541\Debug\Hardware_Task2.a(QuadDec_M2_Cnt16.o)
                                0x42d (size before relaxing)
 .debug_str     0x00002ac8      0x18d .\CortexM3\ARM_GCC_541\Debug\Hardware_Task2.a(Quad_TImer.o)
                                0x376 (size before relaxing)
 .debug_str     0x00002c55      0x164 .\CortexM3\ARM_GCC_541\Debug\Hardware_Task2.a(isr_quad_timer.o)
                                0x355 (size before relaxing)
 .debug_str     0x00002db9      0x214 .\CortexM3\ARM_GCC_541\Debug\Hardware_Task2.a(USBUART.o)
                                0x61c (size before relaxing)
 .debug_str     0x00002fcd       0x3f .\CortexM3\ARM_GCC_541\Debug\Hardware_Task2.a(USBUART_cls.o)
                                0x2c0 (size before relaxing)
 .debug_str     0x0000300c      0x104 .\CortexM3\ARM_GCC_541\Debug\Hardware_Task2.a(USBUART_descr.o)
                                0x3c3 (size before relaxing)
 .debug_str     0x00003110       0x80 .\CortexM3\ARM_GCC_541\Debug\Hardware_Task2.a(USBUART_episr.o)
                                0x2f8 (size before relaxing)
 .debug_str     0x00003190       0xac .\CortexM3\ARM_GCC_541\Debug\Hardware_Task2.a(USBUART_pm.o)
                                0x29c (size before relaxing)
 .debug_str     0x0000323c       0xb5 .\CortexM3\ARM_GCC_541\Debug\Hardware_Task2.a(USBUART_Dp.o)
                                0x272 (size before relaxing)
 .debug_str     0x000032f1      0x14f .\CortexM3\ARM_GCC_541\Debug\Hardware_Task2.a(CyFlash.o)
                                0x338 (size before relaxing)
 .debug_str     0x00003440      0x12d .\CortexM3\ARM_GCC_541\Debug\Hardware_Task2.a(CySpc.o)
                                0x332 (size before relaxing)

.debug_loc
 *(.debug_loc)

.debug_macinfo
 *(.debug_macinfo)

.debug_ranges   0x00000000      0xc40
 *(.debug_ranges)
 .debug_ranges  0x00000000       0x30 .\CortexM3\ARM_GCC_541\Debug\main.o
 .debug_ranges  0x00000030       0x18 .\CortexM3\ARM_GCC_541\Debug\tacho.o
 .debug_ranges  0x00000048       0x50 .\CortexM3\ARM_GCC_541\Debug\cyfitter_cfg.o
 .debug_ranges  0x00000098       0x38 .\CortexM3\ARM_GCC_541\Debug\Cm3Start.o
 .debug_ranges  0x000000d0       0xd8 .\CortexM3\ARM_GCC_541\Debug\Hardware_Task2.a(USBUART_cdc.o)
 .debug_ranges  0x000001a8       0x88 .\CortexM3\ARM_GCC_541\Debug\Hardware_Task2.a(USBUART_drv.o)
 .debug_ranges  0x00000230       0x70 .\CortexM3\ARM_GCC_541\Debug\Hardware_Task2.a(USBUART_std.o)
 .debug_ranges  0x000002a0       0x10 .\CortexM3\ARM_GCC_541\Debug\Hardware_Task2.a(USBUART_vnd.o)
 .debug_ranges  0x000002b0       0xc8 .\CortexM3\ARM_GCC_541\Debug\Hardware_Task2.a(CyDmac.o)
 .debug_ranges  0x00000378      0x290 .\CortexM3\ARM_GCC_541\Debug\Hardware_Task2.a(CyLib.o)
 .debug_ranges  0x00000608       0x88 .\CortexM3\ARM_GCC_541\Debug\Hardware_Task2.a(cyPm.o)
 .debug_ranges  0x00000690       0x68 .\CortexM3\ARM_GCC_541\Debug\Hardware_Task2.a(PWM_1.o)
 .debug_ranges  0x000006f8       0x68 .\CortexM3\ARM_GCC_541\Debug\Hardware_Task2.a(PWM_2.o)
 .debug_ranges  0x00000760       0x50 .\CortexM3\ARM_GCC_541\Debug\Hardware_Task2.a(QuadDec_M1.o)
 .debug_ranges  0x000007b0       0x50 .\CortexM3\ARM_GCC_541\Debug\Hardware_Task2.a(QuadDec_M2.o)
 .debug_ranges  0x00000800       0x88 .\CortexM3\ARM_GCC_541\Debug\Hardware_Task2.a(QuadDec_M1_Cnt16.o)
 .debug_ranges  0x00000888       0x88 .\CortexM3\ARM_GCC_541\Debug\Hardware_Task2.a(QuadDec_M2_Cnt16.o)
 .debug_ranges  0x00000910       0x78 .\CortexM3\ARM_GCC_541\Debug\Hardware_Task2.a(Quad_TImer.o)
 .debug_ranges  0x00000988       0x70 .\CortexM3\ARM_GCC_541\Debug\Hardware_Task2.a(isr_quad_timer.o)
 .debug_ranges  0x000009f8       0xb8 .\CortexM3\ARM_GCC_541\Debug\Hardware_Task2.a(USBUART.o)
 .debug_ranges  0x00000ab0       0x10 .\CortexM3\ARM_GCC_541\Debug\Hardware_Task2.a(USBUART_cls.o)
 .debug_ranges  0x00000ac0       0x30 .\CortexM3\ARM_GCC_541\Debug\Hardware_Task2.a(USBUART_episr.o)
 .debug_ranges  0x00000af0       0x30 .\CortexM3\ARM_GCC_541\Debug\Hardware_Task2.a(USBUART_pm.o)
 .debug_ranges  0x00000b20       0x38 .\CortexM3\ARM_GCC_541\Debug\Hardware_Task2.a(USBUART_Dp.o)
 .debug_ranges  0x00000b58       0x78 .\CortexM3\ARM_GCC_541\Debug\Hardware_Task2.a(CyFlash.o)
 .debug_ranges  0x00000bd0       0x70 .\CortexM3\ARM_GCC_541\Debug\Hardware_Task2.a(CySpc.o)

.comment        0x00000000       0x6e
 .comment       0x00000000       0x6e .\CortexM3\ARM_GCC_541\Debug\main.o
                                 0x6f (size before relaxing)
 .comment       0x0000006e       0x6f .\CortexM3\ARM_GCC_541\Debug\tacho.o
 .comment       0x0000006e       0x6f .\CortexM3\ARM_GCC_541\Debug\cyfitter_cfg.o
 .comment       0x0000006e       0x6f .\CortexM3\ARM_GCC_541\Debug\cymetadata.o
 .comment       0x0000006e       0x6f .\CortexM3\ARM_GCC_541\Debug\Cm3Start.o
 .comment       0x0000006e       0x6f .\CortexM3\ARM_GCC_541\Debug\Hardware_Task2.a(USBUART_cdc.o)
 .comment       0x0000006e       0x6f .\CortexM3\ARM_GCC_541\Debug\Hardware_Task2.a(USBUART_drv.o)
 .comment       0x0000006e       0x6f .\CortexM3\ARM_GCC_541\Debug\Hardware_Task2.a(USBUART_std.o)
 .comment       0x0000006e       0x6f .\CortexM3\ARM_GCC_541\Debug\Hardware_Task2.a(USBUART_vnd.o)
 .comment       0x0000006e       0x6f .\CortexM3\ARM_GCC_541\Debug\Hardware_Task2.a(CyDmac.o)
 .comment       0x0000006e       0x6f .\CortexM3\ARM_GCC_541\Debug\Hardware_Task2.a(CyLib.o)
 .comment       0x0000006e       0x6f .\CortexM3\ARM_GCC_541\Debug\Hardware_Task2.a(cyPm.o)
 .comment       0x0000006e       0x6f .\CortexM3\ARM_GCC_541\Debug\Hardware_Task2.a(PWM_1.o)
 .comment       0x0000006e       0x6f .\CortexM3\ARM_GCC_541\Debug\Hardware_Task2.a(PWM_2.o)
 .comment       0x0000006e       0x6f .\CortexM3\ARM_GCC_541\Debug\Hardware_Task2.a(QuadDec_M1.o)
 .comment       0x0000006e       0x6f .\CortexM3\ARM_GCC_541\Debug\Hardware_Task2.a(QuadDec_M2.o)
 .comment       0x0000006e       0x6f .\CortexM3\ARM_GCC_541\Debug\Hardware_Task2.a(QuadDec_M1_Cnt16.o)
 .comment       0x0000006e       0x6f .\CortexM3\ARM_GCC_541\Debug\Hardware_Task2.a(QuadDec_M2_Cnt16.o)
 .comment       0x0000006e       0x6f .\CortexM3\ARM_GCC_541\Debug\Hardware_Task2.a(Quad_TImer.o)
 .comment       0x0000006e       0x6f .\CortexM3\ARM_GCC_541\Debug\Hardware_Task2.a(isr_quad_timer.o)
 .comment       0x0000006e       0x6f .\CortexM3\ARM_GCC_541\Debug\Hardware_Task2.a(USBUART.o)
 .comment       0x0000006e       0x6f .\CortexM3\ARM_GCC_541\Debug\Hardware_Task2.a(USBUART_cls.o)
 .comment       0x0000006e       0x6f .\CortexM3\ARM_GCC_541\Debug\Hardware_Task2.a(USBUART_descr.o)
 .comment       0x0000006e       0x6f .\CortexM3\ARM_GCC_541\Debug\Hardware_Task2.a(USBUART_episr.o)
 .comment       0x0000006e       0x6f .\CortexM3\ARM_GCC_541\Debug\Hardware_Task2.a(USBUART_pm.o)
 .comment       0x0000006e       0x6f .\CortexM3\ARM_GCC_541\Debug\Hardware_Task2.a(USBUART_Dp.o)
 .comment       0x0000006e       0x6f .\CortexM3\ARM_GCC_541\Debug\Hardware_Task2.a(CyFlash.o)
 .comment       0x0000006e       0x6f .\CortexM3\ARM_GCC_541\Debug\Hardware_Task2.a(CySpc.o)

.debug_weaknames
 *(.debug_weaknames)

.debug_funcnames
 *(.debug_funcnames)

.debug_typenames
 *(.debug_typenames)

.debug_varnames
 *(.debug_varnames)

.note.gnu.arm.ident
 *(.note.gnu.arm.ident)

.ARM.attributes
                0x00000000       0x29
 *(.ARM.attributes)
 .ARM.attributes
                0x00000000       0x1d c:/program files (x86)/cypress/psoc creator/4.2/psoc creator/import/gnu/arm/5.4.1/bin/../lib/gcc/arm-none-eabi/5.4.1/armv7-m/crti.o
 .ARM.attributes
                0x0000001d       0x2d c:/program files (x86)/cypress/psoc creator/4.2/psoc creator/import/gnu/arm/5.4.1/bin/../lib/gcc/arm-none-eabi/5.4.1/armv7-m/crtbegin.o
 .ARM.attributes
                0x0000004a       0x1b c:/program files (x86)/cypress/psoc creator/4.2/psoc creator/import/gnu/arm/5.4.1/bin/../lib/gcc/arm-none-eabi/5.4.1/../../../../arm-none-eabi/lib/armv7-m/crt0.o
 .ARM.attributes
                0x00000065       0x33 .\CortexM3\ARM_GCC_541\Debug\main.o
 .ARM.attributes
                0x00000098       0x33 .\CortexM3\ARM_GCC_541\Debug\tacho.o
 .ARM.attributes
                0x000000cb       0x33 .\CortexM3\ARM_GCC_541\Debug\cyfitter_cfg.o
 .ARM.attributes
                0x000000fe       0x33 .\CortexM3\ARM_GCC_541\Debug\cymetadata.o
 .ARM.attributes
                0x00000131       0x33 .\CortexM3\ARM_GCC_541\Debug\Cm3Start.o
 .ARM.attributes
                0x00000164       0x33 .\CortexM3\ARM_GCC_541\Debug\Hardware_Task2.a(USBUART_cdc.o)
 .ARM.attributes
                0x00000197       0x33 .\CortexM3\ARM_GCC_541\Debug\Hardware_Task2.a(USBUART_drv.o)
 .ARM.attributes
                0x000001ca       0x33 .\CortexM3\ARM_GCC_541\Debug\Hardware_Task2.a(USBUART_std.o)
 .ARM.attributes
                0x000001fd       0x33 .\CortexM3\ARM_GCC_541\Debug\Hardware_Task2.a(USBUART_vnd.o)
 .ARM.attributes
                0x00000230       0x33 .\CortexM3\ARM_GCC_541\Debug\Hardware_Task2.a(CyDmac.o)
 .ARM.attributes
                0x00000263       0x33 .\CortexM3\ARM_GCC_541\Debug\Hardware_Task2.a(CyLib.o)
 .ARM.attributes
                0x00000296       0x33 .\CortexM3\ARM_GCC_541\Debug\Hardware_Task2.a(cyPm.o)
 .ARM.attributes
                0x000002c9       0x33 .\CortexM3\ARM_GCC_541\Debug\Hardware_Task2.a(PWM_1.o)
 .ARM.attributes
                0x000002fc       0x33 .\CortexM3\ARM_GCC_541\Debug\Hardware_Task2.a(PWM_2.o)
 .ARM.attributes
                0x0000032f       0x33 .\CortexM3\ARM_GCC_541\Debug\Hardware_Task2.a(QuadDec_M1.o)
 .ARM.attributes
                0x00000362       0x33 .\CortexM3\ARM_GCC_541\Debug\Hardware_Task2.a(QuadDec_M2.o)
 .ARM.attributes
                0x00000395       0x33 .\CortexM3\ARM_GCC_541\Debug\Hardware_Task2.a(QuadDec_M1_Cnt16.o)
 .ARM.attributes
                0x000003c8       0x33 .\CortexM3\ARM_GCC_541\Debug\Hardware_Task2.a(QuadDec_M2_Cnt16.o)
 .ARM.attributes
                0x000003fb       0x33 .\CortexM3\ARM_GCC_541\Debug\Hardware_Task2.a(Quad_TImer.o)
 .ARM.attributes
                0x0000042e       0x33 .\CortexM3\ARM_GCC_541\Debug\Hardware_Task2.a(isr_quad_timer.o)
 .ARM.attributes
                0x00000461       0x21 .\CortexM3\ARM_GCC_541\Debug\Hardware_Task2.a(CyBootAsmGnu.o)
 .ARM.attributes
                0x00000482       0x33 .\CortexM3\ARM_GCC_541\Debug\Hardware_Task2.a(USBUART.o)
 .ARM.attributes
                0x000004b5       0x33 .\CortexM3\ARM_GCC_541\Debug\Hardware_Task2.a(USBUART_cls.o)
 .ARM.attributes
                0x000004e8       0x33 .\CortexM3\ARM_GCC_541\Debug\Hardware_Task2.a(USBUART_descr.o)
 .ARM.attributes
                0x0000051b       0x33 .\CortexM3\ARM_GCC_541\Debug\Hardware_Task2.a(USBUART_episr.o)
 .ARM.attributes
                0x0000054e       0x33 .\CortexM3\ARM_GCC_541\Debug\Hardware_Task2.a(USBUART_pm.o)
 .ARM.attributes
                0x00000581       0x33 .\CortexM3\ARM_GCC_541\Debug\Hardware_Task2.a(USBUART_Dp.o)
 .ARM.attributes
                0x000005b4       0x33 .\CortexM3\ARM_GCC_541\Debug\Hardware_Task2.a(CyFlash.o)
 .ARM.attributes
                0x000005e7       0x33 .\CortexM3\ARM_GCC_541\Debug\Hardware_Task2.a(CySpc.o)
 .ARM.attributes
                0x0000061a       0x1d c:/program files (x86)/cypress/psoc creator/4.2/psoc creator/import/gnu/arm/5.4.1/bin/../lib/gcc/arm-none-eabi/5.4.1/armv7-m\libgcc.a(_arm_addsubdf3.o)
 .ARM.attributes
                0x00000637       0x1d c:/program files (x86)/cypress/psoc creator/4.2/psoc creator/import/gnu/arm/5.4.1/bin/../lib/gcc/arm-none-eabi/5.4.1/armv7-m\libgcc.a(_arm_muldivdf3.o)
 .ARM.attributes
                0x00000654       0x1d c:/program files (x86)/cypress/psoc creator/4.2/psoc creator/import/gnu/arm/5.4.1/bin/../lib/gcc/arm-none-eabi/5.4.1/armv7-m\libgcc.a(_arm_fixunsdfsi.o)
 .ARM.attributes
                0x00000671       0x1d c:/program files (x86)/cypress/psoc creator/4.2/psoc creator/import/gnu/arm/5.4.1/bin/../lib/gcc/arm-none-eabi/5.4.1/armv7-m\libgcc.a(_arm_addsubsf3.o)
 .ARM.attributes
                0x0000068e       0x2d c:/program files (x86)/cypress/psoc creator/4.2/psoc creator/import/gnu/arm/5.4.1/bin/../lib/gcc/arm-none-eabi/5.4.1/../../../../arm-none-eabi/lib/armv7-m\libg_nano.a(lib_a-errno.o)
 .ARM.attributes
                0x000006bb       0x2d c:/program files (x86)/cypress/psoc creator/4.2/psoc creator/import/gnu/arm/5.4.1/bin/../lib/gcc/arm-none-eabi/5.4.1/../../../../arm-none-eabi/lib/armv7-m\libg_nano.a(lib_a-exit.o)
 .ARM.attributes
                0x000006e8       0x2d c:/program files (x86)/cypress/psoc creator/4.2/psoc creator/import/gnu/arm/5.4.1/bin/../lib/gcc/arm-none-eabi/5.4.1/../../../../arm-none-eabi/lib/armv7-m\libg_nano.a(lib_a-impure.o)
 .ARM.attributes
                0x00000715       0x2d c:/program files (x86)/cypress/psoc creator/4.2/psoc creator/import/gnu/arm/5.4.1/bin/../lib/gcc/arm-none-eabi/5.4.1/../../../../arm-none-eabi/lib/armv7-m\libg_nano.a(lib_a-init.o)
 .ARM.attributes
                0x00000742       0x2d c:/program files (x86)/cypress/psoc creator/4.2/psoc creator/import/gnu/arm/5.4.1/bin/../lib/gcc/arm-none-eabi/5.4.1/../../../../arm-none-eabi/lib/armv7-m\libg_nano.a(lib_a-itoa.o)
 .ARM.attributes
                0x0000076f       0x2d c:/program files (x86)/cypress/psoc creator/4.2/psoc creator/import/gnu/arm/5.4.1/bin/../lib/gcc/arm-none-eabi/5.4.1/../../../../arm-none-eabi/lib/armv7-m\libg_nano.a(lib_a-memcpy-stub.o)
 .ARM.attributes
                0x0000079c       0x2d c:/program files (x86)/cypress/psoc creator/4.2/psoc creator/import/gnu/arm/5.4.1/bin/../lib/gcc/arm-none-eabi/5.4.1/../../../../arm-none-eabi/lib/armv7-m\libg_nano.a(lib_a-memset.o)
 .ARM.attributes
                0x000007c9       0x17 c:/program files (x86)/cypress/psoc creator/4.2/psoc creator/import/gnu/arm/5.4.1/bin/../lib/gcc/arm-none-eabi/5.4.1/../../../../arm-none-eabi/lib/armv7-m\libg_nano.a(lib_a-strlen.o)
 .ARM.attributes
                0x000007e0       0x2d c:/program files (x86)/cypress/psoc creator/4.2/psoc creator/import/gnu/arm/5.4.1/bin/../lib/gcc/arm-none-eabi/5.4.1/../../../../arm-none-eabi/lib/armv7-m\libg_nano.a(lib_a-utoa.o)
 .ARM.attributes
                0x0000080d       0x2d c:/program files (x86)/cypress/psoc creator/4.2/psoc creator/import/gnu/arm/5.4.1/bin/../lib/gcc/arm-none-eabi/5.4.1/armv7-m/crtend.o
 .ARM.attributes
                0x0000083a       0x1d c:/program files (x86)/cypress/psoc creator/4.2/psoc creator/import/gnu/arm/5.4.1/bin/../lib/gcc/arm-none-eabi/5.4.1/armv7-m/crtn.o

/DISCARD/
 *(.note.GNU-stack)
OUTPUT(C:\Users\schoo\302OffOnedrive\301 Project\12_Cypress_LineFollowingRobot\Robert\HArdware_Task2\Hardware_Task2.cydsn\CortexM3\ARM_GCC_541\Debug\Hardware_Task2.elf elf32-littlearm)
