Archive member included to satisfy reference by file (symbol)

.\CortexM3\ARM_GCC_541\Debug\Hardware_Task2.a(isr_TS.o)
                              .\CortexM3\ARM_GCC_541\Debug\main.o (isr_TS_StartEx)
.\CortexM3\ARM_GCC_541\Debug\Hardware_Task2.a(Timer_TS.o)
                              .\CortexM3\ARM_GCC_541\Debug\main.o (Timer_TS_WritePeriod)
.\CortexM3\ARM_GCC_541\Debug\Hardware_Task2.a(USBUART.o)
                              .\CortexM3\ARM_GCC_541\Debug\main.o (USBUART_Start)
.\CortexM3\ARM_GCC_541\Debug\Hardware_Task2.a(USBUART_cdc.o)
                              .\CortexM3\ARM_GCC_541\Debug\main.o (USBUART_PutData)
.\CortexM3\ARM_GCC_541\Debug\Hardware_Task2.a(USBUART_drv.o)
                              .\CortexM3\ARM_GCC_541\Debug\Hardware_Task2.a(USBUART.o) (USBUART_EP)
.\CortexM3\ARM_GCC_541\Debug\Hardware_Task2.a(USBUART_episr.o)
                              .\CortexM3\ARM_GCC_541\Debug\Hardware_Task2.a(USBUART.o) (USBUART_EP_1_ISR)
.\CortexM3\ARM_GCC_541\Debug\Hardware_Task2.a(USBUART_pm.o)
                              .\CortexM3\ARM_GCC_541\Debug\Hardware_Task2.a(USBUART.o) (USBUART_DP_ISR)
.\CortexM3\ARM_GCC_541\Debug\Hardware_Task2.a(USBUART_std.o)
                              .\CortexM3\ARM_GCC_541\Debug\Hardware_Task2.a(USBUART_drv.o) (USBUART_HandleStandardRqst)
.\CortexM3\ARM_GCC_541\Debug\Hardware_Task2.a(USBUART_vnd.o)
                              .\CortexM3\ARM_GCC_541\Debug\Hardware_Task2.a(USBUART_drv.o) (USBUART_HandleVendorRqst)
.\CortexM3\ARM_GCC_541\Debug\Hardware_Task2.a(USBUART_Dp.o)
                              .\CortexM3\ARM_GCC_541\Debug\Hardware_Task2.a(USBUART.o) (USBUART_Dp_ClearInterrupt)
.\CortexM3\ARM_GCC_541\Debug\Hardware_Task2.a(CyDmac.o)
                              .\CortexM3\ARM_GCC_541\Debug\Cm3Start.o (CyDmacConfigure)
.\CortexM3\ARM_GCC_541\Debug\Hardware_Task2.a(CyLib.o)
                              .\CortexM3\ARM_GCC_541\Debug\Cm3Start.o (CyResetStatus)
.\CortexM3\ARM_GCC_541\Debug\Hardware_Task2.a(cyPm.o)
                              .\CortexM3\ARM_GCC_541\Debug\Hardware_Task2.a(CyLib.o) (CyPmReadStatus)
.\CortexM3\ARM_GCC_541\Debug\Hardware_Task2.a(PWM_1.o)
                              .\CortexM3\ARM_GCC_541\Debug\main.o (PWM_1_Start)
.\CortexM3\ARM_GCC_541\Debug\Hardware_Task2.a(PWM_2.o)
                              .\CortexM3\ARM_GCC_541\Debug\main.o (PWM_2_Start)
.\CortexM3\ARM_GCC_541\Debug\Hardware_Task2.a(QuadDec_M1.o)
                              .\CortexM3\ARM_GCC_541\Debug\main.o (QuadDec_M1_Start)
.\CortexM3\ARM_GCC_541\Debug\Hardware_Task2.a(QuadDec_M1_INT.o)
                              .\CortexM3\ARM_GCC_541\Debug\Hardware_Task2.a(QuadDec_M1.o) (QuadDec_M1_count32SoftPart)
.\CortexM3\ARM_GCC_541\Debug\Hardware_Task2.a(QuadDec_M2.o)
                              .\CortexM3\ARM_GCC_541\Debug\main.o (QuadDec_M2_Start)
.\CortexM3\ARM_GCC_541\Debug\Hardware_Task2.a(QuadDec_M2_INT.o)
                              .\CortexM3\ARM_GCC_541\Debug\Hardware_Task2.a(QuadDec_M2.o) (QuadDec_M2_count32SoftPart)
.\CortexM3\ARM_GCC_541\Debug\Hardware_Task2.a(QuadDec_M1_Cnt16.o)
                              .\CortexM3\ARM_GCC_541\Debug\Hardware_Task2.a(QuadDec_M1.o) (QuadDec_M1_Cnt16_WriteCounter)
.\CortexM3\ARM_GCC_541\Debug\Hardware_Task2.a(QuadDec_M2_Cnt16.o)
                              .\CortexM3\ARM_GCC_541\Debug\Hardware_Task2.a(QuadDec_M2.o) (QuadDec_M2_Cnt16_WriteCounter)
.\CortexM3\ARM_GCC_541\Debug\Hardware_Task2.a(Quad_TImer.o)
                              .\CortexM3\ARM_GCC_541\Debug\main.o (Quad_TImer_WritePeriod)
.\CortexM3\ARM_GCC_541\Debug\Hardware_Task2.a(isr_quad_timer.o)
                              .\CortexM3\ARM_GCC_541\Debug\main.o (isr_quad_timer_StartEx)
.\CortexM3\ARM_GCC_541\Debug\Hardware_Task2.a(M2_INV.o)
                              .\CortexM3\ARM_GCC_541\Debug\main.o (M2_INV_Write)
.\CortexM3\ARM_GCC_541\Debug\Hardware_Task2.a(Q1.o)
                              .\CortexM3\ARM_GCC_541\Debug\main.o (Q1_Read)
.\CortexM3\ARM_GCC_541\Debug\Hardware_Task2.a(Q3.o)
                              .\CortexM3\ARM_GCC_541\Debug\main.o (Q3_Read)
.\CortexM3\ARM_GCC_541\Debug\Hardware_Task2.a(CyBootAsmGnu.o)
                              .\CortexM3\ARM_GCC_541\Debug\cyfitter_cfg.o (CyDelayCycles)
.\CortexM3\ARM_GCC_541\Debug\Hardware_Task2.a(USBUART_cls.o)
                              .\CortexM3\ARM_GCC_541\Debug\Hardware_Task2.a(USBUART_drv.o) (USBUART_DispatchClassRqst)
.\CortexM3\ARM_GCC_541\Debug\Hardware_Task2.a(USBUART_descr.o)
                              .\CortexM3\ARM_GCC_541\Debug\Hardware_Task2.a(USBUART_std.o) (USBUART_DEVICE0_DESCR)
.\CortexM3\ARM_GCC_541\Debug\Hardware_Task2.a(CyFlash.o)
                              .\CortexM3\ARM_GCC_541\Debug\Hardware_Task2.a(cyPm.o) (CyFlash_SetWaitCycles)
.\CortexM3\ARM_GCC_541\Debug\Hardware_Task2.a(CySpc.o)
                              .\CortexM3\ARM_GCC_541\Debug\Hardware_Task2.a(CyFlash.o) (CySpcStart)
[...]
Memory Configuration

Name             Origin             Length             Attributes
rom              0x00000000         0x00040000         xr
ram              0x1fff8000         0x00010000         xrw
*default*        0x00000000         0xffffffff

Linker script and memory map

LOAD c:/program files (x86)/cypress/psoc creator/4.2/psoc creator/import/gnu/arm/5.4.1/bin/../lib/gcc/arm-none-eabi/5.4.1/armv7-m/crti.o
LOAD c:/program files (x86)/cypress/psoc creator/4.2/psoc creator/import/gnu/arm/5.4.1/bin/../lib/gcc/arm-none-eabi/5.4.1/armv7-m/crtbegin.o
LOAD c:/program files (x86)/cypress/psoc creator/4.2/psoc creator/import/gnu/arm/5.4.1/bin/../lib/gcc/arm-none-eabi/5.4.1/../../../../arm-none-eabi/lib/armv7-m/crt0.o
START GROUP
LOAD .\CortexM3\ARM_GCC_541\Debug\main.o
LOAD .\CortexM3\ARM_GCC_541\Debug\tacho.o
LOAD .\CortexM3\ARM_GCC_541\Debug\algo.o
LOAD .\CortexM3\ARM_GCC_541\Debug\cyfitter_cfg.o
LOAD .\CortexM3\ARM_GCC_541\Debug\cymetadata.o
LOAD .\CortexM3\ARM_GCC_541\Debug\Cm3Start.o
LOAD .\CortexM3\ARM_GCC_541\Debug\Hardware_Task2.a
LOAD C:\Program Files (x86)\Cypress\PSoC Creator\4.2\PSoC Creator\psoc\content\cycomponentlibrary\CyComponentLibrary.cylib\CortexM3\ARM_GCC_541\Debug\CyComponentLibrary.a
END GROUP
START GROUP
LOAD c:/program files (x86)/cypress/psoc creator/4.2/psoc creator/import/gnu/arm/5.4.1/bin/../lib/gcc/arm-none-eabi/5.4.1/armv7-m\libgcc.a
LOAD c:/program files (x86)/cypress/psoc creator/4.2/psoc creator/import/gnu/arm/5.4.1/bin/../lib/gcc/arm-none-eabi/5.4.1/../../../../arm-none-eabi/lib/armv7-m\libg_nano.a
LOAD c:/program files (x86)/cypress/psoc creator/4.2/psoc creator/import/gnu/arm/5.4.1/bin/../lib/gcc/arm-none-eabi/5.4.1/../../../../arm-none-eabi/lib/armv7-m\libc_nano.a
END GROUP
START GROUP
LOAD c:/program files (x86)/cypress/psoc creator/4.2/psoc creator/import/gnu/arm/5.4.1/bin/../lib/gcc/arm-none-eabi/5.4.1/armv7-m\libgcc.a
LOAD c:/program files (x86)/cypress/psoc creator/4.2/psoc creator/import/gnu/arm/5.4.1/bin/../lib/gcc/arm-none-eabi/5.4.1/../../../../arm-none-eabi/lib/armv7-m\libc_nano.a
END GROUP
LOAD c:/program files (x86)/cypress/psoc creator/4.2/psoc creator/import/gnu/arm/5.4.1/bin/../lib/gcc/arm-none-eabi/5.4.1/armv7-m/crtend.o
LOAD c:/program files (x86)/cypress/psoc creator/4.2/psoc creator/import/gnu/arm/5.4.1/bin/../lib/gcc/arm-none-eabi/5.4.1/armv7-m/crtn.o
START GROUP
LOAD c:/program files (x86)/cypress/psoc creator/4.2/psoc creator/import/gnu/arm/5.4.1/bin/../lib/gcc/arm-none-eabi/5.4.1/armv7-m\libgcc.a
LOAD c:/program files (x86)/cypress/psoc creator/4.2/psoc creator/import/gnu/arm/5.4.1/bin/../lib/gcc/arm-none-eabi/5.4.1/../../../../arm-none-eabi/lib/armv7-m\libc.a
LOAD c:/program files (x86)/cypress/psoc creator/4.2/psoc creator/import/gnu/arm/5.4.1/bin/../lib/gcc/arm-none-eabi/5.4.1/../../../../arm-none-eabi/lib/armv7-m\libnosys.a
END GROUP
                0x00000000                CY_APPL_ORIGIN = 0x0
                0x00000100                CY_FLASH_ROW_SIZE = 0x100
                0x00000020                CY_ECC_ROW_SIZE = 0x20
                0x00000000                CY_EE_IN_BTLDR = 0x0
                0x00000000                CY_APPL_LOADABLE = 0x0
                0x00000800                CY_EE_SIZE = 0x800
                0x00000001                CY_APPL_NUM = 0x1
                0x00000001                CY_APPL_MAX = 0x1
                0x00000040                CY_METADATA_SIZE = 0x40
                0x00000000                CY_APPL_LOADABLE = 0x0
                0x00000000                CY_CHECKSUM_EXCLUDE_SIZE = ALIGN (0x0, CY_FLASH_ROW_SIZE)
                [!provide]                PROVIDE (__cy_heap_start, _end)
                0x00000001                PROVIDE (__cy_region_num, ((__cy_regions_end - __cy_regions) / 0x10))
                0x20008000                PROVIDE (__cy_stack, (ORIGIN (ram) + LENGTH (ram)))
                [!provide]                PROVIDE (__cy_heap_end, (__cy_stack - 0x800))

.cybootloader   0x00000000        0x0
 *(.cybootloader)
                0x00000000                appl1_start = CY_APPL_ORIGIN?CY_APPL_ORIGIN:ALIGN (CY_FLASH_ROW_SIZE)
                0x0001ff00                appl2_start = (appl1_start + ALIGN ((((LENGTH (rom) - appl1_start) - (0x2 * CY_FLASH_ROW_SIZE)) / 0x2), CY_FLASH_ROW_SIZE))
                0x00000000                appl_start = (CY_APPL_NUM == 0x1)?appl1_start:appl2_start
                0x00000000                ecc_offset = ((appl_start / CY_FLASH_ROW_SIZE) * CY_ECC_ROW_SIZE)
                0x00000000                ee_offset = (CY_APPL_LOADABLE && ! (CY_EE_IN_BTLDR))?((CY_EE_SIZE / CY_APPL_MAX) * (CY_APPL_NUM - 0x1)):0x0
                0x00000800                ee_size = (CY_APPL_LOADABLE && ! (CY_EE_IN_BTLDR))?(CY_EE_SIZE / CY_APPL_MAX):CY_EE_SIZE
                [!provide]                PROVIDE (CY_ECC_OFFSET, ecc_offset)

.text           0x00000000     0x6258
 CREATE_OBJECT_SYMBOLS
                0x00000000                PROVIDE (__cy_interrupt_vector, RomVectors)
 *(.romvectors)
 .romvectors    0x00000000       0x10 .\CortexM3\ARM_GCC_541\Debug\Cm3Start.o
                0x00000000                RomVectors
                0x00000001                ASSERT ((. != __cy_interrupt_vector), No interrupt vector)
                0x00000001                ASSERT (CY_APPL_ORIGIN?(SIZEOF (.cybootloader) <= CY_APPL_ORIGIN):0x1, Wrong image location)
                0x00000010                PROVIDE (__cy_reset, Reset)
 *(.text.Reset)
 .text.Reset    0x00000010       0x18 .\CortexM3\ARM_GCC_541\Debug\Cm3Start.o
                0x00000010                Reset
                0x00000001                ASSERT ((. != __cy_reset), No reset code)
 *(.dma_init)
                0x00000001                ASSERT ((((appl_start + .) <= 0x10000) || 0x1), DMA Init must be within the first 64k of flash)
 *(.text .text.* .gnu.linkonce.t.*)
 .text          0x00000028       0x5c c:/program files (x86)/cypress/psoc creator/4.2/psoc creator/import/gnu/arm/5.4.1/bin/../lib/gcc/arm-none-eabi/5.4.1/armv7-m/crtbegin.o
 .text.outputUartIsr
                0x00000084       0x18 .\CortexM3\ARM_GCC_541\Debug\main.o
                0x00000084                outputUartIsr
 .text.QuadDecoderIsr
                0x0000009c       0x44 .\CortexM3\ARM_GCC_541\Debug\main.o
                0x0000009c                QuadDecoderIsr
 .text.motorControl
                0x000000e0      0x2d4 .\CortexM3\ARM_GCC_541\Debug\main.o
                0x000000e0                motorControl
 .text.changeDutyCycle
                0x000003b4       0x70 .\CortexM3\ARM_GCC_541\Debug\main.o
                0x000003b4                changeDutyCycle
 .text.setupMotor
                0x00000424       0x50 .\CortexM3\ARM_GCC_541\Debug\main.o
                0x00000424                setupMotor
 .text.main     0x00000474       0xec .\CortexM3\ARM_GCC_541\Debug\main.o
                0x00000474                main
 .text.usbPutString
                0x00000560       0x40 .\CortexM3\ARM_GCC_541\Debug\main.o
                0x00000560                usbPutString
 .text.isValid  0x000005a0       0x4c .\CortexM3\ARM_GCC_541\Debug\algo.o
                0x000005a0                isValid
 .text.isQueueEmpty
                0x000005ec       0x20 .\CortexM3\ARM_GCC_541\Debug\algo.o
                0x000005ec                isQueueEmpty
 .text.isQueueFull
                0x0000060c       0x24 .\CortexM3\ARM_GCC_541\Debug\algo.o
                0x0000060c                isQueueFull
 .text.enqueue  0x00000630       0x80 .\CortexM3\ARM_GCC_541\Debug\algo.o
                0x00000630                enqueue
 .text.dequeue  0x000006b0       0x9c .\CortexM3\ARM_GCC_541\Debug\algo.o
                0x000006b0                dequeue
 .text.bfs      0x0000074c      0xb10 .\CortexM3\ARM_GCC_541\Debug\algo.o
                0x0000074c                bfs
 .text.run_algo
                0x0000125c       0x30 .\CortexM3\ARM_GCC_541\Debug\algo.o
                0x0000125c                run_algo
 .text.point_eq
                0x0000128c       0x38 .\CortexM3\ARM_GCC_541\Debug\algo.o
                0x0000128c                point_eq
 .text.CYMEMZERO
                0x000012c4       0x1c .\CortexM3\ARM_GCC_541\Debug\cyfitter_cfg.o
 .text.CYCONFIGCPY
                0x000012e0       0x20 .\CortexM3\ARM_GCC_541\Debug\cyfitter_cfg.o
 .text.CyClockStartupError
                0x00001300        0xc .\CortexM3\ARM_GCC_541\Debug\cyfitter_cfg.o
 .text.cfg_write_bytes32
                0x0000130c       0x74 .\CortexM3\ARM_GCC_541\Debug\cyfitter_cfg.o
 .text.ClockSetup
                0x00001380      0x16c .\CortexM3\ARM_GCC_541\Debug\cyfitter_cfg.o
 .text.AnalogSetDefault
                0x000014ec       0xb0 .\CortexM3\ARM_GCC_541\Debug\cyfitter_cfg.o
 .text.cyfitter_cfg
                0x0000159c      0x1d0 .\CortexM3\ARM_GCC_541\Debug\cyfitter_cfg.o
                0x0000159c                cyfitter_cfg
 .text.IntDefaultHandler
                0x0000176c       0x14 .\CortexM3\ARM_GCC_541\Debug\Cm3Start.o
                0x0000176c                IntDefaultHandler
 .text._sbrk    0x00001780       0x50 .\CortexM3\ARM_GCC_541\Debug\Cm3Start.o
                0x00001780                _sbrk
 .text.Start_c  0x000017d0       0x98 .\CortexM3\ARM_GCC_541\Debug\Cm3Start.o
                0x000017d0                Start_c
 .text.initialize_psoc
                0x00001868       0x94 .\CortexM3\ARM_GCC_541\Debug\Cm3Start.o
                0x00001868                initialize_psoc
 .text.isr_TS_StartEx
                0x000018fc       0x24 .\CortexM3\ARM_GCC_541\Debug\Hardware_Task2.a(isr_TS.o)
                0x000018fc                isr_TS_StartEx
 .text.isr_TS_SetVector
                0x00001920       0x24 .\CortexM3\ARM_GCC_541\Debug\Hardware_Task2.a(isr_TS.o)
                0x00001920                isr_TS_SetVector
 .text.isr_TS_SetPriority
                0x00001944       0x24 .\CortexM3\ARM_GCC_541\Debug\Hardware_Task2.a(isr_TS.o)
                0x00001944                isr_TS_SetPriority
 .text.isr_TS_Enable
                0x00001968       0x18 .\CortexM3\ARM_GCC_541\Debug\Hardware_Task2.a(isr_TS.o)
                0x00001968                isr_TS_Enable
 .text.isr_TS_Disable
                0x00001980       0x18 .\CortexM3\ARM_GCC_541\Debug\Hardware_Task2.a(isr_TS.o)
                0x00001980                isr_TS_Disable
 .text.Timer_TS_Init
                0x00001998       0xa0 .\CortexM3\ARM_GCC_541\Debug\Hardware_Task2.a(Timer_TS.o)
                0x00001998                Timer_TS_Init
 .text.Timer_TS_Enable
                0x00001a38       0x48 .\CortexM3\ARM_GCC_541\Debug\Hardware_Task2.a(Timer_TS.o)
                0x00001a38                Timer_TS_Enable
 .text.Timer_TS_Start
                0x00001a80       0x24 .\CortexM3\ARM_GCC_541\Debug\Hardware_Task2.a(Timer_TS.o)
                0x00001a80                Timer_TS_Start
 .text.Timer_TS_SetInterruptMode
                0x00001aa4       0x20 .\CortexM3\ARM_GCC_541\Debug\Hardware_Task2.a(Timer_TS.o)
                0x00001aa4                Timer_TS_SetInterruptMode
 .text.Timer_TS_ReadStatusRegister
                0x00001ac4       0x18 .\CortexM3\ARM_GCC_541\Debug\Hardware_Task2.a(Timer_TS.o)
                0x00001ac4                Timer_TS_ReadStatusRegister
 .text.Timer_TS_WritePeriod
                0x00001adc       0x24 .\CortexM3\ARM_GCC_541\Debug\Hardware_Task2.a(Timer_TS.o)
                0x00001adc                Timer_TS_WritePeriod
 .text.Timer_TS_WriteCounter
                0x00001b00       0x20 .\CortexM3\ARM_GCC_541\Debug\Hardware_Task2.a(Timer_TS.o)
                0x00001b00                Timer_TS_WriteCounter
 .text.USBUART_Start
                0x00001b20       0x3c .\CortexM3\ARM_GCC_541\Debug\Hardware_Task2.a(USBUART.o)
                0x00001b20                USBUART_Start
 .text.USBUART_Init
                0x00001b5c      0x1a4 .\CortexM3\ARM_GCC_541\Debug\Hardware_Task2.a(USBUART.o)
                0x00001b5c                USBUART_Init
 .text.USBUART_InitComponent
                0x00001d00      0x100 .\CortexM3\ARM_GCC_541\Debug\Hardware_Task2.a(USBUART.o)
                0x00001d00                USBUART_InitComponent
 .text.USBUART_ReInitComponent
                0x00001e00       0x68 .\CortexM3\ARM_GCC_541\Debug\Hardware_Task2.a(USBUART.o)
                0x00001e00                USBUART_ReInitComponent
 .text.USBUART_GetEPState
                0x00001e68       0x2c .\CortexM3\ARM_GCC_541\Debug\Hardware_Task2.a(USBUART.o)
                0x00001e68                USBUART_GetEPState
 .text.USBUART_LoadInEP
                0x00001e94      0x108 .\CortexM3\ARM_GCC_541\Debug\Hardware_Task2.a(USBUART.o)
                0x00001e94                USBUART_LoadInEP
 .text.USBUART_DispatchCDCClassRqst
                0x00001f9c       0xe4 .\CortexM3\ARM_GCC_541\Debug\Hardware_Task2.a(USBUART_cdc.o)
                0x00001f9c                USBUART_DispatchCDCClassRqst
 .text.USBUART_GetInterfaceComPort
                0x00002080       0x60 .\CortexM3\ARM_GCC_541\Debug\Hardware_Task2.a(USBUART_cdc.o)
                0x00002080                USBUART_GetInterfaceComPort
 .text.USBUART_PutData
                0x000020e0       0x6c .\CortexM3\ARM_GCC_541\Debug\Hardware_Task2.a(USBUART_cdc.o)
                0x000020e0                USBUART_PutData
 .text.USBUART_CDCIsReady
                0x0000214c       0x24 .\CortexM3\ARM_GCC_541\Debug\Hardware_Task2.a(USBUART_cdc.o)
                0x0000214c                USBUART_CDCIsReady
 .text.USBUART_Cdc_EpInit
                0x00002170       0x90 .\CortexM3\ARM_GCC_541\Debug\Hardware_Task2.a(USBUART_cdc.o)
                0x00002170                USBUART_Cdc_EpInit
 .text.USBUART_EP_0_ISR
                0x00002200       0xf8 .\CortexM3\ARM_GCC_541\Debug\Hardware_Task2.a(USBUART_drv.o)
                0x00002200                USBUART_EP_0_ISR
 .text.USBUART_HandleSetup
                0x000022f8       0x88 .\CortexM3\ARM_GCC_541\Debug\Hardware_Task2.a(USBUART_drv.o)
                0x000022f8                USBUART_HandleSetup
 .text.USBUART_HandleIN
                0x00002380       0x4c .\CortexM3\ARM_GCC_541\Debug\Hardware_Task2.a(USBUART_drv.o)
                0x00002380                USBUART_HandleIN
 .text.USBUART_HandleOUT
                0x000023cc       0x58 .\CortexM3\ARM_GCC_541\Debug\Hardware_Task2.a(USBUART_drv.o)
                0x000023cc                USBUART_HandleOUT
 .text.USBUART_LoadEP0
                0x00002424       0xd0 .\CortexM3\ARM_GCC_541\Debug\Hardware_Task2.a(USBUART_drv.o)
                0x00002424                USBUART_LoadEP0
 .text.USBUART_InitControlRead
                0x000024f4       0x70 .\CortexM3\ARM_GCC_541\Debug\Hardware_Task2.a(USBUART_drv.o)
                0x000024f4                USBUART_InitControlRead
 .text.USBUART_InitZeroLengthControlTransfer
                0x00002564       0x40 .\CortexM3\ARM_GCC_541\Debug\Hardware_Task2.a(USBUART_drv.o)
                0x00002564                USBUART_InitZeroLengthControlTransfer
 .text.USBUART_ControlReadDataStage
                0x000025a4        0xc .\CortexM3\ARM_GCC_541\Debug\Hardware_Task2.a(USBUART_drv.o)
                0x000025a4                USBUART_ControlReadDataStage
 .text.USBUART_ControlReadStatusStage
                0x000025b0       0x40 .\CortexM3\ARM_GCC_541\Debug\Hardware_Task2.a(USBUART_drv.o)
                0x000025b0                USBUART_ControlReadStatusStage
 .text.USBUART_InitControlWrite
                0x000025f0       0x64 .\CortexM3\ARM_GCC_541\Debug\Hardware_Task2.a(USBUART_drv.o)
                0x000025f0                USBUART_InitControlWrite
 .text.USBUART_ControlWriteDataStage
                0x00002654       0xb4 .\CortexM3\ARM_GCC_541\Debug\Hardware_Task2.a(USBUART_drv.o)
                0x00002654                USBUART_ControlWriteDataStage
 .text.USBUART_ControlWriteStatusStage
                0x00002708       0x24 .\CortexM3\ARM_GCC_541\Debug\Hardware_Task2.a(USBUART_drv.o)
                0x00002708                USBUART_ControlWriteStatusStage
 .text.USBUART_InitNoDataControlTransfer
                0x0000272c       0x38 .\CortexM3\ARM_GCC_541\Debug\Hardware_Task2.a(USBUART_drv.o)
                0x0000272c                USBUART_InitNoDataControlTransfer
 .text.USBUART_NoDataControlStatusStage
                0x00002764       0x4c .\CortexM3\ARM_GCC_541\Debug\Hardware_Task2.a(USBUART_drv.o)
                0x00002764                USBUART_NoDataControlStatusStage
 .text.USBUART_UpdateStatusBlock
                0x000027b0       0x40 .\CortexM3\ARM_GCC_541\Debug\Hardware_Task2.a(USBUART_drv.o)
                0x000027b0                USBUART_UpdateStatusBlock
 .text.USBUART_InitializeStatusBlock
                0x000027f0       0x34 .\CortexM3\ARM_GCC_541\Debug\Hardware_Task2.a(USBUART_drv.o)
                0x000027f0                USBUART_InitializeStatusBlock
 .text.USBUART_EP_1_ISR
                0x00002824       0x48 .\CortexM3\ARM_GCC_541\Debug\Hardware_Task2.a(USBUART_episr.o)
                0x00002824                USBUART_EP_1_ISR
 .text.USBUART_EP_2_ISR
                0x0000286c       0x4c .\CortexM3\ARM_GCC_541\Debug\Hardware_Task2.a(USBUART_episr.o)
                0x0000286c                USBUART_EP_2_ISR
 .text.USBUART_EP_3_ISR
                0x000028b8       0x54 .\CortexM3\ARM_GCC_541\Debug\Hardware_Task2.a(USBUART_episr.o)
                0x000028b8                USBUART_EP_3_ISR
 .text.USBUART_SOF_ISR
                0x0000290c        0xc .\CortexM3\ARM_GCC_541\Debug\Hardware_Task2.a(USBUART_episr.o)
                0x0000290c                USBUART_SOF_ISR
 .text.USBUART_BUS_RESET_ISR
                0x00002918        0xc .\CortexM3\ARM_GCC_541\Debug\Hardware_Task2.a(USBUART_episr.o)
                0x00002918                USBUART_BUS_RESET_ISR
 .text.USBUART_DP_ISR
                0x00002924        0xc .\CortexM3\ARM_GCC_541\Debug\Hardware_Task2.a(USBUART_pm.o)
                0x00002924                USBUART_DP_ISR
 .text.USBUART_HandleStandardRqst
                0x00002930      0x4a4 .\CortexM3\ARM_GCC_541\Debug\Hardware_Task2.a(USBUART_std.o)
                0x00002930                USBUART_HandleStandardRqst
 .text.USBUART_ReadDieID
                0x00002dd4       0xd8 .\CortexM3\ARM_GCC_541\Debug\Hardware_Task2.a(USBUART_std.o)
                0x00002dd4                USBUART_ReadDieID
 .text.USBUART_ConfigReg
                0x00002eac      0x138 .\CortexM3\ARM_GCC_541\Debug\Hardware_Task2.a(USBUART_std.o)
                0x00002eac                USBUART_ConfigReg
 .text.USBUART_Config
                0x00002fe4      0x3a4 .\CortexM3\ARM_GCC_541\Debug\Hardware_Task2.a(USBUART_std.o)
                0x00002fe4                USBUART_Config
 .text.USBUART_ConfigAltChanged
                0x00003388      0x25c .\CortexM3\ARM_GCC_541\Debug\Hardware_Task2.a(USBUART_std.o)
                0x00003388                USBUART_ConfigAltChanged
 .text.USBUART_GetConfigTablePtr
                0x000035e4       0x50 .\CortexM3\ARM_GCC_541\Debug\Hardware_Task2.a(USBUART_std.o)
                0x000035e4                USBUART_GetConfigTablePtr
 .text.USBUART_GetDeviceTablePtr
                0x00003634       0x24 .\CortexM3\ARM_GCC_541\Debug\Hardware_Task2.a(USBUART_std.o)
                0x00003634                USBUART_GetDeviceTablePtr
 .text.USBUART_GetInterfaceClassTablePtr
                0x00003658       0x4c .\CortexM3\ARM_GCC_541\Debug\Hardware_Task2.a(USBUART_std.o)
                0x00003658                USBUART_GetInterfaceClassTablePtr
 .text.USBUART_SetEndpointHalt
                0x000036a4       0xe8 .\CortexM3\ARM_GCC_541\Debug\Hardware_Task2.a(USBUART_std.o)
                0x000036a4                USBUART_SetEndpointHalt
 .text.USBUART_ClearEndpointHalt
                0x0000378c      0x158 .\CortexM3\ARM_GCC_541\Debug\Hardware_Task2.a(USBUART_std.o)
                0x0000378c                USBUART_ClearEndpointHalt
 .text.USBUART_ValidateAlternateSetting
                0x000038e4       0x70 .\CortexM3\ARM_GCC_541\Debug\Hardware_Task2.a(USBUART_std.o)
                0x000038e4                USBUART_ValidateAlternateSetting
 .text.USBUART_HandleVendorRqst
                0x00003954       0x54 .\CortexM3\ARM_GCC_541\Debug\Hardware_Task2.a(USBUART_vnd.o)
                0x00003954                USBUART_HandleVendorRqst
 .text.USBUART_Dp_ClearInterrupt
                0x000039a8       0x20 .\CortexM3\ARM_GCC_541\Debug\Hardware_Task2.a(USBUART_Dp.o)
                0x000039a8                USBUART_Dp_ClearInterrupt
 .text.CyDmacConfigure
                0x000039c8       0x5c .\CortexM3\ARM_GCC_541\Debug\Hardware_Task2.a(CyDmac.o)
                0x000039c8                CyDmacConfigure
 .text.CyHalt   0x00003a24       0x18 .\CortexM3\ARM_GCC_541\Debug\Hardware_Task2.a(CyLib.o)
                0x00003a24                CyHalt
 .text.CyDelayUs
                0x00003a3c       0x28 .\CortexM3\ARM_GCC_541\Debug\Hardware_Task2.a(CyLib.o)
                0x00003a3c                CyDelayUs
 .text.CyIntSetVector
                0x00003a64       0x50 .\CortexM3\ARM_GCC_541\Debug\Hardware_Task2.a(CyLib.o)
                0x00003a64                CyIntSetVector
 .text.CyIntSetPriority
                0x00003ab4       0x48 .\CortexM3\ARM_GCC_541\Debug\Hardware_Task2.a(CyLib.o)
                0x00003ab4                CyIntSetPriority
 .text.CyGetUniqueId
                0x00003afc       0xc4 .\CortexM3\ARM_GCC_541\Debug\Hardware_Task2.a(CyLib.o)
                0x00003afc                CyGetUniqueId
 .text.PWM_1_Start
                0x00003bc0       0x24 .\CortexM3\ARM_GCC_541\Debug\Hardware_Task2.a(PWM_1.o)
                0x00003bc0                PWM_1_Start
 .text.PWM_1_Init
                0x00003be4       0xbc .\CortexM3\ARM_GCC_541\Debug\Hardware_Task2.a(PWM_1.o)
                0x00003be4                PWM_1_Init
 .text.PWM_1_Enable
                0x00003ca0       0x48 .\CortexM3\ARM_GCC_541\Debug\Hardware_Task2.a(PWM_1.o)
                0x00003ca0                PWM_1_Enable
 .text.PWM_1_WritePeriod
                0x00003ce8       0x20 .\CortexM3\ARM_GCC_541\Debug\Hardware_Task2.a(PWM_1.o)
                0x00003ce8                PWM_1_WritePeriod
 .text.PWM_1_WriteCompare
                0x00003d08       0x20 .\CortexM3\ARM_GCC_541\Debug\Hardware_Task2.a(PWM_1.o)
                0x00003d08                PWM_1_WriteCompare
 .text.PWM_1_SetInterruptMode
                0x00003d28       0x20 .\CortexM3\ARM_GCC_541\Debug\Hardware_Task2.a(PWM_1.o)
                0x00003d28                PWM_1_SetInterruptMode
 .text.PWM_1_ReadCompare
                0x00003d48       0x18 .\CortexM3\ARM_GCC_541\Debug\Hardware_Task2.a(PWM_1.o)
                0x00003d48                PWM_1_ReadCompare
 .text.PWM_1_ReadPeriod
                0x00003d60       0x18 .\CortexM3\ARM_GCC_541\Debug\Hardware_Task2.a(PWM_1.o)
                0x00003d60                PWM_1_ReadPeriod
 .text.PWM_2_Start
                0x00003d78       0x24 .\CortexM3\ARM_GCC_541\Debug\Hardware_Task2.a(PWM_2.o)
                0x00003d78                PWM_2_Start
 .text.PWM_2_Init
                0x00003d9c       0xbc .\CortexM3\ARM_GCC_541\Debug\Hardware_Task2.a(PWM_2.o)
                0x00003d9c                PWM_2_Init
 .text.PWM_2_Enable
                0x00003e58       0x48 .\CortexM3\ARM_GCC_541\Debug\Hardware_Task2.a(PWM_2.o)
                0x00003e58                PWM_2_Enable
 .text.PWM_2_WritePeriod
                0x00003ea0       0x20 .\CortexM3\ARM_GCC_541\Debug\Hardware_Task2.a(PWM_2.o)
                0x00003ea0                PWM_2_WritePeriod
 .text.PWM_2_WriteCompare
                0x00003ec0       0x20 .\CortexM3\ARM_GCC_541\Debug\Hardware_Task2.a(PWM_2.o)
                0x00003ec0                PWM_2_WriteCompare
 .text.PWM_2_SetInterruptMode
                0x00003ee0       0x20 .\CortexM3\ARM_GCC_541\Debug\Hardware_Task2.a(PWM_2.o)
                0x00003ee0                PWM_2_SetInterruptMode
 .text.PWM_2_ReadCompare
                0x00003f00       0x18 .\CortexM3\ARM_GCC_541\Debug\Hardware_Task2.a(PWM_2.o)
                0x00003f00                PWM_2_ReadCompare
 .text.QuadDec_M1_Init
                0x00003f18       0x28 .\CortexM3\ARM_GCC_541\Debug\Hardware_Task2.a(QuadDec_M1.o)
                0x00003f18                QuadDec_M1_Init
 .text.QuadDec_M1_Enable
                0x00003f40       0x48 .\CortexM3\ARM_GCC_541\Debug\Hardware_Task2.a(QuadDec_M1.o)
                0x00003f40                QuadDec_M1_Enable
 .text.QuadDec_M1_Start
                0x00003f88       0x38 .\CortexM3\ARM_GCC_541\Debug\Hardware_Task2.a(QuadDec_M1.o)
                0x00003f88                QuadDec_M1_Start
 .text.QuadDec_M1_GetCounter
                0x00003fc0       0x48 .\CortexM3\ARM_GCC_541\Debug\Hardware_Task2.a(QuadDec_M1.o)
                0x00003fc0                QuadDec_M1_GetCounter
 .text.QuadDec_M1_SetCounter
                0x00004008       0x38 .\CortexM3\ARM_GCC_541\Debug\Hardware_Task2.a(QuadDec_M1.o)
                0x00004008                QuadDec_M1_SetCounter
 .text.QuadDec_M1_GetEvents
                0x00004040       0x1c .\CortexM3\ARM_GCC_541\Debug\Hardware_Task2.a(QuadDec_M1.o)
                0x00004040                QuadDec_M1_GetEvents
 .text.QuadDec_M1_SetInterruptMask
                0x0000405c       0x28 .\CortexM3\ARM_GCC_541\Debug\Hardware_Task2.a(QuadDec_M1.o)
                0x0000405c                QuadDec_M1_SetInterruptMask
 .text.QuadDec_M1_ISR
                0x00004084       0x60 .\CortexM3\ARM_GCC_541\Debug\Hardware_Task2.a(QuadDec_M1_INT.o)
                0x00004084                QuadDec_M1_ISR
 .text.QuadDec_M2_Init
                0x000040e4       0x28 .\CortexM3\ARM_GCC_541\Debug\Hardware_Task2.a(QuadDec_M2.o)
                0x000040e4                QuadDec_M2_Init
 .text.QuadDec_M2_Enable
                0x0000410c       0x48 .\CortexM3\ARM_GCC_541\Debug\Hardware_Task2.a(QuadDec_M2.o)
                0x0000410c                QuadDec_M2_Enable
 .text.QuadDec_M2_Start
                0x00004154       0x38 .\CortexM3\ARM_GCC_541\Debug\Hardware_Task2.a(QuadDec_M2.o)
                0x00004154                QuadDec_M2_Start
 .text.QuadDec_M2_GetCounter
                0x0000418c       0x48 .\CortexM3\ARM_GCC_541\Debug\Hardware_Task2.a(QuadDec_M2.o)
                0x0000418c                QuadDec_M2_GetCounter
 .text.QuadDec_M2_SetCounter
                0x000041d4       0x38 .\CortexM3\ARM_GCC_541\Debug\Hardware_Task2.a(QuadDec_M2.o)
                0x000041d4                QuadDec_M2_SetCounter
 .text.QuadDec_M2_GetEvents
                0x0000420c       0x1c .\CortexM3\ARM_GCC_541\Debug\Hardware_Task2.a(QuadDec_M2.o)
                0x0000420c                QuadDec_M2_GetEvents
 .text.QuadDec_M2_SetInterruptMask
                0x00004228       0x28 .\CortexM3\ARM_GCC_541\Debug\Hardware_Task2.a(QuadDec_M2.o)
                0x00004228                QuadDec_M2_SetInterruptMask
 .text.QuadDec_M2_ISR
                0x00004250       0x60 .\CortexM3\ARM_GCC_541\Debug\Hardware_Task2.a(QuadDec_M2_INT.o)
                0x00004250                QuadDec_M2_ISR
 .text.QuadDec_M1_Cnt16_Init
                0x000042b0       0x80 .\CortexM3\ARM_GCC_541\Debug\Hardware_Task2.a(QuadDec_M1_Cnt16.o)
                0x000042b0                QuadDec_M1_Cnt16_Init
 .text.QuadDec_M1_Cnt16_Enable
                0x00004330       0x20 .\CortexM3\ARM_GCC_541\Debug\Hardware_Task2.a(QuadDec_M1_Cnt16.o)
                0x00004330                QuadDec_M1_Cnt16_Enable
 .text.QuadDec_M1_Cnt16_Start
                0x00004350       0x24 .\CortexM3\ARM_GCC_541\Debug\Hardware_Task2.a(QuadDec_M1_Cnt16.o)
                0x00004350                QuadDec_M1_Cnt16_Start
 .text.QuadDec_M1_Cnt16_SetInterruptMode
                0x00004374       0x20 .\CortexM3\ARM_GCC_541\Debug\Hardware_Task2.a(QuadDec_M1_Cnt16.o)
                0x00004374                QuadDec_M1_Cnt16_SetInterruptMode
 .text.QuadDec_M1_Cnt16_ReadStatusRegister
                0x00004394       0x18 .\CortexM3\ARM_GCC_541\Debug\Hardware_Task2.a(QuadDec_M1_Cnt16.o)
                0x00004394                QuadDec_M1_Cnt16_ReadStatusRegister
 .text.QuadDec_M1_Cnt16_WriteCounter
                0x000043ac       0x20 .\CortexM3\ARM_GCC_541\Debug\Hardware_Task2.a(QuadDec_M1_Cnt16.o)
                0x000043ac                QuadDec_M1_Cnt16_WriteCounter
 .text.QuadDec_M1_Cnt16_ReadCounter
                0x000043cc       0x20 .\CortexM3\ARM_GCC_541\Debug\Hardware_Task2.a(QuadDec_M1_Cnt16.o)
                0x000043cc                QuadDec_M1_Cnt16_ReadCounter
 .text.QuadDec_M1_Cnt16_ReadCapture
                0x000043ec       0x18 .\CortexM3\ARM_GCC_541\Debug\Hardware_Task2.a(QuadDec_M1_Cnt16.o)
                0x000043ec                QuadDec_M1_Cnt16_ReadCapture
 .text.QuadDec_M1_Cnt16_WritePeriod
                0x00004404       0x20 .\CortexM3\ARM_GCC_541\Debug\Hardware_Task2.a(QuadDec_M1_Cnt16.o)
                0x00004404                QuadDec_M1_Cnt16_WritePeriod
 .text.QuadDec_M1_Cnt16_WriteCompare
                0x00004424       0x20 .\CortexM3\ARM_GCC_541\Debug\Hardware_Task2.a(QuadDec_M1_Cnt16.o)
                0x00004424                QuadDec_M1_Cnt16_WriteCompare
 .text.QuadDec_M1_Cnt16_ClearFIFO
                0x00004444       0x1c .\CortexM3\ARM_GCC_541\Debug\Hardware_Task2.a(QuadDec_M1_Cnt16.o)
                0x00004444                QuadDec_M1_Cnt16_ClearFIFO
 .text.QuadDec_M2_Cnt16_Init
                0x00004460       0x80 .\CortexM3\ARM_GCC_541\Debug\Hardware_Task2.a(QuadDec_M2_Cnt16.o)
                0x00004460                QuadDec_M2_Cnt16_Init
 .text.QuadDec_M2_Cnt16_Enable
                0x000044e0       0x20 .\CortexM3\ARM_GCC_541\Debug\Hardware_Task2.a(QuadDec_M2_Cnt16.o)
                0x000044e0                QuadDec_M2_Cnt16_Enable
 .text.QuadDec_M2_Cnt16_Start
                0x00004500       0x24 .\CortexM3\ARM_GCC_541\Debug\Hardware_Task2.a(QuadDec_M2_Cnt16.o)
                0x00004500                QuadDec_M2_Cnt16_Start
 .text.QuadDec_M2_Cnt16_SetInterruptMode
                0x00004524       0x20 .\CortexM3\ARM_GCC_541\Debug\Hardware_Task2.a(QuadDec_M2_Cnt16.o)
                0x00004524                QuadDec_M2_Cnt16_SetInterruptMode
 .text.QuadDec_M2_Cnt16_ReadStatusRegister
                0x00004544       0x18 .\CortexM3\ARM_GCC_541\Debug\Hardware_Task2.a(QuadDec_M2_Cnt16.o)
                0x00004544                QuadDec_M2_Cnt16_ReadStatusRegister
 .text.QuadDec_M2_Cnt16_WriteCounter
                0x0000455c       0x20 .\CortexM3\ARM_GCC_541\Debug\Hardware_Task2.a(QuadDec_M2_Cnt16.o)
                0x0000455c                QuadDec_M2_Cnt16_WriteCounter
 .text.QuadDec_M2_Cnt16_ReadCounter
                0x0000457c       0x20 .\CortexM3\ARM_GCC_541\Debug\Hardware_Task2.a(QuadDec_M2_Cnt16.o)
                0x0000457c                QuadDec_M2_Cnt16_ReadCounter
 .text.QuadDec_M2_Cnt16_ReadCapture
                0x0000459c       0x18 .\CortexM3\ARM_GCC_541\Debug\Hardware_Task2.a(QuadDec_M2_Cnt16.o)
                0x0000459c                QuadDec_M2_Cnt16_ReadCapture
 .text.QuadDec_M2_Cnt16_WritePeriod
                0x000045b4       0x20 .\CortexM3\ARM_GCC_541\Debug\Hardware_Task2.a(QuadDec_M2_Cnt16.o)
                0x000045b4                QuadDec_M2_Cnt16_WritePeriod
 .text.QuadDec_M2_Cnt16_WriteCompare
                0x000045d4       0x20 .\CortexM3\ARM_GCC_541\Debug\Hardware_Task2.a(QuadDec_M2_Cnt16.o)
                0x000045d4                QuadDec_M2_Cnt16_WriteCompare
 .text.QuadDec_M2_Cnt16_ClearFIFO
                0x000045f4       0x1c .\CortexM3\ARM_GCC_541\Debug\Hardware_Task2.a(QuadDec_M2_Cnt16.o)
                0x000045f4                QuadDec_M2_Cnt16_ClearFIFO
 .text.Quad_TImer_Init
                0x00004610       0x9c .\CortexM3\ARM_GCC_541\Debug\Hardware_Task2.a(Quad_TImer.o)
                0x00004610                Quad_TImer_Init
 .text.Quad_TImer_Enable
                0x000046ac       0x48 .\CortexM3\ARM_GCC_541\Debug\Hardware_Task2.a(Quad_TImer.o)
                0x000046ac                Quad_TImer_Enable
 .text.Quad_TImer_Start
                0x000046f4       0x24 .\CortexM3\ARM_GCC_541\Debug\Hardware_Task2.a(Quad_TImer.o)
                0x000046f4                Quad_TImer_Start
 .text.Quad_TImer_SetInterruptMode
                0x00004718       0x20 .\CortexM3\ARM_GCC_541\Debug\Hardware_Task2.a(Quad_TImer.o)
                0x00004718                Quad_TImer_SetInterruptMode
 .text.Quad_TImer_ReadStatusRegister
                0x00004738       0x18 .\CortexM3\ARM_GCC_541\Debug\Hardware_Task2.a(Quad_TImer.o)
                0x00004738                Quad_TImer_ReadStatusRegister
 .text.Quad_TImer_WritePeriod
                0x00004750       0x24 .\CortexM3\ARM_GCC_541\Debug\Hardware_Task2.a(Quad_TImer.o)
                0x00004750                Quad_TImer_WritePeriod
 .text.Quad_TImer_WriteCounter
                0x00004774       0x20 .\CortexM3\ARM_GCC_541\Debug\Hardware_Task2.a(Quad_TImer.o)
                0x00004774                Quad_TImer_WriteCounter
 .text.isr_quad_timer_StartEx
                0x00004794       0x24 .\CortexM3\ARM_GCC_541\Debug\Hardware_Task2.a(isr_quad_timer.o)
                0x00004794                isr_quad_timer_StartEx
 .text.isr_quad_timer_SetVector
                0x000047b8       0x24 .\CortexM3\ARM_GCC_541\Debug\Hardware_Task2.a(isr_quad_timer.o)
                0x000047b8                isr_quad_timer_SetVector
 .text.isr_quad_timer_SetPriority
                0x000047dc       0x24 .\CortexM3\ARM_GCC_541\Debug\Hardware_Task2.a(isr_quad_timer.o)
                0x000047dc                isr_quad_timer_SetPriority
 .text.isr_quad_timer_Enable
                0x00004800       0x18 .\CortexM3\ARM_GCC_541\Debug\Hardware_Task2.a(isr_quad_timer.o)
                0x00004800                isr_quad_timer_Enable
 .text.isr_quad_timer_Disable
                0x00004818       0x18 .\CortexM3\ARM_GCC_541\Debug\Hardware_Task2.a(isr_quad_timer.o)
                0x00004818                isr_quad_timer_Disable
 .text.M2_INV_Write
                0x00004830       0x3c .\CortexM3\ARM_GCC_541\Debug\Hardware_Task2.a(M2_INV.o)
                0x00004830                M2_INV_Write
 .text.Q1_Read  0x0000486c       0x1c .\CortexM3\ARM_GCC_541\Debug\Hardware_Task2.a(Q1.o)
                0x0000486c                Q1_Read
 .text.Q3_Read  0x00004888       0x20 .\CortexM3\ARM_GCC_541\Debug\Hardware_Task2.a(Q3.o)
                0x00004888                Q3_Read
 .text          0x000048a8       0x20 .\CortexM3\ARM_GCC_541\Debug\Hardware_Task2.a(CyBootAsmGnu.o)
                0x000048a8                CyDelayCycles
                0x000048b8                CyEnterCriticalSection
                0x000048c0                CyExitCriticalSection
 .text.USBUART_DispatchClassRqst
                0x000048c8       0x84 .\CortexM3\ARM_GCC_541\Debug\Hardware_Task2.a(USBUART_cls.o)
                0x000048c8                USBUART_DispatchClassRqst
 .text          0x0000494c      0x370 c:/program files (x86)/cypress/psoc creator/4.2/psoc creator/import/gnu/arm/5.4.1/bin/../lib/gcc/arm-none-eabi/5.4.1/armv7-m\libgcc.a(_arm_addsubdf3.o)
                0x0000494c                __aeabi_drsub
                0x00004954                __aeabi_dsub
                0x00004954                __subdf3
                0x00004958                __aeabi_dadd
                0x00004958                __adddf3
                0x00004bd0                __floatunsidf
                0x00004bd0                __aeabi_ui2d
                0x00004bf0                __floatsidf
                0x00004bf0                __aeabi_i2d
                0x00004c14                __aeabi_f2d
                0x00004c14                __extendsfdf2
                0x00004c50                __floatundidf
                0x00004c50                __aeabi_ul2d
                0x00004c60                __floatdidf
                0x00004c60                __aeabi_l2d
 .text          0x00004cbc      0x424 c:/program files (x86)/cypress/psoc creator/4.2/psoc creator/import/gnu/arm/5.4.1/bin/../lib/gcc/arm-none-eabi/5.4.1/armv7-m\libgcc.a(_arm_muldivdf3.o)
                0x00004cbc                __aeabi_dmul
                0x00004cbc                __muldf3
                0x00004f10                __divdf3
                0x00004f10                __aeabi_ddiv
 .text          0x000050e0       0x40 c:/program files (x86)/cypress/psoc creator/4.2/psoc creator/import/gnu/arm/5.4.1/bin/../lib/gcc/arm-none-eabi/5.4.1/armv7-m\libgcc.a(_arm_fixunsdfsi.o)
                0x000050e0                __aeabi_d2uiz
                0x000050e0                __fixunsdfsi
 .text          0x00005120       0xa0 c:/program files (x86)/cypress/psoc creator/4.2/psoc creator/import/gnu/arm/5.4.1/bin/../lib/gcc/arm-none-eabi/5.4.1/armv7-m\libgcc.a(_arm_truncdfsf2.o)
                0x00005120                __truncdfsf2
                0x00005120                __aeabi_d2f
 .text          0x000051c0      0x21c c:/program files (x86)/cypress/psoc creator/4.2/psoc creator/import/gnu/arm/5.4.1/bin/../lib/gcc/arm-none-eabi/5.4.1/armv7-m\libgcc.a(_arm_addsubsf3.o)
                0x000051c0                __aeabi_frsub
                0x000051c8                __subsf3
                0x000051c8                __aeabi_fsub
                0x000051cc                __aeabi_fadd
                0x000051cc                __addsf3
                0x0000532c                __aeabi_ui2f
                0x0000532c                __floatunsisf
                0x00005334                __aeabi_i2f
                0x00005334                __floatsisf
                0x00005350                __aeabi_ul2f
                0x00005350                __floatundisf
                0x00005360                __aeabi_l2f
                0x00005360                __floatdisf
 .text          0x000053dc      0x2a0 c:/program files (x86)/cypress/psoc creator/4.2/psoc creator/import/gnu/arm/5.4.1/bin/../lib/gcc/arm-none-eabi/5.4.1/armv7-m\libgcc.a(_arm_muldivsf3.o)
                0x000053dc                __mulsf3
                0x000053dc                __aeabi_fmul
                0x00005544                __aeabi_fdiv
                0x00005544                __divsf3
 .text          0x0000567c       0xec c:/program files (x86)/cypress/psoc creator/4.2/psoc creator/import/gnu/arm/5.4.1/bin/../lib/gcc/arm-none-eabi/5.4.1/armv7-m\libgcc.a(_arm_cmpsf2.o)
                0x0000567c                __gesf2
                0x0000567c                __gtsf2
                0x00005684                __lesf2
                0x00005684                __ltsf2
                0x0000568c                __nesf2
                0x0000568c                __eqsf2
                0x0000568c                __cmpsf2
                0x000056ec                __aeabi_cfrcmple
                0x000056f4                __aeabi_cfcmpeq
                0x000056f4                __aeabi_cfcmple
                0x00005704                __aeabi_fcmpeq
                0x00005718                __aeabi_fcmplt
                0x0000572c                __aeabi_fcmple
                0x00005740                __aeabi_fcmpge
                0x00005754                __aeabi_fcmpgt
 .text          0x00005768       0x4c c:/program files (x86)/cypress/psoc creator/4.2/psoc creator/import/gnu/arm/5.4.1/bin/../lib/gcc/arm-none-eabi/5.4.1/armv7-m\libgcc.a(_arm_fixsfsi.o)
                0x00005768                __aeabi_f2iz
                0x00005768                __fixsfsi
 .text          0x000057b4       0x40 c:/program files (x86)/cypress/psoc creator/4.2/psoc creator/import/gnu/arm/5.4.1/bin/../lib/gcc/arm-none-eabi/5.4.1/armv7-m\libgcc.a(_arm_fixunssfsi.o)
                0x000057b4                __fixunssfsi
                0x000057b4                __aeabi_f2uiz
 .text.__errno  0x000057f4        0xc c:/program files (x86)/cypress/psoc creator/4.2/psoc creator/import/gnu/arm/5.4.1/bin/../lib/gcc/arm-none-eabi/5.4.1/../../../../arm-none-eabi/lib/armv7-m\libg_nano.a(lib_a-errno.o)
                0x000057f4                __errno
 .text.__libc_init_array
                0x00005800       0x4c c:/program files (x86)/cypress/psoc creator/4.2/psoc creator/import/gnu/arm/5.4.1/bin/../lib/gcc/arm-none-eabi/5.4.1/../../../../arm-none-eabi/lib/armv7-m\libg_nano.a(lib_a-init.o)
                0x00005800                __libc_init_array
 .text.__itoa   0x0000584c       0x2e c:/program files (x86)/cypress/psoc creator/4.2/psoc creator/import/gnu/arm/5.4.1/bin/../lib/gcc/arm-none-eabi/5.4.1/../../../../arm-none-eabi/lib/armv7-m\libg_nano.a(lib_a-itoa.o)
                0x0000584c                __itoa
 .text.itoa     0x0000587a        0x4 c:/program files (x86)/cypress/psoc creator/4.2/psoc creator/import/gnu/arm/5.4.1/bin/../lib/gcc/arm-none-eabi/5.4.1/../../../../arm-none-eabi/lib/armv7-m\libg_nano.a(lib_a-itoa.o)
                0x0000587a                itoa
 .text.memcpy   0x0000587e       0x16 c:/program files (x86)/cypress/psoc creator/4.2/psoc creator/import/gnu/arm/5.4.1/bin/../lib/gcc/arm-none-eabi/5.4.1/../../../../arm-none-eabi/lib/armv7-m\libg_nano.a(lib_a-memcpy-stub.o)
                0x0000587e                memcpy
 .text.memset   0x00005894       0x10 c:/program files (x86)/cypress/psoc creator/4.2/psoc creator/import/gnu/arm/5.4.1/bin/../lib/gcc/arm-none-eabi/5.4.1/../../../../arm-none-eabi/lib/armv7-m\libg_nano.a(lib_a-memset.o)
                0x00005894                memset
 .text._puts_r  0x000058a4       0xb4 c:/program files (x86)/cypress/psoc creator/4.2/psoc creator/import/gnu/arm/5.4.1/bin/../lib/gcc/arm-none-eabi/5.4.1/../../../../arm-none-eabi/lib/armv7-m\libg_nano.a(lib_a-puts.o)
                0x000058a4                _puts_r
 .text.puts     0x00005958       0x10 c:/program files (x86)/cypress/psoc creator/4.2/psoc creator/import/gnu/arm/5.4.1/bin/../lib/gcc/arm-none-eabi/5.4.1/../../../../arm-none-eabi/lib/armv7-m\libg_nano.a(lib_a-puts.o)
                0x00005958                puts
 .text          0x00005968       0x10 c:/program files (x86)/cypress/psoc creator/4.2/psoc creator/import/gnu/arm/5.4.1/bin/../lib/gcc/arm-none-eabi/5.4.1/../../../../arm-none-eabi/lib/armv7-m\libg_nano.a(lib_a-strlen.o)
                0x00005968                strlen
 .text.__utoa   0x00005978       0x78 c:/program files (x86)/cypress/psoc creator/4.2/psoc creator/import/gnu/arm/5.4.1/bin/../lib/gcc/arm-none-eabi/5.4.1/../../../../arm-none-eabi/lib/armv7-m\libg_nano.a(lib_a-utoa.o)
                0x00005978                __utoa
 .text.__swbuf_r
                0x000059f0       0xa8 c:/program files (x86)/cypress/psoc creator/4.2/psoc creator/import/gnu/arm/5.4.1/bin/../lib/gcc/arm-none-eabi/5.4.1/../../../../arm-none-eabi/lib/armv7-m\libg_nano.a(lib_a-wbuf.o)
                0x000059f0                __swbuf_r
 .text.__swsetup_r
                0x00005a98       0xdc c:/program files (x86)/cypress/psoc creator/4.2/psoc creator/import/gnu/arm/5.4.1/bin/../lib/gcc/arm-none-eabi/5.4.1/../../../../arm-none-eabi/lib/armv7-m\libg_nano.a(lib_a-wsetup.o)
                0x00005a98                __swsetup_r
 .text.__sflush_r
                0x00005b74      0x10c c:/program files (x86)/cypress/psoc creator/4.2/psoc creator/import/gnu/arm/5.4.1/bin/../lib/gcc/arm-none-eabi/5.4.1/../../../../arm-none-eabi/lib/armv7-m\libg_nano.a(lib_a-fflush.o)
                0x00005b74                __sflush_r
 .text._fflush_r
                0x00005c80       0x54 c:/program files (x86)/cypress/psoc creator/4.2/psoc creator/import/gnu/arm/5.4.1/bin/../lib/gcc/arm-none-eabi/5.4.1/../../../../arm-none-eabi/lib/armv7-m\libg_nano.a(lib_a-fflush.o)
                0x00005c80                _fflush_r
 .text._cleanup_r
                0x00005cd4        0xc c:/program files (x86)/cypress/psoc creator/4.2/psoc creator/import/gnu/arm/5.4.1/bin/../lib/gcc/arm-none-eabi/5.4.1/../../../../arm-none-eabi/lib/armv7-m\libg_nano.a(lib_a-findfp.o)
                0x00005cd4                _cleanup_r
 .text.std.isra.0
                0x00005ce0       0x48 c:/program files (x86)/cypress/psoc creator/4.2/psoc creator/import/gnu/arm/5.4.1/bin/../lib/gcc/arm-none-eabi/5.4.1/../../../../arm-none-eabi/lib/armv7-m\libg_nano.a(lib_a-findfp.o)
 .text.__sfmoreglue
                0x00005d28       0x2c c:/program files (x86)/cypress/psoc creator/4.2/psoc creator/import/gnu/arm/5.4.1/bin/../lib/gcc/arm-none-eabi/5.4.1/../../../../arm-none-eabi/lib/armv7-m\libg_nano.a(lib_a-findfp.o)
                0x00005d28                __sfmoreglue
 .text.__sinit  0x00005d54       0x60 c:/program files (x86)/cypress/psoc creator/4.2/psoc creator/import/gnu/arm/5.4.1/bin/../lib/gcc/arm-none-eabi/5.4.1/../../../../arm-none-eabi/lib/armv7-m\libg_nano.a(lib_a-findfp.o)
                0x00005d54                __sinit
 .text.__sfp    0x00005db4       0x78 c:/program files (x86)/cypress/psoc creator/4.2/psoc creator/import/gnu/arm/5.4.1/bin/../lib/gcc/arm-none-eabi/5.4.1/../../../../arm-none-eabi/lib/armv7-m\libg_nano.a(lib_a-findfp.o)
                0x00005db4                __sfp
 .text._fwalk_reent
                0x00005e2c       0x3c c:/program files (x86)/cypress/psoc creator/4.2/psoc creator/import/gnu/arm/5.4.1/bin/../lib/gcc/arm-none-eabi/5.4.1/../../../../arm-none-eabi/lib/armv7-m\libg_nano.a(lib_a-fwalk.o)
                0x00005e2c                _fwalk_reent
 .text.__swhatbuf_r
                0x00005e68       0x46 c:/program files (x86)/cypress/psoc creator/4.2/psoc creator/import/gnu/arm/5.4.1/bin/../lib/gcc/arm-none-eabi/5.4.1/../../../../arm-none-eabi/lib/armv7-m\libg_nano.a(lib_a-makebuf.o)
                0x00005e68                __swhatbuf_r
 *fill*         0x00005eae        0x2 
 .text.__smakebuf_r
                0x00005eb0       0x78 c:/program files (x86)/cypress/psoc creator/4.2/psoc creator/import/gnu/arm/5.4.1/bin/../lib/gcc/arm-none-eabi/5.4.1/../../../../arm-none-eabi/lib/armv7-m\libg_nano.a(lib_a-makebuf.o)
                0x00005eb0                __smakebuf_r
 .text._free_r  0x00005f28       0x98 c:/program files (x86)/cypress/psoc creator/4.2/psoc creator/import/gnu/arm/5.4.1/bin/../lib/gcc/arm-none-eabi/5.4.1/../../../../arm-none-eabi/lib/armv7-m\libg_nano.a(lib_a-nano-freer.o)
                0x00005f28                _free_r
 .text._malloc_r
                0x00005fc0       0xbc c:/program files (x86)/cypress/psoc creator/4.2/psoc creator/import/gnu/arm/5.4.1/bin/../lib/gcc/arm-none-eabi/5.4.1/../../../../arm-none-eabi/lib/armv7-m\libg_nano.a(lib_a-nano-mallocr.o)
                0x00005fc0                _malloc_r
 .text._sbrk_r  0x0000607c       0x20 c:/program files (x86)/cypress/psoc creator/4.2/psoc creator/import/gnu/arm/5.4.1/bin/../lib/gcc/arm-none-eabi/5.4.1/../../../../arm-none-eabi/lib/armv7-m\libg_nano.a(lib_a-sbrkr.o)
                0x0000607c                _sbrk_r
 .text.__sread  0x0000609c       0x22 c:/program files (x86)/cypress/psoc creator/4.2/psoc creator/import/gnu/arm/5.4.1/bin/../lib/gcc/arm-none-eabi/5.4.1/../../../../arm-none-eabi/lib/armv7-m\libg_nano.a(lib_a-stdio.o)
                0x0000609c                __sread
 .text.__swrite
                0x000060be       0x38 c:/program files (x86)/cypress/psoc creator/4.2/psoc creator/import/gnu/arm/5.4.1/bin/../lib/gcc/arm-none-eabi/5.4.1/../../../../arm-none-eabi/lib/armv7-m\libg_nano.a(lib_a-stdio.o)
                0x000060be                __swrite
 .text.__sseek  0x000060f6       0x24 c:/program files (x86)/cypress/psoc creator/4.2/psoc creator/import/gnu/arm/5.4.1/bin/../lib/gcc/arm-none-eabi/5.4.1/../../../../arm-none-eabi/lib/armv7-m\libg_nano.a(lib_a-stdio.o)
                0x000060f6                __sseek
 .text.__sclose
                0x0000611a        0x8 c:/program files (x86)/cypress/psoc creator/4.2/psoc creator/import/gnu/arm/5.4.1/bin/../lib/gcc/arm-none-eabi/5.4.1/../../../../arm-none-eabi/lib/armv7-m\libg_nano.a(lib_a-stdio.o)
                0x0000611a                __sclose
 *fill*         0x00006122        0x2 
 .text._write_r
                0x00006124       0x24 c:/program files (x86)/cypress/psoc creator/4.2/psoc creator/import/gnu/arm/5.4.1/bin/../lib/gcc/arm-none-eabi/5.4.1/../../../../arm-none-eabi/lib/armv7-m\libg_nano.a(lib_a-writer.o)
                0x00006124                _write_r
 .text._close_r
                0x00006148       0x20 c:/program files (x86)/cypress/psoc creator/4.2/psoc creator/import/gnu/arm/5.4.1/bin/../lib/gcc/arm-none-eabi/5.4.1/../../../../arm-none-eabi/lib/armv7-m\libg_nano.a(lib_a-closer.o)
                0x00006148                _close_r
 .text._fstat_r
                0x00006168       0x24 c:/program files (x86)/cypress/psoc creator/4.2/psoc creator/import/gnu/arm/5.4.1/bin/../lib/gcc/arm-none-eabi/5.4.1/../../../../arm-none-eabi/lib/armv7-m\libg_nano.a(lib_a-fstatr.o)
                0x00006168                _fstat_r
 .text._isatty_r
                0x0000618c       0x20 c:/program files (x86)/cypress/psoc creator/4.2/psoc creator/import/gnu/arm/5.4.1/bin/../lib/gcc/arm-none-eabi/5.4.1/../../../../arm-none-eabi/lib/armv7-m\libg_nano.a(lib_a-isattyr.o)
                0x0000618c                _isatty_r
 .text._lseek_r
                0x000061ac       0x24 c:/program files (x86)/cypress/psoc creator/4.2/psoc creator/import/gnu/arm/5.4.1/bin/../lib/gcc/arm-none-eabi/5.4.1/../../../../arm-none-eabi/lib/armv7-m\libg_nano.a(lib_a-lseekr.o)
                0x000061ac                _lseek_r
 .text.__malloc_lock
                0x000061d0        0x2 c:/program files (x86)/cypress/psoc creator/4.2/psoc creator/import/gnu/arm/5.4.1/bin/../lib/gcc/arm-none-eabi/5.4.1/../../../../arm-none-eabi/lib/armv7-m\libg_nano.a(lib_a-mlock.o)
                0x000061d0                __malloc_lock
 .text.__malloc_unlock
                0x000061d2        0x2 c:/program files (x86)/cypress/psoc creator/4.2/psoc creator/import/gnu/arm/5.4.1/bin/../lib/gcc/arm-none-eabi/5.4.1/../../../../arm-none-eabi/lib/armv7-m\libg_nano.a(lib_a-mlock.o)
                0x000061d2                __malloc_unlock
 .text._read_r  0x000061d4       0x24 c:/program files (x86)/cypress/psoc creator/4.2/psoc creator/import/gnu/arm/5.4.1/bin/../lib/gcc/arm-none-eabi/5.4.1/../../../../arm-none-eabi/lib/armv7-m\libg_nano.a(lib_a-readr.o)
                0x000061d4                _read_r
 .text._close   0x000061f8       0x10 c:/program files (x86)/cypress/psoc creator/4.2/psoc creator/import/gnu/arm/5.4.1/bin/../lib/gcc/arm-none-eabi/5.4.1/../../../../arm-none-eabi/lib/armv7-m\libnosys.a(close.o)
                0x000061f8                _close
 .text._fstat   0x00006208       0x10 c:/program files (x86)/cypress/psoc creator/4.2/psoc creator/import/gnu/arm/5.4.1/bin/../lib/gcc/arm-none-eabi/5.4.1/../../../../arm-none-eabi/lib/armv7-m\libnosys.a(fstat.o)
                0x00006208                _fstat
 .text._isatty  0x00006218       0x10 c:/program files (x86)/cypress/psoc creator/4.2/psoc creator/import/gnu/arm/5.4.1/bin/../lib/gcc/arm-none-eabi/5.4.1/../../../../arm-none-eabi/lib/armv7-m\libnosys.a(isatty.o)
                0x00006218                _isatty
 .text._lseek   0x00006228       0x10 c:/program files (x86)/cypress/psoc creator/4.2/psoc creator/import/gnu/arm/5.4.1/bin/../lib/gcc/arm-none-eabi/5.4.1/../../../../arm-none-eabi/lib/armv7-m\libnosys.a(lseek.o)
                0x00006228                _lseek
 .text._read    0x00006238       0x10 c:/program files (x86)/cypress/psoc creator/4.2/psoc creator/import/gnu/arm/5.4.1/bin/../lib/gcc/arm-none-eabi/5.4.1/../../../../arm-none-eabi/lib/armv7-m\libnosys.a(read.o)
                0x00006238                _read
 .text._write   0x00006248       0x10 c:/program files (x86)/cypress/psoc creator/4.2/psoc creator/import/gnu/arm/5.4.1/bin/../lib/gcc/arm-none-eabi/5.4.1/../../../../arm-none-eabi/lib/armv7-m\libnosys.a(write.o)
                0x00006248                _write
 *(.plt)
 *(.gnu.warning)
 *(.glue_7t)
 .glue_7t       0x00006258        0x0 linker stubs
 *(.glue_7)
 .glue_7        0x00006258        0x0 linker stubs
 *(.vfp11_veneer)
 .vfp11_veneer  0x00006258        0x0 linker stubs
 *(.bootloader)
 *(.ARM.extab* .gnu.linkonce.armextab.*)
 *(.gcc_except_table)

.v4_bx          0x00006258        0x0
 .v4_bx         0x00006258        0x0 linker stubs

.iplt           0x00006258        0x0
 .iplt          0x00006258        0x0 c:/program files (x86)/cypress/psoc creator/4.2/psoc creator/import/gnu/arm/5.4.1/bin/../lib/gcc/arm-none-eabi/5.4.1/armv7-m/crtbegin.o

.eh_frame_hdr
 *(.eh_frame_hdr)

.eh_frame       0x00006258        0x4
 *(.eh_frame)
 .eh_frame      0x00006258        0x0 c:/program files (x86)/cypress/psoc creator/4.2/psoc creator/import/gnu/arm/5.4.1/bin/../lib/gcc/arm-none-eabi/5.4.1/armv7-m/crtbegin.o
 .eh_frame      0x00006258        0x4 c:/program files (x86)/cypress/psoc creator/4.2/psoc creator/import/gnu/arm/5.4.1/bin/../lib/gcc/arm-none-eabi/5.4.1/armv7-m/crtend.o
                [!provide]                PROVIDE (__exidx_start, .)

.ARM.exidx
 *(.ARM.exidx* .gnu.linkonce.armexidx.*)
                0x0000625c                __exidx_end = .

.rodata         0x0000625c      0x324
 *(.rodata .rodata.* .gnu.linkonce.r.*)
 .rodata        0x0000625c       0x6f .\CortexM3\ARM_GCC_541\Debug\main.o
 *fill*         0x000062cb        0x1 
 .rodata        0x000062cc        0x5 .\CortexM3\ARM_GCC_541\Debug\algo.o
 *fill*         0x000062d1        0x3 
 .rodata        0x000062d4       0x36 .\CortexM3\ARM_GCC_541\Debug\cyfitter_cfg.o
 *fill*         0x0000630a        0x2 
 .rodata        0x0000630c       0x11 .\CortexM3\ARM_GCC_541\Debug\Hardware_Task2.a(USBUART_std.o)
 *fill*         0x0000631d        0x3 
 .rodata        0x00006320      0x19c .\CortexM3\ARM_GCC_541\Debug\Hardware_Task2.a(USBUART_descr.o)
                0x00006320                USBUART_DEVICE0_DESCR
                0x00006334                USBUART_DEVICE0_CONFIGURATION0_DESCR
                0x00006378                USBUART_STRING_DESCRIPTORS
                0x00006418                USBUART_SN_STRING_DESCRIPTOR
                0x0000641c                USBUART_DEVICE0_CONFIGURATION0_EP_SETTINGS_TABLE
                0x00006434                USBUART_DEVICE0_CONFIGURATION0_INTERFACE_CLASS
                0x00006438                USBUART_DEVICE0_CONFIGURATION0_TABLE
                0x00006460                USBUART_DEVICE0_TABLE
                0x00006478                USBUART_TABLE
                0x00006480                USBUART_MSOS_DESCRIPTOR
                0x00006494                USBUART_MSOS_CONFIGURATION_DESCR
 .rodata.str1.1
                0x000064bc        0x2 c:/program files (x86)/cypress/psoc creator/4.2/psoc creator/import/gnu/arm/5.4.1/bin/../lib/gcc/arm-none-eabi/5.4.1/../../../../arm-none-eabi/lib/armv7-m\libg_nano.a(lib_a-impure.o)
 *fill*         0x000064be        0x2 
 .rodata._global_impure_ptr
                0x000064c0        0x4 c:/program files (x86)/cypress/psoc creator/4.2/psoc creator/import/gnu/arm/5.4.1/bin/../lib/gcc/arm-none-eabi/5.4.1/../../../../arm-none-eabi/lib/armv7-m\libg_nano.a(lib_a-impure.o)
                0x000064c0                _global_impure_ptr
 .rodata.str1.1
                0x000064c4       0x25 c:/program files (x86)/cypress/psoc creator/4.2/psoc creator/import/gnu/arm/5.4.1/bin/../lib/gcc/arm-none-eabi/5.4.1/../../../../arm-none-eabi/lib/armv7-m\libg_nano.a(lib_a-utoa.o)
 *fill*         0x000064e9        0x3 
 .rodata.__sf_fake_stdin
                0x000064ec       0x20 c:/program files (x86)/cypress/psoc creator/4.2/psoc creator/import/gnu/arm/5.4.1/bin/../lib/gcc/arm-none-eabi/5.4.1/../../../../arm-none-eabi/lib/armv7-m\libg_nano.a(lib_a-findfp.o)
                0x000064ec                __sf_fake_stdin
 .rodata.__sf_fake_stdout
                0x0000650c       0x20 c:/program files (x86)/cypress/psoc creator/4.2/psoc creator/import/gnu/arm/5.4.1/bin/../lib/gcc/arm-none-eabi/5.4.1/../../../../arm-none-eabi/lib/armv7-m\libg_nano.a(lib_a-findfp.o)
                0x0000650c                __sf_fake_stdout
 .rodata.__sf_fake_stderr
                0x0000652c       0x20 c:/program files (x86)/cypress/psoc creator/4.2/psoc creator/import/gnu/arm/5.4.1/bin/../lib/gcc/arm-none-eabi/5.4.1/../../../../arm-none-eabi/lib/armv7-m\libg_nano.a(lib_a-findfp.o)
                0x0000652c                __sf_fake_stderr
                0x0000654c                . = ALIGN (0x4)
 *(.init)
 .init          0x0000654c        0x4 c:/program files (x86)/cypress/psoc creator/4.2/psoc creator/import/gnu/arm/5.4.1/bin/../lib/gcc/arm-none-eabi/5.4.1/armv7-m/crti.o
                0x0000654c                _init
 .init          0x00006550        0x8 c:/program files (x86)/cypress/psoc creator/4.2/psoc creator/import/gnu/arm/5.4.1/bin/../lib/gcc/arm-none-eabi/5.4.1/armv7-m/crtn.o
                0x00006558                . = ALIGN (0x4)
                0x00006558                __preinit_array_start = .
 *(.preinit_array)
                0x00006558                __preinit_array_end = .
                0x00006558                . = ALIGN (0x4)
                0x00006558                __init_array_start = .
 *(SORT(.init_array.*))
 *(.init_array)
 .init_array    0x00006558        0x4 c:/program files (x86)/cypress/psoc creator/4.2/psoc creator/import/gnu/arm/5.4.1/bin/../lib/gcc/arm-none-eabi/5.4.1/armv7-m/crtbegin.o
 .init_array    0x0000655c        0x4 .\CortexM3\ARM_GCC_541\Debug\Cm3Start.o
                0x00006560                __init_array_end = .
                0x00006560                . = ALIGN (0x4)
 *(.fini)
 .fini          0x00006560        0x4 c:/program files (x86)/cypress/psoc creator/4.2/psoc creator/import/gnu/arm/5.4.1/bin/../lib/gcc/arm-none-eabi/5.4.1/armv7-m/crti.o
                0x00006560                _fini
 .fini          0x00006564        0x8 c:/program files (x86)/cypress/psoc creator/4.2/psoc creator/import/gnu/arm/5.4.1/bin/../lib/gcc/arm-none-eabi/5.4.1/armv7-m/crtn.o
                0x0000656c                . = ALIGN (0x4)
                0x0000656c                __fini_array_start = .
 *(.fini_array)
 .fini_array    0x0000656c        0x4 c:/program files (x86)/cypress/psoc creator/4.2/psoc creator/import/gnu/arm/5.4.1/bin/../lib/gcc/arm-none-eabi/5.4.1/armv7-m/crtbegin.o
 *(SORT(.fini_array.*))
                0x00006570                __fini_array_end = .
                0x00006570                . = ALIGN (0x4)
 *crtbegin.o(.ctors)
 *(EXCLUDE_FILE(*crtend.o) .ctors)
 *(SORT(.ctors.*))
 *crtend.o(.ctors)
                0x00006570                . = ALIGN (0x4)
 *crtbegin.o(.dtors)
 *(EXCLUDE_FILE(*crtend.o) .dtors)
 *(SORT(.dtors.*))
 *crtend.o(.dtors)
                0x00006570                . = ALIGN (0x4)
                0x00006570                __cy_regions = .
                0x00006570        0x4 LONG 0x6580 __cy_region_init_ram
                0x00006574        0x4 LONG 0x1fff80c8 __cy_region_start_data
                0x00006578        0x4 LONG 0x228 __cy_region_init_size_ram
                0x0000657c        0x4 LONG 0xd90 __cy_region_zero_size_ram
                0x00006580                __cy_regions_end = .
                0x00006580                . = ALIGN (0x8)
                0x00006580                _etext = .

.cy_checksum_exclude
                0x00006580        0x0
 *(.cy_checksum_exclude)

.ramvectors     0x1fff8000       0xc0
                0x1fff8000                __cy_region_start_ram = .
 *(.ramvectors)
 .ramvectors    0x1fff8000       0xc0 .\CortexM3\ARM_GCC_541\Debug\Cm3Start.o
                0x1fff8000                CyRamVectors

.noinit         0x1fff80c0        0x5
 *(.noinit)
 .noinit        0x1fff80c0        0x4 .\CortexM3\ARM_GCC_541\Debug\Cm3Start.o
 .noinit        0x1fff80c4        0x1 .\CortexM3\ARM_GCC_541\Debug\Hardware_Task2.a(CyLib.o)
                0x1fff80c4                CyResetStatus

.data           0x1fff80c8      0x228 load address 0x00006580
                0x1fff80c8                __cy_region_start_data = .
 *(.jcr)
 .jcr           0x1fff80c8        0x0 c:/program files (x86)/cypress/psoc creator/4.2/psoc creator/import/gnu/arm/5.4.1/bin/../lib/gcc/arm-none-eabi/5.4.1/armv7-m/crtbegin.o
 .jcr           0x1fff80c8        0x4 c:/program files (x86)/cypress/psoc creator/4.2/psoc creator/import/gnu/arm/5.4.1/bin/../lib/gcc/arm-none-eabi/5.4.1/armv7-m/crtend.o
 *(.got.plt)
 *(.got)
 *(.shdata)
 *(.data .data.* .gnu.linkonce.d.*)
 .data          0x1fff80cc      0x188 .\CortexM3\ARM_GCC_541\Debug\main.o
                0x1fff820f                flag_rf_transmission_active
                0x1fff8210                displaystring
                0x1fff8250                distanceRequired
 .data          0x1fff8254        0x4 .\CortexM3\ARM_GCC_541\Debug\Cm3Start.o
 .data          0x1fff8258       0x1a .\CortexM3\ARM_GCC_541\Debug\Hardware_Task2.a(USBUART_cdc.o)
                0x1fff8258                USBUART_linesCoding
 *fill*         0x1fff8272        0x2 
 .data          0x1fff8274        0x8 .\CortexM3\ARM_GCC_541\Debug\Hardware_Task2.a(CyDmac.o)
 .data          0x1fff827c       0x10 .\CortexM3\ARM_GCC_541\Debug\Hardware_Task2.a(CyLib.o)
                0x1fff827c                cydelay_freq_hz
                0x1fff8280                cydelay_freq_khz
                0x1fff8284                cydelay_freq_mhz
                0x1fff8288                cydelay_32k_ms
 .data.impure_data
                0x1fff828c       0x60 c:/program files (x86)/cypress/psoc creator/4.2/psoc creator/import/gnu/arm/5.4.1/bin/../lib/gcc/arm-none-eabi/5.4.1/../../../../arm-none-eabi/lib/armv7-m\libg_nano.a(lib_a-impure.o)
 .data._impure_ptr
                0x1fff82ec        0x4 c:/program files (x86)/cypress/psoc creator/4.2/psoc creator/import/gnu/arm/5.4.1/bin/../lib/gcc/arm-none-eabi/5.4.1/../../../../arm-none-eabi/lib/armv7-m\libg_nano.a(lib_a-impure.o)
                0x1fff82ec                _impure_ptr
                0x1fff82f0                . = ALIGN (0x8)
 *(.ram)
                0x1fff82f0                _edata = .

.igot.plt       0x1fff82f0        0x0 load address 0x000067a8
 .igot.plt      0x1fff82f0        0x0 c:/program files (x86)/cypress/psoc creator/4.2/psoc creator/import/gnu/arm/5.4.1/bin/../lib/gcc/arm-none-eabi/5.4.1/armv7-m/crtbegin.o

.bss            0x1fff82f0      0xd90 load address 0x000067a8
                0x1fff82f0                PROVIDE (__bss_start__, .)
 *(.shbss)
 *(.bss .bss.* .gnu.linkonce.b.*)
 .bss           0x1fff82f0       0x1c c:/program files (x86)/cypress/psoc creator/4.2/psoc creator/import/gnu/arm/5.4.1/bin/../lib/gcc/arm-none-eabi/5.4.1/armv7-m/crtbegin.o
 .bss           0x1fff830c      0x3a8 .\CortexM3\ARM_GCC_541\Debug\main.o
                0x1fff830c                ts
                0x1fff830e                ts_enc
                0x1fff8310                ts_update
                0x1fff8312                ts_speed
                0x1fff8314                ts_display
                0x1fff8316                flag_ts_enc
                0x1fff8317                flag_ts_update
                0x1fff8318                flag_ts_speed
                0x1fff8319                flag_ts_display
                0x1fff831a                flag_rx
                0x1fff831b                flag_packet
                0x1fff831c                flag_KB_string
                0x1fff831d                dataready_flag
                0x1fff831e                timeIndex
                0x1fff8320                m1motorSpeed
                0x1fff8324                m2motorSpeed
                0x1fff8328                distanceTravelled
                0x1fff832c                distanceCheck
                0x1fff832d                changeVal
                0x1fff832e                m1Count
                0x1fff8330                m2Count
                0x1fff8332                stop
 .bss           0x1fff86b4        0xc .\CortexM3\ARM_GCC_541\Debug\algo.o
                0x1fff86b4                front
                0x1fff86b8                rear
                0x1fff86bc                size
 .bss           0x1fff86c0        0x1 .\CortexM3\ARM_GCC_541\Debug\Hardware_Task2.a(Timer_TS.o)
                0x1fff86c0                Timer_TS_initVar
 .bss           0x1fff86c1        0x1 .\CortexM3\ARM_GCC_541\Debug\Hardware_Task2.a(USBUART.o)
                0x1fff86c1                USBUART_initVar
 .bss           0x1fff86c2        0x1 .\CortexM3\ARM_GCC_541\Debug\Hardware_Task2.a(USBUART_cdc.o)
 *fill*         0x1fff86c3        0x1 
 .bss           0x1fff86c4        0x2 .\CortexM3\ARM_GCC_541\Debug\Hardware_Task2.a(USBUART_std.o)
 .bss           0x1fff86c6        0x1 .\CortexM3\ARM_GCC_541\Debug\Hardware_Task2.a(PWM_1.o)
                0x1fff86c6                PWM_1_initVar
 .bss           0x1fff86c7        0x1 .\CortexM3\ARM_GCC_541\Debug\Hardware_Task2.a(PWM_2.o)
                0x1fff86c7                PWM_2_initVar
 .bss           0x1fff86c8        0x1 .\CortexM3\ARM_GCC_541\Debug\Hardware_Task2.a(QuadDec_M1.o)
                0x1fff86c8                QuadDec_M1_initVar
 *fill*         0x1fff86c9        0x3 
 .bss           0x1fff86cc        0x4 .\CortexM3\ARM_GCC_541\Debug\Hardware_Task2.a(QuadDec_M1_INT.o)
                0x1fff86cc                QuadDec_M1_count32SoftPart
 .bss           0x1fff86d0        0x1 .\CortexM3\ARM_GCC_541\Debug\Hardware_Task2.a(QuadDec_M2.o)
                0x1fff86d0                QuadDec_M2_initVar
 *fill*         0x1fff86d1        0x3 
 .bss           0x1fff86d4        0x4 .\CortexM3\ARM_GCC_541\Debug\Hardware_Task2.a(QuadDec_M2_INT.o)
                0x1fff86d4                QuadDec_M2_count32SoftPart
 .bss           0x1fff86d8        0x1 .\CortexM3\ARM_GCC_541\Debug\Hardware_Task2.a(QuadDec_M1_Cnt16.o)
                0x1fff86d8                QuadDec_M1_Cnt16_initVar
 .bss           0x1fff86d9        0x1 .\CortexM3\ARM_GCC_541\Debug\Hardware_Task2.a(QuadDec_M2_Cnt16.o)
                0x1fff86d9                QuadDec_M2_Cnt16_initVar
 .bss           0x1fff86da        0x1 .\CortexM3\ARM_GCC_541\Debug\Hardware_Task2.a(Quad_TImer.o)
                0x1fff86da                Quad_TImer_initVar
 *fill*         0x1fff86db        0x1 
 .bss.__malloc_sbrk_start
                0x1fff86dc        0x4 c:/program files (x86)/cypress/psoc creator/4.2/psoc creator/import/gnu/arm/5.4.1/bin/../lib/gcc/arm-none-eabi/5.4.1/../../../../arm-none-eabi/lib/armv7-m\libg_nano.a(lib_a-nano-mallocr.o)
                0x1fff86dc                __malloc_sbrk_start
 .bss.__malloc_free_list
                0x1fff86e0        0x4 c:/program files (x86)/cypress/psoc creator/4.2/psoc creator/import/gnu/arm/5.4.1/bin/../lib/gcc/arm-none-eabi/5.4.1/../../../../arm-none-eabi/lib/armv7-m\libg_nano.a(lib_a-nano-mallocr.o)
                0x1fff86e0                __malloc_free_list
 *(COMMON)
 COMMON         0x1fff86e4       0xf4 .\CortexM3\ARM_GCC_541\Debug\main.o
                0x1fff86e4                entry
                0x1fff8724                system_state
                0x1fff8744                m2Comp
                0x1fff8748                line
                0x1fff8788                distanceTravelledM2
                0x1fff878c                usbBuffer
                0x1fff87cc                distanceTravelledM1
                0x1fff87d0                printSpeed
                0x1fff87d4                m1Comp
 COMMON         0x1fff87d8      0x7cb .\CortexM3\ARM_GCC_541\Debug\algo.o
                0x1fff87d8                queue
 *fill*         0x1fff8fa3        0x1 
 COMMON         0x1fff8fa4       0x18 .\CortexM3\ARM_GCC_541\Debug\Hardware_Task2.a(USBUART_cdc.o)
                0x1fff8fa4                USBUART_linesChanged
                0x1fff8fa8                USBUART_cdcDataInEp
                0x1fff8fac                USBUART_cdcCommInInterruptEp
                0x1fff8fb0                USBUART_cdcDataOutEp
                0x1fff8fb4                USBUART_serialStateBitmap
                0x1fff8fb8                USBUART_linesControlBitmap
 COMMON         0x1fff8fbc       0x9a .\CortexM3\ARM_GCC_541\Debug\Hardware_Task2.a(USBUART_drv.o)
                0x1fff8fbc                USBUART_lastPacketSize
                0x1fff8fbd                USBUART_device
                0x1fff8fbe                USBUART_transferByteCount
                0x1fff8fc0                USBUART_transferState
                0x1fff8fc4                USBUART_interfaceSettingLast
                0x1fff8fc8                USBUART_currentTD
                0x1fff8fd4                USBUART_interfaceNumber
                0x1fff8fd8                USBUART_interfaceClass
                0x1fff8fdc                USBUART_configurationChanged
                0x1fff8fdd                USBUART_ep0Mode
                0x1fff8fde                USBUART_deviceAddress
                0x1fff8fdf                USBUART_configuration
                0x1fff8fe0                USBUART_ep0Count
                0x1fff8fe1                USBUART_deviceStatus
                0x1fff8fe4                USBUART_EP
                0x1fff9050                USBUART_interfaceSetting
                0x1fff9052                USBUART_ep0Toggle
                0x1fff9054                USBUART_interfaceStatus
 *fill*         0x1fff9056        0x2 
 COMMON         0x1fff9058       0x22 .\CortexM3\ARM_GCC_541\Debug\Hardware_Task2.a(USBUART_descr.o)
                0x1fff9058                USBUART_idSerialNumberStringDescriptor
 *fill*         0x1fff907a        0x2 
 COMMON         0x1fff907c        0x4 c:/program files (x86)/cypress/psoc creator/4.2/psoc creator/import/gnu/arm/5.4.1/bin/../lib/gcc/arm-none-eabi/5.4.1/../../../../arm-none-eabi/lib/armv7-m\libg_nano.a(lib_a-reent.o)
                0x1fff907c                errno
                0x1fff9080                . = ALIGN (0x8)
 *(.ram.b)
                0x1fff9080                _end = .
                0x1fff9080                __end = .
                0x1fff9080                PROVIDE (end, .)
                0x1fff9080                PROVIDE (__bss_end__, .)
                0x00006580                __cy_region_init_ram = LOADADDR (.data)
                0x00000228                __cy_region_init_size_ram = (_edata - ADDR (.data))
                0x00000d90                __cy_region_zero_size_ram = (_end - _edata)

.heap           0x1fff9080       0x80 load address 0x000067a8
                0x1fff9080                . = _end
                0x1fff9100                . = (. + 0x80)
 *fill*         0x1fff9080       0x80 
                0x1fff9100                __cy_heap_limit = .

.stack          0x20007800      0x800
                0x20007800                __cy_stack_limit = .
                0x20008000                . = (. + 0x800)
 *fill*         0x20007800      0x800 
                0x00000001                ASSERT ((__cy_stack_limit >= __cy_heap_limit), region RAM overflowed with stack)
                0x00000000                cy_checksum_exclude_size = (CY_APPL_LOADABLE == 0x1)?SIZEOF (.cy_checksum_exclude):0x0
                0x00000001                ASSERT ((cy_checksum_exclude_size <= CY_CHECKSUM_EXCLUDE_SIZE), CY_BOOT: Section .cy_checksum_exclude size exceedes specified limit.)

.cyloadermeta
 *(.cyloadermeta)

.cyloadablemeta
 *(.cyloadablemeta)

.cyconfigecc    0x80000000     0x107c
 *(.cyconfigecc)
 .cyconfigecc   0x80000000     0x107c .\CortexM3\ARM_GCC_541\Debug\cymetadata.o
                0x80000000                cy_meta_configecc

.cycustnvl      0x90000000        0x4
 *(.cycustnvl)
 .cycustnvl     0x90000000        0x4 .\CortexM3\ARM_GCC_541\Debug\cymetadata.o
                0x90000000                cy_meta_custnvl

.cywolatch      0x90100000        0x4
 *(.cywolatch)
 .cywolatch     0x90100000        0x4 .\CortexM3\ARM_GCC_541\Debug\cymetadata.o
                0x90100000                cy_meta_wonvl

.cyeeprom       0x90200000        0x0
 *(.cyeeprom)
                0x00000001                ASSERT ((. <= ((0x90200000 + ee_offset) + ee_size)), .cyeeprom data will not fit in EEPROM)

.cyflashprotect
                0x90400000      0x100
 *(.cyflashprotect)
 .cyflashprotect
                0x90400000      0x100 .\CortexM3\ARM_GCC_541\Debug\cymetadata.o
                0x90400000                cy_meta_flashprotect

.cymeta         0x90500000        0xc
 *(.cymeta)
 .cymeta        0x90500000        0xc .\CortexM3\ARM_GCC_541\Debug\cymetadata.o
                0x90500000                cy_metadata

.rel.dyn        0x000067a8        0x0 load address 0x9050000c
 .rel.iplt      0x000067a8        0x0 c:/program files (x86)/cypress/psoc creator/4.2/psoc creator/import/gnu/arm/5.4.1/bin/../lib/gcc/arm-none-eabi/5.4.1/armv7-m/crtbegin.o

.stab           0x00000000       0x9c
 *(.stab)
 .stab          0x00000000       0x24 c:/program files (x86)/cypress/psoc creator/4.2/psoc creator/import/gnu/arm/5.4.1/bin/../lib/gcc/arm-none-eabi/5.4.1/../../../../arm-none-eabi/lib/armv7-m\libnosys.a(close.o)
 .stab          0x00000024       0x18 c:/program files (x86)/cypress/psoc creator/4.2/psoc creator/import/gnu/arm/5.4.1/bin/../lib/gcc/arm-none-eabi/5.4.1/../../../../arm-none-eabi/lib/armv7-m\libnosys.a(fstat.o)
                                 0x24 (size before relaxing)
 .stab          0x0000003c       0x18 c:/program files (x86)/cypress/psoc creator/4.2/psoc creator/import/gnu/arm/5.4.1/bin/../lib/gcc/arm-none-eabi/5.4.1/../../../../arm-none-eabi/lib/armv7-m\libnosys.a(isatty.o)
                                 0x24 (size before relaxing)
 .stab          0x00000054       0x18 c:/program files (x86)/cypress/psoc creator/4.2/psoc creator/import/gnu/arm/5.4.1/bin/../lib/gcc/arm-none-eabi/5.4.1/../../../../arm-none-eabi/lib/armv7-m\libnosys.a(lseek.o)
                                 0x24 (size before relaxing)
 .stab          0x0000006c       0x18 c:/program files (x86)/cypress/psoc creator/4.2/psoc creator/import/gnu/arm/5.4.1/bin/../lib/gcc/arm-none-eabi/5.4.1/../../../../arm-none-eabi/lib/armv7-m\libnosys.a(read.o)
                                 0x24 (size before relaxing)
 .stab          0x00000084       0x18 c:/program files (x86)/cypress/psoc creator/4.2/psoc creator/import/gnu/arm/5.4.1/bin/../lib/gcc/arm-none-eabi/5.4.1/../../../../arm-none-eabi/lib/armv7-m\libnosys.a(write.o)
                                 0x24 (size before relaxing)

.stabstr        0x00000000      0x14d
 *(.stabstr)
 .stabstr       0x00000000      0x14d c:/program files (x86)/cypress/psoc creator/4.2/psoc creator/import/gnu/arm/5.4.1/bin/../lib/gcc/arm-none-eabi/5.4.1/../../../../arm-none-eabi/lib/armv7-m\libnosys.a(close.o)

.debug
 *(.debug)

.line
 *(.line)

.debug_srcinfo
 *(.debug_srcinfo)

.debug_sfnames
 *(.debug_sfnames)

.debug_aranges  0x00000000     0x1090
 *(.debug_aranges)
 .debug_aranges
                0x00000000       0x68 .\CortexM3\ARM_GCC_541\Debug\main.o
 .debug_aranges
                0x00000068       0x18 .\CortexM3\ARM_GCC_541\Debug\tacho.o
 .debug_aranges
                0x00000080       0x58 .\CortexM3\ARM_GCC_541\Debug\algo.o
 .debug_aranges
                0x000000d8       0x60 .\CortexM3\ARM_GCC_541\Debug\cyfitter_cfg.o
 .debug_aranges
                0x00000138       0x18 .\CortexM3\ARM_GCC_541\Debug\cymetadata.o
 .debug_aranges
                0x00000150       0x48 .\CortexM3\ARM_GCC_541\Debug\Cm3Start.o
 .debug_aranges
                0x00000198       0x80 .\CortexM3\ARM_GCC_541\Debug\Hardware_Task2.a(isr_TS.o)
 .debug_aranges
                0x00000218       0x88 .\CortexM3\ARM_GCC_541\Debug\Hardware_Task2.a(Timer_TS.o)
 .debug_aranges
                0x000002a0       0xc8 .\CortexM3\ARM_GCC_541\Debug\Hardware_Task2.a(USBUART.o)
 .debug_aranges
                0x00000368       0xe8 .\CortexM3\ARM_GCC_541\Debug\Hardware_Task2.a(USBUART_cdc.o)
 .debug_aranges
                0x00000450       0x98 .\CortexM3\ARM_GCC_541\Debug\Hardware_Task2.a(USBUART_drv.o)
 .debug_aranges
                0x000004e8       0x40 .\CortexM3\ARM_GCC_541\Debug\Hardware_Task2.a(USBUART_episr.o)
 .debug_aranges
                0x00000528       0x40 .\CortexM3\ARM_GCC_541\Debug\Hardware_Task2.a(USBUART_pm.o)
 .debug_aranges
                0x00000568       0x80 .\CortexM3\ARM_GCC_541\Debug\Hardware_Task2.a(USBUART_std.o)
 .debug_aranges
                0x000005e8       0x20 .\CortexM3\ARM_GCC_541\Debug\Hardware_Task2.a(USBUART_vnd.o)
 .debug_aranges
                0x00000608       0x48 .\CortexM3\ARM_GCC_541\Debug\Hardware_Task2.a(USBUART_Dp.o)
 .debug_aranges
                0x00000650       0xd8 .\CortexM3\ARM_GCC_541\Debug\Hardware_Task2.a(CyDmac.o)
 .debug_aranges
                0x00000728      0x2a0 .\CortexM3\ARM_GCC_541\Debug\Hardware_Task2.a(CyLib.o)
 .debug_aranges
                0x000009c8       0x98 .\CortexM3\ARM_GCC_541\Debug\Hardware_Task2.a(cyPm.o)
 .debug_aranges
                0x00000a60       0x78 .\CortexM3\ARM_GCC_541\Debug\Hardware_Task2.a(PWM_1.o)
 .debug_aranges
                0x00000ad8       0x78 .\CortexM3\ARM_GCC_541\Debug\Hardware_Task2.a(PWM_2.o)
 .debug_aranges
                0x00000b50       0x60 .\CortexM3\ARM_GCC_541\Debug\Hardware_Task2.a(QuadDec_M1.o)
 .debug_aranges
                0x00000bb0       0x20 .\CortexM3\ARM_GCC_541\Debug\Hardware_Task2.a(QuadDec_M1_INT.o)
 .debug_aranges
                0x00000bd0       0x60 .\CortexM3\ARM_GCC_541\Debug\Hardware_Task2.a(QuadDec_M2.o)
 .debug_aranges
                0x00000c30       0x20 .\CortexM3\ARM_GCC_541\Debug\Hardware_Task2.a(QuadDec_M2_INT.o)
 .debug_aranges
                0x00000c50       0x98 .\CortexM3\ARM_GCC_541\Debug\Hardware_Task2.a(QuadDec_M1_Cnt16.o)
 .debug_aranges
                0x00000ce8       0x98 .\CortexM3\ARM_GCC_541\Debug\Hardware_Task2.a(QuadDec_M2_Cnt16.o)
 .debug_aranges
                0x00000d80       0x88 .\CortexM3\ARM_GCC_541\Debug\Hardware_Task2.a(Quad_TImer.o)
 .debug_aranges
                0x00000e08       0x80 .\CortexM3\ARM_GCC_541\Debug\Hardware_Task2.a(isr_quad_timer.o)
 .debug_aranges
                0x00000e88       0x38 .\CortexM3\ARM_GCC_541\Debug\Hardware_Task2.a(M2_INV.o)
 .debug_aranges
                0x00000ec0       0x38 .\CortexM3\ARM_GCC_541\Debug\Hardware_Task2.a(Q1.o)
 .debug_aranges
                0x00000ef8       0x38 .\CortexM3\ARM_GCC_541\Debug\Hardware_Task2.a(Q3.o)
 .debug_aranges
                0x00000f30       0x20 .\CortexM3\ARM_GCC_541\Debug\Hardware_Task2.a(CyBootAsmGnu.o)
 .debug_aranges
                0x00000f50       0x20 .\CortexM3\ARM_GCC_541\Debug\Hardware_Task2.a(USBUART_cls.o)
 .debug_aranges
                0x00000f70       0x18 .\CortexM3\ARM_GCC_541\Debug\Hardware_Task2.a(USBUART_descr.o)
 .debug_aranges
                0x00000f88       0x88 .\CortexM3\ARM_GCC_541\Debug\Hardware_Task2.a(CyFlash.o)
 .debug_aranges
                0x00001010       0x80 .\CortexM3\ARM_GCC_541\Debug\Hardware_Task2.a(CySpc.o)

.debug_pubnames
 *(.debug_pubnames)

.debug_info     0x00000000     0x8221
 *(.debug_info .gnu.linkonce.wi.*)
 .debug_info    0x00000000      0x753 .\CortexM3\ARM_GCC_541\Debug\main.o
 .debug_info    0x00000753       0xae .\CortexM3\ARM_GCC_541\Debug\tacho.o
 .debug_info    0x00000801      0x4f7 .\CortexM3\ARM_GCC_541\Debug\algo.o
 .debug_info    0x00000cf8      0x481 .\CortexM3\ARM_GCC_541\Debug\cyfitter_cfg.o
 .debug_info    0x00001179      0x139 .\CortexM3\ARM_GCC_541\Debug\cymetadata.o
 .debug_info    0x000012b2      0x32b .\CortexM3\ARM_GCC_541\Debug\Cm3Start.o
 .debug_info    0x000015dd      0x24b .\CortexM3\ARM_GCC_541\Debug\Hardware_Task2.a(isr_TS.o)
 .debug_info    0x00001828      0x245 .\CortexM3\ARM_GCC_541\Debug\Hardware_Task2.a(Timer_TS.o)
 .debug_info    0x00001a6d      0x717 .\CortexM3\ARM_GCC_541\Debug\Hardware_Task2.a(USBUART.o)
 .debug_info    0x00002184      0x924 .\CortexM3\ARM_GCC_541\Debug\Hardware_Task2.a(USBUART_cdc.o)
 .debug_info    0x00002aa8      0x52d .\CortexM3\ARM_GCC_541\Debug\Hardware_Task2.a(USBUART_drv.o)
 .debug_info    0x00002fd5      0x23b .\CortexM3\ARM_GCC_541\Debug\Hardware_Task2.a(USBUART_episr.o)
 .debug_info    0x00003210      0x18d .\CortexM3\ARM_GCC_541\Debug\Hardware_Task2.a(USBUART_pm.o)
 .debug_info    0x0000339d      0x961 .\CortexM3\ARM_GCC_541\Debug\Hardware_Task2.a(USBUART_std.o)
 .debug_info    0x00003cfe      0x1a9 .\CortexM3\ARM_GCC_541\Debug\Hardware_Task2.a(USBUART_vnd.o)
 .debug_info    0x00003ea7      0x171 .\CortexM3\ARM_GCC_541\Debug\Hardware_Task2.a(USBUART_Dp.o)
 .debug_info    0x00004018      0x8c0 .\CortexM3\ARM_GCC_541\Debug\Hardware_Task2.a(CyDmac.o)
 .debug_info    0x000048d8      0xe51 .\CortexM3\ARM_GCC_541\Debug\Hardware_Task2.a(CyLib.o)
 .debug_info    0x00005729      0x57a .\CortexM3\ARM_GCC_541\Debug\Hardware_Task2.a(cyPm.o)
 .debug_info    0x00005ca3      0x235 .\CortexM3\ARM_GCC_541\Debug\Hardware_Task2.a(PWM_1.o)
 .debug_info    0x00005ed8      0x235 .\CortexM3\ARM_GCC_541\Debug\Hardware_Task2.a(PWM_2.o)
 .debug_info    0x0000610d      0x234 .\CortexM3\ARM_GCC_541\Debug\Hardware_Task2.a(QuadDec_M1.o)
 .debug_info    0x00006341       0xf2 .\CortexM3\ARM_GCC_541\Debug\Hardware_Task2.a(QuadDec_M1_INT.o)
 .debug_info    0x00006433      0x234 .\CortexM3\ARM_GCC_541\Debug\Hardware_Task2.a(QuadDec_M2.o)
 .debug_info    0x00006667       0xf2 .\CortexM3\ARM_GCC_541\Debug\Hardware_Task2.a(QuadDec_M2_INT.o)
 .debug_info    0x00006759      0x291 .\CortexM3\ARM_GCC_541\Debug\Hardware_Task2.a(QuadDec_M1_Cnt16.o)
 .debug_info    0x000069ea      0x291 .\CortexM3\ARM_GCC_541\Debug\Hardware_Task2.a(QuadDec_M2_Cnt16.o)
 .debug_info    0x00006c7b      0x245 .\CortexM3\ARM_GCC_541\Debug\Hardware_Task2.a(Quad_TImer.o)
 .debug_info    0x00006ec0      0x241 .\CortexM3\ARM_GCC_541\Debug\Hardware_Task2.a(isr_quad_timer.o)
 .debug_info    0x00007101      0x11e .\CortexM3\ARM_GCC_541\Debug\Hardware_Task2.a(M2_INV.o)
 .debug_info    0x0000721f      0x11e .\CortexM3\ARM_GCC_541\Debug\Hardware_Task2.a(Q1.o)
 .debug_info    0x0000733d      0x11e .\CortexM3\ARM_GCC_541\Debug\Hardware_Task2.a(Q3.o)
 .debug_info    0x0000745b       0xa4 .\CortexM3\ARM_GCC_541\Debug\Hardware_Task2.a(CyBootAsmGnu.o)
 .debug_info    0x000074ff      0x1c8 .\CortexM3\ARM_GCC_541\Debug\Hardware_Task2.a(USBUART_cls.o)
 .debug_info    0x000076c7      0x2e1 .\CortexM3\ARM_GCC_541\Debug\Hardware_Task2.a(USBUART_descr.o)
 .debug_info    0x000079a8      0x3b9 .\CortexM3\ARM_GCC_541\Debug\Hardware_Task2.a(CyFlash.o)
 .debug_info    0x00007d61      0x4c0 .\CortexM3\ARM_GCC_541\Debug\Hardware_Task2.a(CySpc.o)

.debug_abbrev   0x00000000     0x2973
 *(.debug_abbrev)
 .debug_abbrev  0x00000000      0x1b9 .\CortexM3\ARM_GCC_541\Debug\main.o
 .debug_abbrev  0x000001b9       0x4b .\CortexM3\ARM_GCC_541\Debug\tacho.o
 .debug_abbrev  0x00000204      0x190 .\CortexM3\ARM_GCC_541\Debug\algo.o
 .debug_abbrev  0x00000394      0x1b7 .\CortexM3\ARM_GCC_541\Debug\cyfitter_cfg.o
 .debug_abbrev  0x0000054b       0x77 .\CortexM3\ARM_GCC_541\Debug\cymetadata.o
 .debug_abbrev  0x000005c2      0x1d6 .\CortexM3\ARM_GCC_541\Debug\Cm3Start.o
 .debug_abbrev  0x00000798      0x183 .\CortexM3\ARM_GCC_541\Debug\Hardware_Task2.a(isr_TS.o)
 .debug_abbrev  0x0000091b       0xe9 .\CortexM3\ARM_GCC_541\Debug\Hardware_Task2.a(Timer_TS.o)
 .debug_abbrev  0x00000a04      0x1f3 .\CortexM3\ARM_GCC_541\Debug\Hardware_Task2.a(USBUART.o)
 .debug_abbrev  0x00000bf7      0x233 .\CortexM3\ARM_GCC_541\Debug\Hardware_Task2.a(USBUART_cdc.o)
 .debug_abbrev  0x00000e2a      0x161 .\CortexM3\ARM_GCC_541\Debug\Hardware_Task2.a(USBUART_drv.o)
 .debug_abbrev  0x00000f8b       0xfd .\CortexM3\ARM_GCC_541\Debug\Hardware_Task2.a(USBUART_episr.o)
 .debug_abbrev  0x00001088       0xd1 .\CortexM3\ARM_GCC_541\Debug\Hardware_Task2.a(USBUART_pm.o)
 .debug_abbrev  0x00001159      0x1c2 .\CortexM3\ARM_GCC_541\Debug\Hardware_Task2.a(USBUART_std.o)
 .debug_abbrev  0x0000131b       0xc5 .\CortexM3\ARM_GCC_541\Debug\Hardware_Task2.a(USBUART_vnd.o)
 .debug_abbrev  0x000013e0       0x90 .\CortexM3\ARM_GCC_541\Debug\Hardware_Task2.a(USBUART_Dp.o)
 .debug_abbrev  0x00001470      0x194 .\CortexM3\ARM_GCC_541\Debug\Hardware_Task2.a(CyDmac.o)
 .debug_abbrev  0x00001604      0x217 .\CortexM3\ARM_GCC_541\Debug\Hardware_Task2.a(CyLib.o)
 .debug_abbrev  0x0000181b      0x161 .\CortexM3\ARM_GCC_541\Debug\Hardware_Task2.a(cyPm.o)
 .debug_abbrev  0x0000197c      0x116 .\CortexM3\ARM_GCC_541\Debug\Hardware_Task2.a(PWM_1.o)
 .debug_abbrev  0x00001a92      0x116 .\CortexM3\ARM_GCC_541\Debug\Hardware_Task2.a(PWM_2.o)
 .debug_abbrev  0x00001ba8      0x11a .\CortexM3\ARM_GCC_541\Debug\Hardware_Task2.a(QuadDec_M1.o)
 .debug_abbrev  0x00001cc2       0x78 .\CortexM3\ARM_GCC_541\Debug\Hardware_Task2.a(QuadDec_M1_INT.o)
 .debug_abbrev  0x00001d3a      0x11a .\CortexM3\ARM_GCC_541\Debug\Hardware_Task2.a(QuadDec_M2.o)
 .debug_abbrev  0x00001e54       0x78 .\CortexM3\ARM_GCC_541\Debug\Hardware_Task2.a(QuadDec_M2_INT.o)
 .debug_abbrev  0x00001ecc      0x12c .\CortexM3\ARM_GCC_541\Debug\Hardware_Task2.a(QuadDec_M1_Cnt16.o)
 .debug_abbrev  0x00001ff8      0x12c .\CortexM3\ARM_GCC_541\Debug\Hardware_Task2.a(QuadDec_M2_Cnt16.o)
 .debug_abbrev  0x00002124       0xe9 .\CortexM3\ARM_GCC_541\Debug\Hardware_Task2.a(Quad_TImer.o)
 .debug_abbrev  0x0000220d      0x172 .\CortexM3\ARM_GCC_541\Debug\Hardware_Task2.a(isr_quad_timer.o)
 .debug_abbrev  0x0000237f       0x90 .\CortexM3\ARM_GCC_541\Debug\Hardware_Task2.a(M2_INV.o)
 .debug_abbrev  0x0000240f       0x90 .\CortexM3\ARM_GCC_541\Debug\Hardware_Task2.a(Q1.o)
 .debug_abbrev  0x0000249f       0x90 .\CortexM3\ARM_GCC_541\Debug\Hardware_Task2.a(Q3.o)
 .debug_abbrev  0x0000252f       0x14 .\CortexM3\ARM_GCC_541\Debug\Hardware_Task2.a(CyBootAsmGnu.o)
 .debug_abbrev  0x00002543       0xc5 .\CortexM3\ARM_GCC_541\Debug\Hardware_Task2.a(USBUART_cls.o)
 .debug_abbrev  0x00002608       0xb4 .\CortexM3\ARM_GCC_541\Debug\Hardware_Task2.a(USBUART_descr.o)
 .debug_abbrev  0x000026bc      0x14b .\CortexM3\ARM_GCC_541\Debug\Hardware_Task2.a(CyFlash.o)
 .debug_abbrev  0x00002807      0x16c .\CortexM3\ARM_GCC_541\Debug\Hardware_Task2.a(CySpc.o)

.debug_line     0x00000000     0x4240
 *(.debug_line)
 .debug_line    0x00000000      0x36f .\CortexM3\ARM_GCC_541\Debug\main.o
 .debug_line    0x0000036f      0x13f .\CortexM3\ARM_GCC_541\Debug\tacho.o
 .debug_line    0x000004ae      0x409 .\CortexM3\ARM_GCC_541\Debug\algo.o
 .debug_line    0x000008b7      0x235 .\CortexM3\ARM_GCC_541\Debug\cyfitter_cfg.o
 .debug_line    0x00000aec      0x141 .\CortexM3\ARM_GCC_541\Debug\cymetadata.o
 .debug_line    0x00000c2d      0x1db .\CortexM3\ARM_GCC_541\Debug\Cm3Start.o
 .debug_line    0x00000e08      0x150 .\CortexM3\ARM_GCC_541\Debug\Hardware_Task2.a(isr_TS.o)
 .debug_line    0x00000f58      0x160 .\CortexM3\ARM_GCC_541\Debug\Hardware_Task2.a(Timer_TS.o)
 .debug_line    0x000010b8      0x307 .\CortexM3\ARM_GCC_541\Debug\Hardware_Task2.a(USBUART.o)
 .debug_line    0x000013bf      0x30c .\CortexM3\ARM_GCC_541\Debug\Hardware_Task2.a(USBUART_cdc.o)
 .debug_line    0x000016cb      0x21f .\CortexM3\ARM_GCC_541\Debug\Hardware_Task2.a(USBUART_drv.o)
 .debug_line    0x000018ea       0xf2 .\CortexM3\ARM_GCC_541\Debug\Hardware_Task2.a(USBUART_episr.o)
 .debug_line    0x000019dc       0xe6 .\CortexM3\ARM_GCC_541\Debug\Hardware_Task2.a(USBUART_pm.o)
 .debug_line    0x00001ac2      0x470 .\CortexM3\ARM_GCC_541\Debug\Hardware_Task2.a(USBUART_std.o)
 .debug_line    0x00001f32       0x8f .\CortexM3\ARM_GCC_541\Debug\Hardware_Task2.a(USBUART_vnd.o)
 .debug_line    0x00001fc1       0xbf .\CortexM3\ARM_GCC_541\Debug\Hardware_Task2.a(USBUART_Dp.o)
 .debug_line    0x00002080      0x2b6 .\CortexM3\ARM_GCC_541\Debug\Hardware_Task2.a(CyDmac.o)
 .debug_line    0x00002336      0x883 .\CortexM3\ARM_GCC_541\Debug\Hardware_Task2.a(CyLib.o)
 .debug_line    0x00002bb9      0x38e .\CortexM3\ARM_GCC_541\Debug\Hardware_Task2.a(cyPm.o)
 .debug_line    0x00002f47      0x140 .\CortexM3\ARM_GCC_541\Debug\Hardware_Task2.a(PWM_1.o)
 .debug_line    0x00003087      0x140 .\CortexM3\ARM_GCC_541\Debug\Hardware_Task2.a(PWM_2.o)
 .debug_line    0x000031c7      0x126 .\CortexM3\ARM_GCC_541\Debug\Hardware_Task2.a(QuadDec_M1.o)
 .debug_line    0x000032ed       0x70 .\CortexM3\ARM_GCC_541\Debug\Hardware_Task2.a(QuadDec_M1_INT.o)
 .debug_line    0x0000335d      0x126 .\CortexM3\ARM_GCC_541\Debug\Hardware_Task2.a(QuadDec_M2.o)
 .debug_line    0x00003483       0x70 .\CortexM3\ARM_GCC_541\Debug\Hardware_Task2.a(QuadDec_M2_INT.o)
 .debug_line    0x000034f3      0x18e .\CortexM3\ARM_GCC_541\Debug\Hardware_Task2.a(QuadDec_M1_Cnt16.o)
 .debug_line    0x00003681      0x18e .\CortexM3\ARM_GCC_541\Debug\Hardware_Task2.a(QuadDec_M2_Cnt16.o)
 .debug_line    0x0000380f      0x162 .\CortexM3\ARM_GCC_541\Debug\Hardware_Task2.a(Quad_TImer.o)
 .debug_line    0x00003971      0x159 .\CortexM3\ARM_GCC_541\Debug\Hardware_Task2.a(isr_quad_timer.o)
 .debug_line    0x00003aca       0x96 .\CortexM3\ARM_GCC_541\Debug\Hardware_Task2.a(M2_INV.o)
 .debug_line    0x00003b60       0x92 .\CortexM3\ARM_GCC_541\Debug\Hardware_Task2.a(Q1.o)
 .debug_line    0x00003bf2       0x92 .\CortexM3\ARM_GCC_541\Debug\Hardware_Task2.a(Q3.o)
 .debug_line    0x00003c84       0x66 .\CortexM3\ARM_GCC_541\Debug\Hardware_Task2.a(CyBootAsmGnu.o)
 .debug_line    0x00003cea       0x95 .\CortexM3\ARM_GCC_541\Debug\Hardware_Task2.a(USBUART_cls.o)
 .debug_line    0x00003d7f       0x61 .\CortexM3\ARM_GCC_541\Debug\Hardware_Task2.a(USBUART_descr.o)
 .debug_line    0x00003de0      0x22f .\CortexM3\ARM_GCC_541\Debug\Hardware_Task2.a(CyFlash.o)
 .debug_line    0x0000400f      0x231 .\CortexM3\ARM_GCC_541\Debug\Hardware_Task2.a(CySpc.o)

.debug_frame    0x00000000     0x4960
 *(.debug_frame)
 .debug_frame   0x00000000      0x188 .\CortexM3\ARM_GCC_541\Debug\main.o
 .debug_frame   0x00000188      0x158 .\CortexM3\ARM_GCC_541\Debug\algo.o
 .debug_frame   0x000002e0      0x16c .\CortexM3\ARM_GCC_541\Debug\cyfitter_cfg.o
 .debug_frame   0x0000044c       0xd8 .\CortexM3\ARM_GCC_541\Debug\Cm3Start.o
 .debug_frame   0x00000524      0x1e8 .\CortexM3\ARM_GCC_541\Debug\Hardware_Task2.a(isr_TS.o)
 .debug_frame   0x0000070c      0x208 .\CortexM3\ARM_GCC_541\Debug\Hardware_Task2.a(Timer_TS.o)
 .debug_frame   0x00000914      0x37c .\CortexM3\ARM_GCC_541\Debug\Hardware_Task2.a(USBUART.o)
 .debug_frame   0x00000c90      0x3ec .\CortexM3\ARM_GCC_541\Debug\Hardware_Task2.a(USBUART_cdc.o)
 .debug_frame   0x0000107c      0x23c .\CortexM3\ARM_GCC_541\Debug\Hardware_Task2.a(USBUART_drv.o)
 .debug_frame   0x000012b8       0xbc .\CortexM3\ARM_GCC_541\Debug\Hardware_Task2.a(USBUART_episr.o)
 .debug_frame   0x00001374       0xbc .\CortexM3\ARM_GCC_541\Debug\Hardware_Task2.a(USBUART_pm.o)
 .debug_frame   0x00001430      0x224 .\CortexM3\ARM_GCC_541\Debug\Hardware_Task2.a(USBUART_std.o)
 .debug_frame   0x00001654       0x38 .\CortexM3\ARM_GCC_541\Debug\Hardware_Task2.a(USBUART_vnd.o)
 .debug_frame   0x0000168c       0xf4 .\CortexM3\ARM_GCC_541\Debug\Hardware_Task2.a(USBUART_Dp.o)
 .debug_frame   0x00001780      0x3d0 .\CortexM3\ARM_GCC_541\Debug\Hardware_Task2.a(CyDmac.o)
 .debug_frame   0x00001b50      0xc0c .\CortexM3\ARM_GCC_541\Debug\Hardware_Task2.a(CyLib.o)
 .debug_frame   0x0000275c      0x234 .\CortexM3\ARM_GCC_541\Debug\Hardware_Task2.a(cyPm.o)
 .debug_frame   0x00002990      0x1d0 .\CortexM3\ARM_GCC_541\Debug\Hardware_Task2.a(PWM_1.o)
 .debug_frame   0x00002b60      0x1d0 .\CortexM3\ARM_GCC_541\Debug\Hardware_Task2.a(PWM_2.o)
 .debug_frame   0x00002d30      0x158 .\CortexM3\ARM_GCC_541\Debug\Hardware_Task2.a(QuadDec_M1.o)
 .debug_frame   0x00002e88       0x38 .\CortexM3\ARM_GCC_541\Debug\Hardware_Task2.a(QuadDec_M1_INT.o)
 .debug_frame   0x00002ec0      0x158 .\CortexM3\ARM_GCC_541\Debug\Hardware_Task2.a(QuadDec_M2.o)
 .debug_frame   0x00003018       0x38 .\CortexM3\ARM_GCC_541\Debug\Hardware_Task2.a(QuadDec_M2_INT.o)
 .debug_frame   0x00003050      0x258 .\CortexM3\ARM_GCC_541\Debug\Hardware_Task2.a(QuadDec_M1_Cnt16.o)
 .debug_frame   0x000032a8      0x258 .\CortexM3\ARM_GCC_541\Debug\Hardware_Task2.a(QuadDec_M2_Cnt16.o)
 .debug_frame   0x00003500      0x208 .\CortexM3\ARM_GCC_541\Debug\Hardware_Task2.a(Quad_TImer.o)
 .debug_frame   0x00003708      0x1e8 .\CortexM3\ARM_GCC_541\Debug\Hardware_Task2.a(isr_quad_timer.o)
 .debug_frame   0x000038f0       0xa8 .\CortexM3\ARM_GCC_541\Debug\Hardware_Task2.a(M2_INV.o)
 .debug_frame   0x00003998       0xa8 .\CortexM3\ARM_GCC_541\Debug\Hardware_Task2.a(Q1.o)
 .debug_frame   0x00003a40       0xa8 .\CortexM3\ARM_GCC_541\Debug\Hardware_Task2.a(Q3.o)
 .debug_frame   0x00003ae8       0x38 .\CortexM3\ARM_GCC_541\Debug\Hardware_Task2.a(USBUART_cls.o)
 .debug_frame   0x00003b20      0x238 .\CortexM3\ARM_GCC_541\Debug\Hardware_Task2.a(CyFlash.o)
 .debug_frame   0x00003d58      0x228 .\CortexM3\ARM_GCC_541\Debug\Hardware_Task2.a(CySpc.o)
 .debug_frame   0x00003f80       0x20 c:/program files (x86)/cypress/psoc creator/4.2/psoc creator/import/gnu/arm/5.4.1/bin/../lib/gcc/arm-none-eabi/5.4.1/../../../../arm-none-eabi/lib/armv7-m\libg_nano.a(lib_a-errno.o)
 .debug_frame   0x00003fa0       0x28 c:/program files (x86)/cypress/psoc creator/4.2/psoc creator/import/gnu/arm/5.4.1/bin/../lib/gcc/arm-none-eabi/5.4.1/../../../../arm-none-eabi/lib/armv7-m\libg_nano.a(lib_a-exit.o)
 .debug_frame   0x00003fc8       0x2c c:/program files (x86)/cypress/psoc creator/4.2/psoc creator/import/gnu/arm/5.4.1/bin/../lib/gcc/arm-none-eabi/5.4.1/../../../../arm-none-eabi/lib/armv7-m\libg_nano.a(lib_a-init.o)
 .debug_frame   0x00003ff4       0x38 c:/program files (x86)/cypress/psoc creator/4.2/psoc creator/import/gnu/arm/5.4.1/bin/../lib/gcc/arm-none-eabi/5.4.1/../../../../arm-none-eabi/lib/armv7-m\libg_nano.a(lib_a-itoa.o)
 .debug_frame   0x0000402c       0x28 c:/program files (x86)/cypress/psoc creator/4.2/psoc creator/import/gnu/arm/5.4.1/bin/../lib/gcc/arm-none-eabi/5.4.1/../../../../arm-none-eabi/lib/armv7-m\libg_nano.a(lib_a-memcpy-stub.o)
 .debug_frame   0x00004054       0x20 c:/program files (x86)/cypress/psoc creator/4.2/psoc creator/import/gnu/arm/5.4.1/bin/../lib/gcc/arm-none-eabi/5.4.1/../../../../arm-none-eabi/lib/armv7-m\libg_nano.a(lib_a-memset.o)
 .debug_frame   0x00004074       0x74 c:/program files (x86)/cypress/psoc creator/4.2/psoc creator/import/gnu/arm/5.4.1/bin/../lib/gcc/arm-none-eabi/5.4.1/../../../../arm-none-eabi/lib/armv7-m\libg_nano.a(lib_a-printf.o)
 .debug_frame   0x000040e8       0x3c c:/program files (x86)/cypress/psoc creator/4.2/psoc creator/import/gnu/arm/5.4.1/bin/../lib/gcc/arm-none-eabi/5.4.1/../../../../arm-none-eabi/lib/armv7-m\libg_nano.a(lib_a-puts.o)
 .debug_frame   0x00004124       0x44 c:/program files (x86)/cypress/psoc creator/4.2/psoc creator/import/gnu/arm/5.4.1/bin/../lib/gcc/arm-none-eabi/5.4.1/../../../../arm-none-eabi/lib/armv7-m\libg_nano.a(lib_a-utoa.o)