ARM GAS  C:\Users\sela847\AppData\Local\Temp\ccFfkNPu.s 			page 1


   1              		.syntax unified
   2              		.cpu cortex-m3
   3              		.fpu softvfp
   4              		.eabi_attribute 20, 1
   5              		.eabi_attribute 21, 1
   6              		.eabi_attribute 23, 3
   7              		.eabi_attribute 24, 1
   8              		.eabi_attribute 25, 1
   9              		.eabi_attribute 26, 1
  10              		.eabi_attribute 30, 6
  11              		.eabi_attribute 34, 1
  12              		.eabi_attribute 18, 4
  13              		.thumb
  14              		.syntax unified
  15              		.file	"QuadDec_M2.c"
  16              		.text
  17              	.Ltext0:
  18              		.cfi_sections	.debug_frame
  19              		.global	QuadDec_M2_initVar
  20              		.bss
  21              		.type	QuadDec_M2_initVar, %object
  22              		.size	QuadDec_M2_initVar, 1
  23              	QuadDec_M2_initVar:
  24 0000 00       		.space	1
  25              		.section	.text.QuadDec_M2_Init,"ax",%progbits
  26              		.align	2
  27              		.global	QuadDec_M2_Init
  28              		.thumb
  29              		.thumb_func
  30              		.type	QuadDec_M2_Init, %function
  31              	QuadDec_M2_Init:
  32              	.LFB0:
  33              		.file 1 "Generated_Source\\PSoC5\\QuadDec_M2.c"
   1:Generated_Source\PSoC5/QuadDec_M2.c **** /*******************************************************************************
   2:Generated_Source\PSoC5/QuadDec_M2.c **** * File Name: QuadDec_M2.c  
   3:Generated_Source\PSoC5/QuadDec_M2.c **** * Version 3.0
   4:Generated_Source\PSoC5/QuadDec_M2.c **** *
   5:Generated_Source\PSoC5/QuadDec_M2.c **** * Description:
   6:Generated_Source\PSoC5/QuadDec_M2.c **** *  This file provides the source code to the API for the Quadrature Decoder
   7:Generated_Source\PSoC5/QuadDec_M2.c **** *  component.
   8:Generated_Source\PSoC5/QuadDec_M2.c **** *
   9:Generated_Source\PSoC5/QuadDec_M2.c **** * Note:
  10:Generated_Source\PSoC5/QuadDec_M2.c **** *  None.
  11:Generated_Source\PSoC5/QuadDec_M2.c **** *   
  12:Generated_Source\PSoC5/QuadDec_M2.c **** ********************************************************************************
  13:Generated_Source\PSoC5/QuadDec_M2.c **** * Copyright 2008-2014, Cypress Semiconductor Corporation.  All rights reserved.
  14:Generated_Source\PSoC5/QuadDec_M2.c **** * You may use this file only in accordance with the license, terms, conditions, 
  15:Generated_Source\PSoC5/QuadDec_M2.c **** * disclaimers, and limitations in the end user license agreement accompanying 
  16:Generated_Source\PSoC5/QuadDec_M2.c **** * the software package with which this file was provided.
  17:Generated_Source\PSoC5/QuadDec_M2.c **** *******************************************************************************/
  18:Generated_Source\PSoC5/QuadDec_M2.c **** 
  19:Generated_Source\PSoC5/QuadDec_M2.c **** #include "QuadDec_M2.h"
  20:Generated_Source\PSoC5/QuadDec_M2.c **** 
  21:Generated_Source\PSoC5/QuadDec_M2.c **** #if (QuadDec_M2_COUNTER_SIZE == QuadDec_M2_COUNTER_SIZE_32_BIT)
  22:Generated_Source\PSoC5/QuadDec_M2.c ****     #include "QuadDec_M2_PVT.h"
  23:Generated_Source\PSoC5/QuadDec_M2.c **** #endif /* QuadDec_M2_COUNTER_SIZE == QuadDec_M2_COUNTER_SIZE_32_BIT */
  24:Generated_Source\PSoC5/QuadDec_M2.c **** 
ARM GAS  C:\Users\sela847\AppData\Local\Temp\ccFfkNPu.s 			page 2


  25:Generated_Source\PSoC5/QuadDec_M2.c **** uint8 QuadDec_M2_initVar = 0u;
  26:Generated_Source\PSoC5/QuadDec_M2.c **** 
  27:Generated_Source\PSoC5/QuadDec_M2.c **** 
  28:Generated_Source\PSoC5/QuadDec_M2.c **** /*******************************************************************************
  29:Generated_Source\PSoC5/QuadDec_M2.c **** * Function Name: QuadDec_M2_Init
  30:Generated_Source\PSoC5/QuadDec_M2.c **** ********************************************************************************
  31:Generated_Source\PSoC5/QuadDec_M2.c **** *
  32:Generated_Source\PSoC5/QuadDec_M2.c **** * Summary:
  33:Generated_Source\PSoC5/QuadDec_M2.c **** *  Inits/Restores default QuadDec configuration provided with customizer.
  34:Generated_Source\PSoC5/QuadDec_M2.c **** *
  35:Generated_Source\PSoC5/QuadDec_M2.c **** * Parameters:
  36:Generated_Source\PSoC5/QuadDec_M2.c **** *  None.
  37:Generated_Source\PSoC5/QuadDec_M2.c **** *
  38:Generated_Source\PSoC5/QuadDec_M2.c **** * Return:
  39:Generated_Source\PSoC5/QuadDec_M2.c **** *  None.
  40:Generated_Source\PSoC5/QuadDec_M2.c **** *
  41:Generated_Source\PSoC5/QuadDec_M2.c **** *******************************************************************************/
  42:Generated_Source\PSoC5/QuadDec_M2.c **** void QuadDec_M2_Init(void) 
  43:Generated_Source\PSoC5/QuadDec_M2.c **** {
  34              		.loc 1 43 0
  35              		.cfi_startproc
  36              		@ args = 0, pretend = 0, frame = 0
  37              		@ frame_needed = 1, uses_anonymous_args = 0
  38 0000 80B5     		push	{r7, lr}
  39              		.cfi_def_cfa_offset 8
  40              		.cfi_offset 7, -8
  41              		.cfi_offset 14, -4
  42 0002 00AF     		add	r7, sp, #0
  43              		.cfi_def_cfa_register 7
  44:Generated_Source\PSoC5/QuadDec_M2.c ****     #if (QuadDec_M2_COUNTER_SIZE == QuadDec_M2_COUNTER_SIZE_32_BIT)
  45:Generated_Source\PSoC5/QuadDec_M2.c ****         /* Disable Interrupt. */
  46:Generated_Source\PSoC5/QuadDec_M2.c ****         CyIntDisable(QuadDec_M2_ISR_NUMBER);
  44              		.loc 1 46 0
  45 0004 064B     		ldr	r3, .L2
  46 0006 0422     		movs	r2, #4
  47 0008 1A60     		str	r2, [r3]
  47:Generated_Source\PSoC5/QuadDec_M2.c ****         /* Set the ISR to point to the QuadDec_M2_isr Interrupt. */
  48:Generated_Source\PSoC5/QuadDec_M2.c ****         (void) CyIntSetVector(QuadDec_M2_ISR_NUMBER, & QuadDec_M2_ISR);
  48              		.loc 1 48 0
  49 000a 0649     		ldr	r1, .L2+4
  50 000c 0220     		movs	r0, #2
  51 000e FFF7FEFF 		bl	CyIntSetVector
  49:Generated_Source\PSoC5/QuadDec_M2.c ****         /* Set the priority. */
  50:Generated_Source\PSoC5/QuadDec_M2.c ****         CyIntSetPriority(QuadDec_M2_ISR_NUMBER, QuadDec_M2_ISR_PRIORITY);
  52              		.loc 1 50 0
  53 0012 0721     		movs	r1, #7
  54 0014 0220     		movs	r0, #2
  55 0016 FFF7FEFF 		bl	CyIntSetPriority
  51:Generated_Source\PSoC5/QuadDec_M2.c ****     #endif /* QuadDec_M2_COUNTER_SIZE == QuadDec_M2_COUNTER_SIZE_32_BIT */
  52:Generated_Source\PSoC5/QuadDec_M2.c **** }
  56              		.loc 1 52 0
  57 001a 00BF     		nop
  58 001c 80BD     		pop	{r7, pc}
  59              	.L3:
  60 001e 00BF     		.align	2
  61              	.L2:
  62 0020 80E100E0 		.word	-536813184
ARM GAS  C:\Users\sela847\AppData\Local\Temp\ccFfkNPu.s 			page 3


  63 0024 00000000 		.word	QuadDec_M2_ISR
  64              		.cfi_endproc
  65              	.LFE0:
  66              		.size	QuadDec_M2_Init, .-QuadDec_M2_Init
  67              		.section	.text.QuadDec_M2_Enable,"ax",%progbits
  68              		.align	2
  69              		.global	QuadDec_M2_Enable
  70              		.thumb
  71              		.thumb_func
  72              		.type	QuadDec_M2_Enable, %function
  73              	QuadDec_M2_Enable:
  74              	.LFB1:
  53:Generated_Source\PSoC5/QuadDec_M2.c **** 
  54:Generated_Source\PSoC5/QuadDec_M2.c **** 
  55:Generated_Source\PSoC5/QuadDec_M2.c **** /*******************************************************************************
  56:Generated_Source\PSoC5/QuadDec_M2.c **** * Function Name: QuadDec_M2_Enable
  57:Generated_Source\PSoC5/QuadDec_M2.c **** ********************************************************************************
  58:Generated_Source\PSoC5/QuadDec_M2.c **** *
  59:Generated_Source\PSoC5/QuadDec_M2.c **** * Summary:
  60:Generated_Source\PSoC5/QuadDec_M2.c **** *  This function enable interrupts from Component and also enable Component's
  61:Generated_Source\PSoC5/QuadDec_M2.c **** *  ISR in case of 32-bit counter.
  62:Generated_Source\PSoC5/QuadDec_M2.c **** *
  63:Generated_Source\PSoC5/QuadDec_M2.c **** * Parameters:
  64:Generated_Source\PSoC5/QuadDec_M2.c **** *  None.
  65:Generated_Source\PSoC5/QuadDec_M2.c **** *
  66:Generated_Source\PSoC5/QuadDec_M2.c **** * Return:
  67:Generated_Source\PSoC5/QuadDec_M2.c **** *  None.
  68:Generated_Source\PSoC5/QuadDec_M2.c **** *
  69:Generated_Source\PSoC5/QuadDec_M2.c **** *******************************************************************************/
  70:Generated_Source\PSoC5/QuadDec_M2.c **** void QuadDec_M2_Enable(void) 
  71:Generated_Source\PSoC5/QuadDec_M2.c **** {
  75              		.loc 1 71 0
  76              		.cfi_startproc
  77              		@ args = 0, pretend = 0, frame = 8
  78              		@ frame_needed = 1, uses_anonymous_args = 0
  79 0000 80B5     		push	{r7, lr}
  80              		.cfi_def_cfa_offset 8
  81              		.cfi_offset 7, -8
  82              		.cfi_offset 14, -4
  83 0002 82B0     		sub	sp, sp, #8
  84              		.cfi_def_cfa_offset 16
  85 0004 00AF     		add	r7, sp, #0
  86              		.cfi_def_cfa_register 7
  72:Generated_Source\PSoC5/QuadDec_M2.c ****     uint8 enableInterrupts;
  73:Generated_Source\PSoC5/QuadDec_M2.c **** 
  74:Generated_Source\PSoC5/QuadDec_M2.c ****     QuadDec_M2_SetInterruptMask(QuadDec_M2_INIT_INT_MASK);
  87              		.loc 1 74 0
  88 0006 0F20     		movs	r0, #15
  89 0008 FFF7FEFF 		bl	QuadDec_M2_SetInterruptMask
  75:Generated_Source\PSoC5/QuadDec_M2.c **** 
  76:Generated_Source\PSoC5/QuadDec_M2.c ****     /* Clear pending interrupts. */
  77:Generated_Source\PSoC5/QuadDec_M2.c ****     (void) QuadDec_M2_GetEvents();
  90              		.loc 1 77 0
  91 000c FFF7FEFF 		bl	QuadDec_M2_GetEvents
  78:Generated_Source\PSoC5/QuadDec_M2.c ****     
  79:Generated_Source\PSoC5/QuadDec_M2.c ****     enableInterrupts = CyEnterCriticalSection();
  92              		.loc 1 79 0
ARM GAS  C:\Users\sela847\AppData\Local\Temp\ccFfkNPu.s 			page 4


  93 0010 FFF7FEFF 		bl	CyEnterCriticalSection
  94 0014 0346     		mov	r3, r0
  95 0016 FB71     		strb	r3, [r7, #7]
  80:Generated_Source\PSoC5/QuadDec_M2.c **** 
  81:Generated_Source\PSoC5/QuadDec_M2.c ****     /* Enable interrupts from Statusi register */
  82:Generated_Source\PSoC5/QuadDec_M2.c ****     QuadDec_M2_SR_AUX_CONTROL |= QuadDec_M2_INTERRUPTS_ENABLE;
  96              		.loc 1 82 0
  97 0018 094A     		ldr	r2, .L5
  98 001a 094B     		ldr	r3, .L5
  99 001c 1B78     		ldrb	r3, [r3]
 100 001e DBB2     		uxtb	r3, r3
 101 0020 43F01003 		orr	r3, r3, #16
 102 0024 DBB2     		uxtb	r3, r3
 103 0026 1370     		strb	r3, [r2]
  83:Generated_Source\PSoC5/QuadDec_M2.c **** 
  84:Generated_Source\PSoC5/QuadDec_M2.c ****     CyExitCriticalSection(enableInterrupts);        
 104              		.loc 1 84 0
 105 0028 FB79     		ldrb	r3, [r7, #7]	@ zero_extendqisi2
 106 002a 1846     		mov	r0, r3
 107 002c FFF7FEFF 		bl	CyExitCriticalSection
  85:Generated_Source\PSoC5/QuadDec_M2.c **** 
  86:Generated_Source\PSoC5/QuadDec_M2.c ****     #if (QuadDec_M2_COUNTER_SIZE == QuadDec_M2_COUNTER_SIZE_32_BIT)
  87:Generated_Source\PSoC5/QuadDec_M2.c ****         /* Enable Component interrupts */
  88:Generated_Source\PSoC5/QuadDec_M2.c ****         CyIntEnable(QuadDec_M2_ISR_NUMBER);
 108              		.loc 1 88 0
 109 0030 044B     		ldr	r3, .L5+4
 110 0032 0422     		movs	r2, #4
 111 0034 1A60     		str	r2, [r3]
  89:Generated_Source\PSoC5/QuadDec_M2.c ****     #endif /* QuadDec_M2_COUNTER_SIZE == QuadDec_M2_COUNTER_SIZE_32_BIT */
  90:Generated_Source\PSoC5/QuadDec_M2.c **** }
 112              		.loc 1 90 0
 113 0036 00BF     		nop
 114 0038 0837     		adds	r7, r7, #8
 115              		.cfi_def_cfa_offset 8
 116 003a BD46     		mov	sp, r7
 117              		.cfi_def_cfa_register 13
 118              		@ sp needed
 119 003c 80BD     		pop	{r7, pc}
 120              	.L6:
 121 003e 00BF     		.align	2
 122              	.L5:
 123 0040 94640040 		.word	1073767572
 124 0044 00E100E0 		.word	-536813312
 125              		.cfi_endproc
 126              	.LFE1:
 127              		.size	QuadDec_M2_Enable, .-QuadDec_M2_Enable
 128              		.section	.text.QuadDec_M2_Start,"ax",%progbits
 129              		.align	2
 130              		.global	QuadDec_M2_Start
 131              		.thumb
 132              		.thumb_func
 133              		.type	QuadDec_M2_Start, %function
 134              	QuadDec_M2_Start:
 135              	.LFB2:
  91:Generated_Source\PSoC5/QuadDec_M2.c **** 
  92:Generated_Source\PSoC5/QuadDec_M2.c **** 
  93:Generated_Source\PSoC5/QuadDec_M2.c **** /*******************************************************************************
ARM GAS  C:\Users\sela847\AppData\Local\Temp\ccFfkNPu.s 			page 5


  94:Generated_Source\PSoC5/QuadDec_M2.c **** * Function Name: QuadDec_M2_Start
  95:Generated_Source\PSoC5/QuadDec_M2.c **** ********************************************************************************
  96:Generated_Source\PSoC5/QuadDec_M2.c **** *
  97:Generated_Source\PSoC5/QuadDec_M2.c **** * Summary:
  98:Generated_Source\PSoC5/QuadDec_M2.c **** *  Initializes UDBs and other relevant hardware.
  99:Generated_Source\PSoC5/QuadDec_M2.c **** *  Resets counter, enables or disables all relevant interrupts.
 100:Generated_Source\PSoC5/QuadDec_M2.c **** *  Starts monitoring the inputs and counting.
 101:Generated_Source\PSoC5/QuadDec_M2.c **** *
 102:Generated_Source\PSoC5/QuadDec_M2.c **** * Parameters:
 103:Generated_Source\PSoC5/QuadDec_M2.c **** *  None.
 104:Generated_Source\PSoC5/QuadDec_M2.c **** *
 105:Generated_Source\PSoC5/QuadDec_M2.c **** * Return:
 106:Generated_Source\PSoC5/QuadDec_M2.c **** *  None.
 107:Generated_Source\PSoC5/QuadDec_M2.c **** *
 108:Generated_Source\PSoC5/QuadDec_M2.c **** * Global variables:
 109:Generated_Source\PSoC5/QuadDec_M2.c **** *  QuadDec_M2_initVar - used to check initial configuration, modified on
 110:Generated_Source\PSoC5/QuadDec_M2.c **** *  first function call.
 111:Generated_Source\PSoC5/QuadDec_M2.c **** *
 112:Generated_Source\PSoC5/QuadDec_M2.c **** * Reentrant:
 113:Generated_Source\PSoC5/QuadDec_M2.c **** *  No.
 114:Generated_Source\PSoC5/QuadDec_M2.c **** *
 115:Generated_Source\PSoC5/QuadDec_M2.c **** *******************************************************************************/
 116:Generated_Source\PSoC5/QuadDec_M2.c **** void QuadDec_M2_Start(void) 
 117:Generated_Source\PSoC5/QuadDec_M2.c **** {
 136              		.loc 1 117 0
 137              		.cfi_startproc
 138              		@ args = 0, pretend = 0, frame = 0
 139              		@ frame_needed = 1, uses_anonymous_args = 0
 140 0000 80B5     		push	{r7, lr}
 141              		.cfi_def_cfa_offset 8
 142              		.cfi_offset 7, -8
 143              		.cfi_offset 14, -4
 144 0002 00AF     		add	r7, sp, #0
 145              		.cfi_def_cfa_register 7
 118:Generated_Source\PSoC5/QuadDec_M2.c ****     #if (QuadDec_M2_COUNTER_SIZE == QuadDec_M2_COUNTER_SIZE_8_BIT)
 119:Generated_Source\PSoC5/QuadDec_M2.c ****         QuadDec_M2_Cnt8_Start();
 120:Generated_Source\PSoC5/QuadDec_M2.c ****         QuadDec_M2_Cnt8_WriteCounter(QuadDec_M2_COUNTER_INIT_VALUE);
 121:Generated_Source\PSoC5/QuadDec_M2.c ****     #else
 122:Generated_Source\PSoC5/QuadDec_M2.c ****         /* (QuadDec_M2_COUNTER_SIZE == QuadDec_M2_COUNTER_SIZE_16_BIT) || 
 123:Generated_Source\PSoC5/QuadDec_M2.c ****         *  (QuadDec_M2_COUNTER_SIZE == QuadDec_M2_COUNTER_SIZE_32_BIT) 
 124:Generated_Source\PSoC5/QuadDec_M2.c ****         */
 125:Generated_Source\PSoC5/QuadDec_M2.c ****         QuadDec_M2_Cnt16_Start();
 146              		.loc 1 125 0
 147 0004 FFF7FEFF 		bl	QuadDec_M2_Cnt16_Start
 126:Generated_Source\PSoC5/QuadDec_M2.c ****         QuadDec_M2_Cnt16_WriteCounter(QuadDec_M2_COUNTER_INIT_VALUE);
 148              		.loc 1 126 0
 149 0008 4FF40040 		mov	r0, #32768
 150 000c FFF7FEFF 		bl	QuadDec_M2_Cnt16_WriteCounter
 127:Generated_Source\PSoC5/QuadDec_M2.c ****     #endif /* QuadDec_M2_COUNTER_SIZE == QuadDec_M2_COUNTER_SIZE_8_BIT */
 128:Generated_Source\PSoC5/QuadDec_M2.c ****     
 129:Generated_Source\PSoC5/QuadDec_M2.c ****     #if (QuadDec_M2_COUNTER_SIZE == QuadDec_M2_COUNTER_SIZE_32_BIT)        
 130:Generated_Source\PSoC5/QuadDec_M2.c ****        QuadDec_M2_count32SoftPart = 0;
 151              		.loc 1 130 0
 152 0010 074B     		ldr	r3, .L9
 153 0012 0022     		movs	r2, #0
 154 0014 1A60     		str	r2, [r3]
 131:Generated_Source\PSoC5/QuadDec_M2.c ****     #endif /* QuadDec_M2_COUNTER_SIZE == QuadDec_M2_COUNTER_SIZE_32_BIT */
ARM GAS  C:\Users\sela847\AppData\Local\Temp\ccFfkNPu.s 			page 6


 132:Generated_Source\PSoC5/QuadDec_M2.c **** 
 133:Generated_Source\PSoC5/QuadDec_M2.c ****     if (QuadDec_M2_initVar == 0u)
 155              		.loc 1 133 0
 156 0016 074B     		ldr	r3, .L9+4
 157 0018 1B78     		ldrb	r3, [r3]	@ zero_extendqisi2
 158 001a 002B     		cmp	r3, #0
 159 001c 04D1     		bne	.L8
 134:Generated_Source\PSoC5/QuadDec_M2.c ****     {
 135:Generated_Source\PSoC5/QuadDec_M2.c ****         QuadDec_M2_Init();
 160              		.loc 1 135 0
 161 001e FFF7FEFF 		bl	QuadDec_M2_Init
 136:Generated_Source\PSoC5/QuadDec_M2.c ****         QuadDec_M2_initVar = 1u;
 162              		.loc 1 136 0
 163 0022 044B     		ldr	r3, .L9+4
 164 0024 0122     		movs	r2, #1
 165 0026 1A70     		strb	r2, [r3]
 166              	.L8:
 137:Generated_Source\PSoC5/QuadDec_M2.c ****     }
 138:Generated_Source\PSoC5/QuadDec_M2.c **** 
 139:Generated_Source\PSoC5/QuadDec_M2.c ****     QuadDec_M2_Enable();
 167              		.loc 1 139 0
 168 0028 FFF7FEFF 		bl	QuadDec_M2_Enable
 140:Generated_Source\PSoC5/QuadDec_M2.c **** }
 169              		.loc 1 140 0
 170 002c 00BF     		nop
 171 002e 80BD     		pop	{r7, pc}
 172              	.L10:
 173              		.align	2
 174              	.L9:
 175 0030 00000000 		.word	QuadDec_M2_count32SoftPart
 176 0034 00000000 		.word	QuadDec_M2_initVar
 177              		.cfi_endproc
 178              	.LFE2:
 179              		.size	QuadDec_M2_Start, .-QuadDec_M2_Start
 180              		.section	.text.QuadDec_M2_Stop,"ax",%progbits
 181              		.align	2
 182              		.global	QuadDec_M2_Stop
 183              		.thumb
 184              		.thumb_func
 185              		.type	QuadDec_M2_Stop, %function
 186              	QuadDec_M2_Stop:
 187              	.LFB3:
 141:Generated_Source\PSoC5/QuadDec_M2.c **** 
 142:Generated_Source\PSoC5/QuadDec_M2.c **** 
 143:Generated_Source\PSoC5/QuadDec_M2.c **** /*******************************************************************************
 144:Generated_Source\PSoC5/QuadDec_M2.c **** * Function Name: QuadDec_M2_Stop
 145:Generated_Source\PSoC5/QuadDec_M2.c **** ********************************************************************************
 146:Generated_Source\PSoC5/QuadDec_M2.c **** *
 147:Generated_Source\PSoC5/QuadDec_M2.c **** * Summary:
 148:Generated_Source\PSoC5/QuadDec_M2.c **** *  Turns off UDBs and other relevant hardware.
 149:Generated_Source\PSoC5/QuadDec_M2.c **** *
 150:Generated_Source\PSoC5/QuadDec_M2.c **** * Parameters:
 151:Generated_Source\PSoC5/QuadDec_M2.c **** *  None.
 152:Generated_Source\PSoC5/QuadDec_M2.c **** *
 153:Generated_Source\PSoC5/QuadDec_M2.c **** * Return:
 154:Generated_Source\PSoC5/QuadDec_M2.c **** *  None.
 155:Generated_Source\PSoC5/QuadDec_M2.c **** *
ARM GAS  C:\Users\sela847\AppData\Local\Temp\ccFfkNPu.s 			page 7


 156:Generated_Source\PSoC5/QuadDec_M2.c **** *******************************************************************************/
 157:Generated_Source\PSoC5/QuadDec_M2.c **** void QuadDec_M2_Stop(void) 
 158:Generated_Source\PSoC5/QuadDec_M2.c **** {
 188              		.loc 1 158 0
 189              		.cfi_startproc
 190              		@ args = 0, pretend = 0, frame = 8
 191              		@ frame_needed = 1, uses_anonymous_args = 0
 192 0000 80B5     		push	{r7, lr}
 193              		.cfi_def_cfa_offset 8
 194              		.cfi_offset 7, -8
 195              		.cfi_offset 14, -4
 196 0002 82B0     		sub	sp, sp, #8
 197              		.cfi_def_cfa_offset 16
 198 0004 00AF     		add	r7, sp, #0
 199              		.cfi_def_cfa_register 7
 159:Generated_Source\PSoC5/QuadDec_M2.c ****     uint8 enableInterrupts;
 160:Generated_Source\PSoC5/QuadDec_M2.c **** 
 161:Generated_Source\PSoC5/QuadDec_M2.c ****     #if (QuadDec_M2_COUNTER_SIZE == QuadDec_M2_COUNTER_SIZE_8_BIT)
 162:Generated_Source\PSoC5/QuadDec_M2.c ****         QuadDec_M2_Cnt8_Stop();
 163:Generated_Source\PSoC5/QuadDec_M2.c ****     #else 
 164:Generated_Source\PSoC5/QuadDec_M2.c ****         /* (QuadDec_M2_COUNTER_SIZE == QuadDec_M2_COUNTER_SIZE_16_BIT) ||
 165:Generated_Source\PSoC5/QuadDec_M2.c ****         *  (QuadDec_M2_COUNTER_SIZE == QuadDec_M2_COUNTER_SIZE_32_BIT)
 166:Generated_Source\PSoC5/QuadDec_M2.c ****         */
 167:Generated_Source\PSoC5/QuadDec_M2.c ****         QuadDec_M2_Cnt16_Stop();    /* counter disable */
 200              		.loc 1 167 0
 201 0006 FFF7FEFF 		bl	QuadDec_M2_Cnt16_Stop
 168:Generated_Source\PSoC5/QuadDec_M2.c ****     #endif /* (QuadDec_M2_COUNTER_SIZE == QuadDec_M2_COUNTER_SIZE_8_BIT) */
 169:Generated_Source\PSoC5/QuadDec_M2.c ****  
 170:Generated_Source\PSoC5/QuadDec_M2.c ****     enableInterrupts = CyEnterCriticalSection();
 202              		.loc 1 170 0
 203 000a FFF7FEFF 		bl	CyEnterCriticalSection
 204 000e 0346     		mov	r3, r0
 205 0010 FB71     		strb	r3, [r7, #7]
 171:Generated_Source\PSoC5/QuadDec_M2.c **** 
 172:Generated_Source\PSoC5/QuadDec_M2.c ****     /* Disable interrupts interrupts from Statusi register */
 173:Generated_Source\PSoC5/QuadDec_M2.c ****     QuadDec_M2_SR_AUX_CONTROL &= (uint8) (~QuadDec_M2_INTERRUPTS_ENABLE);
 206              		.loc 1 173 0
 207 0012 094A     		ldr	r2, .L12
 208 0014 084B     		ldr	r3, .L12
 209 0016 1B78     		ldrb	r3, [r3]
 210 0018 DBB2     		uxtb	r3, r3
 211 001a 23F01003 		bic	r3, r3, #16
 212 001e DBB2     		uxtb	r3, r3
 213 0020 1370     		strb	r3, [r2]
 174:Generated_Source\PSoC5/QuadDec_M2.c **** 
 175:Generated_Source\PSoC5/QuadDec_M2.c ****     CyExitCriticalSection(enableInterrupts);
 214              		.loc 1 175 0
 215 0022 FB79     		ldrb	r3, [r7, #7]	@ zero_extendqisi2
 216 0024 1846     		mov	r0, r3
 217 0026 FFF7FEFF 		bl	CyExitCriticalSection
 176:Generated_Source\PSoC5/QuadDec_M2.c **** 
 177:Generated_Source\PSoC5/QuadDec_M2.c ****     #if (QuadDec_M2_COUNTER_SIZE == QuadDec_M2_COUNTER_SIZE_32_BIT)
 178:Generated_Source\PSoC5/QuadDec_M2.c ****         CyIntDisable(QuadDec_M2_ISR_NUMBER);    /* interrupt disable */
 218              		.loc 1 178 0
 219 002a 044B     		ldr	r3, .L12+4
 220 002c 0422     		movs	r2, #4
 221 002e 1A60     		str	r2, [r3]
ARM GAS  C:\Users\sela847\AppData\Local\Temp\ccFfkNPu.s 			page 8


 179:Generated_Source\PSoC5/QuadDec_M2.c ****     #endif /* QuadDec_M2_COUNTER_SIZE == QuadDec_M2_COUNTER_SIZE_32_BIT */
 180:Generated_Source\PSoC5/QuadDec_M2.c **** }
 222              		.loc 1 180 0
 223 0030 00BF     		nop
 224 0032 0837     		adds	r7, r7, #8
 225              		.cfi_def_cfa_offset 8
 226 0034 BD46     		mov	sp, r7
 227              		.cfi_def_cfa_register 13
 228              		@ sp needed
 229 0036 80BD     		pop	{r7, pc}
 230              	.L13:
 231              		.align	2
 232              	.L12:
 233 0038 94640040 		.word	1073767572
 234 003c 80E100E0 		.word	-536813184
 235              		.cfi_endproc
 236              	.LFE3:
 237              		.size	QuadDec_M2_Stop, .-QuadDec_M2_Stop
 238              		.section	.text.QuadDec_M2_GetCounter,"ax",%progbits
 239              		.align	2
 240              		.global	QuadDec_M2_GetCounter
 241              		.thumb
 242              		.thumb_func
 243              		.type	QuadDec_M2_GetCounter, %function
 244              	QuadDec_M2_GetCounter:
 245              	.LFB4:
 181:Generated_Source\PSoC5/QuadDec_M2.c **** 
 182:Generated_Source\PSoC5/QuadDec_M2.c **** 
 183:Generated_Source\PSoC5/QuadDec_M2.c **** /*******************************************************************************
 184:Generated_Source\PSoC5/QuadDec_M2.c **** * Function Name: QuadDec_M2_GetCounter
 185:Generated_Source\PSoC5/QuadDec_M2.c **** ********************************************************************************
 186:Generated_Source\PSoC5/QuadDec_M2.c **** *
 187:Generated_Source\PSoC5/QuadDec_M2.c **** * Summary:
 188:Generated_Source\PSoC5/QuadDec_M2.c **** *  Reports the current value of the counter.
 189:Generated_Source\PSoC5/QuadDec_M2.c **** *
 190:Generated_Source\PSoC5/QuadDec_M2.c **** * Parameters:
 191:Generated_Source\PSoC5/QuadDec_M2.c **** *  None.
 192:Generated_Source\PSoC5/QuadDec_M2.c **** *
 193:Generated_Source\PSoC5/QuadDec_M2.c **** * Return:
 194:Generated_Source\PSoC5/QuadDec_M2.c **** *  The counter value. Return type is signed and per the counter size setting.
 195:Generated_Source\PSoC5/QuadDec_M2.c **** *  A positive value indicates clockwise movement (B before A).
 196:Generated_Source\PSoC5/QuadDec_M2.c **** *
 197:Generated_Source\PSoC5/QuadDec_M2.c **** * Global variables:
 198:Generated_Source\PSoC5/QuadDec_M2.c **** *  QuadDec_M2_count32SoftPart - used to get hi 16 bit for current value
 199:Generated_Source\PSoC5/QuadDec_M2.c **** *  of the 32-bit counter, when Counter size equal 32-bit.
 200:Generated_Source\PSoC5/QuadDec_M2.c **** *
 201:Generated_Source\PSoC5/QuadDec_M2.c **** *******************************************************************************/
 202:Generated_Source\PSoC5/QuadDec_M2.c **** int32 QuadDec_M2_GetCounter(void) 
 203:Generated_Source\PSoC5/QuadDec_M2.c **** {
 246              		.loc 1 203 0
 247              		.cfi_startproc
 248              		@ args = 0, pretend = 0, frame = 8
 249              		@ frame_needed = 1, uses_anonymous_args = 0
 250 0000 80B5     		push	{r7, lr}
 251              		.cfi_def_cfa_offset 8
 252              		.cfi_offset 7, -8
 253              		.cfi_offset 14, -4
ARM GAS  C:\Users\sela847\AppData\Local\Temp\ccFfkNPu.s 			page 9


 254 0002 82B0     		sub	sp, sp, #8
 255              		.cfi_def_cfa_offset 16
 256 0004 00AF     		add	r7, sp, #0
 257              		.cfi_def_cfa_register 7
 204:Generated_Source\PSoC5/QuadDec_M2.c ****     int32 count;
 205:Generated_Source\PSoC5/QuadDec_M2.c ****     uint16 tmpCnt;
 206:Generated_Source\PSoC5/QuadDec_M2.c **** 
 207:Generated_Source\PSoC5/QuadDec_M2.c ****     #if (QuadDec_M2_COUNTER_SIZE == QuadDec_M2_COUNTER_SIZE_32_BIT)
 208:Generated_Source\PSoC5/QuadDec_M2.c ****         int16 hwCount;
 209:Generated_Source\PSoC5/QuadDec_M2.c **** 
 210:Generated_Source\PSoC5/QuadDec_M2.c ****         CyIntDisable(QuadDec_M2_ISR_NUMBER);
 258              		.loc 1 210 0
 259 0006 0D4B     		ldr	r3, .L16
 260 0008 0422     		movs	r2, #4
 261 000a 1A60     		str	r2, [r3]
 211:Generated_Source\PSoC5/QuadDec_M2.c **** 
 212:Generated_Source\PSoC5/QuadDec_M2.c ****         tmpCnt = QuadDec_M2_Cnt16_ReadCounter();
 262              		.loc 1 212 0
 263 000c FFF7FEFF 		bl	QuadDec_M2_Cnt16_ReadCounter
 264 0010 0346     		mov	r3, r0
 265 0012 FB80     		strh	r3, [r7, #6]	@ movhi
 213:Generated_Source\PSoC5/QuadDec_M2.c ****         hwCount = (int16) ((int32) tmpCnt - (int32) QuadDec_M2_COUNTER_INIT_VALUE);
 266              		.loc 1 213 0
 267 0014 FB88     		ldrh	r3, [r7, #6]	@ movhi
 268 0016 A3F50043 		sub	r3, r3, #32768
 269 001a 9BB2     		uxth	r3, r3
 270 001c BB80     		strh	r3, [r7, #4]	@ movhi
 214:Generated_Source\PSoC5/QuadDec_M2.c ****         count = QuadDec_M2_count32SoftPart + hwCount;
 271              		.loc 1 214 0
 272 001e B7F90420 		ldrsh	r2, [r7, #4]
 273 0022 074B     		ldr	r3, .L16+4
 274 0024 1B68     		ldr	r3, [r3]
 275 0026 1344     		add	r3, r3, r2
 276 0028 3B60     		str	r3, [r7]
 215:Generated_Source\PSoC5/QuadDec_M2.c **** 
 216:Generated_Source\PSoC5/QuadDec_M2.c ****         CyIntEnable(QuadDec_M2_ISR_NUMBER);
 277              		.loc 1 216 0
 278 002a 064B     		ldr	r3, .L16+8
 279 002c 0422     		movs	r2, #4
 280 002e 1A60     		str	r2, [r3]
 217:Generated_Source\PSoC5/QuadDec_M2.c ****     #else 
 218:Generated_Source\PSoC5/QuadDec_M2.c ****         /* (QuadDec_M2_COUNTER_SIZE == QuadDec_M2_COUNTER_SIZE_8_BIT) || 
 219:Generated_Source\PSoC5/QuadDec_M2.c ****         *  (QuadDec_M2_COUNTER_SIZE == QuadDec_M2_COUNTER_SIZE_16_BIT)
 220:Generated_Source\PSoC5/QuadDec_M2.c ****         */
 221:Generated_Source\PSoC5/QuadDec_M2.c ****         #if (QuadDec_M2_COUNTER_SIZE == QuadDec_M2_COUNTER_SIZE_8_BIT)
 222:Generated_Source\PSoC5/QuadDec_M2.c ****             tmpCnt = QuadDec_M2_Cnt8_ReadCounter();
 223:Generated_Source\PSoC5/QuadDec_M2.c ****         #else /* (QuadDec_M2_COUNTER_SIZE == QuadDec_M2_COUNTER_SIZE_16_BIT) */
 224:Generated_Source\PSoC5/QuadDec_M2.c ****             tmpCnt = QuadDec_M2_Cnt16_ReadCounter();
 225:Generated_Source\PSoC5/QuadDec_M2.c ****         #endif  /* QuadDec_M2_COUNTER_SIZE == QuadDec_M2_COUNTER_SIZE_8_BIT */
 226:Generated_Source\PSoC5/QuadDec_M2.c **** 
 227:Generated_Source\PSoC5/QuadDec_M2.c ****         count = (int32) ((int32) tmpCnt -
 228:Generated_Source\PSoC5/QuadDec_M2.c ****                 (int32) QuadDec_M2_COUNTER_INIT_VALUE);
 229:Generated_Source\PSoC5/QuadDec_M2.c **** 
 230:Generated_Source\PSoC5/QuadDec_M2.c ****     #endif /* QuadDec_M2_COUNTER_SIZE == QuadDec_M2_COUNTER_SIZE_32_BIT */ 
 231:Generated_Source\PSoC5/QuadDec_M2.c **** 
 232:Generated_Source\PSoC5/QuadDec_M2.c ****     return (count);
 281              		.loc 1 232 0
ARM GAS  C:\Users\sela847\AppData\Local\Temp\ccFfkNPu.s 			page 10


 282 0030 3B68     		ldr	r3, [r7]
 233:Generated_Source\PSoC5/QuadDec_M2.c **** }
 283              		.loc 1 233 0
 284 0032 1846     		mov	r0, r3
 285 0034 0837     		adds	r7, r7, #8
 286              		.cfi_def_cfa_offset 8
 287 0036 BD46     		mov	sp, r7
 288              		.cfi_def_cfa_register 13
 289              		@ sp needed
 290 0038 80BD     		pop	{r7, pc}
 291              	.L17:
 292 003a 00BF     		.align	2
 293              	.L16:
 294 003c 80E100E0 		.word	-536813184
 295 0040 00000000 		.word	QuadDec_M2_count32SoftPart
 296 0044 00E100E0 		.word	-536813312
 297              		.cfi_endproc
 298              	.LFE4:
 299              		.size	QuadDec_M2_GetCounter, .-QuadDec_M2_GetCounter
 300              		.section	.text.QuadDec_M2_SetCounter,"ax",%progbits
 301              		.align	2
 302              		.global	QuadDec_M2_SetCounter
 303              		.thumb
 304              		.thumb_func
 305              		.type	QuadDec_M2_SetCounter, %function
 306              	QuadDec_M2_SetCounter:
 307              	.LFB5:
 234:Generated_Source\PSoC5/QuadDec_M2.c **** 
 235:Generated_Source\PSoC5/QuadDec_M2.c **** 
 236:Generated_Source\PSoC5/QuadDec_M2.c **** /*******************************************************************************
 237:Generated_Source\PSoC5/QuadDec_M2.c **** * Function Name: QuadDec_M2_SetCounter
 238:Generated_Source\PSoC5/QuadDec_M2.c **** ********************************************************************************
 239:Generated_Source\PSoC5/QuadDec_M2.c **** *
 240:Generated_Source\PSoC5/QuadDec_M2.c **** * Summary:
 241:Generated_Source\PSoC5/QuadDec_M2.c **** *  Sets the current value of the counter.
 242:Generated_Source\PSoC5/QuadDec_M2.c **** *
 243:Generated_Source\PSoC5/QuadDec_M2.c **** * Parameters:
 244:Generated_Source\PSoC5/QuadDec_M2.c **** *  value:  The new value. Parameter type is signed and per the counter size
 245:Generated_Source\PSoC5/QuadDec_M2.c **** *  setting.
 246:Generated_Source\PSoC5/QuadDec_M2.c **** *
 247:Generated_Source\PSoC5/QuadDec_M2.c **** * Return:
 248:Generated_Source\PSoC5/QuadDec_M2.c **** *  None.
 249:Generated_Source\PSoC5/QuadDec_M2.c **** *
 250:Generated_Source\PSoC5/QuadDec_M2.c **** * Global variables:
 251:Generated_Source\PSoC5/QuadDec_M2.c **** *  QuadDec_M2_count32SoftPart - modified to set hi 16 bit for current
 252:Generated_Source\PSoC5/QuadDec_M2.c **** *  value of the 32-bit counter, when Counter size equal 32-bit.
 253:Generated_Source\PSoC5/QuadDec_M2.c **** *
 254:Generated_Source\PSoC5/QuadDec_M2.c **** * Reentrant:
 255:Generated_Source\PSoC5/QuadDec_M2.c **** *  No.
 256:Generated_Source\PSoC5/QuadDec_M2.c **** *
 257:Generated_Source\PSoC5/QuadDec_M2.c **** *******************************************************************************/
 258:Generated_Source\PSoC5/QuadDec_M2.c **** void QuadDec_M2_SetCounter(int32 value) 
 259:Generated_Source\PSoC5/QuadDec_M2.c **** {
 308              		.loc 1 259 0
 309              		.cfi_startproc
 310              		@ args = 0, pretend = 0, frame = 8
 311              		@ frame_needed = 1, uses_anonymous_args = 0
ARM GAS  C:\Users\sela847\AppData\Local\Temp\ccFfkNPu.s 			page 11


 312 0000 80B5     		push	{r7, lr}
 313              		.cfi_def_cfa_offset 8
 314              		.cfi_offset 7, -8
 315              		.cfi_offset 14, -4
 316 0002 82B0     		sub	sp, sp, #8
 317              		.cfi_def_cfa_offset 16
 318 0004 00AF     		add	r7, sp, #0
 319              		.cfi_def_cfa_register 7
 320 0006 7860     		str	r0, [r7, #4]
 260:Generated_Source\PSoC5/QuadDec_M2.c ****     #if ((QuadDec_M2_COUNTER_SIZE == QuadDec_M2_COUNTER_SIZE_8_BIT) || \
 261:Generated_Source\PSoC5/QuadDec_M2.c ****          (QuadDec_M2_COUNTER_SIZE == QuadDec_M2_COUNTER_SIZE_16_BIT))
 262:Generated_Source\PSoC5/QuadDec_M2.c ****         uint16 count;
 263:Generated_Source\PSoC5/QuadDec_M2.c ****         
 264:Generated_Source\PSoC5/QuadDec_M2.c ****         if (value >= 0)
 265:Generated_Source\PSoC5/QuadDec_M2.c ****         {
 266:Generated_Source\PSoC5/QuadDec_M2.c ****             count = (uint16) value + QuadDec_M2_COUNTER_INIT_VALUE;
 267:Generated_Source\PSoC5/QuadDec_M2.c ****         }
 268:Generated_Source\PSoC5/QuadDec_M2.c ****         else
 269:Generated_Source\PSoC5/QuadDec_M2.c ****         {
 270:Generated_Source\PSoC5/QuadDec_M2.c ****             count = QuadDec_M2_COUNTER_INIT_VALUE - (uint16)(-value);
 271:Generated_Source\PSoC5/QuadDec_M2.c ****         }
 272:Generated_Source\PSoC5/QuadDec_M2.c ****         #if (QuadDec_M2_COUNTER_SIZE == QuadDec_M2_COUNTER_SIZE_8_BIT)
 273:Generated_Source\PSoC5/QuadDec_M2.c ****             QuadDec_M2_Cnt8_WriteCounter(count);
 274:Generated_Source\PSoC5/QuadDec_M2.c ****         #else /* (QuadDec_M2_COUNTER_SIZE == QuadDec_M2_COUNTER_SIZE_16_BIT) */
 275:Generated_Source\PSoC5/QuadDec_M2.c ****             QuadDec_M2_Cnt16_WriteCounter(count);
 276:Generated_Source\PSoC5/QuadDec_M2.c ****         #endif  /* QuadDec_M2_COUNTER_SIZE == QuadDec_M2_COUNTER_SIZE_8_BIT */
 277:Generated_Source\PSoC5/QuadDec_M2.c ****     #else /* (QuadDec_M2_COUNTER_SIZE == QuadDec_M2_COUNTER_SIZE_32_BIT) */
 278:Generated_Source\PSoC5/QuadDec_M2.c ****         CyIntDisable(QuadDec_M2_ISR_NUMBER);
 321              		.loc 1 278 0
 322 0008 084B     		ldr	r3, .L19
 323 000a 0422     		movs	r2, #4
 324 000c 1A60     		str	r2, [r3]
 279:Generated_Source\PSoC5/QuadDec_M2.c **** 
 280:Generated_Source\PSoC5/QuadDec_M2.c ****         QuadDec_M2_Cnt16_WriteCounter(QuadDec_M2_COUNTER_INIT_VALUE);
 325              		.loc 1 280 0
 326 000e 4FF40040 		mov	r0, #32768
 327 0012 FFF7FEFF 		bl	QuadDec_M2_Cnt16_WriteCounter
 281:Generated_Source\PSoC5/QuadDec_M2.c ****         QuadDec_M2_count32SoftPart = value;
 328              		.loc 1 281 0
 329 0016 064A     		ldr	r2, .L19+4
 330 0018 7B68     		ldr	r3, [r7, #4]
 331 001a 1360     		str	r3, [r2]
 282:Generated_Source\PSoC5/QuadDec_M2.c **** 
 283:Generated_Source\PSoC5/QuadDec_M2.c ****         CyIntEnable(QuadDec_M2_ISR_NUMBER);
 332              		.loc 1 283 0
 333 001c 054B     		ldr	r3, .L19+8
 334 001e 0422     		movs	r2, #4
 335 0020 1A60     		str	r2, [r3]
 284:Generated_Source\PSoC5/QuadDec_M2.c ****     #endif  /* (QuadDec_M2_COUNTER_SIZE == QuadDec_M2_COUNTER_SIZE_8_BIT) ||
 285:Generated_Source\PSoC5/QuadDec_M2.c ****              * (QuadDec_M2_COUNTER_SIZE == QuadDec_M2_COUNTER_SIZE_16_BIT)
 286:Generated_Source\PSoC5/QuadDec_M2.c ****              */
 287:Generated_Source\PSoC5/QuadDec_M2.c **** }
 336              		.loc 1 287 0
 337 0022 00BF     		nop
 338 0024 0837     		adds	r7, r7, #8
 339              		.cfi_def_cfa_offset 8
 340 0026 BD46     		mov	sp, r7
ARM GAS  C:\Users\sela847\AppData\Local\Temp\ccFfkNPu.s 			page 12


 341              		.cfi_def_cfa_register 13
 342              		@ sp needed
 343 0028 80BD     		pop	{r7, pc}
 344              	.L20:
 345 002a 00BF     		.align	2
 346              	.L19:
 347 002c 80E100E0 		.word	-536813184
 348 0030 00000000 		.word	QuadDec_M2_count32SoftPart
 349 0034 00E100E0 		.word	-536813312
 350              		.cfi_endproc
 351              	.LFE5:
 352              		.size	QuadDec_M2_SetCounter, .-QuadDec_M2_SetCounter
 353              		.section	.text.QuadDec_M2_GetEvents,"ax",%progbits
 354              		.align	2
 355              		.global	QuadDec_M2_GetEvents
 356              		.thumb
 357              		.thumb_func
 358              		.type	QuadDec_M2_GetEvents, %function
 359              	QuadDec_M2_GetEvents:
 360              	.LFB6:
 288:Generated_Source\PSoC5/QuadDec_M2.c **** 
 289:Generated_Source\PSoC5/QuadDec_M2.c **** 
 290:Generated_Source\PSoC5/QuadDec_M2.c **** /*******************************************************************************
 291:Generated_Source\PSoC5/QuadDec_M2.c **** * Function Name: QuadDec_M2_GetEvents
 292:Generated_Source\PSoC5/QuadDec_M2.c **** ********************************************************************************
 293:Generated_Source\PSoC5/QuadDec_M2.c **** * 
 294:Generated_Source\PSoC5/QuadDec_M2.c **** * Summary:
 295:Generated_Source\PSoC5/QuadDec_M2.c **** *   Reports the current status of events. This function clears the bits of the 
 296:Generated_Source\PSoC5/QuadDec_M2.c **** *   status register.
 297:Generated_Source\PSoC5/QuadDec_M2.c **** *
 298:Generated_Source\PSoC5/QuadDec_M2.c **** * Parameters:
 299:Generated_Source\PSoC5/QuadDec_M2.c **** *  None.
 300:Generated_Source\PSoC5/QuadDec_M2.c **** *
 301:Generated_Source\PSoC5/QuadDec_M2.c **** * Return:
 302:Generated_Source\PSoC5/QuadDec_M2.c **** *  The events, as bits in an unsigned 8-bit value:
 303:Generated_Source\PSoC5/QuadDec_M2.c **** *    Bit      Description
 304:Generated_Source\PSoC5/QuadDec_M2.c **** *     0        Counter overflow.
 305:Generated_Source\PSoC5/QuadDec_M2.c **** *     1        Counter underflow.
 306:Generated_Source\PSoC5/QuadDec_M2.c **** *     2        Counter reset due to index, if index input is used.
 307:Generated_Source\PSoC5/QuadDec_M2.c **** *     3        Invalid A, B inputs state transition.
 308:Generated_Source\PSoC5/QuadDec_M2.c **** *
 309:Generated_Source\PSoC5/QuadDec_M2.c **** *******************************************************************************/
 310:Generated_Source\PSoC5/QuadDec_M2.c **** uint8 QuadDec_M2_GetEvents(void) 
 311:Generated_Source\PSoC5/QuadDec_M2.c **** {
 361              		.loc 1 311 0
 362              		.cfi_startproc
 363              		@ args = 0, pretend = 0, frame = 0
 364              		@ frame_needed = 1, uses_anonymous_args = 0
 365              		@ link register save eliminated.
 366 0000 80B4     		push	{r7}
 367              		.cfi_def_cfa_offset 4
 368              		.cfi_offset 7, -4
 369 0002 00AF     		add	r7, sp, #0
 370              		.cfi_def_cfa_register 7
 312:Generated_Source\PSoC5/QuadDec_M2.c ****     return (QuadDec_M2_STATUS_REG & QuadDec_M2_INIT_INT_MASK);
 371              		.loc 1 312 0
 372 0004 044B     		ldr	r3, .L23
ARM GAS  C:\Users\sela847\AppData\Local\Temp\ccFfkNPu.s 			page 13


 373 0006 1B78     		ldrb	r3, [r3]
 374 0008 DBB2     		uxtb	r3, r3
 375 000a 03F00F03 		and	r3, r3, #15
 376 000e DBB2     		uxtb	r3, r3
 313:Generated_Source\PSoC5/QuadDec_M2.c **** }
 377              		.loc 1 313 0
 378 0010 1846     		mov	r0, r3
 379 0012 BD46     		mov	sp, r7
 380              		.cfi_def_cfa_register 13
 381              		@ sp needed
 382 0014 80BC     		pop	{r7}
 383              		.cfi_restore 7
 384              		.cfi_def_cfa_offset 0
 385 0016 7047     		bx	lr
 386              	.L24:
 387              		.align	2
 388              	.L23:
 389 0018 64640040 		.word	1073767524
 390              		.cfi_endproc
 391              	.LFE6:
 392              		.size	QuadDec_M2_GetEvents, .-QuadDec_M2_GetEvents
 393              		.section	.text.QuadDec_M2_SetInterruptMask,"ax",%progbits
 394              		.align	2
 395              		.global	QuadDec_M2_SetInterruptMask
 396              		.thumb
 397              		.thumb_func
 398              		.type	QuadDec_M2_SetInterruptMask, %function
 399              	QuadDec_M2_SetInterruptMask:
 400              	.LFB7:
 314:Generated_Source\PSoC5/QuadDec_M2.c **** 
 315:Generated_Source\PSoC5/QuadDec_M2.c **** 
 316:Generated_Source\PSoC5/QuadDec_M2.c **** /*******************************************************************************
 317:Generated_Source\PSoC5/QuadDec_M2.c **** * Function Name: QuadDec_M2_SetInterruptMask
 318:Generated_Source\PSoC5/QuadDec_M2.c **** ********************************************************************************
 319:Generated_Source\PSoC5/QuadDec_M2.c **** *
 320:Generated_Source\PSoC5/QuadDec_M2.c **** * Summary:
 321:Generated_Source\PSoC5/QuadDec_M2.c **** *  Enables / disables interrupts due to the events.
 322:Generated_Source\PSoC5/QuadDec_M2.c **** *  For the 32-bit counter, the overflow, underflow and reset interrupts cannot
 323:Generated_Source\PSoC5/QuadDec_M2.c **** *  be disabled, these bits are ignored.
 324:Generated_Source\PSoC5/QuadDec_M2.c **** *
 325:Generated_Source\PSoC5/QuadDec_M2.c **** * Parameters:
 326:Generated_Source\PSoC5/QuadDec_M2.c **** *  mask: Enable / disable bits in an 8-bit value, where 1 enables the interrupt.
 327:Generated_Source\PSoC5/QuadDec_M2.c **** *
 328:Generated_Source\PSoC5/QuadDec_M2.c **** * Return:
 329:Generated_Source\PSoC5/QuadDec_M2.c **** *  None.
 330:Generated_Source\PSoC5/QuadDec_M2.c **** *
 331:Generated_Source\PSoC5/QuadDec_M2.c **** *******************************************************************************/
 332:Generated_Source\PSoC5/QuadDec_M2.c **** void QuadDec_M2_SetInterruptMask(uint8 mask) 
 333:Generated_Source\PSoC5/QuadDec_M2.c **** {
 401              		.loc 1 333 0
 402              		.cfi_startproc
 403              		@ args = 0, pretend = 0, frame = 8
 404              		@ frame_needed = 1, uses_anonymous_args = 0
 405              		@ link register save eliminated.
 406 0000 80B4     		push	{r7}
 407              		.cfi_def_cfa_offset 4
 408              		.cfi_offset 7, -4
ARM GAS  C:\Users\sela847\AppData\Local\Temp\ccFfkNPu.s 			page 14


 409 0002 83B0     		sub	sp, sp, #12
 410              		.cfi_def_cfa_offset 16
 411 0004 00AF     		add	r7, sp, #0
 412              		.cfi_def_cfa_register 7
 413 0006 0346     		mov	r3, r0
 414 0008 FB71     		strb	r3, [r7, #7]
 334:Generated_Source\PSoC5/QuadDec_M2.c ****     #if (QuadDec_M2_COUNTER_SIZE == QuadDec_M2_COUNTER_SIZE_32_BIT)
 335:Generated_Source\PSoC5/QuadDec_M2.c ****         /* Underflow, Overflow and Reset interrupts for 32-bit Counter are always enable */
 336:Generated_Source\PSoC5/QuadDec_M2.c ****         mask |= (QuadDec_M2_COUNTER_OVERFLOW | QuadDec_M2_COUNTER_UNDERFLOW |
 415              		.loc 1 336 0
 416 000a FB79     		ldrb	r3, [r7, #7]
 417 000c 43F00703 		orr	r3, r3, #7
 418 0010 FB71     		strb	r3, [r7, #7]
 337:Generated_Source\PSoC5/QuadDec_M2.c ****                  QuadDec_M2_COUNTER_RESET);
 338:Generated_Source\PSoC5/QuadDec_M2.c ****     #endif /* QuadDec_M2_COUNTER_SIZE == QuadDec_M2_COUNTER_SIZE_32_BIT */
 339:Generated_Source\PSoC5/QuadDec_M2.c **** 
 340:Generated_Source\PSoC5/QuadDec_M2.c ****     QuadDec_M2_STATUS_MASK = mask;
 419              		.loc 1 340 0
 420 0012 044A     		ldr	r2, .L26
 421 0014 FB79     		ldrb	r3, [r7, #7]
 422 0016 1370     		strb	r3, [r2]
 341:Generated_Source\PSoC5/QuadDec_M2.c **** }
 423              		.loc 1 341 0
 424 0018 00BF     		nop
 425 001a 0C37     		adds	r7, r7, #12
 426              		.cfi_def_cfa_offset 4
 427 001c BD46     		mov	sp, r7
 428              		.cfi_def_cfa_register 13
 429              		@ sp needed
 430 001e 80BC     		pop	{r7}
 431              		.cfi_restore 7
 432              		.cfi_def_cfa_offset 0
 433 0020 7047     		bx	lr
 434              	.L27:
 435 0022 00BF     		.align	2
 436              	.L26:
 437 0024 84640040 		.word	1073767556
 438              		.cfi_endproc
 439              	.LFE7:
 440              		.size	QuadDec_M2_SetInterruptMask, .-QuadDec_M2_SetInterruptMask
 441              		.section	.text.QuadDec_M2_GetInterruptMask,"ax",%progbits
 442              		.align	2
 443              		.global	QuadDec_M2_GetInterruptMask
 444              		.thumb
 445              		.thumb_func
 446              		.type	QuadDec_M2_GetInterruptMask, %function
 447              	QuadDec_M2_GetInterruptMask:
 448              	.LFB8:
 342:Generated_Source\PSoC5/QuadDec_M2.c **** 
 343:Generated_Source\PSoC5/QuadDec_M2.c **** 
 344:Generated_Source\PSoC5/QuadDec_M2.c **** /*******************************************************************************
 345:Generated_Source\PSoC5/QuadDec_M2.c **** * Function Name: QuadDec_M2_GetInterruptMask
 346:Generated_Source\PSoC5/QuadDec_M2.c **** ********************************************************************************
 347:Generated_Source\PSoC5/QuadDec_M2.c **** *
 348:Generated_Source\PSoC5/QuadDec_M2.c **** * Summary:
 349:Generated_Source\PSoC5/QuadDec_M2.c **** *  Reports the current interrupt mask settings.
 350:Generated_Source\PSoC5/QuadDec_M2.c **** *
ARM GAS  C:\Users\sela847\AppData\Local\Temp\ccFfkNPu.s 			page 15


 351:Generated_Source\PSoC5/QuadDec_M2.c **** * Parameters:
 352:Generated_Source\PSoC5/QuadDec_M2.c **** *  None.
 353:Generated_Source\PSoC5/QuadDec_M2.c **** *
 354:Generated_Source\PSoC5/QuadDec_M2.c **** * Return:
 355:Generated_Source\PSoC5/QuadDec_M2.c **** *  Enable / disable bits in an 8-bit value, where 1 enables the interrupt.
 356:Generated_Source\PSoC5/QuadDec_M2.c **** *  For the 32-bit counter, the overflow, underflow and reset enable bits are
 357:Generated_Source\PSoC5/QuadDec_M2.c **** *  always set.
 358:Generated_Source\PSoC5/QuadDec_M2.c **** *
 359:Generated_Source\PSoC5/QuadDec_M2.c **** *******************************************************************************/
 360:Generated_Source\PSoC5/QuadDec_M2.c **** uint8 QuadDec_M2_GetInterruptMask(void) 
 361:Generated_Source\PSoC5/QuadDec_M2.c **** {
 449              		.loc 1 361 0
 450              		.cfi_startproc
 451              		@ args = 0, pretend = 0, frame = 0
 452              		@ frame_needed = 1, uses_anonymous_args = 0
 453              		@ link register save eliminated.
 454 0000 80B4     		push	{r7}
 455              		.cfi_def_cfa_offset 4
 456              		.cfi_offset 7, -4
 457 0002 00AF     		add	r7, sp, #0
 458              		.cfi_def_cfa_register 7
 362:Generated_Source\PSoC5/QuadDec_M2.c ****     return (QuadDec_M2_STATUS_MASK & QuadDec_M2_INIT_INT_MASK);
 459              		.loc 1 362 0
 460 0004 044B     		ldr	r3, .L30
 461 0006 1B78     		ldrb	r3, [r3]
 462 0008 DBB2     		uxtb	r3, r3
 463 000a 03F00F03 		and	r3, r3, #15
 464 000e DBB2     		uxtb	r3, r3
 363:Generated_Source\PSoC5/QuadDec_M2.c **** }
 465              		.loc 1 363 0
 466 0010 1846     		mov	r0, r3
 467 0012 BD46     		mov	sp, r7
 468              		.cfi_def_cfa_register 13
 469              		@ sp needed
 470 0014 80BC     		pop	{r7}
 471              		.cfi_restore 7
 472              		.cfi_def_cfa_offset 0
 473 0016 7047     		bx	lr
 474              	.L31:
 475              		.align	2
 476              	.L30:
 477 0018 84640040 		.word	1073767556
 478              		.cfi_endproc
 479              	.LFE8:
 480              		.size	QuadDec_M2_GetInterruptMask, .-QuadDec_M2_GetInterruptMask
 481              		.text
 482              	.Letext0:
 483              		.file 2 "Generated_Source\\PSoC5\\cytypes.h"
 484              		.file 3 "Generated_Source\\PSoC5\\QuadDec_M2_PVT.h"
 485              		.section	.debug_info,"",%progbits
 486              	.Ldebug_info0:
 487 0000 30020000 		.4byte	0x230
 488 0004 0400     		.2byte	0x4
 489 0006 00000000 		.4byte	.Ldebug_abbrev0
 490 000a 04       		.byte	0x4
 491 000b 01       		.uleb128 0x1
 492 000c 06000000 		.4byte	.LASF37
ARM GAS  C:\Users\sela847\AppData\Local\Temp\ccFfkNPu.s 			page 16


 493 0010 0C       		.byte	0xc
 494 0011 D8010000 		.4byte	.LASF38
 495 0015 66010000 		.4byte	.LASF39
 496 0019 00000000 		.4byte	.Ldebug_ranges0+0
 497 001d 00000000 		.4byte	0
 498 0021 00000000 		.4byte	.Ldebug_line0
 499 0025 02       		.uleb128 0x2
 500 0026 04       		.byte	0x4
 501 0027 05       		.byte	0x5
 502 0028 696E7400 		.ascii	"int\000"
 503 002c 03       		.uleb128 0x3
 504 002d 04       		.byte	0x4
 505 002e 07       		.byte	0x7
 506 002f 20020000 		.4byte	.LASF0
 507 0033 03       		.uleb128 0x3
 508 0034 08       		.byte	0x8
 509 0035 05       		.byte	0x5
 510 0036 68020000 		.4byte	.LASF1
 511 003a 03       		.uleb128 0x3
 512 003b 08       		.byte	0x8
 513 003c 04       		.byte	0x4
 514 003d CB020000 		.4byte	.LASF2
 515 0041 03       		.uleb128 0x3
 516 0042 01       		.byte	0x1
 517 0043 06       		.byte	0x6
 518 0044 D7020000 		.4byte	.LASF3
 519 0048 03       		.uleb128 0x3
 520 0049 01       		.byte	0x1
 521 004a 08       		.byte	0x8
 522 004b 0C010000 		.4byte	.LASF4
 523 004f 03       		.uleb128 0x3
 524 0050 02       		.byte	0x2
 525 0051 05       		.byte	0x5
 526 0052 A5020000 		.4byte	.LASF5
 527 0056 03       		.uleb128 0x3
 528 0057 02       		.byte	0x2
 529 0058 07       		.byte	0x7
 530 0059 E3000000 		.4byte	.LASF6
 531 005d 03       		.uleb128 0x3
 532 005e 04       		.byte	0x4
 533 005f 05       		.byte	0x5
 534 0060 4C010000 		.4byte	.LASF7
 535 0064 03       		.uleb128 0x3
 536 0065 04       		.byte	0x4
 537 0066 07       		.byte	0x7
 538 0067 2D010000 		.4byte	.LASF8
 539 006b 03       		.uleb128 0x3
 540 006c 08       		.byte	0x8
 541 006d 07       		.byte	0x7
 542 006e 2D020000 		.4byte	.LASF9
 543 0072 03       		.uleb128 0x3
 544 0073 04       		.byte	0x4
 545 0074 07       		.byte	0x7
 546 0075 5F020000 		.4byte	.LASF10
 547 0079 03       		.uleb128 0x3
 548 007a 01       		.byte	0x1
 549 007b 08       		.byte	0x8
ARM GAS  C:\Users\sela847\AppData\Local\Temp\ccFfkNPu.s 			page 17


 550 007c C6020000 		.4byte	.LASF11
 551 0080 04       		.uleb128 0x4
 552 0081 AF020000 		.4byte	.LASF12
 553 0085 02       		.byte	0x2
 554 0086 E701     		.2byte	0x1e7
 555 0088 48000000 		.4byte	0x48
 556 008c 04       		.uleb128 0x4
 557 008d FC010000 		.4byte	.LASF13
 558 0091 02       		.byte	0x2
 559 0092 E801     		.2byte	0x1e8
 560 0094 56000000 		.4byte	0x56
 561 0098 04       		.uleb128 0x4
 562 0099 19020000 		.4byte	.LASF14
 563 009d 02       		.byte	0x2
 564 009e E901     		.2byte	0x1e9
 565 00a0 64000000 		.4byte	0x64
 566 00a4 04       		.uleb128 0x4
 567 00a5 27010000 		.4byte	.LASF15
 568 00a9 02       		.byte	0x2
 569 00aa EB01     		.2byte	0x1eb
 570 00ac 4F000000 		.4byte	0x4f
 571 00b0 04       		.uleb128 0x4
 572 00b1 3F010000 		.4byte	.LASF16
 573 00b5 02       		.byte	0x2
 574 00b6 EC01     		.2byte	0x1ec
 575 00b8 5D000000 		.4byte	0x5d
 576 00bc 03       		.uleb128 0x3
 577 00bd 04       		.byte	0x4
 578 00be 04       		.byte	0x4
 579 00bf 06010000 		.4byte	.LASF17
 580 00c3 03       		.uleb128 0x3
 581 00c4 08       		.byte	0x8
 582 00c5 04       		.byte	0x4
 583 00c6 BC010000 		.4byte	.LASF18
 584 00ca 04       		.uleb128 0x4
 585 00cb 22010000 		.4byte	.LASF19
 586 00cf 02       		.byte	0x2
 587 00d0 9102     		.2byte	0x291
 588 00d2 D6000000 		.4byte	0xd6
 589 00d6 05       		.uleb128 0x5
 590 00d7 80000000 		.4byte	0x80
 591 00db 04       		.uleb128 0x4
 592 00dc 00000000 		.4byte	.LASF20
 593 00e0 02       		.byte	0x2
 594 00e1 9302     		.2byte	0x293
 595 00e3 E7000000 		.4byte	0xe7
 596 00e7 05       		.uleb128 0x5
 597 00e8 98000000 		.4byte	0x98
 598 00ec 06       		.uleb128 0x6
 599 00ed B0000000 		.4byte	.LASF21
 600 00f1 01       		.byte	0x1
 601 00f2 2A       		.byte	0x2a
 602 00f3 00000000 		.4byte	.LFB0
 603 00f7 28000000 		.4byte	.LFE0-.LFB0
 604 00fb 01       		.uleb128 0x1
 605 00fc 9C       		.byte	0x9c
 606 00fd 07       		.uleb128 0x7
ARM GAS  C:\Users\sela847\AppData\Local\Temp\ccFfkNPu.s 			page 18


 607 00fe D1000000 		.4byte	.LASF23
 608 0102 01       		.byte	0x1
 609 0103 46       		.byte	0x46
 610 0104 00000000 		.4byte	.LFB1
 611 0108 48000000 		.4byte	.LFE1-.LFB1
 612 010c 01       		.uleb128 0x1
 613 010d 9C       		.byte	0x9c
 614 010e 21010000 		.4byte	0x121
 615 0112 08       		.uleb128 0x8
 616 0113 55010000 		.4byte	.LASF25
 617 0117 01       		.byte	0x1
 618 0118 48       		.byte	0x48
 619 0119 80000000 		.4byte	0x80
 620 011d 02       		.uleb128 0x2
 621 011e 91       		.byte	0x91
 622 011f 77       		.sleb128 -9
 623 0120 00       		.byte	0
 624 0121 06       		.uleb128 0x6
 625 0122 B5020000 		.4byte	.LASF22
 626 0126 01       		.byte	0x1
 627 0127 74       		.byte	0x74
 628 0128 00000000 		.4byte	.LFB2
 629 012c 38000000 		.4byte	.LFE2-.LFB2
 630 0130 01       		.uleb128 0x1
 631 0131 9C       		.byte	0x9c
 632 0132 07       		.uleb128 0x7
 633 0133 F6000000 		.4byte	.LASF24
 634 0137 01       		.byte	0x1
 635 0138 9D       		.byte	0x9d
 636 0139 00000000 		.4byte	.LFB3
 637 013d 40000000 		.4byte	.LFE3-.LFB3
 638 0141 01       		.uleb128 0x1
 639 0142 9C       		.byte	0x9c
 640 0143 56010000 		.4byte	0x156
 641 0147 08       		.uleb128 0x8
 642 0148 55010000 		.4byte	.LASF25
 643 014c 01       		.byte	0x1
 644 014d 9F       		.byte	0x9f
 645 014e 80000000 		.4byte	0x80
 646 0152 02       		.uleb128 0x2
 647 0153 91       		.byte	0x91
 648 0154 77       		.sleb128 -9
 649 0155 00       		.byte	0
 650 0156 09       		.uleb128 0x9
 651 0157 03020000 		.4byte	.LASF40
 652 015b 01       		.byte	0x1
 653 015c CA       		.byte	0xca
 654 015d B0000000 		.4byte	0xb0
 655 0161 00000000 		.4byte	.LFB4
 656 0165 48000000 		.4byte	.LFE4-.LFB4
 657 0169 01       		.uleb128 0x1
 658 016a 9C       		.byte	0x9c
 659 016b 9A010000 		.4byte	0x19a
 660 016f 08       		.uleb128 0x8
 661 0170 C6000000 		.4byte	.LASF26
 662 0174 01       		.byte	0x1
 663 0175 CC       		.byte	0xcc
ARM GAS  C:\Users\sela847\AppData\Local\Temp\ccFfkNPu.s 			page 19


 664 0176 B0000000 		.4byte	0xb0
 665 017a 02       		.uleb128 0x2
 666 017b 91       		.byte	0x91
 667 017c 70       		.sleb128 -16
 668 017d 08       		.uleb128 0x8
 669 017e 45010000 		.4byte	.LASF27
 670 0182 01       		.byte	0x1
 671 0183 CD       		.byte	0xcd
 672 0184 8C000000 		.4byte	0x8c
 673 0188 02       		.uleb128 0x2
 674 0189 91       		.byte	0x91
 675 018a 76       		.sleb128 -10
 676 018b 08       		.uleb128 0x8
 677 018c 1A010000 		.4byte	.LASF28
 678 0190 01       		.byte	0x1
 679 0191 D0       		.byte	0xd0
 680 0192 A4000000 		.4byte	0xa4
 681 0196 02       		.uleb128 0x2
 682 0197 91       		.byte	0x91
 683 0198 74       		.sleb128 -12
 684 0199 00       		.byte	0
 685 019a 0A       		.uleb128 0xa
 686 019b E3020000 		.4byte	.LASF29
 687 019f 01       		.byte	0x1
 688 01a0 0201     		.2byte	0x102
 689 01a2 00000000 		.4byte	.LFB5
 690 01a6 38000000 		.4byte	.LFE5-.LFB5
 691 01aa 01       		.uleb128 0x1
 692 01ab 9C       		.byte	0x9c
 693 01ac C0010000 		.4byte	0x1c0
 694 01b0 0B       		.uleb128 0xb
 695 01b1 C0000000 		.4byte	.LASF31
 696 01b5 01       		.byte	0x1
 697 01b6 0201     		.2byte	0x102
 698 01b8 B0000000 		.4byte	0xb0
 699 01bc 02       		.uleb128 0x2
 700 01bd 91       		.byte	0x91
 701 01be 74       		.sleb128 -12
 702 01bf 00       		.byte	0
 703 01c0 0C       		.uleb128 0xc
 704 01c1 C3010000 		.4byte	.LASF33
 705 01c5 01       		.byte	0x1
 706 01c6 3601     		.2byte	0x136
 707 01c8 80000000 		.4byte	0x80
 708 01cc 00000000 		.4byte	.LFB6
 709 01d0 1C000000 		.4byte	.LFE6-.LFB6
 710 01d4 01       		.uleb128 0x1
 711 01d5 9C       		.byte	0x9c
 712 01d6 0D       		.uleb128 0xd
 713 01d7 94000000 		.4byte	.LASF30
 714 01db 01       		.byte	0x1
 715 01dc 4C01     		.2byte	0x14c
 716 01de 00000000 		.4byte	.LFB7
 717 01e2 28000000 		.4byte	.LFE7-.LFB7
 718 01e6 01       		.uleb128 0x1
 719 01e7 9C       		.byte	0x9c
 720 01e8 FC010000 		.4byte	0x1fc
ARM GAS  C:\Users\sela847\AppData\Local\Temp\ccFfkNPu.s 			page 20


 721 01ec 0B       		.uleb128 0xb
 722 01ed CC000000 		.4byte	.LASF32
 723 01f1 01       		.byte	0x1
 724 01f2 4C01     		.2byte	0x14c
 725 01f4 80000000 		.4byte	0x80
 726 01f8 02       		.uleb128 0x2
 727 01f9 91       		.byte	0x91
 728 01fa 77       		.sleb128 -9
 729 01fb 00       		.byte	0
 730 01fc 0C       		.uleb128 0xc
 731 01fd 76020000 		.4byte	.LASF34
 732 0201 01       		.byte	0x1
 733 0202 6801     		.2byte	0x168
 734 0204 80000000 		.4byte	0x80
 735 0208 00000000 		.4byte	.LFB8
 736 020c 1C000000 		.4byte	.LFE8-.LFB8
 737 0210 01       		.uleb128 0x1
 738 0211 9C       		.byte	0x9c
 739 0212 0E       		.uleb128 0xe
 740 0213 92020000 		.4byte	.LASF35
 741 0217 01       		.byte	0x1
 742 0218 19       		.byte	0x19
 743 0219 80000000 		.4byte	0x80
 744 021d 05       		.uleb128 0x5
 745 021e 03       		.byte	0x3
 746 021f 00000000 		.4byte	QuadDec_M2_initVar
 747 0223 0F       		.uleb128 0xf
 748 0224 44020000 		.4byte	.LASF36
 749 0228 03       		.byte	0x3
 750 0229 18       		.byte	0x18
 751 022a 2E020000 		.4byte	0x22e
 752 022e 05       		.uleb128 0x5
 753 022f B0000000 		.4byte	0xb0
 754 0233 00       		.byte	0
 755              		.section	.debug_abbrev,"",%progbits
 756              	.Ldebug_abbrev0:
 757 0000 01       		.uleb128 0x1
 758 0001 11       		.uleb128 0x11
 759 0002 01       		.byte	0x1
 760 0003 25       		.uleb128 0x25
 761 0004 0E       		.uleb128 0xe
 762 0005 13       		.uleb128 0x13
 763 0006 0B       		.uleb128 0xb
 764 0007 03       		.uleb128 0x3
 765 0008 0E       		.uleb128 0xe
 766 0009 1B       		.uleb128 0x1b
 767 000a 0E       		.uleb128 0xe
 768 000b 55       		.uleb128 0x55
 769 000c 17       		.uleb128 0x17
 770 000d 11       		.uleb128 0x11
 771 000e 01       		.uleb128 0x1
 772 000f 10       		.uleb128 0x10
 773 0010 17       		.uleb128 0x17
 774 0011 00       		.byte	0
 775 0012 00       		.byte	0
 776 0013 02       		.uleb128 0x2
 777 0014 24       		.uleb128 0x24
ARM GAS  C:\Users\sela847\AppData\Local\Temp\ccFfkNPu.s 			page 21


 778 0015 00       		.byte	0
 779 0016 0B       		.uleb128 0xb
 780 0017 0B       		.uleb128 0xb
 781 0018 3E       		.uleb128 0x3e
 782 0019 0B       		.uleb128 0xb
 783 001a 03       		.uleb128 0x3
 784 001b 08       		.uleb128 0x8
 785 001c 00       		.byte	0
 786 001d 00       		.byte	0
 787 001e 03       		.uleb128 0x3
 788 001f 24       		.uleb128 0x24
 789 0020 00       		.byte	0
 790 0021 0B       		.uleb128 0xb
 791 0022 0B       		.uleb128 0xb
 792 0023 3E       		.uleb128 0x3e
 793 0024 0B       		.uleb128 0xb
 794 0025 03       		.uleb128 0x3
 795 0026 0E       		.uleb128 0xe
 796 0027 00       		.byte	0
 797 0028 00       		.byte	0
 798 0029 04       		.uleb128 0x4
 799 002a 16       		.uleb128 0x16
 800 002b 00       		.byte	0
 801 002c 03       		.uleb128 0x3
 802 002d 0E       		.uleb128 0xe
 803 002e 3A       		.uleb128 0x3a
 804 002f 0B       		.uleb128 0xb
 805 0030 3B       		.uleb128 0x3b
 806 0031 05       		.uleb128 0x5
 807 0032 49       		.uleb128 0x49
 808 0033 13       		.uleb128 0x13
 809 0034 00       		.byte	0
 810 0035 00       		.byte	0
 811 0036 05       		.uleb128 0x5
 812 0037 35       		.uleb128 0x35
 813 0038 00       		.byte	0
 814 0039 49       		.uleb128 0x49
 815 003a 13       		.uleb128 0x13
 816 003b 00       		.byte	0
 817 003c 00       		.byte	0
 818 003d 06       		.uleb128 0x6
 819 003e 2E       		.uleb128 0x2e
 820 003f 00       		.byte	0
 821 0040 3F       		.uleb128 0x3f
 822 0041 19       		.uleb128 0x19
 823 0042 03       		.uleb128 0x3
 824 0043 0E       		.uleb128 0xe
 825 0044 3A       		.uleb128 0x3a
 826 0045 0B       		.uleb128 0xb
 827 0046 3B       		.uleb128 0x3b
 828 0047 0B       		.uleb128 0xb
 829 0048 27       		.uleb128 0x27
 830 0049 19       		.uleb128 0x19
 831 004a 11       		.uleb128 0x11
 832 004b 01       		.uleb128 0x1
 833 004c 12       		.uleb128 0x12
 834 004d 06       		.uleb128 0x6
ARM GAS  C:\Users\sela847\AppData\Local\Temp\ccFfkNPu.s 			page 22


 835 004e 40       		.uleb128 0x40
 836 004f 18       		.uleb128 0x18
 837 0050 9642     		.uleb128 0x2116
 838 0052 19       		.uleb128 0x19
 839 0053 00       		.byte	0
 840 0054 00       		.byte	0
 841 0055 07       		.uleb128 0x7
 842 0056 2E       		.uleb128 0x2e
 843 0057 01       		.byte	0x1
 844 0058 3F       		.uleb128 0x3f
 845 0059 19       		.uleb128 0x19
 846 005a 03       		.uleb128 0x3
 847 005b 0E       		.uleb128 0xe
 848 005c 3A       		.uleb128 0x3a
 849 005d 0B       		.uleb128 0xb
 850 005e 3B       		.uleb128 0x3b
 851 005f 0B       		.uleb128 0xb
 852 0060 27       		.uleb128 0x27
 853 0061 19       		.uleb128 0x19
 854 0062 11       		.uleb128 0x11
 855 0063 01       		.uleb128 0x1
 856 0064 12       		.uleb128 0x12
 857 0065 06       		.uleb128 0x6
 858 0066 40       		.uleb128 0x40
 859 0067 18       		.uleb128 0x18
 860 0068 9642     		.uleb128 0x2116
 861 006a 19       		.uleb128 0x19
 862 006b 01       		.uleb128 0x1
 863 006c 13       		.uleb128 0x13
 864 006d 00       		.byte	0
 865 006e 00       		.byte	0
 866 006f 08       		.uleb128 0x8
 867 0070 34       		.uleb128 0x34
 868 0071 00       		.byte	0
 869 0072 03       		.uleb128 0x3
 870 0073 0E       		.uleb128 0xe
 871 0074 3A       		.uleb128 0x3a
 872 0075 0B       		.uleb128 0xb
 873 0076 3B       		.uleb128 0x3b
 874 0077 0B       		.uleb128 0xb
 875 0078 49       		.uleb128 0x49
 876 0079 13       		.uleb128 0x13
 877 007a 02       		.uleb128 0x2
 878 007b 18       		.uleb128 0x18
 879 007c 00       		.byte	0
 880 007d 00       		.byte	0
 881 007e 09       		.uleb128 0x9
 882 007f 2E       		.uleb128 0x2e
 883 0080 01       		.byte	0x1
 884 0081 3F       		.uleb128 0x3f
 885 0082 19       		.uleb128 0x19
 886 0083 03       		.uleb128 0x3
 887 0084 0E       		.uleb128 0xe
 888 0085 3A       		.uleb128 0x3a
 889 0086 0B       		.uleb128 0xb
 890 0087 3B       		.uleb128 0x3b
 891 0088 0B       		.uleb128 0xb
ARM GAS  C:\Users\sela847\AppData\Local\Temp\ccFfkNPu.s 			page 23


 892 0089 27       		.uleb128 0x27
 893 008a 19       		.uleb128 0x19
 894 008b 49       		.uleb128 0x49
 895 008c 13       		.uleb128 0x13
 896 008d 11       		.uleb128 0x11
 897 008e 01       		.uleb128 0x1
 898 008f 12       		.uleb128 0x12
 899 0090 06       		.uleb128 0x6
 900 0091 40       		.uleb128 0x40
 901 0092 18       		.uleb128 0x18
 902 0093 9642     		.uleb128 0x2116
 903 0095 19       		.uleb128 0x19
 904 0096 01       		.uleb128 0x1
 905 0097 13       		.uleb128 0x13
 906 0098 00       		.byte	0
 907 0099 00       		.byte	0
 908 009a 0A       		.uleb128 0xa
 909 009b 2E       		.uleb128 0x2e
 910 009c 01       		.byte	0x1
 911 009d 3F       		.uleb128 0x3f
 912 009e 19       		.uleb128 0x19
 913 009f 03       		.uleb128 0x3
 914 00a0 0E       		.uleb128 0xe
 915 00a1 3A       		.uleb128 0x3a
 916 00a2 0B       		.uleb128 0xb
 917 00a3 3B       		.uleb128 0x3b
 918 00a4 05       		.uleb128 0x5
 919 00a5 27       		.uleb128 0x27
 920 00a6 19       		.uleb128 0x19
 921 00a7 11       		.uleb128 0x11
 922 00a8 01       		.uleb128 0x1
 923 00a9 12       		.uleb128 0x12
 924 00aa 06       		.uleb128 0x6
 925 00ab 40       		.uleb128 0x40
 926 00ac 18       		.uleb128 0x18
 927 00ad 9642     		.uleb128 0x2116
 928 00af 19       		.uleb128 0x19
 929 00b0 01       		.uleb128 0x1
 930 00b1 13       		.uleb128 0x13
 931 00b2 00       		.byte	0
 932 00b3 00       		.byte	0
 933 00b4 0B       		.uleb128 0xb
 934 00b5 05       		.uleb128 0x5
 935 00b6 00       		.byte	0
 936 00b7 03       		.uleb128 0x3
 937 00b8 0E       		.uleb128 0xe
 938 00b9 3A       		.uleb128 0x3a
 939 00ba 0B       		.uleb128 0xb
 940 00bb 3B       		.uleb128 0x3b
 941 00bc 05       		.uleb128 0x5
 942 00bd 49       		.uleb128 0x49
 943 00be 13       		.uleb128 0x13
 944 00bf 02       		.uleb128 0x2
 945 00c0 18       		.uleb128 0x18
 946 00c1 00       		.byte	0
 947 00c2 00       		.byte	0
 948 00c3 0C       		.uleb128 0xc
ARM GAS  C:\Users\sela847\AppData\Local\Temp\ccFfkNPu.s 			page 24


 949 00c4 2E       		.uleb128 0x2e
 950 00c5 00       		.byte	0
 951 00c6 3F       		.uleb128 0x3f
 952 00c7 19       		.uleb128 0x19
 953 00c8 03       		.uleb128 0x3
 954 00c9 0E       		.uleb128 0xe
 955 00ca 3A       		.uleb128 0x3a
 956 00cb 0B       		.uleb128 0xb
 957 00cc 3B       		.uleb128 0x3b
 958 00cd 05       		.uleb128 0x5
 959 00ce 27       		.uleb128 0x27
 960 00cf 19       		.uleb128 0x19
 961 00d0 49       		.uleb128 0x49
 962 00d1 13       		.uleb128 0x13
 963 00d2 11       		.uleb128 0x11
 964 00d3 01       		.uleb128 0x1
 965 00d4 12       		.uleb128 0x12
 966 00d5 06       		.uleb128 0x6
 967 00d6 40       		.uleb128 0x40
 968 00d7 18       		.uleb128 0x18
 969 00d8 9742     		.uleb128 0x2117
 970 00da 19       		.uleb128 0x19
 971 00db 00       		.byte	0
 972 00dc 00       		.byte	0
 973 00dd 0D       		.uleb128 0xd
 974 00de 2E       		.uleb128 0x2e
 975 00df 01       		.byte	0x1
 976 00e0 3F       		.uleb128 0x3f
 977 00e1 19       		.uleb128 0x19
 978 00e2 03       		.uleb128 0x3
 979 00e3 0E       		.uleb128 0xe
 980 00e4 3A       		.uleb128 0x3a
 981 00e5 0B       		.uleb128 0xb
 982 00e6 3B       		.uleb128 0x3b
 983 00e7 05       		.uleb128 0x5
 984 00e8 27       		.uleb128 0x27
 985 00e9 19       		.uleb128 0x19
 986 00ea 11       		.uleb128 0x11
 987 00eb 01       		.uleb128 0x1
 988 00ec 12       		.uleb128 0x12
 989 00ed 06       		.uleb128 0x6
 990 00ee 40       		.uleb128 0x40
 991 00ef 18       		.uleb128 0x18
 992 00f0 9742     		.uleb128 0x2117
 993 00f2 19       		.uleb128 0x19
 994 00f3 01       		.uleb128 0x1
 995 00f4 13       		.uleb128 0x13
 996 00f5 00       		.byte	0
 997 00f6 00       		.byte	0
 998 00f7 0E       		.uleb128 0xe
 999 00f8 34       		.uleb128 0x34
 1000 00f9 00       		.byte	0
 1001 00fa 03       		.uleb128 0x3
 1002 00fb 0E       		.uleb128 0xe
 1003 00fc 3A       		.uleb128 0x3a
 1004 00fd 0B       		.uleb128 0xb
 1005 00fe 3B       		.uleb128 0x3b
ARM GAS  C:\Users\sela847\AppData\Local\Temp\ccFfkNPu.s 			page 25


 1006 00ff 0B       		.uleb128 0xb
 1007 0100 49       		.uleb128 0x49
 1008 0101 13       		.uleb128 0x13
 1009 0102 3F       		.uleb128 0x3f
 1010 0103 19       		.uleb128 0x19
 1011 0104 02       		.uleb128 0x2
 1012 0105 18       		.uleb128 0x18
 1013 0106 00       		.byte	0
 1014 0107 00       		.byte	0
 1015 0108 0F       		.uleb128 0xf
 1016 0109 34       		.uleb128 0x34
 1017 010a 00       		.byte	0
 1018 010b 03       		.uleb128 0x3
 1019 010c 0E       		.uleb128 0xe
 1020 010d 3A       		.uleb128 0x3a
 1021 010e 0B       		.uleb128 0xb
 1022 010f 3B       		.uleb128 0x3b
 1023 0110 0B       		.uleb128 0xb
 1024 0111 49       		.uleb128 0x49
 1025 0112 13       		.uleb128 0x13
 1026 0113 3F       		.uleb128 0x3f
 1027 0114 19       		.uleb128 0x19
 1028 0115 3C       		.uleb128 0x3c
 1029 0116 19       		.uleb128 0x19
 1030 0117 00       		.byte	0
 1031 0118 00       		.byte	0
 1032 0119 00       		.byte	0
 1033              		.section	.debug_aranges,"",%progbits
 1034 0000 5C000000 		.4byte	0x5c
 1035 0004 0200     		.2byte	0x2
 1036 0006 00000000 		.4byte	.Ldebug_info0
 1037 000a 04       		.byte	0x4
 1038 000b 00       		.byte	0
 1039 000c 0000     		.2byte	0
 1040 000e 0000     		.2byte	0
 1041 0010 00000000 		.4byte	.LFB0
 1042 0014 28000000 		.4byte	.LFE0-.LFB0
 1043 0018 00000000 		.4byte	.LFB1
 1044 001c 48000000 		.4byte	.LFE1-.LFB1
 1045 0020 00000000 		.4byte	.LFB2
 1046 0024 38000000 		.4byte	.LFE2-.LFB2
 1047 0028 00000000 		.4byte	.LFB3
 1048 002c 40000000 		.4byte	.LFE3-.LFB3
 1049 0030 00000000 		.4byte	.LFB4
 1050 0034 48000000 		.4byte	.LFE4-.LFB4
 1051 0038 00000000 		.4byte	.LFB5
 1052 003c 38000000 		.4byte	.LFE5-.LFB5
 1053 0040 00000000 		.4byte	.LFB6
 1054 0044 1C000000 		.4byte	.LFE6-.LFB6
 1055 0048 00000000 		.4byte	.LFB7
 1056 004c 28000000 		.4byte	.LFE7-.LFB7
 1057 0050 00000000 		.4byte	.LFB8
 1058 0054 1C000000 		.4byte	.LFE8-.LFB8
 1059 0058 00000000 		.4byte	0
 1060 005c 00000000 		.4byte	0
 1061              		.section	.debug_ranges,"",%progbits
 1062              	.Ldebug_ranges0:
ARM GAS  C:\Users\sela847\AppData\Local\Temp\ccFfkNPu.s 			page 26


 1063 0000 00000000 		.4byte	.LFB0
 1064 0004 28000000 		.4byte	.LFE0
 1065 0008 00000000 		.4byte	.LFB1
 1066 000c 48000000 		.4byte	.LFE1
 1067 0010 00000000 		.4byte	.LFB2
 1068 0014 38000000 		.4byte	.LFE2
 1069 0018 00000000 		.4byte	.LFB3
 1070 001c 40000000 		.4byte	.LFE3
 1071 0020 00000000 		.4byte	.LFB4
 1072 0024 48000000 		.4byte	.LFE4
 1073 0028 00000000 		.4byte	.LFB5
 1074 002c 38000000 		.4byte	.LFE5
 1075 0030 00000000 		.4byte	.LFB6
 1076 0034 1C000000 		.4byte	.LFE6
 1077 0038 00000000 		.4byte	.LFB7
 1078 003c 28000000 		.4byte	.LFE7
 1079 0040 00000000 		.4byte	.LFB8
 1080 0044 1C000000 		.4byte	.LFE8
 1081 0048 00000000 		.4byte	0
 1082 004c 00000000 		.4byte	0
 1083              		.section	.debug_line,"",%progbits
 1084              	.Ldebug_line0:
 1085 0000 22010000 		.section	.debug_str,"MS",%progbits,1
 1085      02005B00 
 1085      00000201 
 1085      FB0E0D00 
 1085      01010101 
 1086              	.LASF20:
 1087 0000 72656733 		.ascii	"reg32\000"
 1087      3200
 1088              	.LASF37:
 1089 0006 474E5520 		.ascii	"GNU C11 5.4.1 20160609 (release) [ARM/embedded-5-br"
 1089      43313120 
 1089      352E342E 
 1089      31203230 
 1089      31363036 
 1090 0039 616E6368 		.ascii	"anch revision 237715] -mcpu=cortex-m3 -mthumb -g -O"
 1090      20726576 
 1090      6973696F 
 1090      6E203233 
 1090      37373135 
 1091 006c 30202D66 		.ascii	"0 -ffunction-sections -ffat-lto-objects\000"
 1091      66756E63 
 1091      74696F6E 
 1091      2D736563 
 1091      74696F6E 
 1092              	.LASF30:
 1093 0094 51756164 		.ascii	"QuadDec_M2_SetInterruptMask\000"
 1093      4465635F 
 1093      4D325F53 
 1093      6574496E 
 1093      74657272 
 1094              	.LASF21:
 1095 00b0 51756164 		.ascii	"QuadDec_M2_Init\000"
 1095      4465635F 
 1095      4D325F49 
 1095      6E697400 
ARM GAS  C:\Users\sela847\AppData\Local\Temp\ccFfkNPu.s 			page 27


 1096              	.LASF31:
 1097 00c0 76616C75 		.ascii	"value\000"
 1097      6500
 1098              	.LASF26:
 1099 00c6 636F756E 		.ascii	"count\000"
 1099      7400
 1100              	.LASF32:
 1101 00cc 6D61736B 		.ascii	"mask\000"
 1101      00
 1102              	.LASF23:
 1103 00d1 51756164 		.ascii	"QuadDec_M2_Enable\000"
 1103      4465635F 
 1103      4D325F45 
 1103      6E61626C 
 1103      6500
 1104              	.LASF6:
 1105 00e3 73686F72 		.ascii	"short unsigned int\000"
 1105      7420756E 
 1105      7369676E 
 1105      65642069 
 1105      6E7400
 1106              	.LASF24:
 1107 00f6 51756164 		.ascii	"QuadDec_M2_Stop\000"
 1107      4465635F 
 1107      4D325F53 
 1107      746F7000 
 1108              	.LASF17:
 1109 0106 666C6F61 		.ascii	"float\000"
 1109      7400
 1110              	.LASF4:
 1111 010c 756E7369 		.ascii	"unsigned char\000"
 1111      676E6564 
 1111      20636861 
 1111      7200
 1112              	.LASF28:
 1113 011a 6877436F 		.ascii	"hwCount\000"
 1113      756E7400 
 1114              	.LASF19:
 1115 0122 72656738 		.ascii	"reg8\000"
 1115      00
 1116              	.LASF15:
 1117 0127 696E7431 		.ascii	"int16\000"
 1117      3600
 1118              	.LASF8:
 1119 012d 6C6F6E67 		.ascii	"long unsigned int\000"
 1119      20756E73 
 1119      69676E65 
 1119      6420696E 
 1119      7400
 1120              	.LASF16:
 1121 013f 696E7433 		.ascii	"int32\000"
 1121      3200
 1122              	.LASF27:
 1123 0145 746D7043 		.ascii	"tmpCnt\000"
 1123      6E7400
 1124              	.LASF7:
 1125 014c 6C6F6E67 		.ascii	"long int\000"
ARM GAS  C:\Users\sela847\AppData\Local\Temp\ccFfkNPu.s 			page 28


 1125      20696E74 
 1125      00
 1126              	.LASF25:
 1127 0155 656E6162 		.ascii	"enableInterrupts\000"
 1127      6C65496E 
 1127      74657272 
 1127      75707473 
 1127      00
 1128              	.LASF39:
 1129 0166 483A5C44 		.ascii	"H:\\Documents\\12_Cypress_LineFollowingRobot\\Rober"
 1129      6F63756D 
 1129      656E7473 
 1129      5C31325F 
 1129      43797072 
 1130 0196 745C4841 		.ascii	"t\\HArdware_Task2\\Hardware_Task2.cydsn\000"
 1130      72647761 
 1130      72655F54 
 1130      61736B32 
 1130      5C486172 
 1131              	.LASF18:
 1132 01bc 646F7562 		.ascii	"double\000"
 1132      6C6500
 1133              	.LASF33:
 1134 01c3 51756164 		.ascii	"QuadDec_M2_GetEvents\000"
 1134      4465635F 
 1134      4D325F47 
 1134      65744576 
 1134      656E7473 
 1135              	.LASF38:
 1136 01d8 47656E65 		.ascii	"Generated_Source\\PSoC5\\QuadDec_M2.c\000"
 1136      72617465 
 1136      645F536F 
 1136      75726365 
 1136      5C50536F 
 1137              	.LASF13:
 1138 01fc 75696E74 		.ascii	"uint16\000"
 1138      313600
 1139              	.LASF40:
 1140 0203 51756164 		.ascii	"QuadDec_M2_GetCounter\000"
 1140      4465635F 
 1140      4D325F47 
 1140      6574436F 
 1140      756E7465 
 1141              	.LASF14:
 1142 0219 75696E74 		.ascii	"uint32\000"
 1142      333200
 1143              	.LASF0:
 1144 0220 756E7369 		.ascii	"unsigned int\000"
 1144      676E6564 
 1144      20696E74 
 1144      00
 1145              	.LASF9:
 1146 022d 6C6F6E67 		.ascii	"long long unsigned int\000"
 1146      206C6F6E 
 1146      6720756E 
 1146      7369676E 
 1146      65642069 
ARM GAS  C:\Users\sela847\AppData\Local\Temp\ccFfkNPu.s 			page 29


 1147              	.LASF36:
 1148 0244 51756164 		.ascii	"QuadDec_M2_count32SoftPart\000"
 1148      4465635F 
 1148      4D325F63 
 1148      6F756E74 
 1148      3332536F 
 1149              	.LASF10:
 1150 025f 73697A65 		.ascii	"sizetype\000"
 1150      74797065 
 1150      00
 1151              	.LASF1:
 1152 0268 6C6F6E67 		.ascii	"long long int\000"
 1152      206C6F6E 
 1152      6720696E 
 1152      7400
 1153              	.LASF34:
 1154 0276 51756164 		.ascii	"QuadDec_M2_GetInterruptMask\000"
 1154      4465635F 
 1154      4D325F47 
 1154      6574496E 
 1154      74657272 
 1155              	.LASF35:
 1156 0292 51756164 		.ascii	"QuadDec_M2_initVar\000"
 1156      4465635F 
 1156      4D325F69 
 1156      6E697456 
 1156      617200
 1157              	.LASF5:
 1158 02a5 73686F72 		.ascii	"short int\000"
 1158      7420696E 
 1158      7400
 1159              	.LASF12:
 1160 02af 75696E74 		.ascii	"uint8\000"
 1160      3800
 1161              	.LASF22:
 1162 02b5 51756164 		.ascii	"QuadDec_M2_Start\000"
 1162      4465635F 
 1162      4D325F53 
 1162      74617274 
 1162      00
 1163              	.LASF11:
 1164 02c6 63686172 		.ascii	"char\000"
 1164      00
 1165              	.LASF2:
 1166 02cb 6C6F6E67 		.ascii	"long double\000"
 1166      20646F75 
 1166      626C6500 
 1167              	.LASF3:
 1168 02d7 7369676E 		.ascii	"signed char\000"
 1168      65642063 
 1168      68617200 
 1169              	.LASF29:
 1170 02e3 51756164 		.ascii	"QuadDec_M2_SetCounter\000"
 1170      4465635F 
 1170      4D325F53 
 1170      6574436F 
 1170      756E7465 
ARM GAS  C:\Users\sela847\AppData\Local\Temp\ccFfkNPu.s 			page 30


 1171              		.ident	"GCC: (GNU Tools for ARM Embedded Processors) 5.4.1 20160609 (release) [ARM/embedded-5-bran
