Archive member included to satisfy reference by file (symbol)

.\CortexM3\ARM_GCC_541\Debug\Team12_PsoC_FinalImplementation.a(USBUART_cdc.o)
                              .\CortexM3\ARM_GCC_541\Debug\main.o (USBUART_PutData)
.\CortexM3\ARM_GCC_541\Debug\Team12_PsoC_FinalImplementation.a(USBUART_drv.o)
                              .\CortexM3\ARM_GCC_541\Debug\Team12_PsoC_FinalImplementation.a(USBUART_cdc.o) (USBUART_EP)
.\CortexM3\ARM_GCC_541\Debug\Team12_PsoC_FinalImplementation.a(USBUART_std.o)
                              .\CortexM3\ARM_GCC_541\Debug\Team12_PsoC_FinalImplementation.a(USBUART_drv.o) (USBUART_HandleStandardRqst)
.\CortexM3\ARM_GCC_541\Debug\Team12_PsoC_FinalImplementation.a(USBUART_vnd.o)
                              .\CortexM3\ARM_GCC_541\Debug\Team12_PsoC_FinalImplementation.a(USBUART_drv.o) (USBUART_HandleVendorRqst)
.\CortexM3\ARM_GCC_541\Debug\Team12_PsoC_FinalImplementation.a(CyDmac.o)
                              .\CortexM3\ARM_GCC_541\Debug\Cm3Start.o (CyDmacConfigure)
.\CortexM3\ARM_GCC_541\Debug\Team12_PsoC_FinalImplementation.a(CyLib.o)
                              .\CortexM3\ARM_GCC_541\Debug\Cm3Start.o (CyResetStatus)
.\CortexM3\ARM_GCC_541\Debug\Team12_PsoC_FinalImplementation.a(cyPm.o)
                              .\CortexM3\ARM_GCC_541\Debug\Team12_PsoC_FinalImplementation.a(CyLib.o) (CyPmReadStatus)
.\CortexM3\ARM_GCC_541\Debug\Team12_PsoC_FinalImplementation.a(PWM_1.o)
                              .\CortexM3\ARM_GCC_541\Debug\main.o (PWM_1_Start)
.\CortexM3\ARM_GCC_541\Debug\Team12_PsoC_FinalImplementation.a(PWM_2.o)
                              .\CortexM3\ARM_GCC_541\Debug\main.o (PWM_2_Start)
.\CortexM3\ARM_GCC_541\Debug\Team12_PsoC_FinalImplementation.a(LED.o)
                              .\CortexM3\ARM_GCC_541\Debug\main.o (LED_Write)
.\CortexM3\ARM_GCC_541\Debug\Team12_PsoC_FinalImplementation.a(QuadDec_M1.o)
                              .\CortexM3\ARM_GCC_541\Debug\tacho.o (QuadDec_M1_GetCounter)
.\CortexM3\ARM_GCC_541\Debug\Team12_PsoC_FinalImplementation.a(QuadDec_M2.o)
                              .\CortexM3\ARM_GCC_541\Debug\tacho.o (QuadDec_M2_GetCounter)
.\CortexM3\ARM_GCC_541\Debug\Team12_PsoC_FinalImplementation.a(QuadDec_M1_Cnt16.o)
                              .\CortexM3\ARM_GCC_541\Debug\Team12_PsoC_FinalImplementation.a(QuadDec_M1.o) (QuadDec_M1_Cnt16_WriteCounter)
.\CortexM3\ARM_GCC_541\Debug\Team12_PsoC_FinalImplementation.a(QuadDec_M2_Cnt16.o)
                              .\CortexM3\ARM_GCC_541\Debug\Team12_PsoC_FinalImplementation.a(QuadDec_M2.o) (QuadDec_M2_Cnt16_WriteCounter)
.\CortexM3\ARM_GCC_541\Debug\Team12_PsoC_FinalImplementation.a(M2_INV.o)
                              .\CortexM3\ARM_GCC_541\Debug\main.o (M2_INV_Write)
.\CortexM3\ARM_GCC_541\Debug\Team12_PsoC_FinalImplementation.a(Q1.o)
                              .\CortexM3\ARM_GCC_541\Debug\main.o (Q1_Read)
.\CortexM3\ARM_GCC_541\Debug\Team12_PsoC_FinalImplementation.a(Q2.o)
                              .\CortexM3\ARM_GCC_541\Debug\main.o (Q2_Read)
.\CortexM3\ARM_GCC_541\Debug\Team12_PsoC_FinalImplementation.a(Q5.o)
                              .\CortexM3\ARM_GCC_541\Debug\main.o (Q5_Read)
.\CortexM3\ARM_GCC_541\Debug\Team12_PsoC_FinalImplementation.a(Q4.o)
                              .\CortexM3\ARM_GCC_541\Debug\main.o (Q4_Read)
.\CortexM3\ARM_GCC_541\Debug\Team12_PsoC_FinalImplementation.a(Q3.o)
                              .\CortexM3\ARM_GCC_541\Debug\main.o (Q3_Read)
.\CortexM3\ARM_GCC_541\Debug\Team12_PsoC_FinalImplementation.a(LED_GREEN.o)
                              .\CortexM3\ARM_GCC_541\Debug\main.o (LED_GREEN_Write)
.\CortexM3\ARM_GCC_541\Debug\Team12_PsoC_FinalImplementation.a(LED_BLUE.o)
                              .\CortexM3\ARM_GCC_541\Debug\main.o (LED_BLUE_Write)
.\CortexM3\ARM_GCC_541\Debug\Team12_PsoC_FinalImplementation.a(Timer_Sensor.o)
                              .\CortexM3\ARM_GCC_541\Debug\main.o (Timer_Sensor_Start)
.\CortexM3\ARM_GCC_541\Debug\Team12_PsoC_FinalImplementation.a(Sensor_isr.o)
                              .\CortexM3\ARM_GCC_541\Debug\main.o (Sensor_isr_StartEx)
.\CortexM3\ARM_GCC_541\Debug\Team12_PsoC_FinalImplementation.a(CyBootAsmGnu.o)
                              .\CortexM3\ARM_GCC_541\Debug\cyfitter_cfg.o (CyDelayCycles)
.\CortexM3\ARM_GCC_541\Debug\Team12_PsoC_FinalImplementation.a(USBUART.o)
                              .\CortexM3\ARM_GCC_541\Debug\Team12_PsoC_FinalImplementation.a(USBUART_cdc.o) (USBUART_GetEPState)
.\CortexM3\ARM_GCC_541\Debug\Team12_PsoC_FinalImplementation.a(USBUART_cls.o)
                              .\CortexM3\ARM_GCC_541\Debug\Team12_PsoC_FinalImplementation.a(USBUART_drv.o) (USBUART_DispatchClassRqst)
.\CortexM3\ARM_GCC_541\Debug\Team12_PsoC_FinalImplementation.a(USBUART_descr.o)
                              .\CortexM3\ARM_GCC_541\Debug\Team12_PsoC_FinalImplementation.a(USBUART_std.o) (USBUART_DEVICE0_DESCR)
.\CortexM3\ARM_GCC_541\Debug\Team12_PsoC_FinalImplementation.a(USBUART_episr.o)
[...]
Memory Configuration

Name             Origin             Length             Attributes
rom              0x00000000         0x00040000         xr
ram              0x1fff8000         0x00010000         xrw
*default*        0x00000000         0xffffffff

Linker script and memory map

LOAD c:/program files (x86)/cypress/psoc creator/4.2/psoc creator/import/gnu/arm/5.4.1/bin/../lib/gcc/arm-none-eabi/5.4.1/armv7-m/crti.o
LOAD c:/program files (x86)/cypress/psoc creator/4.2/psoc creator/import/gnu/arm/5.4.1/bin/../lib/gcc/arm-none-eabi/5.4.1/armv7-m/crtbegin.o
LOAD c:/program files (x86)/cypress/psoc creator/4.2/psoc creator/import/gnu/arm/5.4.1/bin/../lib/gcc/arm-none-eabi/5.4.1/../../../../arm-none-eabi/lib/armv7-m/crt0.o
START GROUP
LOAD .\CortexM3\ARM_GCC_541\Debug\main.o
LOAD .\CortexM3\ARM_GCC_541\Debug\tacho.o
LOAD .\CortexM3\ARM_GCC_541\Debug\movement.o
LOAD .\CortexM3\ARM_GCC_541\Debug\QuadEncoder.o
LOAD .\CortexM3\ARM_GCC_541\Debug\cyfitter_cfg.o
LOAD .\CortexM3\ARM_GCC_541\Debug\cymetadata.o
LOAD .\CortexM3\ARM_GCC_541\Debug\Cm3Start.o
LOAD .\CortexM3\ARM_GCC_541\Debug\Team12_PsoC_FinalImplementation.a
LOAD C:\Program Files (x86)\Cypress\PSoC Creator\4.2\PSoC Creator\psoc\content\cycomponentlibrary\CyComponentLibrary.cylib\CortexM3\ARM_GCC_541\Debug\CyComponentLibrary.a
END GROUP
START GROUP
LOAD c:/program files (x86)/cypress/psoc creator/4.2/psoc creator/import/gnu/arm/5.4.1/bin/../lib/gcc/arm-none-eabi/5.4.1/armv7-m\libgcc.a
LOAD c:/program files (x86)/cypress/psoc creator/4.2/psoc creator/import/gnu/arm/5.4.1/bin/../lib/gcc/arm-none-eabi/5.4.1/../../../../arm-none-eabi/lib/armv7-m\libg_nano.a
LOAD c:/program files (x86)/cypress/psoc creator/4.2/psoc creator/import/gnu/arm/5.4.1/bin/../lib/gcc/arm-none-eabi/5.4.1/../../../../arm-none-eabi/lib/armv7-m\libc_nano.a
END GROUP
START GROUP
LOAD c:/program files (x86)/cypress/psoc creator/4.2/psoc creator/import/gnu/arm/5.4.1/bin/../lib/gcc/arm-none-eabi/5.4.1/armv7-m\libgcc.a
LOAD c:/program files (x86)/cypress/psoc creator/4.2/psoc creator/import/gnu/arm/5.4.1/bin/../lib/gcc/arm-none-eabi/5.4.1/../../../../arm-none-eabi/lib/armv7-m\libc_nano.a
END GROUP
LOAD c:/program files (x86)/cypress/psoc creator/4.2/psoc creator/import/gnu/arm/5.4.1/bin/../lib/gcc/arm-none-eabi/5.4.1/armv7-m/crtend.o
LOAD c:/program files (x86)/cypress/psoc creator/4.2/psoc creator/import/gnu/arm/5.4.1/bin/../lib/gcc/arm-none-eabi/5.4.1/armv7-m/crtn.o
START GROUP
LOAD c:/program files (x86)/cypress/psoc creator/4.2/psoc creator/import/gnu/arm/5.4.1/bin/../lib/gcc/arm-none-eabi/5.4.1/armv7-m\libgcc.a
LOAD c:/program files (x86)/cypress/psoc creator/4.2/psoc creator/import/gnu/arm/5.4.1/bin/../lib/gcc/arm-none-eabi/5.4.1/../../../../arm-none-eabi/lib/armv7-m\libc.a
LOAD c:/program files (x86)/cypress/psoc creator/4.2/psoc creator/import/gnu/arm/5.4.1/bin/../lib/gcc/arm-none-eabi/5.4.1/../../../../arm-none-eabi/lib/armv7-m\libnosys.a
END GROUP
                0x00000000                CY_APPL_ORIGIN = 0x0
                0x00000100                CY_FLASH_ROW_SIZE = 0x100
                0x00000020                CY_ECC_ROW_SIZE = 0x20
                0x00000000                CY_EE_IN_BTLDR = 0x0
                0x00000000                CY_APPL_LOADABLE = 0x0
                0x00000800                CY_EE_SIZE = 0x800
                0x00000001                CY_APPL_NUM = 0x1
                0x00000001                CY_APPL_MAX = 0x1
                0x00000040                CY_METADATA_SIZE = 0x40
                0x00000000                CY_APPL_LOADABLE = 0x0
                0x00000000                CY_CHECKSUM_EXCLUDE_SIZE = ALIGN (0x0, CY_FLASH_ROW_SIZE)
                [!provide]                PROVIDE (__cy_heap_start, _end)
                0x00000001                PROVIDE (__cy_region_num, ((__cy_regions_end - __cy_regions) / 0x10))
                0x20008000                PROVIDE (__cy_stack, (ORIGIN (ram) + LENGTH (ram)))
                [!provide]                PROVIDE (__cy_heap_end, (__cy_stack - 0x800))

.cybootloader   0x00000000        0x0
 *(.cybootloader)
                0x00000000                appl1_start = CY_APPL_ORIGIN?CY_APPL_ORIGIN:ALIGN (CY_FLASH_ROW_SIZE)
                0x0001ff00                appl2_start = (appl1_start + ALIGN ((((LENGTH (rom) - appl1_start) - (0x2 * CY_FLASH_ROW_SIZE)) / 0x2), CY_FLASH_ROW_SIZE))
                0x00000000                appl_start = (CY_APPL_NUM == 0x1)?appl1_start:appl2_start
                0x00000000                ecc_offset = ((appl_start / CY_FLASH_ROW_SIZE) * CY_ECC_ROW_SIZE)
                0x00000000                ee_offset = (CY_APPL_LOADABLE && ! (CY_EE_IN_BTLDR))?((CY_EE_SIZE / CY_APPL_MAX) * (CY_APPL_NUM - 0x1)):0x0
                0x00000800                ee_size = (CY_APPL_LOADABLE && ! (CY_EE_IN_BTLDR))?(CY_EE_SIZE / CY_APPL_MAX):CY_EE_SIZE
                [!provide]                PROVIDE (CY_ECC_OFFSET, ecc_offset)

.text           0x00000000     0x1e26
 CREATE_OBJECT_SYMBOLS
                0x00000000                PROVIDE (__cy_interrupt_vector, RomVectors)
 *(.romvectors)
 .romvectors    0x00000000       0x10 .\CortexM3\ARM_GCC_541\Debug\Cm3Start.o
                0x00000000                RomVectors
                0x00000001                ASSERT ((. != __cy_interrupt_vector), No interrupt vector)
                0x00000001                ASSERT (CY_APPL_ORIGIN?(SIZEOF (.cybootloader) <= CY_APPL_ORIGIN):0x1, Wrong image location)
                0x00000010                PROVIDE (__cy_reset, Reset)
 *(.text.Reset)
 .text.Reset    0x00000010       0x18 .\CortexM3\ARM_GCC_541\Debug\Cm3Start.o
                0x00000010                Reset
                0x00000001                ASSERT ((. != __cy_reset), No reset code)
 *(.dma_init)
                0x00000001                ASSERT ((((appl_start + .) <= 0x10000) || 0x1), DMA Init must be within the first 64k of flash)
 *(.text .text.* .gnu.linkonce.t.*)
 .text          0x00000028       0x5c c:/program files (x86)/cypress/psoc creator/4.2/psoc creator/import/gnu/arm/5.4.1/bin/../lib/gcc/arm-none-eabi/5.4.1/armv7-m/crtbegin.o
 .text.Sensor_Timer_Isr
                0x00000084       0x28 .\CortexM3\ARM_GCC_541\Debug\main.o
                0x00000084                Sensor_Timer_Isr
 .text.main     0x000000ac      0x464 .\CortexM3\ARM_GCC_541\Debug\main.o
                0x000000ac                main
 .text.controlWheels
                0x00000510       0xb8 .\CortexM3\ARM_GCC_541\Debug\movement.o
                0x00000510                controlWheels
 .text.CYMEMZERO
                0x000005c8       0x1c .\CortexM3\ARM_GCC_541\Debug\cyfitter_cfg.o
 .text.CYCONFIGCPY
                0x000005e4       0x20 .\CortexM3\ARM_GCC_541\Debug\cyfitter_cfg.o
 .text.CyClockStartupError
                0x00000604        0xc .\CortexM3\ARM_GCC_541\Debug\cyfitter_cfg.o
 .text.cfg_write_bytes32
                0x00000610       0x74 .\CortexM3\ARM_GCC_541\Debug\cyfitter_cfg.o
 .text.ClockSetup
                0x00000684      0x16c .\CortexM3\ARM_GCC_541\Debug\cyfitter_cfg.o
 .text.AnalogSetDefault
                0x000007f0       0xa8 .\CortexM3\ARM_GCC_541\Debug\cyfitter_cfg.o
 .text.cyfitter_cfg
                0x00000898      0x1d0 .\CortexM3\ARM_GCC_541\Debug\cyfitter_cfg.o
                0x00000898                cyfitter_cfg
 .text.IntDefaultHandler
                0x00000a68       0x14 .\CortexM3\ARM_GCC_541\Debug\Cm3Start.o
                0x00000a68                IntDefaultHandler
 .text.Start_c  0x00000a7c       0x98 .\CortexM3\ARM_GCC_541\Debug\Cm3Start.o
                0x00000a7c                Start_c
 .text.initialize_psoc
                0x00000b14       0x94 .\CortexM3\ARM_GCC_541\Debug\Cm3Start.o
                0x00000b14                initialize_psoc
 .text.CyDmacConfigure
                0x00000ba8       0x5c .\CortexM3\ARM_GCC_541\Debug\Team12_PsoC_FinalImplementation.a(CyDmac.o)
                0x00000ba8                CyDmacConfigure
 .text.CyDelay  0x00000c04       0x44 .\CortexM3\ARM_GCC_541\Debug\Team12_PsoC_FinalImplementation.a(CyLib.o)
                0x00000c04                CyDelay
 .text.CyDelayUs
                0x00000c48       0x28 .\CortexM3\ARM_GCC_541\Debug\Team12_PsoC_FinalImplementation.a(CyLib.o)
                0x00000c48                CyDelayUs
 .text.PWM_1_Start
                0x00000c70       0x24 .\CortexM3\ARM_GCC_541\Debug\Team12_PsoC_FinalImplementation.a(PWM_1.o)
                0x00000c70                PWM_1_Start
 .text.PWM_1_Init
                0x00000c94       0xbc .\CortexM3\ARM_GCC_541\Debug\Team12_PsoC_FinalImplementation.a(PWM_1.o)
                0x00000c94                PWM_1_Init
 .text.PWM_1_Enable
                0x00000d50       0x48 .\CortexM3\ARM_GCC_541\Debug\Team12_PsoC_FinalImplementation.a(PWM_1.o)
                0x00000d50                PWM_1_Enable
 .text.PWM_1_WritePeriod
                0x00000d98       0x20 .\CortexM3\ARM_GCC_541\Debug\Team12_PsoC_FinalImplementation.a(PWM_1.o)
                0x00000d98                PWM_1_WritePeriod
 .text.PWM_1_WriteCompare
                0x00000db8       0x20 .\CortexM3\ARM_GCC_541\Debug\Team12_PsoC_FinalImplementation.a(PWM_1.o)
                0x00000db8                PWM_1_WriteCompare
 .text.PWM_1_SetInterruptMode
                0x00000dd8       0x20 .\CortexM3\ARM_GCC_541\Debug\Team12_PsoC_FinalImplementation.a(PWM_1.o)
                0x00000dd8                PWM_1_SetInterruptMode
 .text.PWM_1_ReadPeriod
                0x00000df8       0x18 .\CortexM3\ARM_GCC_541\Debug\Team12_PsoC_FinalImplementation.a(PWM_1.o)
                0x00000df8                PWM_1_ReadPeriod
 .text.PWM_2_Start
                0x00000e10       0x24 .\CortexM3\ARM_GCC_541\Debug\Team12_PsoC_FinalImplementation.a(PWM_2.o)
                0x00000e10                PWM_2_Start
 .text.PWM_2_Init
                0x00000e34       0xbc .\CortexM3\ARM_GCC_541\Debug\Team12_PsoC_FinalImplementation.a(PWM_2.o)
                0x00000e34                PWM_2_Init
 .text.PWM_2_Enable
                0x00000ef0       0x48 .\CortexM3\ARM_GCC_541\Debug\Team12_PsoC_FinalImplementation.a(PWM_2.o)
                0x00000ef0                PWM_2_Enable
 .text.PWM_2_WritePeriod
                0x00000f38       0x20 .\CortexM3\ARM_GCC_541\Debug\Team12_PsoC_FinalImplementation.a(PWM_2.o)
                0x00000f38                PWM_2_WritePeriod
 .text.PWM_2_WriteCompare
                0x00000f58       0x20 .\CortexM3\ARM_GCC_541\Debug\Team12_PsoC_FinalImplementation.a(PWM_2.o)
                0x00000f58                PWM_2_WriteCompare
 .text.PWM_2_SetInterruptMode
                0x00000f78       0x20 .\CortexM3\ARM_GCC_541\Debug\Team12_PsoC_FinalImplementation.a(PWM_2.o)
                0x00000f78                PWM_2_SetInterruptMode
 .text.PWM_2_ReadPeriod
                0x00000f98       0x18 .\CortexM3\ARM_GCC_541\Debug\Team12_PsoC_FinalImplementation.a(PWM_2.o)
                0x00000f98                PWM_2_ReadPeriod
 .text.LED_Write
                0x00000fb0       0x3c .\CortexM3\ARM_GCC_541\Debug\Team12_PsoC_FinalImplementation.a(LED.o)
                0x00000fb0                LED_Write
 .text.M2_INV_Write
                0x00000fec       0x3c .\CortexM3\ARM_GCC_541\Debug\Team12_PsoC_FinalImplementation.a(M2_INV.o)
                0x00000fec                M2_INV_Write
 .text.Q1_Read  0x00001028       0x1c .\CortexM3\ARM_GCC_541\Debug\Team12_PsoC_FinalImplementation.a(Q1.o)
                0x00001028                Q1_Read
 .text.Q2_Read  0x00001044       0x20 .\CortexM3\ARM_GCC_541\Debug\Team12_PsoC_FinalImplementation.a(Q2.o)
                0x00001044                Q2_Read
 .text.Q5_Read  0x00001064       0x20 .\CortexM3\ARM_GCC_541\Debug\Team12_PsoC_FinalImplementation.a(Q5.o)
                0x00001064                Q5_Read
 .text.Q4_Read  0x00001084       0x20 .\CortexM3\ARM_GCC_541\Debug\Team12_PsoC_FinalImplementation.a(Q4.o)
                0x00001084                Q4_Read
 .text.Q3_Read  0x000010a4       0x20 .\CortexM3\ARM_GCC_541\Debug\Team12_PsoC_FinalImplementation.a(Q3.o)
                0x000010a4                Q3_Read
 .text.LED_GREEN_Write
                0x000010c4       0x38 .\CortexM3\ARM_GCC_541\Debug\Team12_PsoC_FinalImplementation.a(LED_GREEN.o)
                0x000010c4                LED_GREEN_Write
 .text.LED_BLUE_Write
                0x000010fc       0x34 .\CortexM3\ARM_GCC_541\Debug\Team12_PsoC_FinalImplementation.a(LED_BLUE.o)
                0x000010fc                LED_BLUE_Write
 .text.Timer_Sensor_Init
                0x00001130       0xb0 .\CortexM3\ARM_GCC_541\Debug\Team12_PsoC_FinalImplementation.a(Timer_Sensor.o)
                0x00001130                Timer_Sensor_Init
 .text.Timer_Sensor_Enable
                0x000011e0       0x48 .\CortexM3\ARM_GCC_541\Debug\Team12_PsoC_FinalImplementation.a(Timer_Sensor.o)
                0x000011e0                Timer_Sensor_Enable
 .text.Timer_Sensor_Start
                0x00001228       0x24 .\CortexM3\ARM_GCC_541\Debug\Team12_PsoC_FinalImplementation.a(Timer_Sensor.o)
                0x00001228                Timer_Sensor_Start
 .text.Timer_Sensor_Stop
                0x0000124c       0x48 .\CortexM3\ARM_GCC_541\Debug\Team12_PsoC_FinalImplementation.a(Timer_Sensor.o)
                0x0000124c                Timer_Sensor_Stop
 .text.Timer_Sensor_SetInterruptMode
                0x00001294       0x20 .\CortexM3\ARM_GCC_541\Debug\Team12_PsoC_FinalImplementation.a(Timer_Sensor.o)
                0x00001294                Timer_Sensor_SetInterruptMode
 .text.Timer_Sensor_WritePeriod
                0x000012b4       0x24 .\CortexM3\ARM_GCC_541\Debug\Team12_PsoC_FinalImplementation.a(Timer_Sensor.o)
                0x000012b4                Timer_Sensor_WritePeriod
 .text.Timer_Sensor_WriteCounter
                0x000012d8       0x20 .\CortexM3\ARM_GCC_541\Debug\Team12_PsoC_FinalImplementation.a(Timer_Sensor.o)
                0x000012d8                Timer_Sensor_WriteCounter
 .text.Sensor_isr_StartEx
                0x000012f8       0x24 .\CortexM3\ARM_GCC_541\Debug\Team12_PsoC_FinalImplementation.a(Sensor_isr.o)
                0x000012f8                Sensor_isr_StartEx
 .text.Sensor_isr_SetVector
                0x0000131c       0x24 .\CortexM3\ARM_GCC_541\Debug\Team12_PsoC_FinalImplementation.a(Sensor_isr.o)
                0x0000131c                Sensor_isr_SetVector
 .text.Sensor_isr_SetPriority
                0x00001340       0x24 .\CortexM3\ARM_GCC_541\Debug\Team12_PsoC_FinalImplementation.a(Sensor_isr.o)
                0x00001340                Sensor_isr_SetPriority
 .text.Sensor_isr_Enable
                0x00001364       0x18 .\CortexM3\ARM_GCC_541\Debug\Team12_PsoC_FinalImplementation.a(Sensor_isr.o)
                0x00001364                Sensor_isr_Enable
 .text.Sensor_isr_Disable
                0x0000137c       0x18 .\CortexM3\ARM_GCC_541\Debug\Team12_PsoC_FinalImplementation.a(Sensor_isr.o)
                0x0000137c                Sensor_isr_Disable
 *fill*         0x00001394        0x4 
 .text          0x00001398       0x20 .\CortexM3\ARM_GCC_541\Debug\Team12_PsoC_FinalImplementation.a(CyBootAsmGnu.o)
                0x00001398                CyDelayCycles
                0x000013a8                CyEnterCriticalSection
                0x000013b0                CyExitCriticalSection
 .text          0x000013b8      0x370 c:/program files (x86)/cypress/psoc creator/4.2/psoc creator/import/gnu/arm/5.4.1/bin/../lib/gcc/arm-none-eabi/5.4.1/armv7-m\libgcc.a(_arm_addsubdf3.o)
                0x000013b8                __aeabi_drsub
                0x000013c0                __aeabi_dsub
                0x000013c0                __subdf3
                0x000013c4                __aeabi_dadd
                0x000013c4                __adddf3
                0x0000163c                __floatunsidf
                0x0000163c                __aeabi_ui2d
                0x0000165c                __floatsidf
                0x0000165c                __aeabi_i2d
                0x00001680                __aeabi_f2d
                0x00001680                __extendsfdf2
                0x000016bc                __floatundidf
                0x000016bc                __aeabi_ul2d
                0x000016cc                __floatdidf
                0x000016cc                __aeabi_l2d
 .text          0x00001728      0x424 c:/program files (x86)/cypress/psoc creator/4.2/psoc creator/import/gnu/arm/5.4.1/bin/../lib/gcc/arm-none-eabi/5.4.1/armv7-m\libgcc.a(_arm_muldivdf3.o)
                0x00001728                __aeabi_dmul
                0x00001728                __muldf3
                0x0000197c                __divdf3
                0x0000197c                __aeabi_ddiv
 .text          0x00001b4c       0x40 c:/program files (x86)/cypress/psoc creator/4.2/psoc creator/import/gnu/arm/5.4.1/bin/../lib/gcc/arm-none-eabi/5.4.1/armv7-m\libgcc.a(_arm_fixunsdfsi.o)
                0x00001b4c                __aeabi_d2uiz
                0x00001b4c                __fixunsdfsi
 .text          0x00001b8c      0x21c c:/program files (x86)/cypress/psoc creator/4.2/psoc creator/import/gnu/arm/5.4.1/bin/../lib/gcc/arm-none-eabi/5.4.1/armv7-m\libgcc.a(_arm_addsubsf3.o)
                0x00001b8c                __aeabi_frsub
                0x00001b94                __subsf3
                0x00001b94                __aeabi_fsub
                0x00001b98                __aeabi_fadd
                0x00001b98                __addsf3
                0x00001cf8                __aeabi_ui2f
                0x00001cf8                __floatunsisf
                0x00001d00                __aeabi_i2f
                0x00001d00                __floatsisf
                0x00001d1c                __aeabi_ul2f
                0x00001d1c                __floatundisf
                0x00001d2c                __aeabi_l2f
                0x00001d2c                __floatdisf
 .text.__errno  0x00001da8        0xc c:/program files (x86)/cypress/psoc creator/4.2/psoc creator/import/gnu/arm/5.4.1/bin/../lib/gcc/arm-none-eabi/5.4.1/../../../../arm-none-eabi/lib/armv7-m\libg_nano.a(lib_a-errno.o)
                0x00001da8                __errno
 .text.__libc_init_array
                0x00001db4       0x4c c:/program files (x86)/cypress/psoc creator/4.2/psoc creator/import/gnu/arm/5.4.1/bin/../lib/gcc/arm-none-eabi/5.4.1/../../../../arm-none-eabi/lib/armv7-m\libg_nano.a(lib_a-init.o)
                0x00001db4                __libc_init_array
 .text.memcpy   0x00001e00       0x16 c:/program files (x86)/cypress/psoc creator/4.2/psoc creator/import/gnu/arm/5.4.1/bin/../lib/gcc/arm-none-eabi/5.4.1/../../../../arm-none-eabi/lib/armv7-m\libg_nano.a(lib_a-memcpy-stub.o)
                0x00001e00                memcpy
 .text.memset   0x00001e16       0x10 c:/program files (x86)/cypress/psoc creator/4.2/psoc creator/import/gnu/arm/5.4.1/bin/../lib/gcc/arm-none-eabi/5.4.1/../../../../arm-none-eabi/lib/armv7-m\libg_nano.a(lib_a-memset.o)
                0x00001e16                memset
 *(.plt)
 *(.gnu.warning)
 *(.glue_7t)
 .glue_7t       0x00001e26        0x0 linker stubs
 *(.glue_7)
 .glue_7        0x00001e26        0x0 linker stubs
 *(.vfp11_veneer)
 .vfp11_veneer  0x00001e26        0x0 linker stubs
 *(.bootloader)
 *(.ARM.extab* .gnu.linkonce.armextab.*)
 *(.gcc_except_table)

.v4_bx          0x00001e28        0x0
 .v4_bx         0x00001e28        0x0 linker stubs

.iplt           0x00001e28        0x0
 .iplt          0x00001e28        0x0 c:/program files (x86)/cypress/psoc creator/4.2/psoc creator/import/gnu/arm/5.4.1/bin/../lib/gcc/arm-none-eabi/5.4.1/armv7-m/crtbegin.o

.eh_frame_hdr
 *(.eh_frame_hdr)

.eh_frame       0x00001e28        0x4
 *(.eh_frame)
 .eh_frame      0x00001e28        0x0 c:/program files (x86)/cypress/psoc creator/4.2/psoc creator/import/gnu/arm/5.4.1/bin/../lib/gcc/arm-none-eabi/5.4.1/armv7-m/crtbegin.o
 .eh_frame      0x00001e28        0x4 c:/program files (x86)/cypress/psoc creator/4.2/psoc creator/import/gnu/arm/5.4.1/bin/../lib/gcc/arm-none-eabi/5.4.1/armv7-m/crtend.o
                [!provide]                PROVIDE (__exidx_start, .)

.ARM.exidx
 *(.ARM.exidx* .gnu.linkonce.armexidx.*)
                0x00001e2c                __exidx_end = .

.rodata         0x00001e2c       0x6c
 *(.rodata .rodata.* .gnu.linkonce.r.*)
 .rodata        0x00001e2c       0x36 .\CortexM3\ARM_GCC_541\Debug\cyfitter_cfg.o
 .rodata.str1.1
                0x00001e62        0x2 c:/program files (x86)/cypress/psoc creator/4.2/psoc creator/import/gnu/arm/5.4.1/bin/../lib/gcc/arm-none-eabi/5.4.1/../../../../arm-none-eabi/lib/armv7-m\libg_nano.a(lib_a-impure.o)
                0x00001e64                . = ALIGN (0x4)
 *(.init)
 .init          0x00001e64        0x4 c:/program files (x86)/cypress/psoc creator/4.2/psoc creator/import/gnu/arm/5.4.1/bin/../lib/gcc/arm-none-eabi/5.4.1/armv7-m/crti.o
                0x00001e64                _init
 .init          0x00001e68        0x8 c:/program files (x86)/cypress/psoc creator/4.2/psoc creator/import/gnu/arm/5.4.1/bin/../lib/gcc/arm-none-eabi/5.4.1/armv7-m/crtn.o
                0x00001e70                . = ALIGN (0x4)
                0x00001e70                __preinit_array_start = .
 *(.preinit_array)
                0x00001e70                __preinit_array_end = .
                0x00001e70                . = ALIGN (0x4)
                0x00001e70                __init_array_start = .
 *(SORT(.init_array.*))
 *(.init_array)
 .init_array    0x00001e70        0x4 c:/program files (x86)/cypress/psoc creator/4.2/psoc creator/import/gnu/arm/5.4.1/bin/../lib/gcc/arm-none-eabi/5.4.1/armv7-m/crtbegin.o
 .init_array    0x00001e74        0x4 .\CortexM3\ARM_GCC_541\Debug\Cm3Start.o
                0x00001e78                __init_array_end = .
                0x00001e78                . = ALIGN (0x4)
 *(.fini)
 .fini          0x00001e78        0x4 c:/program files (x86)/cypress/psoc creator/4.2/psoc creator/import/gnu/arm/5.4.1/bin/../lib/gcc/arm-none-eabi/5.4.1/armv7-m/crti.o
                0x00001e78                _fini
 .fini          0x00001e7c        0x8 c:/program files (x86)/cypress/psoc creator/4.2/psoc creator/import/gnu/arm/5.4.1/bin/../lib/gcc/arm-none-eabi/5.4.1/armv7-m/crtn.o
                0x00001e84                . = ALIGN (0x4)
                0x00001e84                __fini_array_start = .
 *(.fini_array)
 .fini_array    0x00001e84        0x4 c:/program files (x86)/cypress/psoc creator/4.2/psoc creator/import/gnu/arm/5.4.1/bin/../lib/gcc/arm-none-eabi/5.4.1/armv7-m/crtbegin.o
 *(SORT(.fini_array.*))
                0x00001e88                __fini_array_end = .
                0x00001e88                . = ALIGN (0x4)
 *crtbegin.o(.ctors)
 *(EXCLUDE_FILE(*crtend.o) .ctors)
 *(SORT(.ctors.*))
 *crtend.o(.ctors)
                0x00001e88                . = ALIGN (0x4)
 *crtbegin.o(.dtors)
 *(EXCLUDE_FILE(*crtend.o) .dtors)
 *(SORT(.dtors.*))
 *crtend.o(.dtors)
                0x00001e88                . = ALIGN (0x4)
                0x00001e88                __cy_regions = .
                0x00001e88        0x4 LONG 0x1e98 __cy_region_init_ram
                0x00001e8c        0x4 LONG 0x1fff80c8 __cy_region_start_data
                0x00001e90        0x4 LONG 0x448 __cy_region_init_size_ram
                0x00001e94        0x4 LONG 0x38 __cy_region_zero_size_ram
                0x00001e98                __cy_regions_end = .
                0x00001e98                . = ALIGN (0x8)
                0x00001e98                _etext = .

.cy_checksum_exclude
                0x00001e98        0x0
 *(.cy_checksum_exclude)

.ramvectors     0x1fff8000       0xc0
                0x1fff8000                __cy_region_start_ram = .
 *(.ramvectors)
 .ramvectors    0x1fff8000       0xc0 .\CortexM3\ARM_GCC_541\Debug\Cm3Start.o
                0x1fff8000                CyRamVectors

.noinit         0x1fff80c0        0x5
 *(.noinit)
 .noinit        0x1fff80c0        0x4 .\CortexM3\ARM_GCC_541\Debug\Cm3Start.o
 .noinit        0x1fff80c4        0x1 .\CortexM3\ARM_GCC_541\Debug\Team12_PsoC_FinalImplementation.a(CyLib.o)
                0x1fff80c4                CyResetStatus

.data           0x1fff80c8      0x448 load address 0x00001e98
                0x1fff80c8                __cy_region_start_data = .
 *(.jcr)
 .jcr           0x1fff80c8        0x0 c:/program files (x86)/cypress/psoc creator/4.2/psoc creator/import/gnu/arm/5.4.1/bin/../lib/gcc/arm-none-eabi/5.4.1/armv7-m/crtbegin.o
 .jcr           0x1fff80c8        0x4 c:/program files (x86)/cypress/psoc creator/4.2/psoc creator/import/gnu/arm/5.4.1/bin/../lib/gcc/arm-none-eabi/5.4.1/armv7-m/crtend.o
 *(.got.plt)
 *(.got)
 *(.shdata)
 *(.data .data.* .gnu.linkonce.d.*)
 .data          0x1fff80cc      0x3c5 .\CortexM3\ARM_GCC_541\Debug\main.o
                0x1fff80cc                flag_rf_transmission_active
                0x1fff80d0                displaystring
                0x1fff8490                currentState
 *fill*         0x1fff8491        0x3 
 .data          0x1fff8494        0x8 .\CortexM3\ARM_GCC_541\Debug\Team12_PsoC_FinalImplementation.a(CyDmac.o)
 .data          0x1fff849c       0x10 .\CortexM3\ARM_GCC_541\Debug\Team12_PsoC_FinalImplementation.a(CyLib.o)
                0x1fff849c                cydelay_freq_hz
                0x1fff84a0                cydelay_freq_khz
                0x1fff84a4                cydelay_freq_mhz
                0x1fff84a8                cydelay_32k_ms
 .data.impure_data
                0x1fff84ac       0x60 c:/program files (x86)/cypress/psoc creator/4.2/psoc creator/import/gnu/arm/5.4.1/bin/../lib/gcc/arm-none-eabi/5.4.1/../../../../arm-none-eabi/lib/armv7-m\libg_nano.a(lib_a-impure.o)
 .data._impure_ptr
                0x1fff850c        0x4 c:/program files (x86)/cypress/psoc creator/4.2/psoc creator/import/gnu/arm/5.4.1/bin/../lib/gcc/arm-none-eabi/5.4.1/../../../../arm-none-eabi/lib/armv7-m\libg_nano.a(lib_a-impure.o)
                0x1fff850c                _impure_ptr
                0x1fff8510                . = ALIGN (0x8)
 *(.ram)
                0x1fff8510                _edata = .

.igot.plt       0x1fff8510        0x0 load address 0x000022e0
 .igot.plt      0x1fff8510        0x0 c:/program files (x86)/cypress/psoc creator/4.2/psoc creator/import/gnu/arm/5.4.1/bin/../lib/gcc/arm-none-eabi/5.4.1/armv7-m/crtbegin.o

.bss            0x1fff8510       0x38 load address 0x000022e0
                0x1fff8510                PROVIDE (__bss_start__, .)
 *(.shbss)
 *(.bss .bss.* .gnu.linkonce.b.*)
 .bss           0x1fff8510       0x1c c:/program files (x86)/cypress/psoc creator/4.2/psoc creator/import/gnu/arm/5.4.1/bin/../lib/gcc/arm-none-eabi/5.4.1/armv7-m/crtbegin.o
 .bss           0x1fff852c       0x18 .\CortexM3\ARM_GCC_541\Debug\main.o
                0x1fff852c                ts
                0x1fff852e                ts_enc
                0x1fff8530                ts_update
                0x1fff8532                ts_speed
                0x1fff8534                ts_display
                0x1fff8536                flag_ts_enc
                0x1fff8537                flag_ts_update
                0x1fff8538                flag_ts_speed
                0x1fff8539                flag_ts_display
                0x1fff853a                flag_rx
                0x1fff853b                flag_packet
                0x1fff853c                flag_KB_string
                0x1fff853d                dataready_flag
                0x1fff853e                firstEntry
                0x1fff8540                noSensor
 .bss           0x1fff8544        0x1 .\CortexM3\ARM_GCC_541\Debug\Team12_PsoC_FinalImplementation.a(PWM_1.o)
                0x1fff8544                PWM_1_initVar
 .bss           0x1fff8545        0x1 .\CortexM3\ARM_GCC_541\Debug\Team12_PsoC_FinalImplementation.a(PWM_2.o)
                0x1fff8545                PWM_2_initVar
 .bss           0x1fff8546        0x1 .\CortexM3\ARM_GCC_541\Debug\Team12_PsoC_FinalImplementation.a(Timer_Sensor.o)
                0x1fff8546                Timer_Sensor_initVar
 *(COMMON)
                0x1fff8548                . = ALIGN (0x8)
 *fill*         0x1fff8547        0x1 
 *(.ram.b)
                0x1fff8548                _end = .
                0x1fff8548                __end = .
                0x1fff8548                PROVIDE (end, .)
                0x1fff8548                PROVIDE (__bss_end__, .)
                0x00001e98                __cy_region_init_ram = LOADADDR (.data)
                0x00000448                __cy_region_init_size_ram = (_edata - ADDR (.data))
                0x00000038                __cy_region_zero_size_ram = (_end - _edata)

.heap           0x1fff8548       0x80 load address 0x000022e0
                0x1fff8548                . = _end
                0x1fff85c8                . = (. + 0x80)
 *fill*         0x1fff8548       0x80 
                0x1fff85c8                __cy_heap_limit = .

.stack          0x20007800      0x800
                0x20007800                __cy_stack_limit = .
                0x20008000                . = (. + 0x800)
 *fill*         0x20007800      0x800 
                0x00000001                ASSERT ((__cy_stack_limit >= __cy_heap_limit), region RAM overflowed with stack)
                0x00000000                cy_checksum_exclude_size = (CY_APPL_LOADABLE == 0x1)?SIZEOF (.cy_checksum_exclude):0x0
                0x00000001                ASSERT ((cy_checksum_exclude_size <= CY_CHECKSUM_EXCLUDE_SIZE), CY_BOOT: Section .cy_checksum_exclude size exceedes specified limit.)

.cyloadermeta
 *(.cyloadermeta)

.cyloadablemeta
 *(.cyloadablemeta)

.cyconfigecc    0x80000000      0xf78
 *(.cyconfigecc)
 .cyconfigecc   0x80000000      0xf78 .\CortexM3\ARM_GCC_541\Debug\cymetadata.o
                0x80000000                cy_meta_configecc

.cycustnvl      0x90000000        0x4
 *(.cycustnvl)
 .cycustnvl     0x90000000        0x4 .\CortexM3\ARM_GCC_541\Debug\cymetadata.o
                0x90000000                cy_meta_custnvl

.cywolatch      0x90100000        0x4
 *(.cywolatch)
 .cywolatch     0x90100000        0x4 .\CortexM3\ARM_GCC_541\Debug\cymetadata.o
                0x90100000                cy_meta_wonvl

.cyeeprom       0x90200000        0x0
 *(.cyeeprom)
                0x00000001                ASSERT ((. <= ((0x90200000 + ee_offset) + ee_size)), .cyeeprom data will not fit in EEPROM)

.cyflashprotect
                0x90400000      0x100
 *(.cyflashprotect)
 .cyflashprotect
                0x90400000      0x100 .\CortexM3\ARM_GCC_541\Debug\cymetadata.o
                0x90400000                cy_meta_flashprotect

.cymeta         0x90500000        0xc
 *(.cymeta)
 .cymeta        0x90500000        0xc .\CortexM3\ARM_GCC_541\Debug\cymetadata.o
                0x90500000                cy_metadata

.rel.dyn        0x000022e0        0x0 load address 0x9050000c
 .rel.iplt      0x000022e0        0x0 c:/program files (x86)/cypress/psoc creator/4.2/psoc creator/import/gnu/arm/5.4.1/bin/../lib/gcc/arm-none-eabi/5.4.1/armv7-m/crtbegin.o

.stab
 *(.stab)

.stabstr
 *(.stabstr)

.debug
 *(.debug)

.line
 *(.line)

.debug_srcinfo
 *(.debug_srcinfo)

.debug_sfnames
 *(.debug_sfnames)

.debug_aranges  0x00000000     0x1048
 *(.debug_aranges)
 .debug_aranges
                0x00000000       0x38 .\CortexM3\ARM_GCC_541\Debug\main.o
 .debug_aranges
                0x00000038       0x28 .\CortexM3\ARM_GCC_541\Debug\tacho.o
 .debug_aranges
                0x00000060       0x28 .\CortexM3\ARM_GCC_541\Debug\movement.o
 .debug_aranges
                0x00000088       0x60 .\CortexM3\ARM_GCC_541\Debug\cyfitter_cfg.o
 .debug_aranges
                0x000000e8       0x18 .\CortexM3\ARM_GCC_541\Debug\cymetadata.o
 .debug_aranges
                0x00000100       0x48 .\CortexM3\ARM_GCC_541\Debug\Cm3Start.o
 .debug_aranges
                0x00000148       0xe8 .\CortexM3\ARM_GCC_541\Debug\Team12_PsoC_FinalImplementation.a(USBUART_cdc.o)
 .debug_aranges
                0x00000230       0x98 .\CortexM3\ARM_GCC_541\Debug\Team12_PsoC_FinalImplementation.a(USBUART_drv.o)
 .debug_aranges
                0x000002c8       0x80 .\CortexM3\ARM_GCC_541\Debug\Team12_PsoC_FinalImplementation.a(USBUART_std.o)
 .debug_aranges
                0x00000348       0x20 .\CortexM3\ARM_GCC_541\Debug\Team12_PsoC_FinalImplementation.a(USBUART_vnd.o)
 .debug_aranges
                0x00000368       0xd8 .\CortexM3\ARM_GCC_541\Debug\Team12_PsoC_FinalImplementation.a(CyDmac.o)
 .debug_aranges
                0x00000440      0x2a0 .\CortexM3\ARM_GCC_541\Debug\Team12_PsoC_FinalImplementation.a(CyLib.o)
 .debug_aranges
                0x000006e0       0x98 .\CortexM3\ARM_GCC_541\Debug\Team12_PsoC_FinalImplementation.a(cyPm.o)
 .debug_aranges
                0x00000778       0x78 .\CortexM3\ARM_GCC_541\Debug\Team12_PsoC_FinalImplementation.a(PWM_1.o)
 .debug_aranges
                0x000007f0       0x78 .\CortexM3\ARM_GCC_541\Debug\Team12_PsoC_FinalImplementation.a(PWM_2.o)
 .debug_aranges
                0x00000868       0x38 .\CortexM3\ARM_GCC_541\Debug\Team12_PsoC_FinalImplementation.a(LED.o)
 .debug_aranges
                0x000008a0       0x60 .\CortexM3\ARM_GCC_541\Debug\Team12_PsoC_FinalImplementation.a(QuadDec_M1.o)
 .debug_aranges
                0x00000900       0x60 .\CortexM3\ARM_GCC_541\Debug\Team12_PsoC_FinalImplementation.a(QuadDec_M2.o)
 .debug_aranges
                0x00000960       0x98 .\CortexM3\ARM_GCC_541\Debug\Team12_PsoC_FinalImplementation.a(QuadDec_M1_Cnt16.o)
 .debug_aranges
                0x000009f8       0x98 .\CortexM3\ARM_GCC_541\Debug\Team12_PsoC_FinalImplementation.a(QuadDec_M2_Cnt16.o)
 .debug_aranges
                0x00000a90       0x38 .\CortexM3\ARM_GCC_541\Debug\Team12_PsoC_FinalImplementation.a(M2_INV.o)
 .debug_aranges
                0x00000ac8       0x38 .\CortexM3\ARM_GCC_541\Debug\Team12_PsoC_FinalImplementation.a(Q1.o)
 .debug_aranges
                0x00000b00       0x38 .\CortexM3\ARM_GCC_541\Debug\Team12_PsoC_FinalImplementation.a(Q2.o)
 .debug_aranges
                0x00000b38       0x38 .\CortexM3\ARM_GCC_541\Debug\Team12_PsoC_FinalImplementation.a(Q5.o)
 .debug_aranges
                0x00000b70       0x38 .\CortexM3\ARM_GCC_541\Debug\Team12_PsoC_FinalImplementation.a(Q4.o)
 .debug_aranges
                0x00000ba8       0x38 .\CortexM3\ARM_GCC_541\Debug\Team12_PsoC_FinalImplementation.a(Q3.o)
 .debug_aranges
                0x00000be0       0x38 .\CortexM3\ARM_GCC_541\Debug\Team12_PsoC_FinalImplementation.a(LED_GREEN.o)
 .debug_aranges
                0x00000c18       0x38 .\CortexM3\ARM_GCC_541\Debug\Team12_PsoC_FinalImplementation.a(LED_BLUE.o)
 .debug_aranges
                0x00000c50       0x88 .\CortexM3\ARM_GCC_541\Debug\Team12_PsoC_FinalImplementation.a(Timer_Sensor.o)
 .debug_aranges
                0x00000cd8       0x80 .\CortexM3\ARM_GCC_541\Debug\Team12_PsoC_FinalImplementation.a(Sensor_isr.o)
 .debug_aranges
                0x00000d58       0x20 .\CortexM3\ARM_GCC_541\Debug\Team12_PsoC_FinalImplementation.a(CyBootAsmGnu.o)
 .debug_aranges
                0x00000d78       0xc8 .\CortexM3\ARM_GCC_541\Debug\Team12_PsoC_FinalImplementation.a(USBUART.o)
 .debug_aranges
                0x00000e40       0x20 .\CortexM3\ARM_GCC_541\Debug\Team12_PsoC_FinalImplementation.a(USBUART_cls.o)
 .debug_aranges
                0x00000e60       0x18 .\CortexM3\ARM_GCC_541\Debug\Team12_PsoC_FinalImplementation.a(USBUART_descr.o)
 .debug_aranges
                0x00000e78       0x40 .\CortexM3\ARM_GCC_541\Debug\Team12_PsoC_FinalImplementation.a(USBUART_episr.o)
 .debug_aranges
                0x00000eb8       0x40 .\CortexM3\ARM_GCC_541\Debug\Team12_PsoC_FinalImplementation.a(USBUART_pm.o)
 .debug_aranges
                0x00000ef8       0x48 .\CortexM3\ARM_GCC_541\Debug\Team12_PsoC_FinalImplementation.a(USBUART_Dp.o)
 .debug_aranges
                0x00000f40       0x88 .\CortexM3\ARM_GCC_541\Debug\Team12_PsoC_FinalImplementation.a(CyFlash.o)
 .debug_aranges
                0x00000fc8       0x80 .\CortexM3\ARM_GCC_541\Debug\Team12_PsoC_FinalImplementation.a(CySpc.o)

.debug_pubnames
 *(.debug_pubnames)

.debug_info     0x00000000     0x7c56
 *(.debug_info .gnu.linkonce.wi.*)
 .debug_info    0x00000000      0x4a9 .\CortexM3\ARM_GCC_541\Debug\main.o
 .debug_info    0x000004a9      0x14e .\CortexM3\ARM_GCC_541\Debug\tacho.o
 .debug_info    0x000005f7      0x13e .\CortexM3\ARM_GCC_541\Debug\movement.o
 .debug_info    0x00000735      0x481 .\CortexM3\ARM_GCC_541\Debug\cyfitter_cfg.o
 .debug_info    0x00000bb6      0x139 .\CortexM3\ARM_GCC_541\Debug\cymetadata.o
 .debug_info    0x00000cef      0x32b .\CortexM3\ARM_GCC_541\Debug\Cm3Start.o
 .debug_info    0x0000101a      0x924 .\CortexM3\ARM_GCC_541\Debug\Team12_PsoC_FinalImplementation.a(USBUART_cdc.o)
 .debug_info    0x0000193e      0x52d .\CortexM3\ARM_GCC_541\Debug\Team12_PsoC_FinalImplementation.a(USBUART_drv.o)
 .debug_info    0x00001e6b      0x961 .\CortexM3\ARM_GCC_541\Debug\Team12_PsoC_FinalImplementation.a(USBUART_std.o)
 .debug_info    0x000027cc      0x1a9 .\CortexM3\ARM_GCC_541\Debug\Team12_PsoC_FinalImplementation.a(USBUART_vnd.o)
 .debug_info    0x00002975      0x8c0 .\CortexM3\ARM_GCC_541\Debug\Team12_PsoC_FinalImplementation.a(CyDmac.o)
 .debug_info    0x00003235      0xe51 .\CortexM3\ARM_GCC_541\Debug\Team12_PsoC_FinalImplementation.a(CyLib.o)
 .debug_info    0x00004086      0x57a .\CortexM3\ARM_GCC_541\Debug\Team12_PsoC_FinalImplementation.a(cyPm.o)
 .debug_info    0x00004600      0x235 .\CortexM3\ARM_GCC_541\Debug\Team12_PsoC_FinalImplementation.a(PWM_1.o)
 .debug_info    0x00004835      0x235 .\CortexM3\ARM_GCC_541\Debug\Team12_PsoC_FinalImplementation.a(PWM_2.o)
 .debug_info    0x00004a6a      0x11e .\CortexM3\ARM_GCC_541\Debug\Team12_PsoC_FinalImplementation.a(LED.o)
 .debug_info    0x00004b88      0x208 .\CortexM3\ARM_GCC_541\Debug\Team12_PsoC_FinalImplementation.a(QuadDec_M1.o)
 .debug_info    0x00004d90      0x208 .\CortexM3\ARM_GCC_541\Debug\Team12_PsoC_FinalImplementation.a(QuadDec_M2.o)
 .debug_info    0x00004f98      0x291 .\CortexM3\ARM_GCC_541\Debug\Team12_PsoC_FinalImplementation.a(QuadDec_M1_Cnt16.o)
 .debug_info    0x00005229      0x291 .\CortexM3\ARM_GCC_541\Debug\Team12_PsoC_FinalImplementation.a(QuadDec_M2_Cnt16.o)
 .debug_info    0x000054ba      0x11e .\CortexM3\ARM_GCC_541\Debug\Team12_PsoC_FinalImplementation.a(M2_INV.o)
 .debug_info    0x000055d8      0x11e .\CortexM3\ARM_GCC_541\Debug\Team12_PsoC_FinalImplementation.a(Q1.o)
 .debug_info    0x000056f6      0x11e .\CortexM3\ARM_GCC_541\Debug\Team12_PsoC_FinalImplementation.a(Q2.o)
 .debug_info    0x00005814      0x11e .\CortexM3\ARM_GCC_541\Debug\Team12_PsoC_FinalImplementation.a(Q5.o)
 .debug_info    0x00005932      0x11e .\CortexM3\ARM_GCC_541\Debug\Team12_PsoC_FinalImplementation.a(Q4.o)
 .debug_info    0x00005a50      0x11e .\CortexM3\ARM_GCC_541\Debug\Team12_PsoC_FinalImplementation.a(Q3.o)
 .debug_info    0x00005b6e      0x11e .\CortexM3\ARM_GCC_541\Debug\Team12_PsoC_FinalImplementation.a(LED_GREEN.o)
 .debug_info    0x00005c8c      0x11e .\CortexM3\ARM_GCC_541\Debug\Team12_PsoC_FinalImplementation.a(LED_BLUE.o)
 .debug_info    0x00005daa      0x245 .\CortexM3\ARM_GCC_541\Debug\Team12_PsoC_FinalImplementation.a(Timer_Sensor.o)
 .debug_info    0x00005fef      0x241 .\CortexM3\ARM_GCC_541\Debug\Team12_PsoC_FinalImplementation.a(Sensor_isr.o)
 .debug_info    0x00006230       0xb4 .\CortexM3\ARM_GCC_541\Debug\Team12_PsoC_FinalImplementation.a(CyBootAsmGnu.o)
 .debug_info    0x000062e4      0x717 .\CortexM3\ARM_GCC_541\Debug\Team12_PsoC_FinalImplementation.a(USBUART.o)
 .debug_info    0x000069fb      0x1c8 .\CortexM3\ARM_GCC_541\Debug\Team12_PsoC_FinalImplementation.a(USBUART_cls.o)
 .debug_info    0x00006bc3      0x2e1 .\CortexM3\ARM_GCC_541\Debug\Team12_PsoC_FinalImplementation.a(USBUART_descr.o)
 .debug_info    0x00006ea4      0x23b .\CortexM3\ARM_GCC_541\Debug\Team12_PsoC_FinalImplementation.a(USBUART_episr.o)
 .debug_info    0x000070df      0x18d .\CortexM3\ARM_GCC_541\Debug\Team12_PsoC_FinalImplementation.a(USBUART_pm.o)
 .debug_info    0x0000726c      0x171 .\CortexM3\ARM_GCC_541\Debug\Team12_PsoC_FinalImplementation.a(USBUART_Dp.o)
 .debug_info    0x000073dd      0x3b9 .\CortexM3\ARM_GCC_541\Debug\Team12_PsoC_FinalImplementation.a(CyFlash.o)
 .debug_info    0x00007796      0x4c0 .\CortexM3\ARM_GCC_541\Debug\Team12_PsoC_FinalImplementation.a(CySpc.o)

.debug_abbrev   0x00000000     0x285c
 *(.debug_abbrev)
 .debug_abbrev  0x00000000      0x130 .\CortexM3\ARM_GCC_541\Debug\main.o
 .debug_abbrev  0x00000130       0x96 .\CortexM3\ARM_GCC_541\Debug\tacho.o
 .debug_abbrev  0x000001c6       0x87 .\CortexM3\ARM_GCC_541\Debug\movement.o
 .debug_abbrev  0x0000024d      0x1b7 .\CortexM3\ARM_GCC_541\Debug\cyfitter_cfg.o
 .debug_abbrev  0x00000404       0x77 .\CortexM3\ARM_GCC_541\Debug\cymetadata.o
 .debug_abbrev  0x0000047b      0x1d6 .\CortexM3\ARM_GCC_541\Debug\Cm3Start.o
 .debug_abbrev  0x00000651      0x233 .\CortexM3\ARM_GCC_541\Debug\Team12_PsoC_FinalImplementation.a(USBUART_cdc.o)
 .debug_abbrev  0x00000884      0x161 .\CortexM3\ARM_GCC_541\Debug\Team12_PsoC_FinalImplementation.a(USBUART_drv.o)
 .debug_abbrev  0x000009e5      0x1c2 .\CortexM3\ARM_GCC_541\Debug\Team12_PsoC_FinalImplementation.a(USBUART_std.o)
 .debug_abbrev  0x00000ba7       0xc5 .\CortexM3\ARM_GCC_541\Debug\Team12_PsoC_FinalImplementation.a(USBUART_vnd.o)
 .debug_abbrev  0x00000c6c      0x194 .\CortexM3\ARM_GCC_541\Debug\Team12_PsoC_FinalImplementation.a(CyDmac.o)
 .debug_abbrev  0x00000e00      0x217 .\CortexM3\ARM_GCC_541\Debug\Team12_PsoC_FinalImplementation.a(CyLib.o)
 .debug_abbrev  0x00001017      0x161 .\CortexM3\ARM_GCC_541\Debug\Team12_PsoC_FinalImplementation.a(cyPm.o)
 .debug_abbrev  0x00001178      0x116 .\CortexM3\ARM_GCC_541\Debug\Team12_PsoC_FinalImplementation.a(PWM_1.o)
 .debug_abbrev  0x0000128e      0x116 .\CortexM3\ARM_GCC_541\Debug\Team12_PsoC_FinalImplementation.a(PWM_2.o)
 .debug_abbrev  0x000013a4       0x90 .\CortexM3\ARM_GCC_541\Debug\Team12_PsoC_FinalImplementation.a(LED.o)
 .debug_abbrev  0x00001434      0x130 .\CortexM3\ARM_GCC_541\Debug\Team12_PsoC_FinalImplementation.a(QuadDec_M1.o)
 .debug_abbrev  0x00001564      0x130 .\CortexM3\ARM_GCC_541\Debug\Team12_PsoC_FinalImplementation.a(QuadDec_M2.o)
 .debug_abbrev  0x00001694      0x12c .\CortexM3\ARM_GCC_541\Debug\Team12_PsoC_FinalImplementation.a(QuadDec_M1_Cnt16.o)
 .debug_abbrev  0x000017c0      0x12c .\CortexM3\ARM_GCC_541\Debug\Team12_PsoC_FinalImplementation.a(QuadDec_M2_Cnt16.o)
 .debug_abbrev  0x000018ec       0x90 .\CortexM3\ARM_GCC_541\Debug\Team12_PsoC_FinalImplementation.a(M2_INV.o)
 .debug_abbrev  0x0000197c       0x90 .\CortexM3\ARM_GCC_541\Debug\Team12_PsoC_FinalImplementation.a(Q1.o)
 .debug_abbrev  0x00001a0c       0x90 .\CortexM3\ARM_GCC_541\Debug\Team12_PsoC_FinalImplementation.a(Q2.o)
 .debug_abbrev  0x00001a9c       0x90 .\CortexM3\ARM_GCC_541\Debug\Team12_PsoC_FinalImplementation.a(Q5.o)
 .debug_abbrev  0x00001b2c       0x90 .\CortexM3\ARM_GCC_541\Debug\Team12_PsoC_FinalImplementation.a(Q4.o)
 .debug_abbrev  0x00001bbc       0x90 .\CortexM3\ARM_GCC_541\Debug\Team12_PsoC_FinalImplementation.a(Q3.o)
 .debug_abbrev  0x00001c4c       0x90 .\CortexM3\ARM_GCC_541\Debug\Team12_PsoC_FinalImplementation.a(LED_GREEN.o)
 .debug_abbrev  0x00001cdc       0x90 .\CortexM3\ARM_GCC_541\Debug\Team12_PsoC_FinalImplementation.a(LED_BLUE.o)
 .debug_abbrev  0x00001d6c       0xe9 .\CortexM3\ARM_GCC_541\Debug\Team12_PsoC_FinalImplementation.a(Timer_Sensor.o)
 .debug_abbrev  0x00001e55      0x172 .\CortexM3\ARM_GCC_541\Debug\Team12_PsoC_FinalImplementation.a(Sensor_isr.o)
 .debug_abbrev  0x00001fc7       0x14 .\CortexM3\ARM_GCC_541\Debug\Team12_PsoC_FinalImplementation.a(CyBootAsmGnu.o)
 .debug_abbrev  0x00001fdb      0x1f3 .\CortexM3\ARM_GCC_541\Debug\Team12_PsoC_FinalImplementation.a(USBUART.o)
 .debug_abbrev  0x000021ce       0xc5 .\CortexM3\ARM_GCC_541\Debug\Team12_PsoC_FinalImplementation.a(USBUART_cls.o)
 .debug_abbrev  0x00002293       0xb4 .\CortexM3\ARM_GCC_541\Debug\Team12_PsoC_FinalImplementation.a(USBUART_descr.o)
 .debug_abbrev  0x00002347       0xfd .\CortexM3\ARM_GCC_541\Debug\Team12_PsoC_FinalImplementation.a(USBUART_episr.o)
 .debug_abbrev  0x00002444       0xd1 .\CortexM3\ARM_GCC_541\Debug\Team12_PsoC_FinalImplementation.a(USBUART_pm.o)
 .debug_abbrev  0x00002515       0x90 .\CortexM3\ARM_GCC_541\Debug\Team12_PsoC_FinalImplementation.a(USBUART_Dp.o)
 .debug_abbrev  0x000025a5      0x14b .\CortexM3\ARM_GCC_541\Debug\Team12_PsoC_FinalImplementation.a(CyFlash.o)
 .debug_abbrev  0x000026f0      0x16c .\CortexM3\ARM_GCC_541\Debug\Team12_PsoC_FinalImplementation.a(CySpc.o)

.debug_line     0x00000000     0x3f1a
 *(.debug_line)
 .debug_line    0x00000000      0x2ef .\CortexM3\ARM_GCC_541\Debug\main.o
 .debug_line    0x000002ef      0x183 .\CortexM3\ARM_GCC_541\Debug\tacho.o
 .debug_line    0x00000472      0x17f .\CortexM3\ARM_GCC_541\Debug\movement.o
 .debug_line    0x000005f1        0x0 .\CortexM3\ARM_GCC_541\Debug\QuadEncoder.o
 .debug_line    0x000005f1      0x234 .\CortexM3\ARM_GCC_541\Debug\cyfitter_cfg.o
 .debug_line    0x00000825      0x141 .\CortexM3\ARM_GCC_541\Debug\cymetadata.o
 .debug_line    0x00000966      0x1db .\CortexM3\ARM_GCC_541\Debug\Cm3Start.o
 .debug_line    0x00000b41      0x30c .\CortexM3\ARM_GCC_541\Debug\Team12_PsoC_FinalImplementation.a(USBUART_cdc.o)
 .debug_line    0x00000e4d      0x21f .\CortexM3\ARM_GCC_541\Debug\Team12_PsoC_FinalImplementation.a(USBUART_drv.o)
 .debug_line    0x0000106c      0x470 .\CortexM3\ARM_GCC_541\Debug\Team12_PsoC_FinalImplementation.a(USBUART_std.o)
 .debug_line    0x000014dc       0x8f .\CortexM3\ARM_GCC_541\Debug\Team12_PsoC_FinalImplementation.a(USBUART_vnd.o)
 .debug_line    0x0000156b      0x2b6 .\CortexM3\ARM_GCC_541\Debug\Team12_PsoC_FinalImplementation.a(CyDmac.o)
 .debug_line    0x00001821      0x883 .\CortexM3\ARM_GCC_541\Debug\Team12_PsoC_FinalImplementation.a(CyLib.o)
 .debug_line    0x000020a4      0x38e .\CortexM3\ARM_GCC_541\Debug\Team12_PsoC_FinalImplementation.a(cyPm.o)
 .debug_line    0x00002432      0x140 .\CortexM3\ARM_GCC_541\Debug\Team12_PsoC_FinalImplementation.a(PWM_1.o)
 .debug_line    0x00002572      0x140 .\CortexM3\ARM_GCC_541\Debug\Team12_PsoC_FinalImplementation.a(PWM_2.o)
 .debug_line    0x000026b2       0x93 .\CortexM3\ARM_GCC_541\Debug\Team12_PsoC_FinalImplementation.a(LED.o)
 .debug_line    0x00002745      0x10a .\CortexM3\ARM_GCC_541\Debug\Team12_PsoC_FinalImplementation.a(QuadDec_M1.o)
 .debug_line    0x0000284f      0x10a .\CortexM3\ARM_GCC_541\Debug\Team12_PsoC_FinalImplementation.a(QuadDec_M2.o)
 .debug_line    0x00002959      0x18e .\CortexM3\ARM_GCC_541\Debug\Team12_PsoC_FinalImplementation.a(QuadDec_M1_Cnt16.o)
 .debug_line    0x00002ae7      0x18e .\CortexM3\ARM_GCC_541\Debug\Team12_PsoC_FinalImplementation.a(QuadDec_M2_Cnt16.o)
 .debug_line    0x00002c75       0x96 .\CortexM3\ARM_GCC_541\Debug\Team12_PsoC_FinalImplementation.a(M2_INV.o)
 .debug_line    0x00002d0b       0x92 .\CortexM3\ARM_GCC_541\Debug\Team12_PsoC_FinalImplementation.a(Q1.o)
 .debug_line    0x00002d9d       0x92 .\CortexM3\ARM_GCC_541\Debug\Team12_PsoC_FinalImplementation.a(Q2.o)
 .debug_line    0x00002e2f       0x92 .\CortexM3\ARM_GCC_541\Debug\Team12_PsoC_FinalImplementation.a(Q5.o)
 .debug_line    0x00002ec1       0x92 .\CortexM3\ARM_GCC_541\Debug\Team12_PsoC_FinalImplementation.a(Q4.o)
 .debug_line    0x00002f53       0x92 .\CortexM3\ARM_GCC_541\Debug\Team12_PsoC_FinalImplementation.a(Q3.o)
 .debug_line    0x00002fe5       0x99 .\CortexM3\ARM_GCC_541\Debug\Team12_PsoC_FinalImplementation.a(LED_GREEN.o)
 .debug_line    0x0000307e       0x98 .\CortexM3\ARM_GCC_541\Debug\Team12_PsoC_FinalImplementation.a(LED_BLUE.o)
 .debug_line    0x00003116      0x165 .\CortexM3\ARM_GCC_541\Debug\Team12_PsoC_FinalImplementation.a(Timer_Sensor.o)
 .debug_line    0x0000327b      0x145 .\CortexM3\ARM_GCC_541\Debug\Team12_PsoC_FinalImplementation.a(Sensor_isr.o)
 .debug_line    0x000033c0       0x66 .\CortexM3\ARM_GCC_541\Debug\Team12_PsoC_FinalImplementation.a(CyBootAsmGnu.o)
 .debug_line    0x00003426      0x307 .\CortexM3\ARM_GCC_541\Debug\Team12_PsoC_FinalImplementation.a(USBUART.o)
 .debug_line    0x0000372d       0x95 .\CortexM3\ARM_GCC_541\Debug\Team12_PsoC_FinalImplementation.a(USBUART_cls.o)
 .debug_line    0x000037c2       0x61 .\CortexM3\ARM_GCC_541\Debug\Team12_PsoC_FinalImplementation.a(USBUART_descr.o)
 .debug_line    0x00003823       0xf2 .\CortexM3\ARM_GCC_541\Debug\Team12_PsoC_FinalImplementation.a(USBUART_episr.o)
 .debug_line    0x00003915       0xe6 .\CortexM3\ARM_GCC_541\Debug\Team12_PsoC_FinalImplementation.a(USBUART_pm.o)
 .debug_line    0x000039fb       0xbf .\CortexM3\ARM_GCC_541\Debug\Team12_PsoC_FinalImplementation.a(USBUART_Dp.o)
 .debug_line    0x00003aba      0x22f .\CortexM3\ARM_GCC_541\Debug\Team12_PsoC_FinalImplementation.a(CyFlash.o)
 .debug_line    0x00003ce9      0x231 .\CortexM3\ARM_GCC_541\Debug\Team12_PsoC_FinalImplementation.a(CySpc.o)

.debug_frame    0x00000000     0x3e5c
 *(.debug_frame)
 .debug_frame   0x00000000       0x9c .\CortexM3\ARM_GCC_541\Debug\main.o
 .debug_frame   0x0000009c       0x60 .\CortexM3\ARM_GCC_541\Debug\tacho.o
 .debug_frame   0x000000fc       0x64 .\CortexM3\ARM_GCC_541\Debug\movement.o
 .debug_frame   0x00000160      0x16c .\CortexM3\ARM_GCC_541\Debug\cyfitter_cfg.o
 .debug_frame   0x000002cc       0xd8 .\CortexM3\ARM_GCC_541\Debug\Cm3Start.o
 .debug_frame   0x000003a4      0x3ec .\CortexM3\ARM_GCC_541\Debug\Team12_PsoC_FinalImplementation.a(USBUART_cdc.o)
 .debug_frame   0x00000790      0x23c .\CortexM3\ARM_GCC_541\Debug\Team12_PsoC_FinalImplementation.a(USBUART_drv.o)
 .debug_frame   0x000009cc      0x224 .\CortexM3\ARM_GCC_541\Debug\Team12_PsoC_FinalImplementation.a(USBUART_std.o)
 .debug_frame   0x00000bf0       0x38 .\CortexM3\ARM_GCC_541\Debug\Team12_PsoC_FinalImplementation.a(USBUART_vnd.o)
 .debug_frame   0x00000c28      0x3d0 .\CortexM3\ARM_GCC_541\Debug\Team12_PsoC_FinalImplementation.a(CyDmac.o)
 .debug_frame   0x00000ff8      0xc0c .\CortexM3\ARM_GCC_541\Debug\Team12_PsoC_FinalImplementation.a(CyLib.o)
 .debug_frame   0x00001c04      0x234 .\CortexM3\ARM_GCC_541\Debug\Team12_PsoC_FinalImplementation.a(cyPm.o)
 .debug_frame   0x00001e38      0x1d0 .\CortexM3\ARM_GCC_541\Debug\Team12_PsoC_FinalImplementation.a(PWM_1.o)
 .debug_frame   0x00002008      0x1d0 .\CortexM3\ARM_GCC_541\Debug\Team12_PsoC_FinalImplementation.a(PWM_2.o)
 .debug_frame   0x000021d8       0xa8 .\CortexM3\ARM_GCC_541\Debug\Team12_PsoC_FinalImplementation.a(LED.o)
 .debug_frame   0x00002280      0x160 .\CortexM3\ARM_GCC_541\Debug\Team12_PsoC_FinalImplementation.a(QuadDec_M1.o)
 .debug_frame   0x000023e0      0x160 .\CortexM3\ARM_GCC_541\Debug\Team12_PsoC_FinalImplementation.a(QuadDec_M2.o)
 .debug_frame   0x00002540      0x258 .\CortexM3\ARM_GCC_541\Debug\Team12_PsoC_FinalImplementation.a(QuadDec_M1_Cnt16.o)
 .debug_frame   0x00002798      0x258 .\CortexM3\ARM_GCC_541\Debug\Team12_PsoC_FinalImplementation.a(QuadDec_M2_Cnt16.o)
 .debug_frame   0x000029f0       0xa8 .\CortexM3\ARM_GCC_541\Debug\Team12_PsoC_FinalImplementation.a(M2_INV.o)
 .debug_frame   0x00002a98       0xa8 .\CortexM3\ARM_GCC_541\Debug\Team12_PsoC_FinalImplementation.a(Q1.o)
 .debug_frame   0x00002b40       0xa8 .\CortexM3\ARM_GCC_541\Debug\Team12_PsoC_FinalImplementation.a(Q2.o)
 .debug_frame   0x00002be8       0xa8 .\CortexM3\ARM_GCC_541\Debug\Team12_PsoC_FinalImplementation.a(Q5.o)
 .debug_frame   0x00002c90       0xa8 .\CortexM3\ARM_GCC_541\Debug\Team12_PsoC_FinalImplementation.a(Q4.o)
 .debug_frame   0x00002d38       0xa8 .\CortexM3\ARM_GCC_541\Debug\Team12_PsoC_FinalImplementation.a(Q3.o)
 .debug_frame   0x00002de0       0xa8 .\CortexM3\ARM_GCC_541\Debug\Team12_PsoC_FinalImplementation.a(LED_GREEN.o)
 .debug_frame   0x00002e88       0xa8 .\CortexM3\ARM_GCC_541\Debug\Team12_PsoC_FinalImplementation.a(LED_BLUE.o)
 .debug_frame   0x00002f30      0x208 .\CortexM3\ARM_GCC_541\Debug\Team12_PsoC_FinalImplementation.a(Timer_Sensor.o)
 .debug_frame   0x00003138      0x1e8 .\CortexM3\ARM_GCC_541\Debug\Team12_PsoC_FinalImplementation.a(Sensor_isr.o)
 .debug_frame   0x00003320      0x37c .\CortexM3\ARM_GCC_541\Debug\Team12_PsoC_FinalImplementation.a(USBUART.o)
 .debug_frame   0x0000369c       0x38 .\CortexM3\ARM_GCC_541\Debug\Team12_PsoC_FinalImplementation.a(USBUART_cls.o)
 .debug_frame   0x000036d4       0xbc .\CortexM3\ARM_GCC_541\Debug\Team12_PsoC_FinalImplementation.a(USBUART_episr.o)
 .debug_frame   0x00003790       0xbc .\CortexM3\ARM_GCC_541\Debug\Team12_PsoC_FinalImplementation.a(USBUART_pm.o)
 .debug_frame   0x0000384c       0xf4 .\CortexM3\ARM_GCC_541\Debug\Team12_PsoC_FinalImplementation.a(USBUART_Dp.o)
 .debug_frame   0x00003940      0x238 .\CortexM3\ARM_GCC_541\Debug\Team12_PsoC_FinalImplementation.a(CyFlash.o)
 .debug_frame   0x00003b78      0x228 .\CortexM3\ARM_GCC_541\Debug\Team12_PsoC_FinalImplementation.a(CySpc.o)
 .debug_frame   0x00003da0       0x20 c:/program files (x86)/cypress/psoc creator/4.2/psoc creator/import/gnu/arm/5.4.1/bin/../lib/gcc/arm-none-eabi/5.4.1/../../../../arm-none-eabi/lib/armv7-m\libg_nano.a(lib_a-errno.o)
 .debug_frame   0x00003dc0       0x28 c:/program files (x86)/cypress/psoc creator/4.2/psoc creator/import/gnu/arm/5.4.1/bin/../lib/gcc/arm-none-eabi/5.4.1/../../../../arm-none-eabi/lib/armv7-m\libg_nano.a(lib_a-exit.o)
 .debug_frame   0x00003de8       0x2c c:/program files (x86)/cypress/psoc creator/4.2/psoc creator/import/gnu/arm/5.4.1/bin/../lib/gcc/arm-none-eabi/5.4.1/../../../../arm-none-eabi/lib/armv7-m\libg_nano.a(lib_a-init.o)
 .debug_frame   0x00003e14       0x28 c:/program files (x86)/cypress/psoc creator/4.2/psoc creator/import/gnu/arm/5.4.1/bin/../lib/gcc/arm-none-eabi/5.4.1/../../../../arm-none-eabi/lib/armv7-m\libg_nano.a(lib_a-memcpy-stub.o)
 .debug_frame   0x00003e3c       0x20 c:/program files (x86)/cypress/psoc creator/4.2/psoc creator/import/gnu/arm/5.4.1/bin/../lib/gcc/arm-none-eabi/5.4.1/../../../../arm-none-eabi/lib/armv7-m\libg_nano.a(lib_a-memset.o)

.debug_str      0x00000000     0x38ed
 *(.debug_str)
 .debug_str     0x00000000      0x3a0 .\CortexM3\ARM_GCC_541\Debug\main.o
                                0x435 (size before relaxing)
 .debug_str     0x000003a0       0x37 .\CortexM3\ARM_GCC_541\Debug\tacho.o
                                0x1fb (size before relaxing)
 .debug_str     0x000003d7       0x5b .\CortexM3\ARM_GCC_541\Debug\movement.o
                                0x22b (size before relaxing)
 .debug_str     0x00000432        0xe .\CortexM3\ARM_GCC_541\Debug\QuadEncoder.o
                                0x102 (size before relaxing)
 .debug_str     0x00000440      0x1a9 .\CortexM3\ARM_GCC_541\Debug\cyfitter_cfg.o
                                0x362 (size before relaxing)
 .debug_str     0x000005e9       0x75 .\CortexM3\ARM_GCC_541\Debug\cymetadata.o
                                0x208 (size before relaxing)
 .debug_str     0x0000065e      0x11d .\CortexM3\ARM_GCC_541\Debug\Cm3Start.o
                                0x2fb (size before relaxing)
 .debug_str     0x0000077b      0x56b .\CortexM3\ARM_GCC_541\Debug\Team12_PsoC_FinalImplementation.a(USBUART_cdc.o)
                                0x73e (size before relaxing)
 .debug_str     0x00000ce6      0x34b .\CortexM3\ARM_GCC_541\Debug\Team12_PsoC_FinalImplementation.a(USBUART_drv.o)
                                0x61e (size before relaxing)
 .debug_str     0x00001031      0x370 .\CortexM3\ARM_GCC_541\Debug\Team12_PsoC_FinalImplementation.a(USBUART_std.o)
                                0x77e (size before relaxing)
 .debug_str     0x000013a1       0x5f .\CortexM3\ARM_GCC_541\Debug\Team12_PsoC_FinalImplementation.a(USBUART_vnd.o)
                                0x29b (size before relaxing)
 .debug_str     0x00001400      0x349 .\CortexM3\ARM_GCC_541\Debug\Team12_PsoC_FinalImplementation.a(CyDmac.o)
                                0x541 (size before relaxing)
 .debug_str     0x00001749      0x7d5 .\CortexM3\ARM_GCC_541\Debug\Team12_PsoC_FinalImplementation.a(CyLib.o)
                                0xa0e (size before relaxing)
 .debug_str     0x00001f1e      0x371 .\CortexM3\ARM_GCC_541\Debug\Team12_PsoC_FinalImplementation.a(cyPm.o)
                                0x567 (size before relaxing)
 .debug_str     0x0000228f      0x13a .\CortexM3\ARM_GCC_541\Debug\Team12_PsoC_FinalImplementation.a(PWM_1.o)
                                0x2f1 (size before relaxing)
 .debug_str     0x000023c9      0x109 .\CortexM3\ARM_GCC_541\Debug\Team12_PsoC_FinalImplementation.a(PWM_2.o)
                                0x2f1 (size before relaxing)
 .debug_str     0x000024d2       0x5c .\CortexM3\ARM_GCC_541\Debug\Team12_PsoC_FinalImplementation.a(LED.o)
                                0x1fc (size before relaxing)
 .debug_str     0x0000252e      0x10b .\CortexM3\ARM_GCC_541\Debug\Team12_PsoC_FinalImplementation.a(QuadDec_M1.o)
                                0x2d9 (size before relaxing)
 .debug_str     0x00002639       0xf3 .\CortexM3\ARM_GCC_541\Debug\Team12_PsoC_FinalImplementation.a(QuadDec_M2.o)
                                0x2d9 (size before relaxing)
 .debug_str     0x0000272c      0x24d .\CortexM3\ARM_GCC_541\Debug\Team12_PsoC_FinalImplementation.a(QuadDec_M1_Cnt16.o)
                                0x420 (size before relaxing)
 .debug_str     0x00002979      0x236 .\CortexM3\ARM_GCC_541\Debug\Team12_PsoC_FinalImplementation.a(QuadDec_M2_Cnt16.o)
                                0x420 (size before relaxing)
 .debug_str     0x00002baf       0x60 .\CortexM3\ARM_GCC_541\Debug\Team12_PsoC_FinalImplementation.a(M2_INV.o)
                                0x20b (size before relaxing)
 .debug_str     0x00002c0f       0x4c .\CortexM3\ARM_GCC_541\Debug\Team12_PsoC_FinalImplementation.a(Q1.o)
                                0x1f7 (size before relaxing)
 .debug_str     0x00002c5b       0x4c .\CortexM3\ARM_GCC_541\Debug\Team12_PsoC_FinalImplementation.a(Q2.o)
                                0x1f7 (size before relaxing)
 .debug_str     0x00002ca7       0x4c .\CortexM3\ARM_GCC_541\Debug\Team12_PsoC_FinalImplementation.a(Q5.o)
                                0x1f7 (size before relaxing)
 .debug_str     0x00002cf3       0x4c .\CortexM3\ARM_GCC_541\Debug\Team12_PsoC_FinalImplementation.a(Q4.o)
                                0x1f7 (size before relaxing)
 .debug_str     0x00002d3f       0x4c .\CortexM3\ARM_GCC_541\Debug\Team12_PsoC_FinalImplementation.a(Q3.o)
                                0x1f7 (size before relaxing)
 .debug_str     0x00002d8b       0x6f .\CortexM3\ARM_GCC_541\Debug\Team12_PsoC_FinalImplementation.a(LED_GREEN.o)
                                0x21a (size before relaxing)
 .debug_str     0x00002dfa       0x6a .\CortexM3\ARM_GCC_541\Debug\Team12_PsoC_FinalImplementation.a(LED_BLUE.o)
                                0x215 (size before relaxing)
 .debug_str     0x00002e64      0x1ad .\CortexM3\ARM_GCC_541\Debug\Team12_PsoC_FinalImplementation.a(Timer_Sensor.o)
                                0x389 (size before relaxing)
 .debug_str     0x00003011      0x12c .\CortexM3\ARM_GCC_541\Debug\Team12_PsoC_FinalImplementation.a(Sensor_isr.o)
                                0x310 (size before relaxing)
 .debug_str     0x0000313d      0x214 .\CortexM3\ARM_GCC_541\Debug\Team12_PsoC_FinalImplementation.a(USBUART.o)
                                0x60f (size before relaxing)
 .debug_str     0x00003351       0x3f .\CortexM3\ARM_GCC_541\Debug\Team12_PsoC_FinalImplementation.a(USBUART_cls.o)
                                0x2b3 (size before relaxing)
 .debug_str     0x00003390      0x104 .\CortexM3\ARM_GCC_541\Debug\Team12_PsoC_FinalImplementation.a(USBUART_descr.o)
                                0x3b6 (size before relaxing)
 .debug_str     0x00003494       0x80 .\CortexM3\ARM_GCC_541\Debug\Team12_PsoC_FinalImplementation.a(USBUART_episr.o)
                                0x2eb (size before relaxing)
 .debug_str     0x00003514       0xac .\CortexM3\ARM_GCC_541\Debug\Team12_PsoC_FinalImplementation.a(USBUART_pm.o)
                                0x28f (size before relaxing)
 .debug_str     0x000035c0       0xaa .\CortexM3\ARM_GCC_541\Debug\Team12_PsoC_FinalImplementation.a(USBUART_Dp.o)
                                0x265 (size before relaxing)
 .debug_str     0x0000366a      0x156 .\CortexM3\ARM_GCC_541\Debug\Team12_PsoC_FinalImplementation.a(CyFlash.o)
                                0x32b (size before relaxing)
 .debug_str     0x000037c0      0x12d .\CortexM3\ARM_GCC_541\Debug\Team12_PsoC_FinalImplementation.a(CySpc.o)
                                0x325 (size before relaxing)

.debug_loc
 *(.debug_loc)

.debug_macinfo
 *(.debug_macinfo)

.debug_ranges   0x00000000      0xdb8
 *(.debug_ranges)
 .debug_ranges  0x00000000       0x28 .\CortexM3\ARM_GCC_541\Debug\main.o
 .debug_ranges  0x00000028       0x18 .\CortexM3\ARM_GCC_541\Debug\tacho.o
 .debug_ranges  0x00000040       0x18 .\CortexM3\ARM_GCC_541\Debug\movement.o
 .debug_ranges  0x00000058       0x50 .\CortexM3\ARM_GCC_541\Debug\cyfitter_cfg.o
 .debug_ranges  0x000000a8       0x38 .\CortexM3\ARM_GCC_541\Debug\Cm3Start.o
 .debug_ranges  0x000000e0       0xd8 .\CortexM3\ARM_GCC_541\Debug\Team12_PsoC_FinalImplementation.a(USBUART_cdc.o)
 .debug_ranges  0x000001b8       0x88 .\CortexM3\ARM_GCC_541\Debug\Team12_PsoC_FinalImplementation.a(USBUART_drv.o)
 .debug_ranges  0x00000240       0x70 .\CortexM3\ARM_GCC_541\Debug\Team12_PsoC_FinalImplementation.a(USBUART_std.o)
 .debug_ranges  0x000002b0       0x10 .\CortexM3\ARM_GCC_541\Debug\Team12_PsoC_FinalImplementation.a(USBUART_vnd.o)
 .debug_ranges  0x000002c0       0xc8 .\CortexM3\ARM_GCC_541\Debug\Team12_PsoC_FinalImplementation.a(CyDmac.o)
 .debug_ranges  0x00000388      0x290 .\CortexM3\ARM_GCC_541\Debug\Team12_PsoC_FinalImplementation.a(CyLib.o)
 .debug_ranges  0x00000618       0x88 .\CortexM3\ARM_GCC_541\Debug\Team12_PsoC_FinalImplementation.a(cyPm.o)
 .debug_ranges  0x000006a0       0x68 .\CortexM3\ARM_GCC_541\Debug\Team12_PsoC_FinalImplementation.a(PWM_1.o)
 .debug_ranges  0x00000708       0x68 .\CortexM3\ARM_GCC_541\Debug\Team12_PsoC_FinalImplementation.a(PWM_2.o)
 .debug_ranges  0x00000770       0x28 .\CortexM3\ARM_GCC_541\Debug\Team12_PsoC_FinalImplementation.a(LED.o)
 .debug_ranges  0x00000798       0x50 .\CortexM3\ARM_GCC_541\Debug\Team12_PsoC_FinalImplementation.a(QuadDec_M1.o)
 .debug_ranges  0x000007e8       0x50 .\CortexM3\ARM_GCC_541\Debug\Team12_PsoC_FinalImplementation.a(QuadDec_M2.o)
 .debug_ranges  0x00000838       0x88 .\CortexM3\ARM_GCC_541\Debug\Team12_PsoC_FinalImplementation.a(QuadDec_M1_Cnt16.o)
 .debug_ranges  0x000008c0       0x88 .\CortexM3\ARM_GCC_541\Debug\Team12_PsoC_FinalImplementation.a(QuadDec_M2_Cnt16.o)
 .debug_ranges  0x00000948       0x28 .\CortexM3\ARM_GCC_541\Debug\Team12_PsoC_FinalImplementation.a(M2_INV.o)
 .debug_ranges  0x00000970       0x28 .\CortexM3\ARM_GCC_541\Debug\Team12_PsoC_FinalImplementation.a(Q1.o)
 .debug_ranges  0x00000998       0x28 .\CortexM3\ARM_GCC_541\Debug\Team12_PsoC_FinalImplementation.a(Q2.o)
 .debug_ranges  0x000009c0       0x28 .\CortexM3\ARM_GCC_541\Debug\Team12_PsoC_FinalImplementation.a(Q5.o)
 .debug_ranges  0x000009e8       0x28 .\CortexM3\ARM_GCC_541\Debug\Team12_PsoC_FinalImplementation.a(Q4.o)
 .debug_ranges  0x00000a10       0x28 .\CortexM3\ARM_GCC_541\Debug\Team12_PsoC_FinalImplementation.a(Q3.o)
 .debug_ranges  0x00000a38       0x28 .\CortexM3\ARM_GCC_541\Debug\Team12_PsoC_FinalImplementation.a(LED_GREEN.o)
 .debug_ranges  0x00000a60       0x28 .\CortexM3\ARM_GCC_541\Debug\Team12_PsoC_FinalImplementation.a(LED_BLUE.o)
 .debug_ranges  0x00000a88       0x78 .\CortexM3\ARM_GCC_541\Debug\Team12_PsoC_FinalImplementation.a(Timer_Sensor.o)
 .debug_ranges  0x00000b00       0x70 .\CortexM3\ARM_GCC_541\Debug\Team12_PsoC_FinalImplementation.a(Sensor_isr.o)
 .debug_ranges  0x00000b70       0xb8 .\CortexM3\ARM_GCC_541\Debug\Team12_PsoC_FinalImplementation.a(USBUART.o)
 .debug_ranges  0x00000c28       0x10 .\CortexM3\ARM_GCC_541\Debug\Team12_PsoC_FinalImplementation.a(USBUART_cls.o)
 .debug_ranges  0x00000c38       0x30 .\CortexM3\ARM_GCC_541\Debug\Team12_PsoC_FinalImplementation.a(USBUART_episr.o)
 .debug_ranges  0x00000c68       0x30 .\CortexM3\ARM_GCC_541\Debug\Team12_PsoC_FinalImplementation.a(USBUART_pm.o)
 .debug_ranges  0x00000c98       0x38 .\CortexM3\ARM_GCC_541\Debug\Team12_PsoC_FinalImplementation.a(USBUART_Dp.o)
 .debug_ranges  0x00000cd0       0x78 .\CortexM3\ARM_GCC_541\Debug\Team12_PsoC_FinalImplementation.a(CyFlash.o)
 .debug_ranges  0x00000d48       0x70 .\CortexM3\ARM_GCC_541\Debug\Team12_PsoC_FinalImplementation.a(CySpc.o)

.comment        0x00000000       0x6e
 .comment       0x00000000       0x6e .\CortexM3\ARM_GCC_541\Debug\main.o
                                 0x6f (size before relaxing)
 .comment       0x0000006e       0x6f .\CortexM3\ARM_GCC_541\Debug\tacho.o
 .comment       0x0000006e       0x6f .\CortexM3\ARM_GCC_541\Debug\movement.o
 .comment       0x0000006e       0x6f .\CortexM3\ARM_GCC_541\Debug\QuadEncoder.o
 .comment       0x0000006e       0x6f .\CortexM3\ARM_GCC_541\Debug\cyfitter_cfg.o
 .comment       0x0000006e       0x6f .\CortexM3\ARM_GCC_541\Debug\cymetadata.o
 .comment       0x0000006e       0x6f .\CortexM3\ARM_GCC_541\Debug\Cm3Start.o
 .comment       0x0000006e       0x6f .\CortexM3\ARM_GCC_541\Debug\Team12_PsoC_FinalImplementation.a(USBUART_cdc.o)
 .comment       0x0000006e       0x6f .\CortexM3\ARM_GCC_541\Debug\Team12_PsoC_FinalImplementation.a(USBUART_drv.o)
 .comment       0x0000006e       0x6f .\CortexM3\ARM_GCC_541\Debug\Team12_PsoC_FinalImplementation.a(USBUART_std.o)
 .comment       0x0000006e       0x6f .\CortexM3\ARM_GCC_541\Debug\Team12_PsoC_FinalImplementation.a(USBUART_vnd.o)
 .comment       0x0000006e       0x6f .\CortexM3\ARM_GCC_541\Debug\Team12_PsoC_FinalImplementation.a(CyDmac.o)
 .comment       0x0000006e       0x6f .\CortexM3\ARM_GCC_541\Debug\Team12_PsoC_FinalImplementation.a(CyLib.o)
 .comment       0x0000006e       0x6f .\CortexM3\ARM_GCC_541\Debug\Team12_PsoC_FinalImplementation.a(cyPm.o)
 .comment       0x0000006e       0x6f .\CortexM3\ARM_GCC_541\Debug\Team12_PsoC_FinalImplementation.a(PWM_1.o)
 .comment       0x0000006e       0x6f .\CortexM3\ARM_GCC_541\Debug\Team12_PsoC_FinalImplementation.a(PWM_2.o)
 .comment       0x0000006e       0x6f .\CortexM3\ARM_GCC_541\Debug\Team12_PsoC_FinalImplementation.a(LED.o)
 .comment       0x0000006e       0x6f .\CortexM3\ARM_GCC_541\Debug\Team12_PsoC_FinalImplementation.a(QuadDec_M1.o)
 .comment       0x0000006e       0x6f .\CortexM3\ARM_GCC_541\Debug\Team12_PsoC_FinalImplementation.a(QuadDec_M2.o)
 .comment       0x0000006e       0x6f .\CortexM3\ARM_GCC_541\Debug\Team12_PsoC_FinalImplementation.a(QuadDec_M1_Cnt16.o)
 .comment       0x0000006e       0x6f .\CortexM3\ARM_GCC_541\Debug\Team12_PsoC_FinalImplementation.a(QuadDec_M2_Cnt16.o)
 .comment       0x0000006e       0x6f .\CortexM3\ARM_GCC_541\Debug\Team12_PsoC_FinalImplementation.a(M2_INV.o)
 .comment       0x0000006e       0x6f .\CortexM3\ARM_GCC_541\Debug\Team12_PsoC_FinalImplementation.a(Q1.o)
 .comment       0x0000006e       0x6f .\CortexM3\ARM_GCC_541\Debug\Team12_PsoC_FinalImplementation.a(Q2.o)
 .comment       0x0000006e       0x6f .\CortexM3\ARM_GCC_541\Debug\Team12_PsoC_FinalImplementation.a(Q5.o)
 .comment       0x0000006e       0x6f .\CortexM3\ARM_GCC_541\Debug\Team12_PsoC_FinalImplementation.a(Q4.o)
 .comment       0x0000006e       0x6f .\CortexM3\ARM_GCC_541\Debug\Team12_PsoC_FinalImplementation.a(Q3.o)
 .comment       0x0000006e       0x6f .\CortexM3\ARM_GCC_541\Debug\Team12_PsoC_FinalImplementation.a(LED_GREEN.o)
 .comment       0x0000006e       0x6f .\CortexM3\ARM_GCC_541\Debug\Team12_PsoC_FinalImplementation.a(LED_BLUE.o)
 .comment       0x0000006e       0x6f .\CortexM3\ARM_GCC_541\Debug\Team12_PsoC_FinalImplementation.a(Timer_Sensor.o)
 .comment       0x0000006e       0x6f .\CortexM3\ARM_GCC_541\Debug\Team12_PsoC_FinalImplementation.a(Sensor_isr.o)
 .comment       0x0000006e       0x6f .\CortexM3\ARM_GCC_541\Debug\Team12_PsoC_FinalImplementation.a(USBUART.o)
 .comment       0x0000006e       0x6f .\CortexM3\ARM_GCC_541\Debug\Team12_PsoC_FinalImplementation.a(USBUART_cls.o)
 .comment       0x0000006e       0x6f .\CortexM3\ARM_GCC_541\Debug\Team12_PsoC_FinalImplementation.a(USBUART_descr.o)
 .comment       0x0000006e       0x6f .\CortexM3\ARM_GCC_541\Debug\Team12_PsoC_FinalImplementation.a(USBUART_episr.o)
 .comment       0x0000006e       0x6f .\CortexM3\ARM_GCC_541\Debug\Team12_PsoC_FinalImplementation.a(USBUART_pm.o)
 .comment       0x0000006e       0x6f .\CortexM3\ARM_GCC_541\Debug\Team12_PsoC_FinalImplementation.a(USBUART_Dp.o)
 .comment       0x0000006e       0x6f .\CortexM3\ARM_GCC_541\Debug\Team12_PsoC_FinalImplementation.a(CyFlash.o)
 .comment       0x0000006e       0x6f .\CortexM3\ARM_GCC_541\Debug\Team12_PsoC_FinalImplementation.a(CySpc.o)

.debug_weaknames
 *(.debug_weaknames)

.debug_funcnames
 *(.debug_funcnames)

.debug_typenames
 *(.debug_typenames)

.debug_varnames
 *(.debug_varnames)

.note.gnu.arm.ident
 *(.note.gnu.arm.ident)

.ARM.attributes
                0x00000000       0x29
 *(.ARM.attributes)
 .ARM.attributes
                0x00000000       0x1d c:/program files (x86)/cypress/psoc creator/4.2/psoc creator/import/gnu/arm/5.4.1/bin/../lib/gcc/arm-none-eabi/5.4.1/armv7-m/crti.o
 .ARM.attributes
                0x0000001d       0x2d c:/program files (x86)/cypress/psoc creator/4.2/psoc creator/import/gnu/arm/5.4.1/bin/../lib/gcc/arm-none-eabi/5.4.1/armv7-m/crtbegin.o
 .ARM.attributes
                0x0000004a       0x1b c:/program files (x86)/cypress/psoc creator/4.2/psoc creator/import/gnu/arm/5.4.1/bin/../lib/gcc/arm-none-eabi/5.4.1/../../../../arm-none-eabi/lib/armv7-m/crt0.o
 .ARM.attributes
                0x00000065       0x33 .\CortexM3\ARM_GCC_541\Debug\main.o
 .ARM.attributes
                0x00000098       0x33 .\CortexM3\ARM_GCC_541\Debug\tacho.o
 .ARM.attributes
                0x000000cb       0x33 .\CortexM3\ARM_GCC_541\Debug\movement.o
 .ARM.attributes
                0x000000fe       0x33 .\CortexM3\ARM_GCC_541\Debug\QuadEncoder.o
 .ARM.attributes
                0x00000131       0x33 .\CortexM3\ARM_GCC_541\Debug\cyfitter_cfg.o
 .ARM.attributes
                0x00000164       0x33 .\CortexM3\ARM_GCC_541\Debug\cymetadata.o
 .ARM.attributes
                0x00000197       0x33 .\CortexM3\ARM_GCC_541\Debug\Cm3Start.o
 .ARM.attributes
                0x000001ca       0x33 .\CortexM3\ARM_GCC_541\Debug\Team12_PsoC_FinalImplementation.a(USBUART_cdc.o)
 .ARM.attributes
                0x000001fd       0x33 .\CortexM3\ARM_GCC_541\Debug\Team12_PsoC_FinalImplementation.a(USBUART_drv.o)
 .ARM.attributes
                0x00000230       0x33 .\CortexM3\ARM_GCC_541\Debug\Team12_PsoC_FinalImplementation.a(USBUART_std.o)
 .ARM.attributes
                0x00000263       0x33 .\CortexM3\ARM_GCC_541\Debug\Team12_PsoC_FinalImplementation.a(USBUART_vnd.o)
 .ARM.attributes
                0x00000296       0x33 .\CortexM3\ARM_GCC_541\Debug\Team12_PsoC_FinalImplementation.a(CyDmac.o)
 .ARM.attributes
                0x000002c9       0x33 .\CortexM3\ARM_GCC_541\Debug\Team12_PsoC_FinalImplementation.a(CyLib.o)
 .ARM.attributes
                0x000002fc       0x33 .\CortexM3\ARM_GCC_541\Debug\Team12_PsoC_FinalImplementation.a(cyPm.o)
 .ARM.attributes
                0x0000032f       0x33 .\CortexM3\ARM_GCC_541\Debug\Team12_PsoC_FinalImplementation.a(PWM_1.o)
 .ARM.attributes
                0x00000362       0x33 .\CortexM3\ARM_GCC_541\Debug\Team12_PsoC_FinalImplementation.a(PWM_2.o)
 .ARM.attributes
                0x00000395       0x33 .\CortexM3\ARM_GCC_541\Debug\Team12_PsoC_FinalImplementation.a(LED.o)
 .ARM.attributes
                0x000003c8       0x33 .\CortexM3\ARM_GCC_541\Debug\Team12_PsoC_FinalImplementation.a(QuadDec_M1.o)
 .ARM.attributes
                0x000003fb       0x33 .\CortexM3\ARM_GCC_541\Debug\Team12_PsoC_FinalImplementation.a(QuadDec_M2.o)
 .ARM.attributes
                0x0000042e       0x33 .\CortexM3\ARM_GCC_541\Debug\Team12_PsoC_FinalImplementation.a(QuadDec_M1_Cnt16.o)
 .ARM.attributes
                0x00000461       0x33 .\CortexM3\ARM_GCC_541\Debug\Team12_PsoC_FinalImplementation.a(QuadDec_M2_Cnt16.o)
 .ARM.attributes
                0x00000494       0x33 .\CortexM3\ARM_GCC_541\Debug\Team12_PsoC_FinalImplementation.a(M2_INV.o)
 .ARM.attributes
                0x000004c7       0x33 .\CortexM3\ARM_GCC_541\Debug\Team12_PsoC_FinalImplementation.a(Q1.o)
 .ARM.attributes
                0x000004fa       0x33 .\CortexM3\ARM_GCC_541\Debug\Team12_PsoC_FinalImplementation.a(Q2.o)
 .ARM.attributes
                0x0000052d       0x33 .\CortexM3\ARM_GCC_541\Debug\Team12_PsoC_FinalImplementation.a(Q5.o)
 .ARM.attributes
                0x00000560       0x33 .\CortexM3\ARM_GCC_541\Debug\Team12_PsoC_FinalImplementation.a(Q4.o)
 .ARM.attributes
                0x00000593       0x33 .\CortexM3\ARM_GCC_541\Debug\Team12_PsoC_FinalImplementation.a(Q3.o)
 .ARM.attributes
                0x000005c6       0x33 .\CortexM3\ARM_GCC_541\Debug\Team12_PsoC_FinalImplementation.a(LED_GREEN.o)
 .ARM.attributes
                0x000005f9       0x33 .\CortexM3\ARM_GCC_541\Debug\Team12_PsoC_FinalImplementation.a(LED_BLUE.o)
 .ARM.attributes
                0x0000062c       0x33 .\CortexM3\ARM_GCC_541\Debug\Team12_PsoC_FinalImplementation.a(Timer_Sensor.o)
 .ARM.attributes
                0x0000065f       0x33 .\CortexM3\ARM_GCC_541\Debug\Team12_PsoC_FinalImplementation.a(Sensor_isr.o)
 .ARM.attributes
                0x00000692       0x21 .\CortexM3\ARM_GCC_541\Debug\Team12_PsoC_FinalImplementation.a(CyBootAsmGnu.o)
 .ARM.attributes
                0x000006b3       0x33 .\CortexM3\ARM_GCC_541\Debug\Team12_PsoC_FinalImplementation.a(USBUART.o)
 .ARM.attributes
                0x000006e6       0x33 .\CortexM3\ARM_GCC_541\Debug\Team12_PsoC_FinalImplementation.a(USBUART_cls.o)
 .ARM.attributes
                0x00000719       0x33 .\CortexM3\ARM_GCC_541\Debug\Team12_PsoC_FinalImplementation.a(USBUART_descr.o)
 .ARM.attributes
                0x0000074c       0x33 .\CortexM3\ARM_GCC_541\Debug\Team12_PsoC_FinalImplementation.a(USBUART_episr.o)
 .ARM.attributes
                0x0000077f       0x33 .\CortexM3\ARM_GCC_541\Debug\Team12_PsoC_FinalImplementation.a(USBUART_pm.o)
 .ARM.attributes
                0x000007b2       0x33 .\CortexM3\ARM_GCC_541\Debug\Team12_PsoC_FinalImplementation.a(USBUART_Dp.o)
 .ARM.attributes
                0x000007e5       0x33 .\CortexM3\ARM_GCC_541\Debug\Team12_PsoC_FinalImplementation.a(CyFlash.o)
 .ARM.attributes
                0x00000818       0x33 .\CortexM3\ARM_GCC_541\Debug\Team12_PsoC_FinalImplementation.a(CySpc.o)
 .ARM.attributes
                0x0000084b       0x1d c:/program files (x86)/cypress/psoc creator/4.2/psoc creator/import/gnu/arm/5.4.1/bin/../lib/gcc/arm-none-eabi/5.4.1/armv7-m\libgcc.a(_arm_addsubdf3.o)
 .ARM.attributes
                0x00000868       0x1d c:/program files (x86)/cypress/psoc creator/4.2/psoc creator/import/gnu/arm/5.4.1/bin/../lib/gcc/arm-none-eabi/5.4.1/armv7-m\libgcc.a(_arm_muldivdf3.o)
 .ARM.attributes
                0x00000885       0x1d c:/program files (x86)/cypress/psoc creator/4.2/psoc creator/import/gnu/arm/5.4.1/bin/../lib/gcc/arm-none-eabi/5.4.1/armv7-m\libgcc.a(_arm_fixunsdfsi.o)
 .ARM.attributes
                0x000008a2       0x1d c:/program files (x86)/cypress/psoc creator/4.2/psoc creator/import/gnu/arm/5.4.1/bin/../lib/gcc/arm-none-eabi/5.4.1/armv7-m\libgcc.a(_arm_addsubsf3.o)
 .ARM.attributes
                0x000008bf       0x2d c:/program files (x86)/cypress/psoc creator/4.2/psoc creator/import/gnu/arm/5.4.1/bin/../lib/gcc/arm-none-eabi/5.4.1/../../../../arm-none-eabi/lib/armv7-m\libg_nano.a(lib_a-errno.o)
 .ARM.attributes
                0x000008ec       0x2d c:/program files (x86)/cypress/psoc creator/4.2/psoc creator/import/gnu/arm/5.4.1/bin/../lib/gcc/arm-none-eabi/5.4.1/../../../../arm-none-eabi/lib/armv7-m\libg_nano.a(lib_a-exit.o)
 .ARM.attributes
                0x00000919       0x2d c:/program files (x86)/cypress/psoc creator/4.2/psoc creator/import/gnu/arm/5.4.1/bin/../lib/gcc/arm-none-eabi/5.4.1/../../../../arm-none-eabi/lib/armv7-m\libg_nano.a(lib_a-impure.o)
 .ARM.attributes
                0x00000946       0x2d c:/program files (x86)/cypress/psoc creator/4.2/psoc creator/import/gnu/arm/5.4.1/bin/../lib/gcc/arm-none-eabi/5.4.1/../../../../arm-none-eabi/lib/armv7-m\libg_nano.a(lib_a-init.o)
 .ARM.attributes
                0x00000973       0x2d c:/program files (x86)/cypress/psoc creator/4.2/psoc creator/import/gnu/arm/5.4.1/bin/../lib/gcc/arm-none-eabi/5.4.1/../../../../arm-none-eabi/lib/armv7-m\libg_nano.a(lib_a-memcpy-stub.o)
 .ARM.attributes
                0x000009a0       0x2d c:/program files (x86)/cypress/psoc creator/4.2/psoc creator/import/gnu/arm/5.4.1/bin/../lib/gcc/arm-none-eabi/5.4.1/../../../../arm-none-eabi/lib/armv7-m\libg_nano.a(lib_a-memset.o)
 .ARM.attributes
                0x000009cd       0x17 c:/program files (x86)/cypress/psoc creator/4.2/psoc creator/import/gnu/arm/5.4.1/bin/../lib/gcc/arm-none-eabi/5.4.1/../../../../arm-none-eabi/lib/armv7-m\libg_nano.a(lib_a-strlen.o)
 .ARM.attributes
                0x000009e4       0x2d c:/program files (x86)/cypress/psoc creator/4.2/psoc creator/import/gnu/arm/5.4.1/bin/../lib/gcc/arm-none-eabi/5.4.1/armv7-m/crtend.o
 .ARM.attributes
                0x00000a11       0x1d c:/program files (x86)/cypress/psoc creator/4.2/psoc creator/import/gnu/arm/5.4.1/bin/../lib/gcc/arm-none-eabi/5.4.1/armv7-m/crtn.o

/DISCARD/
 *(.note.GNU-stack)
OUTPUT(H:\Documents\12_Cypress_LineFollowingRobot\Final_implementation\Team12_PsoC_FinalImplementation.cydsn\CortexM3\ARM_GCC_541\Debug\Team12_PsoC_FinalImplementation.elf elf32-littlearm)
