Archive member included to satisfy reference by file (symbol)

.\CortexM3\ARM_GCC_541\Debug\Team12_PsoC_benchmark_test.a(USBUART_cdc.o)
                              .\CortexM3\ARM_GCC_541\Debug\main.o (USBUART_PutData)
.\CortexM3\ARM_GCC_541\Debug\Team12_PsoC_benchmark_test.a(USBUART_drv.o)
                              .\CortexM3\ARM_GCC_541\Debug\Team12_PsoC_benchmark_test.a(USBUART_cdc.o) (USBUART_EP)
.\CortexM3\ARM_GCC_541\Debug\Team12_PsoC_benchmark_test.a(USBUART_std.o)
                              .\CortexM3\ARM_GCC_541\Debug\Team12_PsoC_benchmark_test.a(USBUART_drv.o) (USBUART_HandleStandardRqst)
.\CortexM3\ARM_GCC_541\Debug\Team12_PsoC_benchmark_test.a(USBUART_vnd.o)
                              .\CortexM3\ARM_GCC_541\Debug\Team12_PsoC_benchmark_test.a(USBUART_drv.o) (USBUART_HandleVendorRqst)
.\CortexM3\ARM_GCC_541\Debug\Team12_PsoC_benchmark_test.a(CyDmac.o)
                              .\CortexM3\ARM_GCC_541\Debug\Cm3Start.o (CyDmacConfigure)
.\CortexM3\ARM_GCC_541\Debug\Team12_PsoC_benchmark_test.a(CyLib.o)
                              .\CortexM3\ARM_GCC_541\Debug\Cm3Start.o (CyResetStatus)
.\CortexM3\ARM_GCC_541\Debug\Team12_PsoC_benchmark_test.a(cyPm.o)
                              .\CortexM3\ARM_GCC_541\Debug\Team12_PsoC_benchmark_test.a(CyLib.o) (CyPmReadStatus)
.\CortexM3\ARM_GCC_541\Debug\Team12_PsoC_benchmark_test.a(PWM_1.o)
                              .\CortexM3\ARM_GCC_541\Debug\main.o (PWM_1_Start)
.\CortexM3\ARM_GCC_541\Debug\Team12_PsoC_benchmark_test.a(PWM_2.o)
                              .\CortexM3\ARM_GCC_541\Debug\main.o (PWM_2_Start)
.\CortexM3\ARM_GCC_541\Debug\Team12_PsoC_benchmark_test.a(LED.o)
                              .\CortexM3\ARM_GCC_541\Debug\main.o (LED_Write)
.\CortexM3\ARM_GCC_541\Debug\Team12_PsoC_benchmark_test.a(QuadDec_M1.o)
                              .\CortexM3\ARM_GCC_541\Debug\tacho.o (QuadDec_M1_GetCounter)
.\CortexM3\ARM_GCC_541\Debug\Team12_PsoC_benchmark_test.a(QuadDec_M2.o)
                              .\CortexM3\ARM_GCC_541\Debug\tacho.o (QuadDec_M2_GetCounter)
.\CortexM3\ARM_GCC_541\Debug\Team12_PsoC_benchmark_test.a(QuadDec_M1_Cnt16.o)
                              .\CortexM3\ARM_GCC_541\Debug\Team12_PsoC_benchmark_test.a(QuadDec_M1.o) (QuadDec_M1_Cnt16_WriteCounter)
.\CortexM3\ARM_GCC_541\Debug\Team12_PsoC_benchmark_test.a(QuadDec_M2_Cnt16.o)
                              .\CortexM3\ARM_GCC_541\Debug\Team12_PsoC_benchmark_test.a(QuadDec_M2.o) (QuadDec_M2_Cnt16_WriteCounter)
.\CortexM3\ARM_GCC_541\Debug\Team12_PsoC_benchmark_test.a(M2_INV.o)
                              .\CortexM3\ARM_GCC_541\Debug\main.o (M2_INV_Write)
.\CortexM3\ARM_GCC_541\Debug\Team12_PsoC_benchmark_test.a(Q1.o)
                              .\CortexM3\ARM_GCC_541\Debug\main.o (Q1_Read)
.\CortexM3\ARM_GCC_541\Debug\Team12_PsoC_benchmark_test.a(Q2.o)
                              .\CortexM3\ARM_GCC_541\Debug\main.o (Q2_Read)
.\CortexM3\ARM_GCC_541\Debug\Team12_PsoC_benchmark_test.a(Q5.o)
                              .\CortexM3\ARM_GCC_541\Debug\main.o (Q5_Read)
.\CortexM3\ARM_GCC_541\Debug\Team12_PsoC_benchmark_test.a(Q6.o)
                              .\CortexM3\ARM_GCC_541\Debug\main.o (Q6_Read)
.\CortexM3\ARM_GCC_541\Debug\Team12_PsoC_benchmark_test.a(Q7.o)
                              .\CortexM3\ARM_GCC_541\Debug\main.o (Q7_Read)
.\CortexM3\ARM_GCC_541\Debug\Team12_PsoC_benchmark_test.a(Q4.o)
                              .\CortexM3\ARM_GCC_541\Debug\main.o (Q4_Read)
.\CortexM3\ARM_GCC_541\Debug\Team12_PsoC_benchmark_test.a(Q3.o)
                              .\CortexM3\ARM_GCC_541\Debug\main.o (Q3_Read)
.\CortexM3\ARM_GCC_541\Debug\Team12_PsoC_benchmark_test.a(CyBootAsmGnu.o)
                              .\CortexM3\ARM_GCC_541\Debug\cyfitter_cfg.o (CyDelayCycles)
.\CortexM3\ARM_GCC_541\Debug\Team12_PsoC_benchmark_test.a(USBUART.o)
                              .\CortexM3\ARM_GCC_541\Debug\Team12_PsoC_benchmark_test.a(USBUART_cdc.o) (USBUART_GetEPState)
.\CortexM3\ARM_GCC_541\Debug\Team12_PsoC_benchmark_test.a(USBUART_cls.o)
                              .\CortexM3\ARM_GCC_541\Debug\Team12_PsoC_benchmark_test.a(USBUART_drv.o) (USBUART_DispatchClassRqst)
.\CortexM3\ARM_GCC_541\Debug\Team12_PsoC_benchmark_test.a(USBUART_descr.o)
                              .\CortexM3\ARM_GCC_541\Debug\Team12_PsoC_benchmark_test.a(USBUART_std.o) (USBUART_DEVICE0_DESCR)
.\CortexM3\ARM_GCC_541\Debug\Team12_PsoC_benchmark_test.a(USBUART_episr.o)
                              .\CortexM3\ARM_GCC_541\Debug\Team12_PsoC_benchmark_test.a(USBUART.o) (USBUART_EP_1_ISR)
.\CortexM3\ARM_GCC_541\Debug\Team12_PsoC_benchmark_test.a(USBUART_pm.o)
                              .\CortexM3\ARM_GCC_541\Debug\Team12_PsoC_benchmark_test.a(USBUART.o) (USBUART_DP_ISR)
.\CortexM3\ARM_GCC_541\Debug\Team12_PsoC_benchmark_test.a(USBUART_Dp.o)
                              .\CortexM3\ARM_GCC_541\Debug\Team12_PsoC_benchmark_test.a(USBUART.o) (USBUART_Dp_ClearInterrupt)
[...]
Memory Configuration

Name             Origin             Length             Attributes
rom              0x00000000         0x00040000         xr
ram              0x1fff8000         0x00010000         xrw
*default*        0x00000000         0xffffffff

Linker script and memory map

LOAD c:/program files (x86)/cypress/psoc creator/4.2/psoc creator/import/gnu/arm/5.4.1/bin/../lib/gcc/arm-none-eabi/5.4.1/armv7-m/crti.o
LOAD c:/program files (x86)/cypress/psoc creator/4.2/psoc creator/import/gnu/arm/5.4.1/bin/../lib/gcc/arm-none-eabi/5.4.1/armv7-m/crtbegin.o
LOAD c:/program files (x86)/cypress/psoc creator/4.2/psoc creator/import/gnu/arm/5.4.1/bin/../lib/gcc/arm-none-eabi/5.4.1/../../../../arm-none-eabi/lib/armv7-m/crt0.o
START GROUP
LOAD .\CortexM3\ARM_GCC_541\Debug\main.o
LOAD .\CortexM3\ARM_GCC_541\Debug\tacho.o
LOAD .\CortexM3\ARM_GCC_541\Debug\movement.o
LOAD .\CortexM3\ARM_GCC_541\Debug\QuadEncoder.o
LOAD .\CortexM3\ARM_GCC_541\Debug\cyfitter_cfg.o
LOAD .\CortexM3\ARM_GCC_541\Debug\cymetadata.o
LOAD .\CortexM3\ARM_GCC_541\Debug\Cm3Start.o
LOAD .\CortexM3\ARM_GCC_541\Debug\Team12_PsoC_benchmark_test.a
LOAD C:\Program Files (x86)\Cypress\PSoC Creator\4.2\PSoC Creator\psoc\content\cycomponentlibrary\CyComponentLibrary.cylib\CortexM3\ARM_GCC_541\Debug\CyComponentLibrary.a
END GROUP
START GROUP
LOAD c:/program files (x86)/cypress/psoc creator/4.2/psoc creator/import/gnu/arm/5.4.1/bin/../lib/gcc/arm-none-eabi/5.4.1/armv7-m\libgcc.a
LOAD c:/program files (x86)/cypress/psoc creator/4.2/psoc creator/import/gnu/arm/5.4.1/bin/../lib/gcc/arm-none-eabi/5.4.1/../../../../arm-none-eabi/lib/armv7-m\libg_nano.a
LOAD c:/program files (x86)/cypress/psoc creator/4.2/psoc creator/import/gnu/arm/5.4.1/bin/../lib/gcc/arm-none-eabi/5.4.1/../../../../arm-none-eabi/lib/armv7-m\libc_nano.a
END GROUP
START GROUP
LOAD c:/program files (x86)/cypress/psoc creator/4.2/psoc creator/import/gnu/arm/5.4.1/bin/../lib/gcc/arm-none-eabi/5.4.1/armv7-m\libgcc.a
LOAD c:/program files (x86)/cypress/psoc creator/4.2/psoc creator/import/gnu/arm/5.4.1/bin/../lib/gcc/arm-none-eabi/5.4.1/../../../../arm-none-eabi/lib/armv7-m\libc_nano.a
END GROUP
LOAD c:/program files (x86)/cypress/psoc creator/4.2/psoc creator/import/gnu/arm/5.4.1/bin/../lib/gcc/arm-none-eabi/5.4.1/armv7-m/crtend.o
LOAD c:/program files (x86)/cypress/psoc creator/4.2/psoc creator/import/gnu/arm/5.4.1/bin/../lib/gcc/arm-none-eabi/5.4.1/armv7-m/crtn.o
START GROUP
LOAD c:/program files (x86)/cypress/psoc creator/4.2/psoc creator/import/gnu/arm/5.4.1/bin/../lib/gcc/arm-none-eabi/5.4.1/armv7-m\libgcc.a
LOAD c:/program files (x86)/cypress/psoc creator/4.2/psoc creator/import/gnu/arm/5.4.1/bin/../lib/gcc/arm-none-eabi/5.4.1/../../../../arm-none-eabi/lib/armv7-m\libc.a
LOAD c:/program files (x86)/cypress/psoc creator/4.2/psoc creator/import/gnu/arm/5.4.1/bin/../lib/gcc/arm-none-eabi/5.4.1/../../../../arm-none-eabi/lib/armv7-m\libnosys.a
END GROUP
                0x00000000                CY_APPL_ORIGIN = 0x0
                0x00000100                CY_FLASH_ROW_SIZE = 0x100
                0x00000020                CY_ECC_ROW_SIZE = 0x20
                0x00000000                CY_EE_IN_BTLDR = 0x0
                0x00000000                CY_APPL_LOADABLE = 0x0
                0x00000800                CY_EE_SIZE = 0x800
                0x00000001                CY_APPL_NUM = 0x1
                0x00000001                CY_APPL_MAX = 0x1
                0x00000040                CY_METADATA_SIZE = 0x40
                0x00000000                CY_APPL_LOADABLE = 0x0
                0x00000000                CY_CHECKSUM_EXCLUDE_SIZE = ALIGN (0x0, CY_FLASH_ROW_SIZE)
                [!provide]                PROVIDE (__cy_heap_start, _end)
                0x00000001                PROVIDE (__cy_region_num, ((__cy_regions_end - __cy_regions) / 0x10))
                0x20008000                PROVIDE (__cy_stack, (ORIGIN (ram) + LENGTH (ram)))
                [!provide]                PROVIDE (__cy_heap_end, (__cy_stack - 0x800))

.cybootloader   0x00000000        0x0
 *(.cybootloader)
                0x00000000                appl1_start = CY_APPL_ORIGIN?CY_APPL_ORIGIN:ALIGN (CY_FLASH_ROW_SIZE)
                0x0001ff00                appl2_start = (appl1_start + ALIGN ((((LENGTH (rom) - appl1_start) - (0x2 * CY_FLASH_ROW_SIZE)) / 0x2), CY_FLASH_ROW_SIZE))
                0x00000000                appl_start = (CY_APPL_NUM == 0x1)?appl1_start:appl2_start
                0x00000000                ecc_offset = ((appl_start / CY_FLASH_ROW_SIZE) * CY_ECC_ROW_SIZE)
                0x00000000                ee_offset = (CY_APPL_LOADABLE && ! (CY_EE_IN_BTLDR))?((CY_EE_SIZE / CY_APPL_MAX) * (CY_APPL_NUM - 0x1)):0x0
                0x00000800                ee_size = (CY_APPL_LOADABLE && ! (CY_EE_IN_BTLDR))?(CY_EE_SIZE / CY_APPL_MAX):CY_EE_SIZE
                [!provide]                PROVIDE (CY_ECC_OFFSET, ecc_offset)

.text           0x00000000     0x1896
 CREATE_OBJECT_SYMBOLS
                0x00000000                PROVIDE (__cy_interrupt_vector, RomVectors)
 *(.romvectors)
 .romvectors    0x00000000       0x10 .\CortexM3\ARM_GCC_541\Debug\Cm3Start.o
                0x00000000                RomVectors
                0x00000001                ASSERT ((. != __cy_interrupt_vector), No interrupt vector)
                0x00000001                ASSERT (CY_APPL_ORIGIN?(SIZEOF (.cybootloader) <= CY_APPL_ORIGIN):0x1, Wrong image location)
                0x00000010                PROVIDE (__cy_reset, Reset)
 *(.text.Reset)
 .text.Reset    0x00000010       0x18 .\CortexM3\ARM_GCC_541\Debug\Cm3Start.o
                0x00000010                Reset
                0x00000001                ASSERT ((. != __cy_reset), No reset code)
 *(.dma_init)
                0x00000001                ASSERT ((((appl_start + .) <= 0x10000) || 0x1), DMA Init must be within the first 64k of flash)
 *(.text .text.* .gnu.linkonce.t.*)
 .text          0x00000028       0x5c c:/program files (x86)/cypress/psoc creator/4.2/psoc creator/import/gnu/arm/5.4.1/bin/../lib/gcc/arm-none-eabi/5.4.1/armv7-m/crtbegin.o
 .text.main     0x00000084      0x1cc .\CortexM3\ARM_GCC_541\Debug\main.o
                0x00000084                main
 .text.controlWheels
                0x00000250       0xb8 .\CortexM3\ARM_GCC_541\Debug\movement.o
                0x00000250                controlWheels
 .text.CYMEMZERO
                0x00000308       0x1c .\CortexM3\ARM_GCC_541\Debug\cyfitter_cfg.o
 .text.CYCONFIGCPY
                0x00000324       0x20 .\CortexM3\ARM_GCC_541\Debug\cyfitter_cfg.o
 .text.CyClockStartupError
                0x00000344        0xc .\CortexM3\ARM_GCC_541\Debug\cyfitter_cfg.o
 .text.cfg_write_bytes32
                0x00000350       0x74 .\CortexM3\ARM_GCC_541\Debug\cyfitter_cfg.o
 .text.ClockSetup
                0x000003c4      0x16c .\CortexM3\ARM_GCC_541\Debug\cyfitter_cfg.o
 .text.AnalogSetDefault
                0x00000530       0xb0 .\CortexM3\ARM_GCC_541\Debug\cyfitter_cfg.o
 .text.cyfitter_cfg
                0x000005e0      0x1d0 .\CortexM3\ARM_GCC_541\Debug\cyfitter_cfg.o
                0x000005e0                cyfitter_cfg
 .text.IntDefaultHandler
                0x000007b0       0x14 .\CortexM3\ARM_GCC_541\Debug\Cm3Start.o
                0x000007b0                IntDefaultHandler
 .text.Start_c  0x000007c4       0x98 .\CortexM3\ARM_GCC_541\Debug\Cm3Start.o
                0x000007c4                Start_c
 .text.initialize_psoc
                0x0000085c       0x94 .\CortexM3\ARM_GCC_541\Debug\Cm3Start.o
                0x0000085c                initialize_psoc
 .text.CyDmacConfigure
                0x000008f0       0x5c .\CortexM3\ARM_GCC_541\Debug\Team12_PsoC_benchmark_test.a(CyDmac.o)
                0x000008f0                CyDmacConfigure
 .text.CyDelayUs
                0x0000094c       0x28 .\CortexM3\ARM_GCC_541\Debug\Team12_PsoC_benchmark_test.a(CyLib.o)
                0x0000094c                CyDelayUs
 .text.PWM_1_Start
                0x00000974       0x24 .\CortexM3\ARM_GCC_541\Debug\Team12_PsoC_benchmark_test.a(PWM_1.o)
                0x00000974                PWM_1_Start
 .text.PWM_1_Init
                0x00000998       0xbc .\CortexM3\ARM_GCC_541\Debug\Team12_PsoC_benchmark_test.a(PWM_1.o)
                0x00000998                PWM_1_Init
 .text.PWM_1_Enable
                0x00000a54       0x48 .\CortexM3\ARM_GCC_541\Debug\Team12_PsoC_benchmark_test.a(PWM_1.o)
                0x00000a54                PWM_1_Enable
 .text.PWM_1_WritePeriod
                0x00000a9c       0x20 .\CortexM3\ARM_GCC_541\Debug\Team12_PsoC_benchmark_test.a(PWM_1.o)
                0x00000a9c                PWM_1_WritePeriod
 .text.PWM_1_WriteCompare
                0x00000abc       0x20 .\CortexM3\ARM_GCC_541\Debug\Team12_PsoC_benchmark_test.a(PWM_1.o)
                0x00000abc                PWM_1_WriteCompare
 .text.PWM_1_SetInterruptMode
                0x00000adc       0x20 .\CortexM3\ARM_GCC_541\Debug\Team12_PsoC_benchmark_test.a(PWM_1.o)
                0x00000adc                PWM_1_SetInterruptMode
 .text.PWM_1_ReadPeriod
                0x00000afc       0x18 .\CortexM3\ARM_GCC_541\Debug\Team12_PsoC_benchmark_test.a(PWM_1.o)
                0x00000afc                PWM_1_ReadPeriod
 .text.PWM_2_Start
                0x00000b14       0x24 .\CortexM3\ARM_GCC_541\Debug\Team12_PsoC_benchmark_test.a(PWM_2.o)
                0x00000b14                PWM_2_Start
 .text.PWM_2_Init
                0x00000b38       0xbc .\CortexM3\ARM_GCC_541\Debug\Team12_PsoC_benchmark_test.a(PWM_2.o)
                0x00000b38                PWM_2_Init
 .text.PWM_2_Enable
                0x00000bf4       0x48 .\CortexM3\ARM_GCC_541\Debug\Team12_PsoC_benchmark_test.a(PWM_2.o)
                0x00000bf4                PWM_2_Enable
 .text.PWM_2_WritePeriod
                0x00000c3c       0x20 .\CortexM3\ARM_GCC_541\Debug\Team12_PsoC_benchmark_test.a(PWM_2.o)
                0x00000c3c                PWM_2_WritePeriod
 .text.PWM_2_WriteCompare
                0x00000c5c       0x20 .\CortexM3\ARM_GCC_541\Debug\Team12_PsoC_benchmark_test.a(PWM_2.o)
                0x00000c5c                PWM_2_WriteCompare
 .text.PWM_2_SetInterruptMode
                0x00000c7c       0x20 .\CortexM3\ARM_GCC_541\Debug\Team12_PsoC_benchmark_test.a(PWM_2.o)
                0x00000c7c                PWM_2_SetInterruptMode
 .text.PWM_2_ReadPeriod
                0x00000c9c       0x18 .\CortexM3\ARM_GCC_541\Debug\Team12_PsoC_benchmark_test.a(PWM_2.o)
                0x00000c9c                PWM_2_ReadPeriod
 .text.LED_Write
                0x00000cb4       0x3c .\CortexM3\ARM_GCC_541\Debug\Team12_PsoC_benchmark_test.a(LED.o)
                0x00000cb4                LED_Write
 .text.M2_INV_Write
                0x00000cf0       0x3c .\CortexM3\ARM_GCC_541\Debug\Team12_PsoC_benchmark_test.a(M2_INV.o)
                0x00000cf0                M2_INV_Write
 .text.Q1_Read  0x00000d2c       0x1c .\CortexM3\ARM_GCC_541\Debug\Team12_PsoC_benchmark_test.a(Q1.o)
                0x00000d2c                Q1_Read
 .text.Q2_Read  0x00000d48       0x20 .\CortexM3\ARM_GCC_541\Debug\Team12_PsoC_benchmark_test.a(Q2.o)
                0x00000d48                Q2_Read
 .text.Q5_Read  0x00000d68       0x20 .\CortexM3\ARM_GCC_541\Debug\Team12_PsoC_benchmark_test.a(Q5.o)
                0x00000d68                Q5_Read
 .text.Q6_Read  0x00000d88       0x20 .\CortexM3\ARM_GCC_541\Debug\Team12_PsoC_benchmark_test.a(Q6.o)
                0x00000d88                Q6_Read
 .text.Q7_Read  0x00000da8       0x20 .\CortexM3\ARM_GCC_541\Debug\Team12_PsoC_benchmark_test.a(Q7.o)
                0x00000da8                Q7_Read
 .text.Q4_Read  0x00000dc8       0x20 .\CortexM3\ARM_GCC_541\Debug\Team12_PsoC_benchmark_test.a(Q4.o)
                0x00000dc8                Q4_Read
 .text.Q3_Read  0x00000de8       0x20 .\CortexM3\ARM_GCC_541\Debug\Team12_PsoC_benchmark_test.a(Q3.o)
                0x00000de8                Q3_Read
 .text          0x00000e08       0x20 .\CortexM3\ARM_GCC_541\Debug\Team12_PsoC_benchmark_test.a(CyBootAsmGnu.o)
                0x00000e08                CyDelayCycles
                0x00000e18                CyEnterCriticalSection
                0x00000e20                CyExitCriticalSection
 .text          0x00000e28      0x370 c:/program files (x86)/cypress/psoc creator/4.2/psoc creator/import/gnu/arm/5.4.1/bin/../lib/gcc/arm-none-eabi/5.4.1/armv7-m\libgcc.a(_arm_addsubdf3.o)
                0x00000e28                __aeabi_drsub
                0x00000e30                __aeabi_dsub
                0x00000e30                __subdf3
                0x00000e34                __aeabi_dadd
                0x00000e34                __adddf3
                0x000010ac                __floatunsidf
                0x000010ac                __aeabi_ui2d
                0x000010cc                __floatsidf
                0x000010cc                __aeabi_i2d
                0x000010f0                __aeabi_f2d
                0x000010f0                __extendsfdf2
                0x0000112c                __floatundidf
                0x0000112c                __aeabi_ul2d
                0x0000113c                __floatdidf
                0x0000113c                __aeabi_l2d
 .text          0x00001198      0x424 c:/program files (x86)/cypress/psoc creator/4.2/psoc creator/import/gnu/arm/5.4.1/bin/../lib/gcc/arm-none-eabi/5.4.1/armv7-m\libgcc.a(_arm_muldivdf3.o)
                0x00001198                __aeabi_dmul
                0x00001198                __muldf3
                0x000013ec                __divdf3
                0x000013ec                __aeabi_ddiv
 .text          0x000015bc       0x40 c:/program files (x86)/cypress/psoc creator/4.2/psoc creator/import/gnu/arm/5.4.1/bin/../lib/gcc/arm-none-eabi/5.4.1/armv7-m\libgcc.a(_arm_fixunsdfsi.o)
                0x000015bc                __aeabi_d2uiz
                0x000015bc                __fixunsdfsi
 .text          0x000015fc      0x21c c:/program files (x86)/cypress/psoc creator/4.2/psoc creator/import/gnu/arm/5.4.1/bin/../lib/gcc/arm-none-eabi/5.4.1/armv7-m\libgcc.a(_arm_addsubsf3.o)
                0x000015fc                __aeabi_frsub
                0x00001604                __subsf3
                0x00001604                __aeabi_fsub
                0x00001608                __aeabi_fadd
                0x00001608                __addsf3
                0x00001768                __aeabi_ui2f
                0x00001768                __floatunsisf
                0x00001770                __aeabi_i2f
                0x00001770                __floatsisf
                0x0000178c                __aeabi_ul2f
                0x0000178c                __floatundisf
                0x0000179c                __aeabi_l2f
                0x0000179c                __floatdisf
 .text.__errno  0x00001818        0xc c:/program files (x86)/cypress/psoc creator/4.2/psoc creator/import/gnu/arm/5.4.1/bin/../lib/gcc/arm-none-eabi/5.4.1/../../../../arm-none-eabi/lib/armv7-m\libg_nano.a(lib_a-errno.o)
                0x00001818                __errno
 .text.__libc_init_array
                0x00001824       0x4c c:/program files (x86)/cypress/psoc creator/4.2/psoc creator/import/gnu/arm/5.4.1/bin/../lib/gcc/arm-none-eabi/5.4.1/../../../../arm-none-eabi/lib/armv7-m\libg_nano.a(lib_a-init.o)
                0x00001824                __libc_init_array
 .text.memcpy   0x00001870       0x16 c:/program files (x86)/cypress/psoc creator/4.2/psoc creator/import/gnu/arm/5.4.1/bin/../lib/gcc/arm-none-eabi/5.4.1/../../../../arm-none-eabi/lib/armv7-m\libg_nano.a(lib_a-memcpy-stub.o)
                0x00001870                memcpy
 .text.memset   0x00001886       0x10 c:/program files (x86)/cypress/psoc creator/4.2/psoc creator/import/gnu/arm/5.4.1/bin/../lib/gcc/arm-none-eabi/5.4.1/../../../../arm-none-eabi/lib/armv7-m\libg_nano.a(lib_a-memset.o)
                0x00001886                memset
 *(.plt)
 *(.gnu.warning)
 *(.glue_7t)
 .glue_7t       0x00001896        0x0 linker stubs
 *(.glue_7)
 .glue_7        0x00001896        0x0 linker stubs
 *(.vfp11_veneer)
 .vfp11_veneer  0x00001896        0x0 linker stubs
 *(.bootloader)
 *(.ARM.extab* .gnu.linkonce.armextab.*)
 *(.gcc_except_table)

.v4_bx          0x00001898        0x0
 .v4_bx         0x00001898        0x0 linker stubs

.iplt           0x00001898        0x0
 .iplt          0x00001898        0x0 c:/program files (x86)/cypress/psoc creator/4.2/psoc creator/import/gnu/arm/5.4.1/bin/../lib/gcc/arm-none-eabi/5.4.1/armv7-m/crtbegin.o

.eh_frame_hdr
 *(.eh_frame_hdr)

.eh_frame       0x00001898        0x4
 *(.eh_frame)
 .eh_frame      0x00001898        0x0 c:/program files (x86)/cypress/psoc creator/4.2/psoc creator/import/gnu/arm/5.4.1/bin/../lib/gcc/arm-none-eabi/5.4.1/armv7-m/crtbegin.o
 .eh_frame      0x00001898        0x4 c:/program files (x86)/cypress/psoc creator/4.2/psoc creator/import/gnu/arm/5.4.1/bin/../lib/gcc/arm-none-eabi/5.4.1/armv7-m/crtend.o
                [!provide]                PROVIDE (__exidx_start, .)

.ARM.exidx
 *(.ARM.exidx* .gnu.linkonce.armexidx.*)
                0x0000189c                __exidx_end = .

.rodata         0x0000189c       0x7c
 *(.rodata .rodata.* .gnu.linkonce.r.*)
 .rodata        0x0000189c       0x44 .\CortexM3\ARM_GCC_541\Debug\cyfitter_cfg.o
 .rodata.str1.1
                0x000018e0        0x2 c:/program files (x86)/cypress/psoc creator/4.2/psoc creator/import/gnu/arm/5.4.1/bin/../lib/gcc/arm-none-eabi/5.4.1/../../../../arm-none-eabi/lib/armv7-m\libg_nano.a(lib_a-impure.o)
                0x000018e4                . = ALIGN (0x4)
 *fill*         0x000018e2        0x2 
 *(.init)
 .init          0x000018e4        0x4 c:/program files (x86)/cypress/psoc creator/4.2/psoc creator/import/gnu/arm/5.4.1/bin/../lib/gcc/arm-none-eabi/5.4.1/armv7-m/crti.o
                0x000018e4                _init
 .init          0x000018e8        0x8 c:/program files (x86)/cypress/psoc creator/4.2/psoc creator/import/gnu/arm/5.4.1/bin/../lib/gcc/arm-none-eabi/5.4.1/armv7-m/crtn.o
                0x000018f0                . = ALIGN (0x4)
                0x000018f0                __preinit_array_start = .
 *(.preinit_array)
                0x000018f0                __preinit_array_end = .
                0x000018f0                . = ALIGN (0x4)
                0x000018f0                __init_array_start = .
 *(SORT(.init_array.*))
 *(.init_array)
 .init_array    0x000018f0        0x4 c:/program files (x86)/cypress/psoc creator/4.2/psoc creator/import/gnu/arm/5.4.1/bin/../lib/gcc/arm-none-eabi/5.4.1/armv7-m/crtbegin.o
 .init_array    0x000018f4        0x4 .\CortexM3\ARM_GCC_541\Debug\Cm3Start.o
                0x000018f8                __init_array_end = .
                0x000018f8                . = ALIGN (0x4)
 *(.fini)
 .fini          0x000018f8        0x4 c:/program files (x86)/cypress/psoc creator/4.2/psoc creator/import/gnu/arm/5.4.1/bin/../lib/gcc/arm-none-eabi/5.4.1/armv7-m/crti.o
                0x000018f8                _fini
 .fini          0x000018fc        0x8 c:/program files (x86)/cypress/psoc creator/4.2/psoc creator/import/gnu/arm/5.4.1/bin/../lib/gcc/arm-none-eabi/5.4.1/armv7-m/crtn.o
                0x00001904                . = ALIGN (0x4)
                0x00001904                __fini_array_start = .
 *(.fini_array)
 .fini_array    0x00001904        0x4 c:/program files (x86)/cypress/psoc creator/4.2/psoc creator/import/gnu/arm/5.4.1/bin/../lib/gcc/arm-none-eabi/5.4.1/armv7-m/crtbegin.o
 *(SORT(.fini_array.*))
                0x00001908                __fini_array_end = .
                0x00001908                . = ALIGN (0x4)
 *crtbegin.o(.ctors)
 *(EXCLUDE_FILE(*crtend.o) .ctors)
 *(SORT(.ctors.*))
 *crtend.o(.ctors)
                0x00001908                . = ALIGN (0x4)
 *crtbegin.o(.dtors)
 *(EXCLUDE_FILE(*crtend.o) .dtors)
 *(SORT(.dtors.*))
 *crtend.o(.dtors)
                0x00001908                . = ALIGN (0x4)
                0x00001908                __cy_regions = .
                0x00001908        0x4 LONG 0x1918 __cy_region_init_ram
                0x0000190c        0x4 LONG 0x1fff80c8 __cy_region_start_data
                0x00001910        0x4 LONG 0x80 __cy_region_init_size_ram
                0x00001914        0x4 LONG 0x20 __cy_region_zero_size_ram
                0x00001918                __cy_regions_end = .
                0x00001918                . = ALIGN (0x8)
                0x00001918                _etext = .

.cy_checksum_exclude
                0x00001918        0x0
 *(.cy_checksum_exclude)

.ramvectors     0x1fff8000       0xc0
                0x1fff8000                __cy_region_start_ram = .
 *(.ramvectors)
 .ramvectors    0x1fff8000       0xc0 .\CortexM3\ARM_GCC_541\Debug\Cm3Start.o
                0x1fff8000                CyRamVectors

.noinit         0x1fff80c0        0x5
 *(.noinit)
 .noinit        0x1fff80c0        0x4 .\CortexM3\ARM_GCC_541\Debug\Cm3Start.o
 .noinit        0x1fff80c4        0x1 .\CortexM3\ARM_GCC_541\Debug\Team12_PsoC_benchmark_test.a(CyLib.o)
                0x1fff80c4                CyResetStatus

.data           0x1fff80c8       0x80 load address 0x00001918
                0x1fff80c8                __cy_region_start_data = .
 *(.jcr)
 .jcr           0x1fff80c8        0x0 c:/program files (x86)/cypress/psoc creator/4.2/psoc creator/import/gnu/arm/5.4.1/bin/../lib/gcc/arm-none-eabi/5.4.1/armv7-m/crtbegin.o
 .jcr           0x1fff80c8        0x4 c:/program files (x86)/cypress/psoc creator/4.2/psoc creator/import/gnu/arm/5.4.1/bin/../lib/gcc/arm-none-eabi/5.4.1/armv7-m/crtend.o
 *(.got.plt)
 *(.got)
 *(.shdata)
 *(.data .data.* .gnu.linkonce.d.*)
 .data          0x1fff80cc        0x8 .\CortexM3\ARM_GCC_541\Debug\Team12_PsoC_benchmark_test.a(CyDmac.o)
 .data          0x1fff80d4       0x10 .\CortexM3\ARM_GCC_541\Debug\Team12_PsoC_benchmark_test.a(CyLib.o)
                0x1fff80d4                cydelay_freq_hz
                0x1fff80d8                cydelay_freq_khz
                0x1fff80dc                cydelay_freq_mhz
                0x1fff80e0                cydelay_32k_ms
 .data.impure_data
                0x1fff80e4       0x60 c:/program files (x86)/cypress/psoc creator/4.2/psoc creator/import/gnu/arm/5.4.1/bin/../lib/gcc/arm-none-eabi/5.4.1/../../../../arm-none-eabi/lib/armv7-m\libg_nano.a(lib_a-impure.o)
 .data._impure_ptr
                0x1fff8144        0x4 c:/program files (x86)/cypress/psoc creator/4.2/psoc creator/import/gnu/arm/5.4.1/bin/../lib/gcc/arm-none-eabi/5.4.1/../../../../arm-none-eabi/lib/armv7-m\libg_nano.a(lib_a-impure.o)
                0x1fff8144                _impure_ptr
                0x1fff8148                . = ALIGN (0x8)
 *(.ram)
                0x1fff8148                _edata = .

.igot.plt       0x1fff8148        0x0 load address 0x00001998
 .igot.plt      0x1fff8148        0x0 c:/program files (x86)/cypress/psoc creator/4.2/psoc creator/import/gnu/arm/5.4.1/bin/../lib/gcc/arm-none-eabi/5.4.1/armv7-m/crtbegin.o

.bss            0x1fff8148       0x20 load address 0x00001998
                0x1fff8148                PROVIDE (__bss_start__, .)
 *(.shbss)
 *(.bss .bss.* .gnu.linkonce.b.*)
 .bss           0x1fff8148       0x1c c:/program files (x86)/cypress/psoc creator/4.2/psoc creator/import/gnu/arm/5.4.1/bin/../lib/gcc/arm-none-eabi/5.4.1/armv7-m/crtbegin.o
 .bss           0x1fff8164        0x1 .\CortexM3\ARM_GCC_541\Debug\Team12_PsoC_benchmark_test.a(PWM_1.o)
                0x1fff8164                PWM_1_initVar
 .bss           0x1fff8165        0x1 .\CortexM3\ARM_GCC_541\Debug\Team12_PsoC_benchmark_test.a(PWM_2.o)
                0x1fff8165                PWM_2_initVar
 *(COMMON)
                0x1fff8168                . = ALIGN (0x8)
 *fill*         0x1fff8166        0x2 
 *(.ram.b)
                0x1fff8168                _end = .
                0x1fff8168                __end = .
                0x1fff8168                PROVIDE (end, .)
                0x1fff8168                PROVIDE (__bss_end__, .)
                0x00001918                __cy_region_init_ram = LOADADDR (.data)
                0x00000080                __cy_region_init_size_ram = (_edata - ADDR (.data))
                0x00000020                __cy_region_zero_size_ram = (_end - _edata)

.heap           0x1fff8168       0x80 load address 0x00001998
                0x1fff8168                . = _end
                0x1fff81e8                . = (. + 0x80)
 *fill*         0x1fff8168       0x80 
                0x1fff81e8                __cy_heap_limit = .

.stack          0x20007800      0x800
                0x20007800                __cy_stack_limit = .
                0x20008000                . = (. + 0x800)
 *fill*         0x20007800      0x800 
                0x00000001                ASSERT ((__cy_stack_limit >= __cy_heap_limit), region RAM overflowed with stack)
                0x00000000                cy_checksum_exclude_size = (CY_APPL_LOADABLE == 0x1)?SIZEOF (.cy_checksum_exclude):0x0
                0x00000001                ASSERT ((cy_checksum_exclude_size <= CY_CHECKSUM_EXCLUDE_SIZE), CY_BOOT: Section .cy_checksum_exclude size exceedes specified limit.)

.cyloadermeta
 *(.cyloadermeta)

.cyloadablemeta
 *(.cyloadablemeta)

.cyconfigecc    0x80000000     0x1038
 *(.cyconfigecc)
 .cyconfigecc   0x80000000     0x1038 .\CortexM3\ARM_GCC_541\Debug\cymetadata.o
                0x80000000                cy_meta_configecc

.cycustnvl      0x90000000        0x4
 *(.cycustnvl)
 .cycustnvl     0x90000000        0x4 .\CortexM3\ARM_GCC_541\Debug\cymetadata.o
                0x90000000                cy_meta_custnvl

.cywolatch      0x90100000        0x4
 *(.cywolatch)
 .cywolatch     0x90100000        0x4 .\CortexM3\ARM_GCC_541\Debug\cymetadata.o
                0x90100000                cy_meta_wonvl

.cyeeprom       0x90200000        0x0
 *(.cyeeprom)
                0x00000001                ASSERT ((. <= ((0x90200000 + ee_offset) + ee_size)), .cyeeprom data will not fit in EEPROM)

.cyflashprotect
                0x90400000      0x100
 *(.cyflashprotect)
 .cyflashprotect
                0x90400000      0x100 .\CortexM3\ARM_GCC_541\Debug\cymetadata.o
                0x90400000                cy_meta_flashprotect

.cymeta         0x90500000        0xc
 *(.cymeta)
 .cymeta        0x90500000        0xc .\CortexM3\ARM_GCC_541\Debug\cymetadata.o
                0x90500000                cy_metadata

.rel.dyn        0x00001998        0x0 load address 0x9050000c
 .rel.iplt      0x00001998        0x0 c:/program files (x86)/cypress/psoc creator/4.2/psoc creator/import/gnu/arm/5.4.1/bin/../lib/gcc/arm-none-eabi/5.4.1/armv7-m/crtbegin.o

.stab
 *(.stab)

.stabstr
 *(.stabstr)

.debug
 *(.debug)

.line
 *(.line)

.debug_srcinfo
 *(.debug_srcinfo)

.debug_sfnames
 *(.debug_sfnames)

.debug_aranges  0x00000000      0xf38
 *(.debug_aranges)
 .debug_aranges
                0x00000000       0x30 .\CortexM3\ARM_GCC_541\Debug\main.o
 .debug_aranges
                0x00000030       0x28 .\CortexM3\ARM_GCC_541\Debug\tacho.o
 .debug_aranges
                0x00000058       0x28 .\CortexM3\ARM_GCC_541\Debug\movement.o
 .debug_aranges
                0x00000080       0x60 .\CortexM3\ARM_GCC_541\Debug\cyfitter_cfg.o
 .debug_aranges
                0x000000e0       0x18 .\CortexM3\ARM_GCC_541\Debug\cymetadata.o
 .debug_aranges
                0x000000f8       0x48 .\CortexM3\ARM_GCC_541\Debug\Cm3Start.o
 .debug_aranges
                0x00000140       0xe8 .\CortexM3\ARM_GCC_541\Debug\Team12_PsoC_benchmark_test.a(USBUART_cdc.o)
 .debug_aranges
                0x00000228       0x98 .\CortexM3\ARM_GCC_541\Debug\Team12_PsoC_benchmark_test.a(USBUART_drv.o)
 .debug_aranges
                0x000002c0       0x80 .\CortexM3\ARM_GCC_541\Debug\Team12_PsoC_benchmark_test.a(USBUART_std.o)
 .debug_aranges
                0x00000340       0x20 .\CortexM3\ARM_GCC_541\Debug\Team12_PsoC_benchmark_test.a(USBUART_vnd.o)
 .debug_aranges
                0x00000360       0xd8 .\CortexM3\ARM_GCC_541\Debug\Team12_PsoC_benchmark_test.a(CyDmac.o)
 .debug_aranges
                0x00000438      0x2a0 .\CortexM3\ARM_GCC_541\Debug\Team12_PsoC_benchmark_test.a(CyLib.o)
 .debug_aranges
                0x000006d8       0x98 .\CortexM3\ARM_GCC_541\Debug\Team12_PsoC_benchmark_test.a(cyPm.o)
 .debug_aranges
                0x00000770       0x78 .\CortexM3\ARM_GCC_541\Debug\Team12_PsoC_benchmark_test.a(PWM_1.o)
 .debug_aranges
                0x000007e8       0x78 .\CortexM3\ARM_GCC_541\Debug\Team12_PsoC_benchmark_test.a(PWM_2.o)
 .debug_aranges
                0x00000860       0x38 .\CortexM3\ARM_GCC_541\Debug\Team12_PsoC_benchmark_test.a(LED.o)
 .debug_aranges
                0x00000898       0x60 .\CortexM3\ARM_GCC_541\Debug\Team12_PsoC_benchmark_test.a(QuadDec_M1.o)
 .debug_aranges
                0x000008f8       0x60 .\CortexM3\ARM_GCC_541\Debug\Team12_PsoC_benchmark_test.a(QuadDec_M2.o)
 .debug_aranges
                0x00000958       0x98 .\CortexM3\ARM_GCC_541\Debug\Team12_PsoC_benchmark_test.a(QuadDec_M1_Cnt16.o)
 .debug_aranges
                0x000009f0       0x98 .\CortexM3\ARM_GCC_541\Debug\Team12_PsoC_benchmark_test.a(QuadDec_M2_Cnt16.o)
 .debug_aranges
                0x00000a88       0x38 .\CortexM3\ARM_GCC_541\Debug\Team12_PsoC_benchmark_test.a(M2_INV.o)
 .debug_aranges
                0x00000ac0       0x38 .\CortexM3\ARM_GCC_541\Debug\Team12_PsoC_benchmark_test.a(Q1.o)
 .debug_aranges
                0x00000af8       0x38 .\CortexM3\ARM_GCC_541\Debug\Team12_PsoC_benchmark_test.a(Q2.o)
 .debug_aranges
                0x00000b30       0x38 .\CortexM3\ARM_GCC_541\Debug\Team12_PsoC_benchmark_test.a(Q5.o)
 .debug_aranges
                0x00000b68       0x38 .\CortexM3\ARM_GCC_541\Debug\Team12_PsoC_benchmark_test.a(Q6.o)
 .debug_aranges
                0x00000ba0       0x38 .\CortexM3\ARM_GCC_541\Debug\Team12_PsoC_benchmark_test.a(Q7.o)
 .debug_aranges
                0x00000bd8       0x38 .\CortexM3\ARM_GCC_541\Debug\Team12_PsoC_benchmark_test.a(Q4.o)
 .debug_aranges
                0x00000c10       0x38 .\CortexM3\ARM_GCC_541\Debug\Team12_PsoC_benchmark_test.a(Q3.o)
 .debug_aranges
                0x00000c48       0x20 .\CortexM3\ARM_GCC_541\Debug\Team12_PsoC_benchmark_test.a(CyBootAsmGnu.o)
 .debug_aranges
                0x00000c68       0xc8 .\CortexM3\ARM_GCC_541\Debug\Team12_PsoC_benchmark_test.a(USBUART.o)
 .debug_aranges
                0x00000d30       0x20 .\CortexM3\ARM_GCC_541\Debug\Team12_PsoC_benchmark_test.a(USBUART_cls.o)
 .debug_aranges
                0x00000d50       0x18 .\CortexM3\ARM_GCC_541\Debug\Team12_PsoC_benchmark_test.a(USBUART_descr.o)
 .debug_aranges
                0x00000d68       0x40 .\CortexM3\ARM_GCC_541\Debug\Team12_PsoC_benchmark_test.a(USBUART_episr.o)
 .debug_aranges
                0x00000da8       0x40 .\CortexM3\ARM_GCC_541\Debug\Team12_PsoC_benchmark_test.a(USBUART_pm.o)
 .debug_aranges
                0x00000de8       0x48 .\CortexM3\ARM_GCC_541\Debug\Team12_PsoC_benchmark_test.a(USBUART_Dp.o)
 .debug_aranges
                0x00000e30       0x88 .\CortexM3\ARM_GCC_541\Debug\Team12_PsoC_benchmark_test.a(CyFlash.o)
 .debug_aranges
                0x00000eb8       0x80 .\CortexM3\ARM_GCC_541\Debug\Team12_PsoC_benchmark_test.a(CySpc.o)

.debug_pubnames
 *(.debug_pubnames)

.debug_info     0x00000000     0x76e0
 *(.debug_info .gnu.linkonce.wi.*)
 .debug_info    0x00000000      0x3a1 .\CortexM3\ARM_GCC_541\Debug\main.o
 .debug_info    0x000003a1      0x14e .\CortexM3\ARM_GCC_541\Debug\tacho.o
 .debug_info    0x000004ef      0x13e .\CortexM3\ARM_GCC_541\Debug\movement.o
 .debug_info    0x0000062d      0x481 .\CortexM3\ARM_GCC_541\Debug\cyfitter_cfg.o
 .debug_info    0x00000aae      0x139 .\CortexM3\ARM_GCC_541\Debug\cymetadata.o
 .debug_info    0x00000be7      0x32b .\CortexM3\ARM_GCC_541\Debug\Cm3Start.o
 .debug_info    0x00000f12      0x924 .\CortexM3\ARM_GCC_541\Debug\Team12_PsoC_benchmark_test.a(USBUART_cdc.o)
 .debug_info    0x00001836      0x52d .\CortexM3\ARM_GCC_541\Debug\Team12_PsoC_benchmark_test.a(USBUART_drv.o)
 .debug_info    0x00001d63      0x961 .\CortexM3\ARM_GCC_541\Debug\Team12_PsoC_benchmark_test.a(USBUART_std.o)
 .debug_info    0x000026c4      0x1a9 .\CortexM3\ARM_GCC_541\Debug\Team12_PsoC_benchmark_test.a(USBUART_vnd.o)
 .debug_info    0x0000286d      0x8c0 .\CortexM3\ARM_GCC_541\Debug\Team12_PsoC_benchmark_test.a(CyDmac.o)
 .debug_info    0x0000312d      0xe51 .\CortexM3\ARM_GCC_541\Debug\Team12_PsoC_benchmark_test.a(CyLib.o)
 .debug_info    0x00003f7e      0x57a .\CortexM3\ARM_GCC_541\Debug\Team12_PsoC_benchmark_test.a(cyPm.o)
 .debug_info    0x000044f8      0x235 .\CortexM3\ARM_GCC_541\Debug\Team12_PsoC_benchmark_test.a(PWM_1.o)
 .debug_info    0x0000472d      0x235 .\CortexM3\ARM_GCC_541\Debug\Team12_PsoC_benchmark_test.a(PWM_2.o)
 .debug_info    0x00004962      0x11e .\CortexM3\ARM_GCC_541\Debug\Team12_PsoC_benchmark_test.a(LED.o)
 .debug_info    0x00004a80      0x208 .\CortexM3\ARM_GCC_541\Debug\Team12_PsoC_benchmark_test.a(QuadDec_M1.o)
 .debug_info    0x00004c88      0x208 .\CortexM3\ARM_GCC_541\Debug\Team12_PsoC_benchmark_test.a(QuadDec_M2.o)
 .debug_info    0x00004e90      0x291 .\CortexM3\ARM_GCC_541\Debug\Team12_PsoC_benchmark_test.a(QuadDec_M1_Cnt16.o)
 .debug_info    0x00005121      0x291 .\CortexM3\ARM_GCC_541\Debug\Team12_PsoC_benchmark_test.a(QuadDec_M2_Cnt16.o)
 .debug_info    0x000053b2      0x11e .\CortexM3\ARM_GCC_541\Debug\Team12_PsoC_benchmark_test.a(M2_INV.o)
 .debug_info    0x000054d0      0x11e .\CortexM3\ARM_GCC_541\Debug\Team12_PsoC_benchmark_test.a(Q1.o)
 .debug_info    0x000055ee      0x11e .\CortexM3\ARM_GCC_541\Debug\Team12_PsoC_benchmark_test.a(Q2.o)
 .debug_info    0x0000570c      0x11e .\CortexM3\ARM_GCC_541\Debug\Team12_PsoC_benchmark_test.a(Q5.o)
 .debug_info    0x0000582a      0x11e .\CortexM3\ARM_GCC_541\Debug\Team12_PsoC_benchmark_test.a(Q6.o)
 .debug_info    0x00005948      0x11e .\CortexM3\ARM_GCC_541\Debug\Team12_PsoC_benchmark_test.a(Q7.o)
 .debug_info    0x00005a66      0x11e .\CortexM3\ARM_GCC_541\Debug\Team12_PsoC_benchmark_test.a(Q4.o)
 .debug_info    0x00005b84      0x11e .\CortexM3\ARM_GCC_541\Debug\Team12_PsoC_benchmark_test.a(Q3.o)
 .debug_info    0x00005ca2       0xcc .\CortexM3\ARM_GCC_541\Debug\Team12_PsoC_benchmark_test.a(CyBootAsmGnu.o)
 .debug_info    0x00005d6e      0x717 .\CortexM3\ARM_GCC_541\Debug\Team12_PsoC_benchmark_test.a(USBUART.o)
 .debug_info    0x00006485      0x1c8 .\CortexM3\ARM_GCC_541\Debug\Team12_PsoC_benchmark_test.a(USBUART_cls.o)
 .debug_info    0x0000664d      0x2e1 .\CortexM3\ARM_GCC_541\Debug\Team12_PsoC_benchmark_test.a(USBUART_descr.o)
 .debug_info    0x0000692e      0x23b .\CortexM3\ARM_GCC_541\Debug\Team12_PsoC_benchmark_test.a(USBUART_episr.o)
 .debug_info    0x00006b69      0x18d .\CortexM3\ARM_GCC_541\Debug\Team12_PsoC_benchmark_test.a(USBUART_pm.o)
 .debug_info    0x00006cf6      0x171 .\CortexM3\ARM_GCC_541\Debug\Team12_PsoC_benchmark_test.a(USBUART_Dp.o)
 .debug_info    0x00006e67      0x3b9 .\CortexM3\ARM_GCC_541\Debug\Team12_PsoC_benchmark_test.a(CyFlash.o)
 .debug_info    0x00007220      0x4c0 .\CortexM3\ARM_GCC_541\Debug\Team12_PsoC_benchmark_test.a(CySpc.o)

.debug_abbrev   0x00000000     0x25da
 *(.debug_abbrev)
 .debug_abbrev  0x00000000      0x109 .\CortexM3\ARM_GCC_541\Debug\main.o
 .debug_abbrev  0x00000109       0x96 .\CortexM3\ARM_GCC_541\Debug\tacho.o
 .debug_abbrev  0x0000019f       0x87 .\CortexM3\ARM_GCC_541\Debug\movement.o
 .debug_abbrev  0x00000226      0x1b7 .\CortexM3\ARM_GCC_541\Debug\cyfitter_cfg.o
 .debug_abbrev  0x000003dd       0x77 .\CortexM3\ARM_GCC_541\Debug\cymetadata.o
 .debug_abbrev  0x00000454      0x1d6 .\CortexM3\ARM_GCC_541\Debug\Cm3Start.o
 .debug_abbrev  0x0000062a      0x233 .\CortexM3\ARM_GCC_541\Debug\Team12_PsoC_benchmark_test.a(USBUART_cdc.o)
 .debug_abbrev  0x0000085d      0x161 .\CortexM3\ARM_GCC_541\Debug\Team12_PsoC_benchmark_test.a(USBUART_drv.o)
 .debug_abbrev  0x000009be      0x1c2 .\CortexM3\ARM_GCC_541\Debug\Team12_PsoC_benchmark_test.a(USBUART_std.o)
 .debug_abbrev  0x00000b80       0xc5 .\CortexM3\ARM_GCC_541\Debug\Team12_PsoC_benchmark_test.a(USBUART_vnd.o)
 .debug_abbrev  0x00000c45      0x194 .\CortexM3\ARM_GCC_541\Debug\Team12_PsoC_benchmark_test.a(CyDmac.o)
 .debug_abbrev  0x00000dd9      0x217 .\CortexM3\ARM_GCC_541\Debug\Team12_PsoC_benchmark_test.a(CyLib.o)
 .debug_abbrev  0x00000ff0      0x161 .\CortexM3\ARM_GCC_541\Debug\Team12_PsoC_benchmark_test.a(cyPm.o)
 .debug_abbrev  0x00001151      0x116 .\CortexM3\ARM_GCC_541\Debug\Team12_PsoC_benchmark_test.a(PWM_1.o)
 .debug_abbrev  0x00001267      0x116 .\CortexM3\ARM_GCC_541\Debug\Team12_PsoC_benchmark_test.a(PWM_2.o)
 .debug_abbrev  0x0000137d       0x90 .\CortexM3\ARM_GCC_541\Debug\Team12_PsoC_benchmark_test.a(LED.o)
 .debug_abbrev  0x0000140d      0x130 .\CortexM3\ARM_GCC_541\Debug\Team12_PsoC_benchmark_test.a(QuadDec_M1.o)
 .debug_abbrev  0x0000153d      0x130 .\CortexM3\ARM_GCC_541\Debug\Team12_PsoC_benchmark_test.a(QuadDec_M2.o)
 .debug_abbrev  0x0000166d      0x12c .\CortexM3\ARM_GCC_541\Debug\Team12_PsoC_benchmark_test.a(QuadDec_M1_Cnt16.o)
 .debug_abbrev  0x00001799      0x12c .\CortexM3\ARM_GCC_541\Debug\Team12_PsoC_benchmark_test.a(QuadDec_M2_Cnt16.o)
 .debug_abbrev  0x000018c5       0x90 .\CortexM3\ARM_GCC_541\Debug\Team12_PsoC_benchmark_test.a(M2_INV.o)
 .debug_abbrev  0x00001955       0x90 .\CortexM3\ARM_GCC_541\Debug\Team12_PsoC_benchmark_test.a(Q1.o)
 .debug_abbrev  0x000019e5       0x90 .\CortexM3\ARM_GCC_541\Debug\Team12_PsoC_benchmark_test.a(Q2.o)
 .debug_abbrev  0x00001a75       0x90 .\CortexM3\ARM_GCC_541\Debug\Team12_PsoC_benchmark_test.a(Q5.o)
 .debug_abbrev  0x00001b05       0x90 .\CortexM3\ARM_GCC_541\Debug\Team12_PsoC_benchmark_test.a(Q6.o)
 .debug_abbrev  0x00001b95       0x90 .\CortexM3\ARM_GCC_541\Debug\Team12_PsoC_benchmark_test.a(Q7.o)
 .debug_abbrev  0x00001c25       0x90 .\CortexM3\ARM_GCC_541\Debug\Team12_PsoC_benchmark_test.a(Q4.o)
 .debug_abbrev  0x00001cb5       0x90 .\CortexM3\ARM_GCC_541\Debug\Team12_PsoC_benchmark_test.a(Q3.o)
 .debug_abbrev  0x00001d45       0x14 .\CortexM3\ARM_GCC_541\Debug\Team12_PsoC_benchmark_test.a(CyBootAsmGnu.o)
 .debug_abbrev  0x00001d59      0x1f3 .\CortexM3\ARM_GCC_541\Debug\Team12_PsoC_benchmark_test.a(USBUART.o)
 .debug_abbrev  0x00001f4c       0xc5 .\CortexM3\ARM_GCC_541\Debug\Team12_PsoC_benchmark_test.a(USBUART_cls.o)
 .debug_abbrev  0x00002011       0xb4 .\CortexM3\ARM_GCC_541\Debug\Team12_PsoC_benchmark_test.a(USBUART_descr.o)
 .debug_abbrev  0x000020c5       0xfd .\CortexM3\ARM_GCC_541\Debug\Team12_PsoC_benchmark_test.a(USBUART_episr.o)
 .debug_abbrev  0x000021c2       0xd1 .\CortexM3\ARM_GCC_541\Debug\Team12_PsoC_benchmark_test.a(USBUART_pm.o)
 .debug_abbrev  0x00002293       0x90 .\CortexM3\ARM_GCC_541\Debug\Team12_PsoC_benchmark_test.a(USBUART_Dp.o)
 .debug_abbrev  0x00002323      0x14b .\CortexM3\ARM_GCC_541\Debug\Team12_PsoC_benchmark_test.a(CyFlash.o)
 .debug_abbrev  0x0000246e      0x16c .\CortexM3\ARM_GCC_541\Debug\Team12_PsoC_benchmark_test.a(CySpc.o)

.debug_line     0x00000000     0x3baa
 *(.debug_line)
 .debug_line    0x00000000      0x235 .\CortexM3\ARM_GCC_541\Debug\main.o
 .debug_line    0x00000235      0x183 .\CortexM3\ARM_GCC_541\Debug\tacho.o
 .debug_line    0x000003b8      0x17f .\CortexM3\ARM_GCC_541\Debug\movement.o
 .debug_line    0x00000537        0x0 .\CortexM3\ARM_GCC_541\Debug\QuadEncoder.o
 .debug_line    0x00000537      0x235 .\CortexM3\ARM_GCC_541\Debug\cyfitter_cfg.o
 .debug_line    0x0000076c      0x141 .\CortexM3\ARM_GCC_541\Debug\cymetadata.o
 .debug_line    0x000008ad      0x1db .\CortexM3\ARM_GCC_541\Debug\Cm3Start.o
 .debug_line    0x00000a88      0x30c .\CortexM3\ARM_GCC_541\Debug\Team12_PsoC_benchmark_test.a(USBUART_cdc.o)
 .debug_line    0x00000d94      0x21f .\CortexM3\ARM_GCC_541\Debug\Team12_PsoC_benchmark_test.a(USBUART_drv.o)
 .debug_line    0x00000fb3      0x470 .\CortexM3\ARM_GCC_541\Debug\Team12_PsoC_benchmark_test.a(USBUART_std.o)
 .debug_line    0x00001423       0x8f .\CortexM3\ARM_GCC_541\Debug\Team12_PsoC_benchmark_test.a(USBUART_vnd.o)
 .debug_line    0x000014b2      0x2b6 .\CortexM3\ARM_GCC_541\Debug\Team12_PsoC_benchmark_test.a(CyDmac.o)
 .debug_line    0x00001768      0x883 .\CortexM3\ARM_GCC_541\Debug\Team12_PsoC_benchmark_test.a(CyLib.o)
 .debug_line    0x00001feb      0x38e .\CortexM3\ARM_GCC_541\Debug\Team12_PsoC_benchmark_test.a(cyPm.o)
 .debug_line    0x00002379      0x140 .\CortexM3\ARM_GCC_541\Debug\Team12_PsoC_benchmark_test.a(PWM_1.o)
 .debug_line    0x000024b9      0x140 .\CortexM3\ARM_GCC_541\Debug\Team12_PsoC_benchmark_test.a(PWM_2.o)
 .debug_line    0x000025f9       0x93 .\CortexM3\ARM_GCC_541\Debug\Team12_PsoC_benchmark_test.a(LED.o)
 .debug_line    0x0000268c      0x10a .\CortexM3\ARM_GCC_541\Debug\Team12_PsoC_benchmark_test.a(QuadDec_M1.o)
 .debug_line    0x00002796      0x10a .\CortexM3\ARM_GCC_541\Debug\Team12_PsoC_benchmark_test.a(QuadDec_M2.o)
 .debug_line    0x000028a0      0x18e .\CortexM3\ARM_GCC_541\Debug\Team12_PsoC_benchmark_test.a(QuadDec_M1_Cnt16.o)
 .debug_line    0x00002a2e      0x18e .\CortexM3\ARM_GCC_541\Debug\Team12_PsoC_benchmark_test.a(QuadDec_M2_Cnt16.o)
 .debug_line    0x00002bbc       0x96 .\CortexM3\ARM_GCC_541\Debug\Team12_PsoC_benchmark_test.a(M2_INV.o)
 .debug_line    0x00002c52       0x92 .\CortexM3\ARM_GCC_541\Debug\Team12_PsoC_benchmark_test.a(Q1.o)
 .debug_line    0x00002ce4       0x92 .\CortexM3\ARM_GCC_541\Debug\Team12_PsoC_benchmark_test.a(Q2.o)
 .debug_line    0x00002d76       0x92 .\CortexM3\ARM_GCC_541\Debug\Team12_PsoC_benchmark_test.a(Q5.o)
 .debug_line    0x00002e08       0x92 .\CortexM3\ARM_GCC_541\Debug\Team12_PsoC_benchmark_test.a(Q6.o)
 .debug_line    0x00002e9a       0x92 .\CortexM3\ARM_GCC_541\Debug\Team12_PsoC_benchmark_test.a(Q7.o)
 .debug_line    0x00002f2c       0x92 .\CortexM3\ARM_GCC_541\Debug\Team12_PsoC_benchmark_test.a(Q4.o)
 .debug_line    0x00002fbe       0x92 .\CortexM3\ARM_GCC_541\Debug\Team12_PsoC_benchmark_test.a(Q3.o)
 .debug_line    0x00003050       0x66 .\CortexM3\ARM_GCC_541\Debug\Team12_PsoC_benchmark_test.a(CyBootAsmGnu.o)
 .debug_line    0x000030b6      0x307 .\CortexM3\ARM_GCC_541\Debug\Team12_PsoC_benchmark_test.a(USBUART.o)
 .debug_line    0x000033bd       0x95 .\CortexM3\ARM_GCC_541\Debug\Team12_PsoC_benchmark_test.a(USBUART_cls.o)
 .debug_line    0x00003452       0x61 .\CortexM3\ARM_GCC_541\Debug\Team12_PsoC_benchmark_test.a(USBUART_descr.o)
 .debug_line    0x000034b3       0xf2 .\CortexM3\ARM_GCC_541\Debug\Team12_PsoC_benchmark_test.a(USBUART_episr.o)
 .debug_line    0x000035a5       0xe6 .\CortexM3\ARM_GCC_541\Debug\Team12_PsoC_benchmark_test.a(USBUART_pm.o)
 .debug_line    0x0000368b       0xbf .\CortexM3\ARM_GCC_541\Debug\Team12_PsoC_benchmark_test.a(USBUART_Dp.o)
 .debug_line    0x0000374a      0x22f .\CortexM3\ARM_GCC_541\Debug\Team12_PsoC_benchmark_test.a(CyFlash.o)
 .debug_line    0x00003979      0x231 .\CortexM3\ARM_GCC_541\Debug\Team12_PsoC_benchmark_test.a(CySpc.o)

.debug_frame    0x00000000     0x3a50
 *(.debug_frame)
 .debug_frame   0x00000000       0x80 .\CortexM3\ARM_GCC_541\Debug\main.o
 .debug_frame   0x00000080       0x60 .\CortexM3\ARM_GCC_541\Debug\tacho.o
 .debug_frame   0x000000e0       0x64 .\CortexM3\ARM_GCC_541\Debug\movement.o
 .debug_frame   0x00000144      0x16c .\CortexM3\ARM_GCC_541\Debug\cyfitter_cfg.o
 .debug_frame   0x000002b0       0xd8 .\CortexM3\ARM_GCC_541\Debug\Cm3Start.o
 .debug_frame   0x00000388      0x3ec .\CortexM3\ARM_GCC_541\Debug\Team12_PsoC_benchmark_test.a(USBUART_cdc.o)
 .debug_frame   0x00000774      0x23c .\CortexM3\ARM_GCC_541\Debug\Team12_PsoC_benchmark_test.a(USBUART_drv.o)
 .debug_frame   0x000009b0      0x224 .\CortexM3\ARM_GCC_541\Debug\Team12_PsoC_benchmark_test.a(USBUART_std.o)
 .debug_frame   0x00000bd4       0x38 .\CortexM3\ARM_GCC_541\Debug\Team12_PsoC_benchmark_test.a(USBUART_vnd.o)
 .debug_frame   0x00000c0c      0x3d0 .\CortexM3\ARM_GCC_541\Debug\Team12_PsoC_benchmark_test.a(CyDmac.o)
 .debug_frame   0x00000fdc      0xc0c .\CortexM3\ARM_GCC_541\Debug\Team12_PsoC_benchmark_test.a(CyLib.o)
 .debug_frame   0x00001be8      0x234 .\CortexM3\ARM_GCC_541\Debug\Team12_PsoC_benchmark_test.a(cyPm.o)
 .debug_frame   0x00001e1c      0x1d0 .\CortexM3\ARM_GCC_541\Debug\Team12_PsoC_benchmark_test.a(PWM_1.o)
 .debug_frame   0x00001fec      0x1d0 .\CortexM3\ARM_GCC_541\Debug\Team12_PsoC_benchmark_test.a(PWM_2.o)
 .debug_frame   0x000021bc       0xa8 .\CortexM3\ARM_GCC_541\Debug\Team12_PsoC_benchmark_test.a(LED.o)
 .debug_frame   0x00002264      0x160 .\CortexM3\ARM_GCC_541\Debug\Team12_PsoC_benchmark_test.a(QuadDec_M1.o)
 .debug_frame   0x000023c4      0x160 .\CortexM3\ARM_GCC_541\Debug\Team12_PsoC_benchmark_test.a(QuadDec_M2.o)
 .debug_frame   0x00002524      0x258 .\CortexM3\ARM_GCC_541\Debug\Team12_PsoC_benchmark_test.a(QuadDec_M1_Cnt16.o)
 .debug_frame   0x0000277c      0x258 .\CortexM3\ARM_GCC_541\Debug\Team12_PsoC_benchmark_test.a(QuadDec_M2_Cnt16.o)
 .debug_frame   0x000029d4       0xa8 .\CortexM3\ARM_GCC_541\Debug\Team12_PsoC_benchmark_test.a(M2_INV.o)
 .debug_frame   0x00002a7c       0xa8 .\CortexM3\ARM_GCC_541\Debug\Team12_PsoC_benchmark_test.a(Q1.o)
 .debug_frame   0x00002b24       0xa8 .\CortexM3\ARM_GCC_541\Debug\Team12_PsoC_benchmark_test.a(Q2.o)
 .debug_frame   0x00002bcc       0xa8 .\CortexM3\ARM_GCC_541\Debug\Team12_PsoC_benchmark_test.a(Q5.o)
 .debug_frame   0x00002c74       0xa8 .\CortexM3\ARM_GCC_541\Debug\Team12_PsoC_benchmark_test.a(Q6.o)
 .debug_frame   0x00002d1c       0xa8 .\CortexM3\ARM_GCC_541\Debug\Team12_PsoC_benchmark_test.a(Q7.o)
 .debug_frame   0x00002dc4       0xa8 .\CortexM3\ARM_GCC_541\Debug\Team12_PsoC_benchmark_test.a(Q4.o)
 .debug_frame   0x00002e6c       0xa8 .\CortexM3\ARM_GCC_541\Debug\Team12_PsoC_benchmark_test.a(Q3.o)
 .debug_frame   0x00002f14      0x37c .\CortexM3\ARM_GCC_541\Debug\Team12_PsoC_benchmark_test.a(USBUART.o)
 .debug_frame   0x00003290       0x38 .\CortexM3\ARM_GCC_541\Debug\Team12_PsoC_benchmark_test.a(USBUART_cls.o)
 .debug_frame   0x000032c8       0xbc .\CortexM3\ARM_GCC_541\Debug\Team12_PsoC_benchmark_test.a(USBUART_episr.o)
 .debug_frame   0x00003384       0xbc .\CortexM3\ARM_GCC_541\Debug\Team12_PsoC_benchmark_test.a(USBUART_pm.o)
 .debug_frame   0x00003440       0xf4 .\CortexM3\ARM_GCC_541\Debug\Team12_PsoC_benchmark_test.a(USBUART_Dp.o)
 .debug_frame   0x00003534      0x238 .\CortexM3\ARM_GCC_541\Debug\Team12_PsoC_benchmark_test.a(CyFlash.o)
 .debug_frame   0x0000376c      0x228 .\CortexM3\ARM_GCC_541\Debug\Team12_PsoC_benchmark_test.a(CySpc.o)
 .debug_frame   0x00003994       0x20 c:/program files (x86)/cypress/psoc creator/4.2/psoc creator/import/gnu/arm/5.4.1/bin/../lib/gcc/arm-none-eabi/5.4.1/../../../../arm-none-eabi/lib/armv7-m\libg_nano.a(lib_a-errno.o)
 .debug_frame   0x000039b4       0x28 c:/program files (x86)/cypress/psoc creator/4.2/psoc creator/import/gnu/arm/5.4.1/bin/../lib/gcc/arm-none-eabi/5.4.1/../../../../arm-none-eabi/lib/armv7-m\libg_nano.a(lib_a-exit.o)
 .debug_frame   0x000039dc       0x2c c:/program files (x86)/cypress/psoc creator/4.2/psoc creator/import/gnu/arm/5.4.1/bin/../lib/gcc/arm-none-eabi/5.4.1/../../../../arm-none-eabi/lib/armv7-m\libg_nano.a(lib_a-init.o)
 .debug_frame   0x00003a08       0x28 c:/program files (x86)/cypress/psoc creator/4.2/psoc creator/import/gnu/arm/5.4.1/bin/../lib/gcc/arm-none-eabi/5.4.1/../../../../arm-none-eabi/lib/armv7-m\libg_nano.a(lib_a-memcpy-stub.o)
 .debug_frame   0x00003a30       0x20 c:/program files (x86)/cypress/psoc creator/4.2/psoc creator/import/gnu/arm/5.4.1/bin/../lib/gcc/arm-none-eabi/5.4.1/../../../../arm-none-eabi/lib/armv7-m\libg_nano.a(lib_a-memset.o)

.debug_str      0x00000000     0x3573
 *(.debug_str)
 .debug_str     0x00000000      0x33b .\CortexM3\ARM_GCC_541\Debug\main.o
                                0x3b8 (size before relaxing)
 .debug_str     0x0000033b       0x37 .\CortexM3\ARM_GCC_541\Debug\tacho.o
                                0x213 (size before relaxing)
 .debug_str     0x00000372       0x65 .\CortexM3\ARM_GCC_541\Debug\movement.o
                                0x243 (size before relaxing)
 .debug_str     0x000003d7        0xe .\CortexM3\ARM_GCC_541\Debug\QuadEncoder.o
                                0x11a (size before relaxing)
 .debug_str     0x000003e5      0x1a9 .\CortexM3\ARM_GCC_541\Debug\cyfitter_cfg.o
                                0x37a (size before relaxing)
 .debug_str     0x0000058e       0x75 .\CortexM3\ARM_GCC_541\Debug\cymetadata.o
                                0x220 (size before relaxing)
 .debug_str     0x00000603      0x11d .\CortexM3\ARM_GCC_541\Debug\Cm3Start.o
                                0x313 (size before relaxing)
 .debug_str     0x00000720      0x566 .\CortexM3\ARM_GCC_541\Debug\Team12_PsoC_benchmark_test.a(USBUART_cdc.o)
                                0x756 (size before relaxing)
 .debug_str     0x00000c86      0x34b .\CortexM3\ARM_GCC_541\Debug\Team12_PsoC_benchmark_test.a(USBUART_drv.o)
                                0x636 (size before relaxing)
 .debug_str     0x00000fd1      0x370 .\CortexM3\ARM_GCC_541\Debug\Team12_PsoC_benchmark_test.a(USBUART_std.o)
                                0x796 (size before relaxing)
 .debug_str     0x00001341       0x5f .\CortexM3\ARM_GCC_541\Debug\Team12_PsoC_benchmark_test.a(USBUART_vnd.o)
                                0x2b3 (size before relaxing)
 .debug_str     0x000013a0      0x349 .\CortexM3\ARM_GCC_541\Debug\Team12_PsoC_benchmark_test.a(CyDmac.o)
                                0x559 (size before relaxing)
 .debug_str     0x000016e9      0x7d5 .\CortexM3\ARM_GCC_541\Debug\Team12_PsoC_benchmark_test.a(CyLib.o)
                                0xa26 (size before relaxing)
 .debug_str     0x00001ebe      0x371 .\CortexM3\ARM_GCC_541\Debug\Team12_PsoC_benchmark_test.a(cyPm.o)
                                0x57f (size before relaxing)
 .debug_str     0x0000222f      0x13a .\CortexM3\ARM_GCC_541\Debug\Team12_PsoC_benchmark_test.a(PWM_1.o)
                                0x309 (size before relaxing)
 .debug_str     0x00002369      0x109 .\CortexM3\ARM_GCC_541\Debug\Team12_PsoC_benchmark_test.a(PWM_2.o)
                                0x309 (size before relaxing)
 .debug_str     0x00002472       0x5c .\CortexM3\ARM_GCC_541\Debug\Team12_PsoC_benchmark_test.a(LED.o)
                                0x214 (size before relaxing)
 .debug_str     0x000024ce      0x10b .\CortexM3\ARM_GCC_541\Debug\Team12_PsoC_benchmark_test.a(QuadDec_M1.o)
                                0x2f1 (size before relaxing)
 .debug_str     0x000025d9       0xf3 .\CortexM3\ARM_GCC_541\Debug\Team12_PsoC_benchmark_test.a(QuadDec_M2.o)
                                0x2f1 (size before relaxing)
 .debug_str     0x000026cc      0x24d .\CortexM3\ARM_GCC_541\Debug\Team12_PsoC_benchmark_test.a(QuadDec_M1_Cnt16.o)
                                0x438 (size before relaxing)
 .debug_str     0x00002919      0x236 .\CortexM3\ARM_GCC_541\Debug\Team12_PsoC_benchmark_test.a(QuadDec_M2_Cnt16.o)
                                0x438 (size before relaxing)
 .debug_str     0x00002b4f       0x60 .\CortexM3\ARM_GCC_541\Debug\Team12_PsoC_benchmark_test.a(M2_INV.o)
                                0x223 (size before relaxing)
 .debug_str     0x00002baf       0x4c .\CortexM3\ARM_GCC_541\Debug\Team12_PsoC_benchmark_test.a(Q1.o)
                                0x20f (size before relaxing)
 .debug_str     0x00002bfb       0x4c .\CortexM3\ARM_GCC_541\Debug\Team12_PsoC_benchmark_test.a(Q2.o)
                                0x20f (size before relaxing)
 .debug_str     0x00002c47       0x4c .\CortexM3\ARM_GCC_541\Debug\Team12_PsoC_benchmark_test.a(Q5.o)
                                0x20f (size before relaxing)
 .debug_str     0x00002c93       0x4c .\CortexM3\ARM_GCC_541\Debug\Team12_PsoC_benchmark_test.a(Q6.o)
                                0x20f (size before relaxing)
 .debug_str     0x00002cdf       0x4c .\CortexM3\ARM_GCC_541\Debug\Team12_PsoC_benchmark_test.a(Q7.o)
                                0x20f (size before relaxing)
 .debug_str     0x00002d2b       0x4c .\CortexM3\ARM_GCC_541\Debug\Team12_PsoC_benchmark_test.a(Q4.o)
                                0x20f (size before relaxing)
 .debug_str     0x00002d77       0x4c .\CortexM3\ARM_GCC_541\Debug\Team12_PsoC_benchmark_test.a(Q3.o)
                                0x20f (size before relaxing)
 .debug_str     0x00002dc3      0x214 .\CortexM3\ARM_GCC_541\Debug\Team12_PsoC_benchmark_test.a(USBUART.o)
                                0x627 (size before relaxing)
 .debug_str     0x00002fd7       0x3f .\CortexM3\ARM_GCC_541\Debug\Team12_PsoC_benchmark_test.a(USBUART_cls.o)
                                0x2cb (size before relaxing)
 .debug_str     0x00003016      0x104 .\CortexM3\ARM_GCC_541\Debug\Team12_PsoC_benchmark_test.a(USBUART_descr.o)
                                0x3ce (size before relaxing)
 .debug_str     0x0000311a       0x80 .\CortexM3\ARM_GCC_541\Debug\Team12_PsoC_benchmark_test.a(USBUART_episr.o)
                                0x303 (size before relaxing)
 .debug_str     0x0000319a       0xac .\CortexM3\ARM_GCC_541\Debug\Team12_PsoC_benchmark_test.a(USBUART_pm.o)
                                0x2a7 (size before relaxing)
 .debug_str     0x00003246       0xaa .\CortexM3\ARM_GCC_541\Debug\Team12_PsoC_benchmark_test.a(USBUART_Dp.o)
                                0x27d (size before relaxing)
 .debug_str     0x000032f0      0x156 .\CortexM3\ARM_GCC_541\Debug\Team12_PsoC_benchmark_test.a(CyFlash.o)
                                0x343 (size before relaxing)
 .debug_str     0x00003446      0x12d .\CortexM3\ARM_GCC_541\Debug\Team12_PsoC_benchmark_test.a(CySpc.o)
                                0x33d (size before relaxing)

.debug_loc
 *(.debug_loc)

.debug_macinfo
 *(.debug_macinfo)

.debug_ranges   0x00000000      0xcc8
 *(.debug_ranges)
 .debug_ranges  0x00000000       0x20 .\CortexM3\ARM_GCC_541\Debug\main.o
 .debug_ranges  0x00000020       0x18 .\CortexM3\ARM_GCC_541\Debug\tacho.o
 .debug_ranges  0x00000038       0x18 .\CortexM3\ARM_GCC_541\Debug\movement.o
 .debug_ranges  0x00000050       0x50 .\CortexM3\ARM_GCC_541\Debug\cyfitter_cfg.o
 .debug_ranges  0x000000a0       0x38 .\CortexM3\ARM_GCC_541\Debug\Cm3Start.o
 .debug_ranges  0x000000d8       0xd8 .\CortexM3\ARM_GCC_541\Debug\Team12_PsoC_benchmark_test.a(USBUART_cdc.o)
 .debug_ranges  0x000001b0       0x88 .\CortexM3\ARM_GCC_541\Debug\Team12_PsoC_benchmark_test.a(USBUART_drv.o)
 .debug_ranges  0x00000238       0x70 .\CortexM3\ARM_GCC_541\Debug\Team12_PsoC_benchmark_test.a(USBUART_std.o)
 .debug_ranges  0x000002a8       0x10 .\CortexM3\ARM_GCC_541\Debug\Team12_PsoC_benchmark_test.a(USBUART_vnd.o)
 .debug_ranges  0x000002b8       0xc8 .\CortexM3\ARM_GCC_541\Debug\Team12_PsoC_benchmark_test.a(CyDmac.o)
 .debug_ranges  0x00000380      0x290 .\CortexM3\ARM_GCC_541\Debug\Team12_PsoC_benchmark_test.a(CyLib.o)
 .debug_ranges  0x00000610       0x88 .\CortexM3\ARM_GCC_541\Debug\Team12_PsoC_benchmark_test.a(cyPm.o)
 .debug_ranges  0x00000698       0x68 .\CortexM3\ARM_GCC_541\Debug\Team12_PsoC_benchmark_test.a(PWM_1.o)
 .debug_ranges  0x00000700       0x68 .\CortexM3\ARM_GCC_541\Debug\Team12_PsoC_benchmark_test.a(PWM_2.o)
 .debug_ranges  0x00000768       0x28 .\CortexM3\ARM_GCC_541\Debug\Team12_PsoC_benchmark_test.a(LED.o)
 .debug_ranges  0x00000790       0x50 .\CortexM3\ARM_GCC_541\Debug\Team12_PsoC_benchmark_test.a(QuadDec_M1.o)
 .debug_ranges  0x000007e0       0x50 .\CortexM3\ARM_GCC_541\Debug\Team12_PsoC_benchmark_test.a(QuadDec_M2.o)
 .debug_ranges  0x00000830       0x88 .\CortexM3\ARM_GCC_541\Debug\Team12_PsoC_benchmark_test.a(QuadDec_M1_Cnt16.o)
 .debug_ranges  0x000008b8       0x88 .\CortexM3\ARM_GCC_541\Debug\Team12_PsoC_benchmark_test.a(QuadDec_M2_Cnt16.o)
 .debug_ranges  0x00000940       0x28 .\CortexM3\ARM_GCC_541\Debug\Team12_PsoC_benchmark_test.a(M2_INV.o)
 .debug_ranges  0x00000968       0x28 .\CortexM3\ARM_GCC_541\Debug\Team12_PsoC_benchmark_test.a(Q1.o)
 .debug_ranges  0x00000990       0x28 .\CortexM3\ARM_GCC_541\Debug\Team12_PsoC_benchmark_test.a(Q2.o)
 .debug_ranges  0x000009b8       0x28 .\CortexM3\ARM_GCC_541\Debug\Team12_PsoC_benchmark_test.a(Q5.o)
 .debug_ranges  0x000009e0       0x28 .\CortexM3\ARM_GCC_541\Debug\Team12_PsoC_benchmark_test.a(Q6.o)
 .debug_ranges  0x00000a08       0x28 .\CortexM3\ARM_GCC_541\Debug\Team12_PsoC_benchmark_test.a(Q7.o)
 .debug_ranges  0x00000a30       0x28 .\CortexM3\ARM_GCC_541\Debug\Team12_PsoC_benchmark_test.a(Q4.o)
 .debug_ranges  0x00000a58       0x28 .\CortexM3\ARM_GCC_541\Debug\Team12_PsoC_benchmark_test.a(Q3.o)
 .debug_ranges  0x00000a80       0xb8 .\CortexM3\ARM_GCC_541\Debug\Team12_PsoC_benchmark_test.a(USBUART.o)
 .debug_ranges  0x00000b38       0x10 .\CortexM3\ARM_GCC_541\Debug\Team12_PsoC_benchmark_test.a(USBUART_cls.o)
 .debug_ranges  0x00000b48       0x30 .\CortexM3\ARM_GCC_541\Debug\Team12_PsoC_benchmark_test.a(USBUART_episr.o)
 .debug_ranges  0x00000b78       0x30 .\CortexM3\ARM_GCC_541\Debug\Team12_PsoC_benchmark_test.a(USBUART_pm.o)
 .debug_ranges  0x00000ba8       0x38 .\CortexM3\ARM_GCC_541\Debug\Team12_PsoC_benchmark_test.a(USBUART_Dp.o)
 .debug_ranges  0x00000be0       0x78 .\CortexM3\ARM_GCC_541\Debug\Team12_PsoC_benchmark_test.a(CyFlash.o)
 .debug_ranges  0x00000c58       0x70 .\CortexM3\ARM_GCC_541\Debug\Team12_PsoC_benchmark_test.a(CySpc.o)

.comment        0x00000000       0x6e
 .comment       0x00000000       0x6e .\CortexM3\ARM_GCC_541\Debug\main.o
                                 0x6f (size before relaxing)
 .comment       0x0000006e       0x6f .\CortexM3\ARM_GCC_541\Debug\tacho.o
 .comment       0x0000006e       0x6f .\CortexM3\ARM_GCC_541\Debug\movement.o
 .comment       0x0000006e       0x6f .\CortexM3\ARM_GCC_541\Debug\QuadEncoder.o
 .comment       0x0000006e       0x6f .\CortexM3\ARM_GCC_541\Debug\cyfitter_cfg.o
 .comment       0x0000006e       0x6f .\CortexM3\ARM_GCC_541\Debug\cymetadata.o
 .comment       0x0000006e       0x6f .\CortexM3\ARM_GCC_541\Debug\Cm3Start.o
 .comment       0x0000006e       0x6f .\CortexM3\ARM_GCC_541\Debug\Team12_PsoC_benchmark_test.a(USBUART_cdc.o)
 .comment       0x0000006e       0x6f .\CortexM3\ARM_GCC_541\Debug\Team12_PsoC_benchmark_test.a(USBUART_drv.o)
 .comment       0x0000006e       0x6f .\CortexM3\ARM_GCC_541\Debug\Team12_PsoC_benchmark_test.a(USBUART_std.o)
 .comment       0x0000006e       0x6f .\CortexM3\ARM_GCC_541\Debug\Team12_PsoC_benchmark_test.a(USBUART_vnd.o)
 .comment       0x0000006e       0x6f .\CortexM3\ARM_GCC_541\Debug\Team12_PsoC_benchmark_test.a(CyDmac.o)
 .comment       0x0000006e       0x6f .\CortexM3\ARM_GCC_541\Debug\Team12_PsoC_benchmark_test.a(CyLib.o)
 .comment       0x0000006e       0x6f .\CortexM3\ARM_GCC_541\Debug\Team12_PsoC_benchmark_test.a(cyPm.o)
 .comment       0x0000006e       0x6f .\CortexM3\ARM_GCC_541\Debug\Team12_PsoC_benchmark_test.a(PWM_1.o)
 .comment       0x0000006e       0x6f .\CortexM3\ARM_GCC_541\Debug\Team12_PsoC_benchmark_test.a(PWM_2.o)
 .comment       0x0000006e       0x6f .\CortexM3\ARM_GCC_541\Debug\Team12_PsoC_benchmark_test.a(LED.o)
 .comment       0x0000006e       0x6f .\CortexM3\ARM_GCC_541\Debug\Team12_PsoC_benchmark_test.a(QuadDec_M1.o)
 .comment       0x0000006e       0x6f .\CortexM3\ARM_GCC_541\Debug\Team12_PsoC_benchmark_test.a(QuadDec_M2.o)
 .comment       0x0000006e       0x6f .\CortexM3\ARM_GCC_541\Debug\Team12_PsoC_benchmark_test.a(QuadDec_M1_Cnt16.o)
 .comment       0x0000006e       0x6f .\CortexM3\ARM_GCC_541\Debug\Team12_PsoC_benchmark_test.a(QuadDec_M2_Cnt16.o)
 .comment       0x0000006e       0x6f .\CortexM3\ARM_GCC_541\Debug\Team12_PsoC_benchmark_test.a(M2_INV.o)
 .comment       0x0000006e       0x6f .\CortexM3\ARM_GCC_541\Debug\Team12_PsoC_benchmark_test.a(Q1.o)
 .comment       0x0000006e       0x6f .\CortexM3\ARM_GCC_541\Debug\Team12_PsoC_benchmark_test.a(Q2.o)
 .comment       0x0000006e       0x6f .\CortexM3\ARM_GCC_541\Debug\Team12_PsoC_benchmark_test.a(Q5.o)
 .comment       0x0000006e       0x6f .\CortexM3\ARM_GCC_541\Debug\Team12_PsoC_benchmark_test.a(Q6.o)
 .comment       0x0000006e       0x6f .\CortexM3\ARM_GCC_541\Debug\Team12_PsoC_benchmark_test.a(Q7.o)
 .comment       0x0000006e       0x6f .\CortexM3\ARM_GCC_541\Debug\Team12_PsoC_benchmark_test.a(Q4.o)
 .comment       0x0000006e       0x6f .\CortexM3\ARM_GCC_541\Debug\Team12_PsoC_benchmark_test.a(Q3.o)
 .comment       0x0000006e       0x6f .\CortexM3\ARM_GCC_541\Debug\Team12_PsoC_benchmark_test.a(USBUART.o)
 .comment       0x0000006e       0x6f .\CortexM3\ARM_GCC_541\Debug\Team12_PsoC_benchmark_test.a(USBUART_cls.o)
 .comment       0x0000006e       0x6f .\CortexM3\ARM_GCC_541\Debug\Team12_PsoC_benchmark_test.a(USBUART_descr.o)
 .comment       0x0000006e       0x6f .\CortexM3\ARM_GCC_541\Debug\Team12_PsoC_benchmark_test.a(USBUART_episr.o)
 .comment       0x0000006e       0x6f .\CortexM3\ARM_GCC_541\Debug\Team12_PsoC_benchmark_test.a(USBUART_pm.o)
 .comment       0x0000006e       0x6f .\CortexM3\ARM_GCC_541\Debug\Team12_PsoC_benchmark_test.a(USBUART_Dp.o)
 .comment       0x0000006e       0x6f .\CortexM3\ARM_GCC_541\Debug\Team12_PsoC_benchmark_test.a(CyFlash.o)
 .comment       0x0000006e       0x6f .\CortexM3\ARM_GCC_541\Debug\Team12_PsoC_benchmark_test.a(CySpc.o)

.debug_weaknames
 *(.debug_weaknames)

.debug_funcnames
 *(.debug_funcnames)

.debug_typenames
 *(.debug_typenames)

.debug_varnames
 *(.debug_varnames)

.note.gnu.arm.ident
 *(.note.gnu.arm.ident)

.ARM.attributes
                0x00000000       0x29
 *(.ARM.attributes)
 .ARM.attributes
                0x00000000       0x1d c:/program files (x86)/cypress/psoc creator/4.2/psoc creator/import/gnu/arm/5.4.1/bin/../lib/gcc/arm-none-eabi/5.4.1/armv7-m/crti.o
 .ARM.attributes
                0x0000001d       0x2d c:/program files (x86)/cypress/psoc creator/4.2/psoc creator/import/gnu/arm/5.4.1/bin/../lib/gcc/arm-none-eabi/5.4.1/armv7-m/crtbegin.o
 .ARM.attributes
                0x0000004a       0x1b c:/program files (x86)/cypress/psoc creator/4.2/psoc creator/import/gnu/arm/5.4.1/bin/../lib/gcc/arm-none-eabi/5.4.1/../../../../arm-none-eabi/lib/armv7-m/crt0.o
 .ARM.attributes
                0x00000065       0x33 .\CortexM3\ARM_GCC_541\Debug\main.o
 .ARM.attributes
                0x00000098       0x33 .\CortexM3\ARM_GCC_541\Debug\tacho.o
 .ARM.attributes
                0x000000cb       0x33 .\CortexM3\ARM_GCC_541\Debug\movement.o
 .ARM.attributes
                0x000000fe       0x33 .\CortexM3\ARM_GCC_541\Debug\QuadEncoder.o
 .ARM.attributes
                0x00000131       0x33 .\CortexM3\ARM_GCC_541\Debug\cyfitter_cfg.o
 .ARM.attributes
                0x00000164       0x33 .\CortexM3\ARM_GCC_541\Debug\cymetadata.o
 .ARM.attributes
                0x00000197       0x33 .\CortexM3\ARM_GCC_541\Debug\Cm3Start.o
 .ARM.attributes
                0x000001ca       0x33 .\CortexM3\ARM_GCC_541\Debug\Team12_PsoC_benchmark_test.a(USBUART_cdc.o)
 .ARM.attributes
                0x000001fd       0x33 .\CortexM3\ARM_GCC_541\Debug\Team12_PsoC_benchmark_test.a(USBUART_drv.o)
 .ARM.attributes
                0x00000230       0x33 .\CortexM3\ARM_GCC_541\Debug\Team12_PsoC_benchmark_test.a(USBUART_std.o)
 .ARM.attributes
                0x00000263       0x33 .\CortexM3\ARM_GCC_541\Debug\Team12_PsoC_benchmark_test.a(USBUART_vnd.o)
 .ARM.attributes
                0x00000296       0x33 .\CortexM3\ARM_GCC_541\Debug\Team12_PsoC_benchmark_test.a(CyDmac.o)
 .ARM.attributes
                0x000002c9       0x33 .\CortexM3\ARM_GCC_541\Debug\Team12_PsoC_benchmark_test.a(CyLib.o)
 .ARM.attributes
                0x000002fc       0x33 .\CortexM3\ARM_GCC_541\Debug\Team12_PsoC_benchmark_test.a(cyPm.o)
 .ARM.attributes
                0x0000032f       0x33 .\CortexM3\ARM_GCC_541\Debug\Team12_PsoC_benchmark_test.a(PWM_1.o)
 .ARM.attributes
                0x00000362       0x33 .\CortexM3\ARM_GCC_541\Debug\Team12_PsoC_benchmark_test.a(PWM_2.o)
 .ARM.attributes
                0x00000395       0x33 .\CortexM3\ARM_GCC_541\Debug\Team12_PsoC_benchmark_test.a(LED.o)
 .ARM.attributes
                0x000003c8       0x33 .\CortexM3\ARM_GCC_541\Debug\Team12_PsoC_benchmark_test.a(QuadDec_M1.o)
 .ARM.attributes
                0x000003fb       0x33 .\CortexM3\ARM_GCC_541\Debug\Team12_PsoC_benchmark_test.a(QuadDec_M2.o)
 .ARM.attributes
                0x0000042e       0x33 .\CortexM3\ARM_GCC_541\Debug\Team12_PsoC_benchmark_test.a(QuadDec_M1_Cnt16.o)
 .ARM.attributes
                0x00000461       0x33 .\CortexM3\ARM_GCC_541\Debug\Team12_PsoC_benchmark_test.a(QuadDec_M2_Cnt16.o)
 .ARM.attributes
                0x00000494       0x33 .\CortexM3\ARM_GCC_541\Debug\Team12_PsoC_benchmark_test.a(M2_INV.o)
 .ARM.attributes
                0x000004c7       0x33 .\CortexM3\ARM_GCC_541\Debug\Team12_PsoC_benchmark_test.a(Q1.o)
 .ARM.attributes
                0x000004fa       0x33 .\CortexM3\ARM_GCC_541\Debug\Team12_PsoC_benchmark_test.a(Q2.o)
 .ARM.attributes
                0x0000052d       0x33 .\CortexM3\ARM_GCC_541\Debug\Team12_PsoC_benchmark_test.a(Q5.o)
 .ARM.attributes
                0x00000560       0x33 .\CortexM3\ARM_GCC_541\Debug\Team12_PsoC_benchmark_test.a(Q6.o)
 .ARM.attributes
                0x00000593       0x33 .\CortexM3\ARM_GCC_541\Debug\Team12_PsoC_benchmark_test.a(Q7.o)
 .ARM.attributes
                0x000005c6       0x33 .\CortexM3\ARM_GCC_541\Debug\Team12_PsoC_benchmark_test.a(Q4.o)
 .ARM.attributes
                0x000005f9       0x33 .\CortexM3\ARM_GCC_541\Debug\Team12_PsoC_benchmark_test.a(Q3.o)
 .ARM.attributes
                0x0000062c       0x21 .\CortexM3\ARM_GCC_541\Debug\Team12_PsoC_benchmark_test.a(CyBootAsmGnu.o)
 .ARM.attributes
                0x0000064d       0x33 .\CortexM3\ARM_GCC_541\Debug\Team12_PsoC_benchmark_test.a(USBUART.o)
 .ARM.attributes
                0x00000680       0x33 .\CortexM3\ARM_GCC_541\Debug\Team12_PsoC_benchmark_test.a(USBUART_cls.o)
 .ARM.attributes
                0x000006b3       0x33 .\CortexM3\ARM_GCC_541\Debug\Team12_PsoC_benchmark_test.a(USBUART_descr.o)
 .ARM.attributes
                0x000006e6       0x33 .\CortexM3\ARM_GCC_541\Debug\Team12_PsoC_benchmark_test.a(USBUART_episr.o)
 .ARM.attributes
                0x00000719       0x33 .\CortexM3\ARM_GCC_541\Debug\Team12_PsoC_benchmark_test.a(USBUART_pm.o)
 .ARM.attributes
                0x0000074c       0x33 .\CortexM3\ARM_GCC_541\Debug\Team12_PsoC_benchmark_test.a(USBUART_Dp.o)
 .ARM.attributes
                0x0000077f       0x33 .\CortexM3\ARM_GCC_541\Debug\Team12_PsoC_benchmark_test.a(CyFlash.o)
 .ARM.attributes
                0x000007b2       0x33 .\CortexM3\ARM_GCC_541\Debug\Team12_PsoC_benchmark_test.a(CySpc.o)
 .ARM.attributes
                0x000007e5       0x1d c:/program files (x86)/cypress/psoc creator/4.2/psoc creator/import/gnu/arm/5.4.1/bin/../lib/gcc/arm-none-eabi/5.4.1/armv7-m\libgcc.a(_arm_addsubdf3.o)
 .ARM.attributes
                0x00000802       0x1d c:/program files (x86)/cypress/psoc creator/4.2/psoc creator/import/gnu/arm/5.4.1/bin/../lib/gcc/arm-none-eabi/5.4.1/armv7-m\libgcc.a(_arm_muldivdf3.o)
 .ARM.attributes
                0x0000081f       0x1d c:/program files (x86)/cypress/psoc creator/4.2/psoc creator/import/gnu/arm/5.4.1/bin/../lib/gcc/arm-none-eabi/5.4.1/armv7-m\libgcc.a(_arm_fixunsdfsi.o)
 .ARM.attributes
                0x0000083c       0x1d c:/program files (x86)/cypress/psoc creator/4.2/psoc creator/import/gnu/arm/5.4.1/bin/../lib/gcc/arm-none-eabi/5.4.1/armv7-m\libgcc.a(_arm_addsubsf3.o)
 .ARM.attributes
                0x00000859       0x2d c:/program files (x86)/cypress/psoc creator/4.2/psoc creator/import/gnu/arm/5.4.1/bin/../lib/gcc/arm-none-eabi/5.4.1/../../../../arm-none-eabi/lib/armv7-m\libg_nano.a(lib_a-errno.o)
 .ARM.attributes
                0x00000886       0x2d c:/program files (x86)/cypress/psoc creator/4.2/psoc creator/import/gnu/arm/5.4.1/bin/../lib/gcc/arm-none-eabi/5.4.1/../../../../arm-none-eabi/lib/armv7-m\libg_nano.a(lib_a-exit.o)
 .ARM.attributes
                0x000008b3       0x2d c:/program files (x86)/cypress/psoc creator/4.2/psoc creator/import/gnu/arm/5.4.1/bin/../lib/gcc/arm-none-eabi/5.4.1/../../../../arm-none-eabi/lib/armv7-m\libg_nano.a(lib_a-impure.o)
 .ARM.attributes
                0x000008e0       0x2d c:/program files (x86)/cypress/psoc creator/4.2/psoc creator/import/gnu/arm/5.4.1/bin/../lib/gcc/arm-none-eabi/5.4.1/../../../../arm-none-eabi/lib/armv7-m\libg_nano.a(lib_a-init.o)
 .ARM.attributes
                0x0000090d       0x2d c:/program files (x86)/cypress/psoc creator/4.2/psoc creator/import/gnu/arm/5.4.1/bin/../lib/gcc/arm-none-eabi/5.4.1/../../../../arm-none-eabi/lib/armv7-m\libg_nano.a(lib_a-memcpy-stub.o)
 .ARM.attributes
                0x0000093a       0x2d c:/program files (x86)/cypress/psoc creator/4.2/psoc creator/import/gnu/arm/5.4.1/bin/../lib/gcc/arm-none-eabi/5.4.1/../../../../arm-none-eabi/lib/armv7-m\libg_nano.a(lib_a-memset.o)
 .ARM.attributes
                0x00000967       0x17 c:/program files (x86)/cypress/psoc creator/4.2/psoc creator/import/gnu/arm/5.4.1/bin/../lib/gcc/arm-none-eabi/5.4.1/../../../../arm-none-eabi/lib/armv7-m\libg_nano.a(lib_a-strlen.o)
 .ARM.attributes
                0x0000097e       0x2d c:/program files (x86)/cypress/psoc creator/4.2/psoc creator/import/gnu/arm/5.4.1/bin/../lib/gcc/arm-none-eabi/5.4.1/armv7-m/crtend.o
 .ARM.attributes
                0x000009ab       0x1d c:/program files (x86)/cypress/psoc creator/4.2/psoc creator/import/gnu/arm/5.4.1/bin/../lib/gcc/arm-none-eabi/5.4.1/armv7-m/crtn.o

/DISCARD/
 *(.note.GNU-stack)
OUTPUT(C:\Users\schoo\302OffOnedrive\301 Project\12_Cypress_LineFollowingRobot\Final_implementation\Team12_PsoC_benchmark_test.cydsn\CortexM3\ARM_GCC_541\Debug\Team12_PsoC_benchmark_test.elf elf32-littlearm)
